Applications Memory Usage (kB):
Uptime: 1615173 Realtime: 1615173

Total PSS by process:
    66047 kB: com.tianci.movieplatform (pid 16320 / activities)
    56419 kB: com.ccos.tv.homepage (pid 15834 / activities)
    16727 kB: system (pid 15637)
    12058 kB: com.tianci.user (pid 21873)
    11034 kB: com.tianci.system (pid 15820)
    10565 kB: com.tianci.movieplatform:daemon (pid 21200)
    10333 kB: com.coocaa.os.ccosservice (pid 16236)
    10158 kB: com.tianci.de (pid 16137)
     7824 kB: com.coocaa.sysreport (pid 17857)
     7528 kB: mediaserver (pid 15246)
     7475 kB: com.tianci.push (pid 15973)
     6241 kB: com.coocaa.os.softsettings.provider (pid 16039)
     6091 kB: com.tianci.ad (pid 16450)
     3091 kB: com.dunn.instrument (pid 15811)
     1268 kB: TvServer (pid 1116)
     1208 kB: logcat (pid 15793)
     1172 kB: zygote (pid 15244)
      972 kB: surfaceflinger (pid 741)
      490 kB: app_process (pid 15968)
      397 kB: wpa_supplicant (pid 15706)
      378 kB: sdcard (pid 754)
      301 kB: dumpsys (pid 22670)
      246 kB: netd (pid 15245)
      230 kB: /init (pid 1)
      196 kB: adbd (pid 1411)
      152 kB: ueventd (pid 512)
      148 kB: keystore (pid 748)
      108 kB: healthd (pid 732)
       87 kB: vold (pid 735)
       77 kB: FileDesc_server (pid 749)
       63 kB: coocaa_guard (pid 751)
       60 kB: hardwared (pid 736)
       49 kB: servicemanager (pid 734)
       48 kB: RootApp (pid 1088)
       41 kB: logwrapper (pid 1048)
       40 kB: busybox (pid 1626)
       24 kB: keypad (pid 738)
       24 kB: VirtualEvent (pid 1230)
       24 kB: smobsd (pid 1247)
       16 kB: sh (pid 733)
        8 kB: drmserver (pid 744)
        7 kB: dhcpcd (pid 15708)
        7 kB: sh (pid 15896)
        4 kB: debuggerd (pid 740)
        4 kB: installd (pid 747)

Total PSS by OOM adjustment:
    15377 kB: Native
                7528 kB: mediaserver (pid 15246)
                1268 kB: TvServer (pid 1116)
                1208 kB: logcat (pid 15793)
                1172 kB: zygote (pid 15244)
                 972 kB: surfaceflinger (pid 741)
                 490 kB: app_process (pid 15968)
                 397 kB: wpa_supplicant (pid 15706)
                 378 kB: sdcard (pid 754)
                 301 kB: dumpsys (pid 22670)
                 246 kB: netd (pid 15245)
                 230 kB: /init (pid 1)
                 196 kB: adbd (pid 1411)
                 152 kB: ueventd (pid 512)
                 148 kB: keystore (pid 748)
                 108 kB: healthd (pid 732)
                  87 kB: vold (pid 735)
                  77 kB: FileDesc_server (pid 749)
                  63 kB: coocaa_guard (pid 751)
                  60 kB: hardwared (pid 736)
                  49 kB: servicemanager (pid 734)
                  48 kB: RootApp (pid 1088)
                  41 kB: logwrapper (pid 1048)
                  40 kB: busybox (pid 1626)
                  24 kB: keypad (pid 738)
                  24 kB: VirtualEvent (pid 1230)
                  24 kB: smobsd (pid 1247)
                  16 kB: sh (pid 733)
                   8 kB: drmserver (pid 744)
                   7 kB: dhcpcd (pid 15708)
                   7 kB: sh (pid 15896)
                   4 kB: debuggerd (pid 740)
                   4 kB: installd (pid 747)
    16727 kB: System
               16727 kB: system (pid 15637)
     3091 kB: Persistent
                3091 kB: com.dunn.instrument (pid 15811)
   108779 kB: Foreground
               66047 kB: com.tianci.movieplatform (pid 16320 / activities)
               11034 kB: com.tianci.system (pid 15820)
               10158 kB: com.tianci.de (pid 16137)
                7824 kB: com.coocaa.sysreport (pid 17857)
                7475 kB: com.tianci.push (pid 15973)
                6241 kB: com.coocaa.os.softsettings.provider (pid 16039)
    10333 kB: Visible
               10333 kB: com.coocaa.os.ccosservice (pid 16236)
    56419 kB: Perceptible
               56419 kB: com.ccos.tv.homepage (pid 15834 / activities)
     6091 kB: A Services
                6091 kB: com.tianci.ad (pid 16450)
    10565 kB: B Services
               10565 kB: com.tianci.movieplatform:daemon (pid 21200)
    12058 kB: Cached
               12058 kB: com.tianci.user (pid 21873)

Total PSS by category:
    67449 kB: Dalvik
    51318 kB: Dalvik Other
    42003 kB: Unknown
    26799 kB: .dex mmap
    17116 kB: .so mmap
    11944 kB: Other dev
     8072 kB: Native
     6920 kB: Ashmem
     3588 kB: Stack
     2241 kB: Other mmap
     1862 kB: .apk mmap
      124 kB: .ttf mmap
        4 kB: .jar mmap
        0 kB: Cursor
        0 kB: code mmap
        0 kB: image mmap
        0 kB: Graphics
        0 kB: GL
        0 kB: Memtrack

Total RAM: 463128 kB
 Free RAM: 138186 kB (12058 cached pss + 63656 cached + 62472 free)
 Used RAM: 251466 kB (227382 used pss + 1076 buffers + 52 shmem + 22956 slab)
 Lost RAM: 73476 kB
     ZRAM: 30940 kB physical used for 66920 kB in swap (98300 kB total swap)
   Tuning: 48 (large 128), oom 108462 kB, restore limit 36154 kB (low-ram)
Applications Memory Usage (kB):
Uptime: 1619915 Realtime: 1619915

Total PSS by process:
    70739 kB: com.tianci.movieplatform (pid 16320 / activities)
    49556 kB: com.ccos.tv.homepage (pid 15834 / activities)
    15525 kB: system (pid 15637)
    10920 kB: com.tianci.system (pid 15820)
    10314 kB: com.coocaa.os.ccosservice (pid 16236)
    10166 kB: com.tianci.user (pid 21873)
    10137 kB: com.tianci.de (pid 16137)
    10053 kB: com.tianci.movieplatform:daemon (pid 21200)
     8310 kB: mediaserver (pid 15246)
     7729 kB: com.coocaa.sysreport (pid 17857)
     7277 kB: com.tianci.push (pid 15973)
     6066 kB: com.tianci.ad (pid 16450)
     6015 kB: com.coocaa.os.softsettings.provider (pid 16039)
     3059 kB: com.dunn.instrument (pid 15811)
     1252 kB: TvServer (pid 1116)
     1208 kB: logcat (pid 15793)
     1172 kB: zygote (pid 15244)
      976 kB: surfaceflinger (pid 741)
      490 kB: app_process (pid 15968)
      397 kB: wpa_supplicant (pid 15706)
      378 kB: sdcard (pid 754)
      246 kB: netd (pid 15245)
      230 kB: /init (pid 1)
      200 kB: adbd (pid 1411)
      152 kB: ueventd (pid 512)
      136 kB: keystore (pid 748)
      108 kB: healthd (pid 732)
       87 kB: vold (pid 735)
       77 kB: FileDesc_server (pid 749)
       63 kB: coocaa_guard (pid 751)
       60 kB: hardwared (pid 736)
       49 kB: servicemanager (pid 734)
       48 kB: RootApp (pid 1088)
       41 kB: logwrapper (pid 1048)
       40 kB: busybox (pid 1626)
       24 kB: keypad (pid 738)
       24 kB: VirtualEvent (pid 1230)
       24 kB: smobsd (pid 1247)
       16 kB: sh (pid 733)
        8 kB: drmserver (pid 744)
        7 kB: dhcpcd (pid 15708)
        7 kB: sh (pid 15896)
        4 kB: debuggerd (pid 740)
        4 kB: installd (pid 747)
        0 kB: dumpsys (pid 22670)

Total PSS by OOM adjustment:
    15838 kB: Native
                8310 kB: mediaserver (pid 15246)
                1252 kB: TvServer (pid 1116)
                1208 kB: logcat (pid 15793)
                1172 kB: zygote (pid 15244)
                 976 kB: surfaceflinger (pid 741)
                 490 kB: app_process (pid 15968)
                 397 kB: wpa_supplicant (pid 15706)
                 378 kB: sdcard (pid 754)
                 246 kB: netd (pid 15245)
                 230 kB: /init (pid 1)
                 200 kB: adbd (pid 1411)
                 152 kB: ueventd (pid 512)
                 136 kB: keystore (pid 748)
                 108 kB: healthd (pid 732)
                  87 kB: vold (pid 735)
                  77 kB: FileDesc_server (pid 749)
                  63 kB: coocaa_guard (pid 751)
                  60 kB: hardwared (pid 736)
                  49 kB: servicemanager (pid 734)
                  48 kB: RootApp (pid 1088)
                  41 kB: logwrapper (pid 1048)
                  40 kB: busybox (pid 1626)
                  24 kB: keypad (pid 738)
                  24 kB: VirtualEvent (pid 1230)
                  24 kB: smobsd (pid 1247)
                  16 kB: sh (pid 733)
                   8 kB: drmserver (pid 744)
                   7 kB: dhcpcd (pid 15708)
                   7 kB: sh (pid 15896)
                   4 kB: debuggerd (pid 740)
                   4 kB: installd (pid 747)
                   0 kB: dumpsys (pid 22670)
    15525 kB: System
               15525 kB: system (pid 15637)
     3059 kB: Persistent
                3059 kB: com.dunn.instrument (pid 15811)
   105088 kB: Foreground
               70739 kB: com.tianci.movieplatform (pid 16320 / activities)
               10920 kB: com.tianci.system (pid 15820)
               10137 kB: com.tianci.de (pid 16137)
                7277 kB: com.tianci.push (pid 15973)
                6015 kB: com.coocaa.os.softsettings.provider (pid 16039)
    10314 kB: Visible
               10314 kB: com.coocaa.os.ccosservice (pid 16236)
    49556 kB: Perceptible
               49556 kB: com.ccos.tv.homepage (pid 15834 / activities)
    13795 kB: A Services
                7729 kB: com.coocaa.sysreport (pid 17857)
                6066 kB: com.tianci.ad (pid 16450)
    10053 kB: B Services
               10053 kB: com.tianci.movieplatform:daemon (pid 21200)
    10166 kB: Cached
               10166 kB: com.tianci.user (pid 21873)

Total PSS by category:
    68409 kB: Dalvik
    50669 kB: Dalvik Other
    42071 kB: Unknown
    24162 kB: .dex mmap
    17103 kB: .so mmap
     8928 kB: Other dev
     8064 kB: Native
     7004 kB: Ashmem
     3700 kB: Stack
     2102 kB: Other mmap
     1082 kB: .apk mmap
      100 kB: .ttf mmap
        0 kB: Cursor
        0 kB: .jar mmap
        0 kB: code mmap
        0 kB: image mmap
        0 kB: Graphics
        0 kB: GL
        0 kB: Memtrack

Total RAM: 463128 kB
 Free RAM: 86366 kB (10166 cached pss + 47868 cached + 28332 free)
 Used RAM: 246744 kB (223228 used pss + 332 buffers + 136 shmem + 23048 slab)
 Lost RAM: 130018 kB
     ZRAM: 30996 kB physical used for 67668 kB in swap (98300 kB total swap)
   Tuning: 48 (large 128), oom 108462 kB, restore limit 36154 kB (low-ram)
Applications Memory Usage (kB):
Uptime: 1623098 Realtime: 1623098

Total PSS by process:
    68828 kB: com.tianci.movieplatform (pid 16320 / activities)
    48296 kB: com.ccos.tv.homepage (pid 15834 / activities)
    15705 kB: system (pid 15637)
    10963 kB: com.tianci.system (pid 15820)
    10169 kB: com.tianci.de (pid 16137)
     9890 kB: com.coocaa.os.ccosservice (pid 16236)
     9797 kB: com.tianci.movieplatform:daemon (pid 21200)
     8404 kB: mediaserver (pid 15246)
     7634 kB: com.coocaa.sysreport (pid 17857)
     7222 kB: com.tianci.push (pid 15973)
     6097 kB: com.tianci.ad (pid 16450)
     5706 kB: com.coocaa.os.softsettings.provider (pid 16039)
     3092 kB: com.dunn.instrument (pid 15811)
     1298 kB: TvServer (pid 1116)
     1237 kB: zygote (pid 15244)
     1209 kB: logcat (pid 15793)
      983 kB: surfaceflinger (pid 741)
      506 kB: app_process (pid 15968)
      398 kB: wpa_supplicant (pid 15706)
      378 kB: sdcard (pid 754)
      281 kB: dumpsys (pid 22927)
      247 kB: netd (pid 15245)
      230 kB: /init (pid 1)
      200 kB: adbd (pid 1411)
      152 kB: ueventd (pid 512)
      136 kB: keystore (pid 748)
      108 kB: healthd (pid 732)
       88 kB: vold (pid 735)
       78 kB: FileDesc_server (pid 749)
       63 kB: coocaa_guard (pid 751)
       60 kB: hardwared (pid 736)
       49 kB: servicemanager (pid 734)
       48 kB: RootApp (pid 1088)
       41 kB: logwrapper (pid 1048)
       40 kB: busybox (pid 1626)
       24 kB: keypad (pid 738)
       24 kB: VirtualEvent (pid 1230)
       24 kB: smobsd (pid 1247)
       16 kB: sh (pid 733)
        8 kB: drmserver (pid 744)
        7 kB: dhcpcd (pid 15708)
        7 kB: sh (pid 15896)
        4 kB: debuggerd (pid 740)
        4 kB: installd (pid 747)

Total PSS by OOM adjustment:
    16352 kB: Native
                8404 kB: mediaserver (pid 15246)
                1298 kB: TvServer (pid 1116)
                1237 kB: zygote (pid 15244)
                1209 kB: logcat (pid 15793)
                 983 kB: surfaceflinger (pid 741)
                 506 kB: app_process (pid 15968)
                 398 kB: wpa_supplicant (pid 15706)
                 378 kB: sdcard (pid 754)
                 281 kB: dumpsys (pid 22927)
                 247 kB: netd (pid 15245)
                 230 kB: /init (pid 1)
                 200 kB: adbd (pid 1411)
                 152 kB: ueventd (pid 512)
                 136 kB: keystore (pid 748)
                 108 kB: healthd (pid 732)
                  88 kB: vold (pid 735)
                  78 kB: FileDesc_server (pid 749)
                  63 kB: coocaa_guard (pid 751)
                  60 kB: hardwared (pid 736)
                  49 kB: servicemanager (pid 734)
                  48 kB: RootApp (pid 1088)
                  41 kB: logwrapper (pid 1048)
                  40 kB: busybox (pid 1626)
                  24 kB: keypad (pid 738)
                  24 kB: VirtualEvent (pid 1230)
                  24 kB: smobsd (pid 1247)
                  16 kB: sh (pid 733)
                   8 kB: drmserver (pid 744)
                   7 kB: dhcpcd (pid 15708)
                   7 kB: sh (pid 15896)
                   4 kB: debuggerd (pid 740)
                   4 kB: installd (pid 747)
    15705 kB: System
               15705 kB: system (pid 15637)
     3092 kB: Persistent
                3092 kB: com.dunn.instrument (pid 15811)
   102888 kB: Foreground
               68828 kB: com.tianci.movieplatform (pid 16320 / activities)
               10963 kB: com.tianci.system (pid 15820)
               10169 kB: com.tianci.de (pid 16137)
                7222 kB: com.tianci.push (pid 15973)
                5706 kB: com.coocaa.os.softsettings.provider (pid 16039)
     9890 kB: Visible
                9890 kB: com.coocaa.os.ccosservice (pid 16236)
    13731 kB: A Services
                7634 kB: com.coocaa.sysreport (pid 17857)
                6097 kB: com.tianci.ad (pid 16450)
    48296 kB: Previous
               48296 kB: com.ccos.tv.homepage (pid 15834 / activities)
     9797 kB: B Services
                9797 kB: com.tianci.movieplatform:daemon (pid 21200)

Total PSS by category:
    66022 kB: Dalvik
    47487 kB: Dalvik Other
    40709 kB: Unknown
    20091 kB: .dex mmap
    15202 kB: .so mmap
     8930 kB: Other dev
     8048 kB: Native
     7128 kB: Ashmem
     3376 kB: Stack
     2160 kB: Other mmap
      598 kB: .apk mmap
        0 kB: Cursor
        0 kB: .jar mmap
        0 kB: .ttf mmap
        0 kB: code mmap
        0 kB: image mmap
        0 kB: Graphics
        0 kB: GL
        0 kB: Memtrack

Total RAM: 463128 kB
 Free RAM: 84128 kB (0 cached pss + 45268 cached + 38860 free)
 Used RAM: 243431 kB (219751 used pss + 332 buffers + 260 shmem + 23088 slab)
 Lost RAM: 135569 kB
     ZRAM: 31220 kB physical used for 68100 kB in swap (98300 kB total swap)
   Tuning: 48 (large 128), oom 108462 kB, restore limit 36154 kB (low-ram)
Applications Memory Usage (kB):
Uptime: 1625862 Realtime: 1625862

Total PSS by process:
    68048 kB: com.tianci.movieplatform (pid 16320 / activities)
    48234 kB: com.ccos.tv.homepage (pid 15834 / activities)
    15475 kB: system (pid 15637)
    10996 kB: com.tianci.system (pid 15820)
     9950 kB: com.tianci.de (pid 16137)
     9858 kB: com.coocaa.os.ccosservice (pid 16236)
     9855 kB: com.tianci.movieplatform:daemon (pid 21200)
     8404 kB: mediaserver (pid 15246)
     7634 kB: com.coocaa.sysreport (pid 17857)
     7222 kB: com.tianci.push (pid 15973)
     6097 kB: com.tianci.ad (pid 16450)
     5670 kB: com.coocaa.os.softsettings.provider (pid 16039)
     3120 kB: com.dunn.instrument (pid 15811)
     1298 kB: TvServer (pid 1116)
     1231 kB: zygote (pid 15244)
     1209 kB: logcat (pid 15793)
      985 kB: surfaceflinger (pid 741)
      506 kB: app_process (pid 15968)
      397 kB: wpa_supplicant (pid 15706)
      378 kB: sdcard (pid 754)
      246 kB: netd (pid 15245)
      230 kB: /init (pid 1)
      200 kB: adbd (pid 1411)
      152 kB: ueventd (pid 512)
      136 kB: keystore (pid 748)
      108 kB: healthd (pid 732)
       88 kB: vold (pid 735)
       78 kB: FileDesc_server (pid 749)
       63 kB: coocaa_guard (pid 751)
       60 kB: hardwared (pid 736)
       49 kB: servicemanager (pid 734)
       48 kB: RootApp (pid 1088)
       41 kB: logwrapper (pid 1048)
       40 kB: busybox (pid 1626)
       24 kB: keypad (pid 738)
       24 kB: VirtualEvent (pid 1230)
       24 kB: smobsd (pid 1247)
       16 kB: sh (pid 733)
        8 kB: drmserver (pid 744)
        7 kB: dhcpcd (pid 15708)
        7 kB: sh (pid 15896)
        4 kB: debuggerd (pid 740)
        4 kB: installd (pid 747)
        0 kB: dumpsys (pid 22927)

Total PSS by OOM adjustment:
    16065 kB: Native
                8404 kB: mediaserver (pid 15246)
                1298 kB: TvServer (pid 1116)
                1231 kB: zygote (pid 15244)
                1209 kB: logcat (pid 15793)
                 985 kB: surfaceflinger (pid 741)
                 506 kB: app_process (pid 15968)
                 397 kB: wpa_supplicant (pid 15706)
                 378 kB: sdcard (pid 754)
                 246 kB: netd (pid 15245)
                 230 kB: /init (pid 1)
                 200 kB: adbd (pid 1411)
                 152 kB: ueventd (pid 512)
                 136 kB: keystore (pid 748)
                 108 kB: healthd (pid 732)
                  88 kB: vold (pid 735)
                  78 kB: FileDesc_server (pid 749)
                  63 kB: coocaa_guard (pid 751)
                  60 kB: hardwared (pid 736)
                  49 kB: servicemanager (pid 734)
                  48 kB: RootApp (pid 1088)
                  41 kB: logwrapper (pid 1048)
                  40 kB: busybox (pid 1626)
                  24 kB: keypad (pid 738)
                  24 kB: VirtualEvent (pid 1230)
                  24 kB: smobsd (pid 1247)
                  16 kB: sh (pid 733)
                   8 kB: drmserver (pid 744)
                   7 kB: dhcpcd (pid 15708)
                   7 kB: sh (pid 15896)
                   4 kB: debuggerd (pid 740)
                   4 kB: installd (pid 747)
                   0 kB: dumpsys (pid 22927)
    15475 kB: System
               15475 kB: system (pid 15637)
     3120 kB: Persistent
                3120 kB: com.dunn.instrument (pid 15811)
   101886 kB: Foreground
               68048 kB: com.tianci.movieplatform (pid 16320 / activities)
               10996 kB: com.tianci.system (pid 15820)
                9950 kB: com.tianci.de (pid 16137)
                7222 kB: com.tianci.push (pid 15973)
                5670 kB: com.coocaa.os.softsettings.provider (pid 16039)
     9858 kB: Visible
                9858 kB: com.coocaa.os.ccosservice (pid 16236)
    13731 kB: A Services
                7634 kB: com.coocaa.sysreport (pid 17857)
                6097 kB: com.tianci.ad (pid 16450)
    48234 kB: Previous
               48234 kB: com.ccos.tv.homepage (pid 15834 / activities)
     9855 kB: B Services
                9855 kB: com.tianci.movieplatform:daemon (pid 21200)

Total PSS by category:
    65898 kB: Dalvik
    47319 kB: Dalvik Other
    39925 kB: Unknown
    20173 kB: .dex mmap
    14751 kB: .so mmap
     8925 kB: Other dev
     8044 kB: Native
     7128 kB: Ashmem
     3312 kB: Stack
     2135 kB: Other mmap
      598 kB: .apk mmap
       16 kB: .ttf mmap
        0 kB: Cursor
        0 kB: .jar mmap
        0 kB: code mmap
        0 kB: image mmap
        0 kB: Graphics
        0 kB: GL
        0 kB: Memtrack

Total RAM: 463128 kB
 Free RAM: 84512 kB (0 cached pss + 45336 cached + 39176 free)
 Used RAM: 241960 kB (218224 used pss + 348 buffers + 260 shmem + 23128 slab)
 Lost RAM: 136656 kB
     ZRAM: 32008 kB physical used for 69072 kB in swap (98300 kB total swap)
   Tuning: 48 (large 128), oom 108462 kB, restore limit 36154 kB (low-ram)
Applications Memory Usage (kB):
Uptime: 1628767 Realtime: 1628767

Total PSS by process:
    64983 kB: com.tianci.movieplatform (pid 16320 / activities)
    47230 kB: com.ccos.tv.homepage (pid 15834 / activities)
    15279 kB: system (pid 15637)
    11289 kB: com.tianci.system (pid 15820)
     9915 kB: com.tianci.movieplatform:daemon (pid 21200)
     9639 kB: com.tianci.de (pid 16137)
     9623 kB: com.coocaa.os.ccosservice (pid 16236)
     8408 kB: mediaserver (pid 15246)
     7629 kB: com.coocaa.sysreport (pid 17857)
     7088 kB: com.tianci.push (pid 15973)
     6085 kB: com.tianci.ad (pid 16450)
     5485 kB: com.coocaa.os.softsettings.provider (pid 16039)
     3105 kB: com.dunn.instrument (pid 15811)
     1298 kB: TvServer (pid 1116)
     1230 kB: zygote (pid 15244)
     1205 kB: logcat (pid 15793)
      983 kB: surfaceflinger (pid 741)
      501 kB: app_process (pid 15968)
      397 kB: wpa_supplicant (pid 15706)
      378 kB: sdcard (pid 754)
      281 kB: dumpsys (pid 23048)
      247 kB: netd (pid 15245)
      230 kB: /init (pid 1)
      200 kB: adbd (pid 1411)
      152 kB: ueventd (pid 512)
      136 kB: keystore (pid 748)
      108 kB: healthd (pid 732)
       88 kB: vold (pid 735)
       78 kB: FileDesc_server (pid 749)
       63 kB: coocaa_guard (pid 751)
       60 kB: hardwared (pid 736)
       49 kB: servicemanager (pid 734)
       48 kB: RootApp (pid 1088)
       41 kB: logwrapper (pid 1048)
       40 kB: busybox (pid 1626)
       24 kB: keypad (pid 738)
       24 kB: VirtualEvent (pid 1230)
       24 kB: smobsd (pid 1247)
       16 kB: sh (pid 733)
        8 kB: drmserver (pid 744)
        7 kB: dhcpcd (pid 15708)
        7 kB: sh (pid 15896)
        4 kB: debuggerd (pid 740)
        4 kB: installd (pid 747)

Total PSS by OOM adjustment:
    16339 kB: Native
                8408 kB: mediaserver (pid 15246)
                1298 kB: TvServer (pid 1116)
                1230 kB: zygote (pid 15244)
                1205 kB: logcat (pid 15793)
                 983 kB: surfaceflinger (pid 741)
                 501 kB: app_process (pid 15968)
                 397 kB: wpa_supplicant (pid 15706)
                 378 kB: sdcard (pid 754)
                 281 kB: dumpsys (pid 23048)
                 247 kB: netd (pid 15245)
                 230 kB: /init (pid 1)
                 200 kB: adbd (pid 1411)
                 152 kB: ueventd (pid 512)
                 136 kB: keystore (pid 748)
                 108 kB: healthd (pid 732)
                  88 kB: vold (pid 735)
                  78 kB: FileDesc_server (pid 749)
                  63 kB: coocaa_guard (pid 751)
                  60 kB: hardwared (pid 736)
                  49 kB: servicemanager (pid 734)
                  48 kB: RootApp (pid 1088)
                  41 kB: logwrapper (pid 1048)
                  40 kB: busybox (pid 1626)
                  24 kB: keypad (pid 738)
                  24 kB: VirtualEvent (pid 1230)
                  24 kB: smobsd (pid 1247)
                  16 kB: sh (pid 733)
                   8 kB: drmserver (pid 744)
                   7 kB: dhcpcd (pid 15708)
                   7 kB: sh (pid 15896)
                   4 kB: debuggerd (pid 740)
                   4 kB: installd (pid 747)
    15279 kB: System
               15279 kB: system (pid 15637)
     3105 kB: Persistent
                3105 kB: com.dunn.instrument (pid 15811)
    98484 kB: Foreground
               64983 kB: com.tianci.movieplatform (pid 16320 / activities)
               11289 kB: com.tianci.system (pid 15820)
                9639 kB: com.tianci.de (pid 16137)
                7088 kB: com.tianci.push (pid 15973)
                5485 kB: com.coocaa.os.softsettings.provider (pid 16039)
     9623 kB: Visible
                9623 kB: com.coocaa.os.ccosservice (pid 16236)
    13714 kB: A Services
                7629 kB: com.coocaa.sysreport (pid 17857)
                6085 kB: com.tianci.ad (pid 16450)
    47230 kB: Previous
               47230 kB: com.ccos.tv.homepage (pid 15834 / activities)
     9915 kB: B Services
                9915 kB: com.tianci.movieplatform:daemon (pid 21200)

Total PSS by category:
    65386 kB: Dalvik
    46855 kB: Dalvik Other
    39273 kB: Unknown
    17876 kB: .dex mmap
    14440 kB: .so mmap
     8930 kB: Other dev
     8036 kB: Native
     7132 kB: Ashmem
     3236 kB: Stack
     2134 kB: Other mmap
      375 kB: .apk mmap
       16 kB: .ttf mmap
        0 kB: Cursor
        0 kB: .jar mmap
        0 kB: code mmap
        0 kB: image mmap
        0 kB: Graphics
        0 kB: GL
        0 kB: Memtrack

Total RAM: 463128 kB
 Free RAM: 85924 kB (0 cached pss + 38156 cached + 47768 free)
 Used RAM: 237389 kB (213689 used pss + 272 buffers + 300 shmem + 23128 slab)
 Lost RAM: 139815 kB
     ZRAM: 32668 kB physical used for 70584 kB in swap (98300 kB total swap)
   Tuning: 48 (large 128), oom 108462 kB, restore limit 36154 kB (low-ram)
Applications Memory Usage (kB):
Uptime: 1631649 Realtime: 1631649

Total PSS by process:
    63764 kB: com.tianci.movieplatform (pid 16320 / activities)
    45876 kB: com.ccos.tv.homepage (pid 15834 / activities)
    15526 kB: system (pid 15637)
    10912 kB: com.tianci.system (pid 15820)
     9758 kB: com.tianci.movieplatform:daemon (pid 21200)
     9596 kB: com.tianci.de (pid 16137)
     9579 kB: com.coocaa.os.ccosservice (pid 16236)
     8396 kB: mediaserver (pid 15246)
     7366 kB: com.coocaa.sysreport (pid 17857)
     7049 kB: com.tianci.push (pid 15973)
     6080 kB: com.tianci.ad (pid 16450)
     5466 kB: com.coocaa.os.softsettings.provider (pid 16039)
     3084 kB: com.dunn.instrument (pid 15811)
     1298 kB: TvServer (pid 1116)
     1229 kB: zygote (pid 15244)
     1201 kB: logcat (pid 15793)
      983 kB: surfaceflinger (pid 741)
      500 kB: app_process (pid 15968)
      397 kB: wpa_supplicant (pid 15706)
      378 kB: sdcard (pid 754)
      243 kB: netd (pid 15245)
      230 kB: /init (pid 1)
      200 kB: adbd (pid 1411)
      152 kB: ueventd (pid 512)
      132 kB: keystore (pid 748)
      108 kB: healthd (pid 732)
       88 kB: vold (pid 735)
       78 kB: FileDesc_server (pid 749)
       63 kB: coocaa_guard (pid 751)
       60 kB: hardwared (pid 736)
       49 kB: servicemanager (pid 734)
       48 kB: RootApp (pid 1088)
       41 kB: logwrapper (pid 1048)
       40 kB: busybox (pid 1626)
       24 kB: keypad (pid 738)
       24 kB: VirtualEvent (pid 1230)
       24 kB: smobsd (pid 1247)
       16 kB: sh (pid 733)
        8 kB: drmserver (pid 744)
        7 kB: dhcpcd (pid 15708)
        7 kB: sh (pid 15896)
        4 kB: debuggerd (pid 740)
        4 kB: installd (pid 747)
        0 kB: dumpsys (pid 23048)

Total PSS by OOM adjustment:
    16032 kB: Native
                8396 kB: mediaserver (pid 15246)
                1298 kB: TvServer (pid 1116)
                1229 kB: zygote (pid 15244)
                1201 kB: logcat (pid 15793)
                 983 kB: surfaceflinger (pid 741)
                 500 kB: app_process (pid 15968)
                 397 kB: wpa_supplicant (pid 15706)
                 378 kB: sdcard (pid 754)
                 243 kB: netd (pid 15245)
                 230 kB: /init (pid 1)
                 200 kB: adbd (pid 1411)
                 152 kB: ueventd (pid 512)
                 132 kB: keystore (pid 748)
                 108 kB: healthd (pid 732)
                  88 kB: vold (pid 735)
                  78 kB: FileDesc_server (pid 749)
                  63 kB: coocaa_guard (pid 751)
                  60 kB: hardwared (pid 736)
                  49 kB: servicemanager (pid 734)
                  48 kB: RootApp (pid 1088)
                  41 kB: logwrapper (pid 1048)
                  40 kB: busybox (pid 1626)
                  24 kB: keypad (pid 738)
                  24 kB: VirtualEvent (pid 1230)
                  24 kB: smobsd (pid 1247)
                  16 kB: sh (pid 733)
                   8 kB: drmserver (pid 744)
                   7 kB: dhcpcd (pid 15708)
                   7 kB: sh (pid 15896)
                   4 kB: debuggerd (pid 740)
                   4 kB: installd (pid 747)
                   0 kB: dumpsys (pid 23048)
    15526 kB: System
               15526 kB: system (pid 15637)
     3084 kB: Persistent
                3084 kB: com.dunn.instrument (pid 15811)
    96787 kB: Foreground
               63764 kB: com.tianci.movieplatform (pid 16320 / activities)
               10912 kB: com.tianci.system (pid 15820)
                9596 kB: com.tianci.de (pid 16137)
                7049 kB: com.tianci.push (pid 15973)
                5466 kB: com.coocaa.os.softsettings.provider (pid 16039)
     9579 kB: Visible
                9579 kB: com.coocaa.os.ccosservice (pid 16236)
    13446 kB: A Services
                7366 kB: com.coocaa.sysreport (pid 17857)
                6080 kB: com.tianci.ad (pid 16450)
    45876 kB: Previous
               45876 kB: com.ccos.tv.homepage (pid 15834 / activities)
     9758 kB: B Services
                9758 kB: com.tianci.movieplatform:daemon (pid 21200)

Total PSS by category:
    64822 kB: Dalvik
    46886 kB: Dalvik Other
    38825 kB: Unknown
    15979 kB: .dex mmap
    13992 kB: .so mmap
     8926 kB: Other dev
     8020 kB: Native
     7036 kB: Ashmem
     3196 kB: Stack
     2081 kB: Other mmap
      309 kB: .apk mmap
       16 kB: .ttf mmap
        0 kB: Cursor
        0 kB: .jar mmap
        0 kB: code mmap
        0 kB: image mmap
        0 kB: Graphics
        0 kB: GL
        0 kB: Memtrack

Total RAM: 463128 kB
 Free RAM: 87124 kB (0 cached pss + 33976 cached + 53148 free)
 Used RAM: 233788 kB (210088 used pss + 276 buffers + 300 shmem + 23124 slab)
 Lost RAM: 142216 kB
     ZRAM: 33548 kB physical used for 72064 kB in swap (98300 kB total swap)
   Tuning: 48 (large 128), oom 108462 kB, restore limit 36154 kB (low-ram)
Applications Memory Usage (kB):
Uptime: 1634567 Realtime: 1634568

Total PSS by process:
    62289 kB: com.tianci.movieplatform (pid 16320 / activities)
    44833 kB: com.ccos.tv.homepage (pid 15834 / activities)
    13657 kB: system (pid 15637)
    10081 kB: com.tianci.system (pid 15820)
     9509 kB: com.coocaa.os.ccosservice (pid 16236)
     9473 kB: com.tianci.movieplatform:daemon (pid 21200)
     8970 kB: com.tianci.de (pid 16137)
     7544 kB: mediaserver (pid 15246)
     7334 kB: com.coocaa.sysreport (pid 17857)
     6981 kB: com.tianci.push (pid 15973)
     6016 kB: com.tianci.ad (pid 16450)
     5435 kB: com.coocaa.os.softsettings.provider (pid 16039)
     2978 kB: com.dunn.instrument (pid 15811)
     1029 kB: logcat (pid 15793)
      965 kB: surfaceflinger (pid 741)
      960 kB: zygote (pid 15244)
      742 kB: TvServer (pid 1116)
      425 kB: app_process (pid 15968)
      378 kB: sdcard (pid 754)
      377 kB: wpa_supplicant (pid 15706)
      281 kB: dumpsys (pid 23150)
      230 kB: /init (pid 1)
      227 kB: netd (pid 15245)
      200 kB: adbd (pid 1411)
      152 kB: ueventd (pid 512)
      132 kB: keystore (pid 748)
      108 kB: healthd (pid 732)
       80 kB: vold (pid 735)
       78 kB: FileDesc_server (pid 749)
       63 kB: coocaa_guard (pid 751)
       60 kB: hardwared (pid 736)
       49 kB: servicemanager (pid 734)
       48 kB: RootApp (pid 1088)
       40 kB: busybox (pid 1626)
       33 kB: logwrapper (pid 1048)
       24 kB: keypad (pid 738)
       24 kB: VirtualEvent (pid 1230)
       24 kB: smobsd (pid 1247)
        8 kB: drmserver (pid 744)
        7 kB: dhcpcd (pid 15708)
        7 kB: sh (pid 15896)
        4 kB: sh (pid 733)
        4 kB: debuggerd (pid 740)
        4 kB: installd (pid 747)
        0 kB: sh (pid 23164)
        0 kB: sh (pid 23166)
        0 kB: sh (pid 23167)
        0 kB: sh (pid 23168)

Total PSS by OOM adjustment:
    14307 kB: Native
                7544 kB: mediaserver (pid 15246)
                1029 kB: logcat (pid 15793)
                 965 kB: surfaceflinger (pid 741)
                 960 kB: zygote (pid 15244)
                 742 kB: TvServer (pid 1116)
                 425 kB: app_process (pid 15968)
                 378 kB: sdcard (pid 754)
                 377 kB: wpa_supplicant (pid 15706)
                 281 kB: dumpsys (pid 23150)
                 230 kB: /init (pid 1)
                 227 kB: netd (pid 15245)
                 200 kB: adbd (pid 1411)
                 152 kB: ueventd (pid 512)
                 132 kB: keystore (pid 748)
                 108 kB: healthd (pid 732)
                  80 kB: vold (pid 735)
                  78 kB: FileDesc_server (pid 749)
                  63 kB: coocaa_guard (pid 751)
                  60 kB: hardwared (pid 736)
                  49 kB: servicemanager (pid 734)
                  48 kB: RootApp (pid 1088)
                  40 kB: busybox (pid 1626)
                  33 kB: logwrapper (pid 1048)
                  24 kB: keypad (pid 738)
                  24 kB: VirtualEvent (pid 1230)
                  24 kB: smobsd (pid 1247)
                   8 kB: drmserver (pid 744)
                   7 kB: dhcpcd (pid 15708)
                   7 kB: sh (pid 15896)
                   4 kB: sh (pid 733)
                   4 kB: debuggerd (pid 740)
                   4 kB: installd (pid 747)
                   0 kB: sh (pid 23164)
                   0 kB: sh (pid 23166)
                   0 kB: sh (pid 23167)
                   0 kB: sh (pid 23168)
    13657 kB: System
               13657 kB: system (pid 15637)
     2978 kB: Persistent
                2978 kB: com.dunn.instrument (pid 15811)
    93756 kB: Foreground
               62289 kB: com.tianci.movieplatform (pid 16320 / activities)
               10081 kB: com.tianci.system (pid 15820)
                8970 kB: com.tianci.de (pid 16137)
                6981 kB: com.tianci.push (pid 15973)
                5435 kB: com.coocaa.os.softsettings.provider (pid 16039)
     9509 kB: Visible
                9509 kB: com.coocaa.os.ccosservice (pid 16236)
    13350 kB: A Services
                7334 kB: com.coocaa.sysreport (pid 17857)
                6016 kB: com.tianci.ad (pid 16450)
    44833 kB: Previous
               44833 kB: com.ccos.tv.homepage (pid 15834 / activities)
     9473 kB: B Services
                9473 kB: com.tianci.movieplatform:daemon (pid 21200)

Total PSS by category:
    64186 kB: Dalvik
    45818 kB: Dalvik Other
    37977 kB: Unknown
    12962 kB: .so mmap
    12270 kB: .dex mmap
     8930 kB: Other dev
     7824 kB: Native
     6976 kB: Ashmem
     3140 kB: Stack
     1507 kB: Other mmap
      257 kB: .apk mmap
       16 kB: .ttf mmap
        0 kB: Cursor
        0 kB: .jar mmap
        0 kB: code mmap
        0 kB: image mmap
        0 kB: Graphics
        0 kB: GL
        0 kB: Memtrack

Total RAM: 463128 kB
 Free RAM: 92244 kB (0 cached pss + 20868 cached + 71376 free)
 Used RAM: 225463 kB (201863 used pss + 168 buffers + 300 shmem + 23132 slab)
 Lost RAM: 145421 kB
     ZRAM: 35208 kB physical used for 77864 kB in swap (98300 kB total swap)
   Tuning: 48 (large 128), oom 108462 kB, restore limit 36154 kB (low-ram)
Applications Memory Usage (kB):
Uptime: 1637407 Realtime: 1637407

Total PSS by process:
    59129 kB: com.tianci.movieplatform (pid 16320 / activities)
    42944 kB: com.ccos.tv.homepage (pid 15834 / activities)
    14352 kB: system (pid 15637)
    10028 kB: com.tianci.system (pid 15820)
     8861 kB: com.tianci.movieplatform:daemon (pid 21200)
     8801 kB: com.coocaa.os.ccosservice (pid 16236)
     8783 kB: com.tianci.de (pid 16137)
     7242 kB: mediaserver (pid 15246)
     7135 kB: com.coocaa.sysreport (pid 17857)
     5966 kB: com.tianci.push (pid 15973)
     5889 kB: com.tianci.ad (pid 16450)
     5311 kB: com.coocaa.os.softsettings.provider (pid 16039)
     3194 kB: com.dunn.instrument (pid 15811)
     1029 kB: logcat (pid 15793)
      972 kB: surfaceflinger (pid 741)
      959 kB: zygote (pid 15244)
      842 kB: TvServer (pid 1116)
      423 kB: app_process (pid 15968)
      378 kB: sdcard (pid 754)
      357 kB: wpa_supplicant (pid 15706)
      230 kB: /init (pid 1)
      227 kB: netd (pid 15245)
      204 kB: adbd (pid 1411)
      152 kB: ueventd (pid 512)
      132 kB: keystore (pid 748)
      108 kB: healthd (pid 732)
       80 kB: vold (pid 735)
       78 kB: FileDesc_server (pid 749)
       63 kB: coocaa_guard (pid 751)
       60 kB: hardwared (pid 736)
       49 kB: servicemanager (pid 734)
       48 kB: RootApp (pid 1088)
       41 kB: logwrapper (pid 1048)
       40 kB: busybox (pid 1626)
       24 kB: keypad (pid 738)
       24 kB: VirtualEvent (pid 1230)
       24 kB: smobsd (pid 1247)
        8 kB: drmserver (pid 744)
        7 kB: dhcpcd (pid 15708)
        7 kB: sh (pid 15896)
        4 kB: sh (pid 733)
        4 kB: debuggerd (pid 740)
        4 kB: installd (pid 747)
        0 kB: dumpsys (pid 23150)
        0 kB: sh (pid 23164)
        0 kB: sh (pid 23166)
        0 kB: sh (pid 23167)
        0 kB: sh (pid 23168)

Total PSS by OOM adjustment:
    13820 kB: Native
                7242 kB: mediaserver (pid 15246)
                1029 kB: logcat (pid 15793)
                 972 kB: surfaceflinger (pid 741)
                 959 kB: zygote (pid 15244)
                 842 kB: TvServer (pid 1116)
                 423 kB: app_process (pid 15968)
                 378 kB: sdcard (pid 754)
                 357 kB: wpa_supplicant (pid 15706)
                 230 kB: /init (pid 1)
                 227 kB: netd (pid 15245)
                 204 kB: adbd (pid 1411)
                 152 kB: ueventd (pid 512)
                 132 kB: keystore (pid 748)
                 108 kB: healthd (pid 732)
                  80 kB: vold (pid 735)
                  78 kB: FileDesc_server (pid 749)
                  63 kB: coocaa_guard (pid 751)
                  60 kB: hardwared (pid 736)
                  49 kB: servicemanager (pid 734)
                  48 kB: RootApp (pid 1088)
                  41 kB: logwrapper (pid 1048)
                  40 kB: busybox (pid 1626)
                  24 kB: keypad (pid 738)
                  24 kB: VirtualEvent (pid 1230)
                  24 kB: smobsd (pid 1247)
                   8 kB: drmserver (pid 744)
                   7 kB: dhcpcd (pid 15708)
                   7 kB: sh (pid 15896)
                   4 kB: sh (pid 733)
                   4 kB: debuggerd (pid 740)
                   4 kB: installd (pid 747)
                   0 kB: dumpsys (pid 23150)
                   0 kB: sh (pid 23164)
                   0 kB: sh (pid 23166)
                   0 kB: sh (pid 23167)
                   0 kB: sh (pid 23168)
    14352 kB: System
               14352 kB: system (pid 15637)
     3194 kB: Persistent
                3194 kB: com.dunn.instrument (pid 15811)
    89217 kB: Foreground
               59129 kB: com.tianci.movieplatform (pid 16320 / activities)
               10028 kB: com.tianci.system (pid 15820)
                8783 kB: com.tianci.de (pid 16137)
                5966 kB: com.tianci.push (pid 15973)
                5311 kB: com.coocaa.os.softsettings.provider (pid 16039)
     8801 kB: Visible
                8801 kB: com.coocaa.os.ccosservice (pid 16236)
    13024 kB: A Services
                7135 kB: com.coocaa.sysreport (pid 17857)
                5889 kB: com.tianci.ad (pid 16450)
    42944 kB: Previous
               42944 kB: com.ccos.tv.homepage (pid 15834 / activities)
     8861 kB: B Services
                8861 kB: com.tianci.movieplatform:daemon (pid 21200)

Total PSS by category:
    64054 kB: Dalvik
    44618 kB: Dalvik Other
    36793 kB: Unknown
    11473 kB: .so mmap
     9302 kB: .dex mmap
     8926 kB: Other dev
     7808 kB: Native
     6680 kB: Ashmem
     2892 kB: Stack
     1515 kB: Other mmap
      152 kB: .ttf mmap
        0 kB: Cursor
        0 kB: .jar mmap
        0 kB: .apk mmap
        0 kB: code mmap
        0 kB: image mmap
        0 kB: Graphics
        0 kB: GL
        0 kB: Memtrack

Total RAM: 463128 kB
 Free RAM: 140540 kB (0 cached pss + 53648 cached + 86892 free)
 Used RAM: 217889 kB (194213 used pss + 456 buffers + 52 shmem + 23168 slab)
 Lost RAM: 104699 kB
     ZRAM: 35280 kB physical used for 77324 kB in swap (98300 kB total swap)
   Tuning: 48 (large 128), oom 108462 kB, restore limit 36154 kB (low-ram)
Applications Memory Usage (kB):
Uptime: 1640286 Realtime: 1640286

Total PSS by process:
    66320 kB: com.tianci.movieplatform (pid 16320 / activities)
    42774 kB: com.ccos.tv.homepage (pid 15834 / activities)
    14689 kB: system (pid 15637)
    10025 kB: com.tianci.system (pid 15820)
     8730 kB: com.tianci.de (pid 16137)
     8725 kB: com.tianci.movieplatform:daemon (pid 21200)
     8486 kB: com.coocaa.os.ccosservice (pid 16236)
     7836 kB: mediaserver (pid 15246)
     7094 kB: com.coocaa.sysreport (pid 17857)
     5916 kB: com.tianci.push (pid 15973)
     5879 kB: com.tianci.ad (pid 16450)
     5299 kB: com.coocaa.os.softsettings.provider (pid 16039)
     3042 kB: com.dunn.instrument (pid 15811)
     1228 kB: surfaceflinger (pid 741)
      993 kB: logcat (pid 15793)
      958 kB: zygote (pid 15244)
      842 kB: TvServer (pid 1116)
      421 kB: app_process (pid 15968)
      393 kB: wpa_supplicant (pid 15706)
      378 kB: sdcard (pid 754)
      273 kB: dumpsys (pid 23276)
      256 kB: netd (pid 15245)
      230 kB: /init (pid 1)
      204 kB: adbd (pid 1411)
      152 kB: ueventd (pid 512)
      132 kB: keystore (pid 748)
      108 kB: healthd (pid 732)
       80 kB: vold (pid 735)
       78 kB: FileDesc_server (pid 749)
       63 kB: coocaa_guard (pid 751)
       60 kB: hardwared (pid 736)
       49 kB: servicemanager (pid 734)
       48 kB: RootApp (pid 1088)
       41 kB: logwrapper (pid 1048)
       40 kB: busybox (pid 1626)
       24 kB: keypad (pid 738)
       24 kB: VirtualEvent (pid 1230)
       24 kB: smobsd (pid 1247)
        8 kB: drmserver (pid 744)
        7 kB: dhcpcd (pid 15708)
        7 kB: sh (pid 15896)
        4 kB: sh (pid 733)
        4 kB: debuggerd (pid 740)
        4 kB: installd (pid 747)

Total PSS by OOM adjustment:
    14969 kB: Native
                7836 kB: mediaserver (pid 15246)
                1228 kB: surfaceflinger (pid 741)
                 993 kB: logcat (pid 15793)
                 958 kB: zygote (pid 15244)
                 842 kB: TvServer (pid 1116)
                 421 kB: app_process (pid 15968)
                 393 kB: wpa_supplicant (pid 15706)
                 378 kB: sdcard (pid 754)
                 273 kB: dumpsys (pid 23276)
                 256 kB: netd (pid 15245)
                 230 kB: /init (pid 1)
                 204 kB: adbd (pid 1411)
                 152 kB: ueventd (pid 512)
                 132 kB: keystore (pid 748)
                 108 kB: healthd (pid 732)
                  80 kB: vold (pid 735)
                  78 kB: FileDesc_server (pid 749)
                  63 kB: coocaa_guard (pid 751)
                  60 kB: hardwared (pid 736)
                  49 kB: servicemanager (pid 734)
                  48 kB: RootApp (pid 1088)
                  41 kB: logwrapper (pid 1048)
                  40 kB: busybox (pid 1626)
                  24 kB: keypad (pid 738)
                  24 kB: VirtualEvent (pid 1230)
                  24 kB: smobsd (pid 1247)
                   8 kB: drmserver (pid 744)
                   7 kB: dhcpcd (pid 15708)
                   7 kB: sh (pid 15896)
                   4 kB: sh (pid 733)
                   4 kB: debuggerd (pid 740)
                   4 kB: installd (pid 747)
    14689 kB: System
               14689 kB: system (pid 15637)
     3042 kB: Persistent
                3042 kB: com.dunn.instrument (pid 15811)
    96290 kB: Foreground
               66320 kB: com.tianci.movieplatform (pid 16320 / activities)
               10025 kB: com.tianci.system (pid 15820)
                8730 kB: com.tianci.de (pid 16137)
                5916 kB: com.tianci.push (pid 15973)
                5299 kB: com.coocaa.os.softsettings.provider (pid 16039)
     8486 kB: Visible
                8486 kB: com.coocaa.os.ccosservice (pid 16236)
    12973 kB: A Services
                7094 kB: com.coocaa.sysreport (pid 17857)
                5879 kB: com.tianci.ad (pid 16450)
    42774 kB: Previous
               42774 kB: com.ccos.tv.homepage (pid 15834 / activities)
     8725 kB: B Services
                8725 kB: com.tianci.movieplatform:daemon (pid 21200)

Total PSS by category:
    64718 kB: Dalvik
    44566 kB: Dalvik Other
    37313 kB: Unknown
    13684 kB: .dex mmap
    12795 kB: .so mmap
     9098 kB: Other dev
     8032 kB: Native
     6668 kB: Ashmem
     3004 kB: Stack
     1718 kB: Other mmap
      220 kB: .ttf mmap
      132 kB: .apk mmap
        0 kB: Cursor
        0 kB: .jar mmap
        0 kB: code mmap
        0 kB: image mmap
        0 kB: Graphics
        0 kB: GL
        0 kB: Memtrack

Total RAM: 463128 kB
 Free RAM: 140176 kB (0 cached pss + 35952 cached + 104224 free)
 Used RAM: 225544 kB (201948 used pss + 384 buffers + 52 shmem + 23160 slab)
 Lost RAM: 97408 kB
     ZRAM: 35312 kB physical used for 77548 kB in swap (98300 kB total swap)
   Tuning: 48 (large 128), oom 108462 kB, restore limit 36154 kB (low-ram)
Applications Memory Usage (kB):
Uptime: 1643932 Realtime: 1643932

Total PSS by process:
    66901 kB: com.tianci.movieplatform (pid 16320 / activities)
    42408 kB: com.ccos.tv.homepage (pid 15834 / activities)
    14745 kB: system (pid 15637)
    10913 kB: com.tianci.system (pid 15820)
     8800 kB: mediaserver (pid 15246)
     8721 kB: com.tianci.de (pid 16137)
     8485 kB: com.tianci.movieplatform:daemon (pid 21200)
     8472 kB: com.coocaa.os.ccosservice (pid 16236)
     7106 kB: com.coocaa.sysreport (pid 17857)
     5907 kB: com.tianci.push (pid 15973)
     5295 kB: com.coocaa.os.softsettings.provider (pid 16039)
     3983 kB: com.tianci.ad (pid 16450)
     3130 kB: com.dunn.instrument (pid 15811)
     1298 kB: TvServer (pid 1116)
      993 kB: logcat (pid 15793)
      991 kB: surfaceflinger (pid 741)
      958 kB: zygote (pid 15244)
      425 kB: app_process (pid 15968)
      393 kB: wpa_supplicant (pid 15706)
      374 kB: sdcard (pid 754)
      248 kB: netd (pid 15245)
      230 kB: /init (pid 1)
      204 kB: adbd (pid 1411)
      132 kB: keystore (pid 748)
      108 kB: healthd (pid 732)
       80 kB: ueventd (pid 512)
       78 kB: FileDesc_server (pid 749)
       68 kB: vold (pid 735)
       63 kB: coocaa_guard (pid 751)
       49 kB: servicemanager (pid 734)
       48 kB: RootApp (pid 1088)
       41 kB: logwrapper (pid 1048)
       40 kB: busybox (pid 1626)
       24 kB: keypad (pid 738)
       24 kB: VirtualEvent (pid 1230)
        8 kB: drmserver (pid 744)
        7 kB: dhcpcd (pid 15708)
        7 kB: sh (pid 15896)
        4 kB: sh (pid 733)
        4 kB: hardwared (pid 736)
        4 kB: debuggerd (pid 740)
        4 kB: installd (pid 747)
        4 kB: smobsd (pid 1247)
        0 kB: dumpsys (pid 23276)

Total PSS by OOM adjustment:
    15711 kB: Native
                8800 kB: mediaserver (pid 15246)
                1298 kB: TvServer (pid 1116)
                 993 kB: logcat (pid 15793)
                 991 kB: surfaceflinger (pid 741)
                 958 kB: zygote (pid 15244)
                 425 kB: app_process (pid 15968)
                 393 kB: wpa_supplicant (pid 15706)
                 374 kB: sdcard (pid 754)
                 248 kB: netd (pid 15245)
                 230 kB: /init (pid 1)
                 204 kB: adbd (pid 1411)
                 132 kB: keystore (pid 748)
                 108 kB: healthd (pid 732)
                  80 kB: ueventd (pid 512)
                  78 kB: FileDesc_server (pid 749)
                  68 kB: vold (pid 735)
                  63 kB: coocaa_guard (pid 751)
                  49 kB: servicemanager (pid 734)
                  48 kB: RootApp (pid 1088)
                  41 kB: logwrapper (pid 1048)
                  40 kB: busybox (pid 1626)
                  24 kB: keypad (pid 738)
                  24 kB: VirtualEvent (pid 1230)
                   8 kB: drmserver (pid 744)
                   7 kB: dhcpcd (pid 15708)
                   7 kB: sh (pid 15896)
                   4 kB: sh (pid 733)
                   4 kB: hardwared (pid 736)
                   4 kB: debuggerd (pid 740)
                   4 kB: installd (pid 747)
                   4 kB: smobsd (pid 1247)
                   0 kB: dumpsys (pid 23276)
    14745 kB: System
               14745 kB: system (pid 15637)
     3130 kB: Persistent
                3130 kB: com.dunn.instrument (pid 15811)
   104843 kB: Foreground
               66901 kB: com.tianci.movieplatform (pid 16320 / activities)
               10913 kB: com.tianci.system (pid 15820)
                8721 kB: com.tianci.de (pid 16137)
                7106 kB: com.coocaa.sysreport (pid 17857)
                5907 kB: com.tianci.push (pid 15973)
                5295 kB: com.coocaa.os.softsettings.provider (pid 16039)
     8472 kB: Visible
                8472 kB: com.coocaa.os.ccosservice (pid 16236)
     3983 kB: A Services
                3983 kB: com.tianci.ad (pid 16450)
    42408 kB: Previous
               42408 kB: com.ccos.tv.homepage (pid 15834 / activities)
     8485 kB: B Services
                8485 kB: com.tianci.movieplatform:daemon (pid 21200)

Total PSS by category:
    63842 kB: Dalvik
    43507 kB: Dalvik Other
    39037 kB: Unknown
    13793 kB: .so mmap
    12729 kB: .dex mmap
     9094 kB: Other dev
     7684 kB: Native
     6832 kB: Ashmem
     3144 kB: Stack
     2099 kB: Other mmap
       16 kB: .ttf mmap
        0 kB: Cursor
        0 kB: .jar mmap
        0 kB: .apk mmap
        0 kB: code mmap
        0 kB: image mmap
        0 kB: Graphics
        0 kB: GL
        0 kB: Memtrack

Total RAM: 463128 kB
 Free RAM: 85520 kB (0 cached pss + 34712 cached + 50808 free)
 Used RAM: 225509 kB (201777 used pss + 308 buffers + 240 shmem + 23184 slab)
 Lost RAM: 152099 kB
     ZRAM: 36292 kB physical used for 80908 kB in swap (98300 kB total swap)
   Tuning: 48 (large 128), oom 108462 kB, restore limit 36154 kB (low-ram)
Applications Memory Usage (kB):
Uptime: 1648542 Realtime: 1648542

Total PSS by process:
    63126 kB: com.tianci.movieplatform (pid 16320 / activities)
    39769 kB: com.ccos.tv.homepage (pid 15834 / activities)
    13985 kB: system (pid 15637)
    10650 kB: com.tianci.system (pid 15820)
     9982 kB: com.tianci.user (pid 23446)
     8547 kB: com.tianci.de (pid 16137)
     8533 kB: com.tianci.movieplatform:daemon (pid 21200)
     8458 kB: mediaserver (pid 15246)
     8252 kB: com.coocaa.os.ccosservice (pid 16236)
     6982 kB: com.coocaa.sysreport (pid 17857)
     5746 kB: com.tianci.push (pid 15973)
     4512 kB: com.coocaa.os.softsettings.provider (pid 16039)
     2978 kB: com.dunn.instrument (pid 15811)
     1677 kB: com.tianci.ad (pid 16450)
     1272 kB: TvServer (pid 1116)
      984 kB: logcat (pid 15793)
      976 kB: surfaceflinger (pid 741)
      976 kB: zygote (pid 15244)
      417 kB: app_process (pid 15968)
      374 kB: sdcard (pid 754)
      270 kB: dumpsys (pid 23465)
      247 kB: netd (pid 15245)
      230 kB: /init (pid 1)
      204 kB: adbd (pid 1411)
      161 kB: wpa_supplicant (pid 15706)
      108 kB: healthd (pid 732)
       77 kB: FileDesc_server (pid 749)
       72 kB: ueventd (pid 512)
       67 kB: vold (pid 735)
       63 kB: coocaa_guard (pid 751)
       49 kB: servicemanager (pid 734)
       48 kB: RootApp (pid 1088)
       41 kB: logwrapper (pid 1048)
       40 kB: busybox (pid 1626)
       24 kB: keypad (pid 738)
       24 kB: VirtualEvent (pid 1230)
        8 kB: drmserver (pid 744)
        8 kB: keystore (pid 748)
        7 kB: dhcpcd (pid 15708)
        7 kB: sh (pid 15896)
        4 kB: sh (pid 733)
        4 kB: hardwared (pid 736)
        4 kB: debuggerd (pid 740)
        4 kB: installd (pid 747)
        4 kB: smobsd (pid 1247)

Total PSS by OOM adjustment:
    15232 kB: Native
                8458 kB: mediaserver (pid 15246)
                1272 kB: TvServer (pid 1116)
                 984 kB: logcat (pid 15793)
                 976 kB: surfaceflinger (pid 741)
                 976 kB: zygote (pid 15244)
                 417 kB: app_process (pid 15968)
                 374 kB: sdcard (pid 754)
                 270 kB: dumpsys (pid 23465)
                 247 kB: netd (pid 15245)
                 230 kB: /init (pid 1)
                 204 kB: adbd (pid 1411)
                 161 kB: wpa_supplicant (pid 15706)
                 108 kB: healthd (pid 732)
                  77 kB: FileDesc_server (pid 749)
                  72 kB: ueventd (pid 512)
                  67 kB: vold (pid 735)
                  63 kB: coocaa_guard (pid 751)
                  49 kB: servicemanager (pid 734)
                  48 kB: RootApp (pid 1088)
                  41 kB: logwrapper (pid 1048)
                  40 kB: busybox (pid 1626)
                  24 kB: keypad (pid 738)
                  24 kB: VirtualEvent (pid 1230)
                   8 kB: drmserver (pid 744)
                   8 kB: keystore (pid 748)
                   7 kB: dhcpcd (pid 15708)
                   7 kB: sh (pid 15896)
                   4 kB: sh (pid 733)
                   4 kB: hardwared (pid 736)
                   4 kB: debuggerd (pid 740)
                   4 kB: installd (pid 747)
                   4 kB: smobsd (pid 1247)
    13985 kB: System
               13985 kB: system (pid 15637)
     2978 kB: Persistent
                2978 kB: com.dunn.instrument (pid 15811)
   102563 kB: Foreground
               63126 kB: com.tianci.movieplatform (pid 16320 / activities)
               10650 kB: com.tianci.system (pid 15820)
                9982 kB: com.tianci.user (pid 23446)
                8547 kB: com.tianci.de (pid 16137)
                5746 kB: com.tianci.push (pid 15973)
                4512 kB: com.coocaa.os.softsettings.provider (pid 16039)
     8252 kB: Visible
                8252 kB: com.coocaa.os.ccosservice (pid 16236)
     8659 kB: A Services
                6982 kB: com.coocaa.sysreport (pid 17857)
                1677 kB: com.tianci.ad (pid 16450)
    39769 kB: Previous
               39769 kB: com.ccos.tv.homepage (pid 15834 / activities)
     8533 kB: B Services
                8533 kB: com.tianci.movieplatform:daemon (pid 21200)

Total PSS by category:
    62610 kB: Dalvik
    42932 kB: Dalvik Other
    36599 kB: Unknown
    15006 kB: .dex mmap
    14275 kB: .so mmap
     9102 kB: Other dev
     7380 kB: Native
     6760 kB: Ashmem
     3092 kB: Stack
     1855 kB: Other mmap
      340 kB: .apk mmap
       16 kB: .ttf mmap
        4 kB: .jar mmap
        0 kB: Cursor
        0 kB: code mmap
        0 kB: image mmap
        0 kB: Graphics
        0 kB: GL
        0 kB: Memtrack

Total RAM: 463128 kB
 Free RAM: 83904 kB (0 cached pss + 37888 cached + 46016 free)
 Used RAM: 223591 kB (199971 used pss + 152 buffers + 248 shmem + 23220 slab)
 Lost RAM: 155633 kB
     ZRAM: 42128 kB physical used for 90964 kB in swap (98300 kB total swap)
   Tuning: 48 (large 128), oom 108462 kB, restore limit 36154 kB (low-ram)
Applications Memory Usage (kB):
Uptime: 1652944 Realtime: 1652944

Total PSS by process:
    49202 kB: com.tianci.movieplatform (pid 16320 / activities)
    38737 kB: com.ccos.tv.homepage (pid 15834 / activities)
    13876 kB: system (pid 15637)
     9777 kB: com.tianci.system (pid 15820)
     8469 kB: com.tianci.de (pid 16137)
     8412 kB: com.tianci.movieplatform:daemon (pid 21200)
     7664 kB: mediaserver (pid 15246)
     7501 kB: com.coocaa.sysreport (pid 17857)
     7488 kB: com.coocaa.os.ccosservice (pid 16236)
     5689 kB: com.tianci.push (pid 15973)
     4512 kB: com.coocaa.os.softsettings.provider (pid 16039)
     2814 kB: com.dunn.instrument (pid 15811)
     1570 kB: com.tianci.ad (pid 16450)
      949 kB: surfaceflinger (pid 741)
      949 kB: zygote (pid 15244)
      821 kB: logcat (pid 15793)
      730 kB: TvServer (pid 1116)
      413 kB: app_process (pid 15968)
      370 kB: sdcard (pid 754)
      271 kB: dumpsys (pid 23544)
      240 kB: netd (pid 15245)
      230 kB: /init (pid 1)
      200 kB: adbd (pid 1411)
      145 kB: wpa_supplicant (pid 15706)
      108 kB: healthd (pid 732)
       78 kB: FileDesc_server (pid 749)
       72 kB: ueventd (pid 512)
       68 kB: vold (pid 735)
       63 kB: coocaa_guard (pid 751)
       49 kB: servicemanager (pid 734)
       48 kB: RootApp (pid 1088)
       33 kB: logwrapper (pid 1048)
       24 kB: keypad (pid 738)
       24 kB: VirtualEvent (pid 1230)
       16 kB: busybox (pid 1626)
        8 kB: drmserver (pid 744)
        8 kB: keystore (pid 748)
        7 kB: dhcpcd (pid 15708)
        7 kB: sh (pid 15896)
        4 kB: sh (pid 733)
        4 kB: hardwared (pid 736)
        4 kB: debuggerd (pid 740)
        4 kB: installd (pid 747)
        4 kB: smobsd (pid 1247)

Total PSS by OOM adjustment:
    13615 kB: Native
                7664 kB: mediaserver (pid 15246)
                 949 kB: surfaceflinger (pid 741)
                 949 kB: zygote (pid 15244)
                 821 kB: logcat (pid 15793)
                 730 kB: TvServer (pid 1116)
                 413 kB: app_process (pid 15968)
                 370 kB: sdcard (pid 754)
                 271 kB: dumpsys (pid 23544)
                 240 kB: netd (pid 15245)
                 230 kB: /init (pid 1)
                 200 kB: adbd (pid 1411)
                 145 kB: wpa_supplicant (pid 15706)
                 108 kB: healthd (pid 732)
                  78 kB: FileDesc_server (pid 749)
                  72 kB: ueventd (pid 512)
                  68 kB: vold (pid 735)
                  63 kB: coocaa_guard (pid 751)
                  49 kB: servicemanager (pid 734)
                  48 kB: RootApp (pid 1088)
                  33 kB: logwrapper (pid 1048)
                  24 kB: keypad (pid 738)
                  24 kB: VirtualEvent (pid 1230)
                  16 kB: busybox (pid 1626)
                   8 kB: drmserver (pid 744)
                   8 kB: keystore (pid 748)
                   7 kB: dhcpcd (pid 15708)
                   7 kB: sh (pid 15896)
                   4 kB: sh (pid 733)
                   4 kB: hardwared (pid 736)
                   4 kB: debuggerd (pid 740)
                   4 kB: installd (pid 747)
                   4 kB: smobsd (pid 1247)
    13876 kB: System
               13876 kB: system (pid 15637)
     2814 kB: Persistent
                2814 kB: com.dunn.instrument (pid 15811)
    77649 kB: Foreground
               49202 kB: com.tianci.movieplatform (pid 16320 / activities)
                9777 kB: com.tianci.system (pid 15820)
                8469 kB: com.tianci.de (pid 16137)
                5689 kB: com.tianci.push (pid 15973)
                4512 kB: com.coocaa.os.softsettings.provider (pid 16039)
     7488 kB: Visible
                7488 kB: com.coocaa.os.ccosservice (pid 16236)
     9071 kB: A Services
                7501 kB: com.coocaa.sysreport (pid 17857)
                1570 kB: com.tianci.ad (pid 16450)
    38737 kB: Previous
               38737 kB: com.ccos.tv.homepage (pid 15834 / activities)
     8412 kB: B Services
                8412 kB: com.tianci.movieplatform:daemon (pid 21200)

Total PSS by category:
    54621 kB: Dalvik
    35891 kB: Dalvik Other
    33793 kB: Unknown
    12155 kB: .so mmap
     9594 kB: .dex mmap
     9434 kB: Other dev
     6964 kB: Native
     4974 kB: Ashmem
     2770 kB: Stack
     1198 kB: Other mmap
      264 kB: .apk mmap
        4 kB: .ttf mmap
        0 kB: Cursor
        0 kB: .jar mmap
        0 kB: code mmap
        0 kB: image mmap
        0 kB: Graphics
        0 kB: GL
        0 kB: Memtrack

Total RAM: 463128 kB
 Free RAM: 85288 kB (0 cached pss + 27912 cached + 57376 free)
 Used RAM: 195618 kB (171662 used pss + 480 buffers + 260 shmem + 23216 slab)
 Lost RAM: 182222 kB
     ZRAM: 46344 kB physical used for 97328 kB in swap (98300 kB total swap)
   Tuning: 48 (large 128), oom 108462 kB, restore limit 36154 kB (low-ram)
Applications Memory Usage (kB):
Uptime: 1661774 Realtime: 1661774

Total PSS by process:
    62870 kB: com.tianci.movieplatform (pid 16320 / activities)
    37148 kB: com.ccos.tv.homepage (pid 15834 / activities)
    13689 kB: system (pid 15637)
    11807 kB: mediaserver (pid 15246)
    10484 kB: com.tianci.system (pid 15820)
     9392 kB: com.tianci.de (pid 16137)
     8886 kB: com.coocaa.os.ccosservice (pid 16236)
     7906 kB: com.tianci.movieplatform:daemon (pid 21200)
     6937 kB: com.coocaa.sysreport (pid 17857)
     5579 kB: com.tianci.push (pid 15973)
     4372 kB: com.coocaa.os.softsettings.provider (pid 16039)
     2644 kB: com.dunn.instrument (pid 15811)
     1425 kB: com.tianci.ad (pid 16450)
     1038 kB: surfaceflinger (pid 741)
      822 kB: logcat (pid 15793)
      788 kB: zygote (pid 15244)
      725 kB: TvServer (pid 1116)
      318 kB: app_process (pid 15968)
      238 kB: netd (pid 15245)
      230 kB: /init (pid 1)
      200 kB: adbd (pid 1411)
      175 kB: sdcard (pid 754)
      115 kB: wpa_supplicant (pid 15706)
      108 kB: healthd (pid 732)
       79 kB: FileDesc_server (pid 749)
       72 kB: ueventd (pid 512)
       67 kB: vold (pid 735)
       63 kB: coocaa_guard (pid 751)
       50 kB: servicemanager (pid 734)
       48 kB: RootApp (pid 1088)
       33 kB: logwrapper (pid 1048)
       24 kB: keypad (pid 738)
       24 kB: VirtualEvent (pid 1230)
       16 kB: busybox (pid 1626)
        8 kB: drmserver (pid 744)
        8 kB: keystore (pid 748)
        4 kB: sh (pid 733)
        4 kB: hardwared (pid 736)
        4 kB: debuggerd (pid 740)
        4 kB: installd (pid 747)
        4 kB: smobsd (pid 1247)
        4 kB: dhcpcd (pid 15708)
        4 kB: sh (pid 15896)
        0 kB: sh (pid 23623)
        0 kB: ps (pid 23625)
        0 kB: grep (pid 23627)
        0 kB: awk (pid 23628)

Total PSS by OOM adjustment:
    17084 kB: Native
               11807 kB: mediaserver (pid 15246)
                1038 kB: surfaceflinger (pid 741)
                 822 kB: logcat (pid 15793)
                 788 kB: zygote (pid 15244)
                 725 kB: TvServer (pid 1116)
                 318 kB: app_process (pid 15968)
                 238 kB: netd (pid 15245)
                 230 kB: /init (pid 1)
                 200 kB: adbd (pid 1411)
                 175 kB: sdcard (pid 754)
                 115 kB: wpa_supplicant (pid 15706)
                 108 kB: healthd (pid 732)
                  79 kB: FileDesc_server (pid 749)
                  72 kB: ueventd (pid 512)
                  67 kB: vold (pid 735)
                  63 kB: coocaa_guard (pid 751)
                  50 kB: servicemanager (pid 734)
                  48 kB: RootApp (pid 1088)
                  33 kB: logwrapper (pid 1048)
                  24 kB: keypad (pid 738)
                  24 kB: VirtualEvent (pid 1230)
                  16 kB: busybox (pid 1626)
                   8 kB: drmserver (pid 744)
                   8 kB: keystore (pid 748)
                   4 kB: sh (pid 733)
                   4 kB: hardwared (pid 736)
                   4 kB: debuggerd (pid 740)
                   4 kB: installd (pid 747)
                   4 kB: smobsd (pid 1247)
                   4 kB: dhcpcd (pid 15708)
                   4 kB: sh (pid 15896)
                   0 kB: sh (pid 23623)
                   0 kB: ps (pid 23625)
                   0 kB: grep (pid 23627)
                   0 kB: awk (pid 23628)
    13689 kB: System
               13689 kB: system (pid 15637)
     2644 kB: Persistent
                2644 kB: com.dunn.instrument (pid 15811)
    99634 kB: Foreground
               62870 kB: com.tianci.movieplatform (pid 16320 / activities)
               10484 kB: com.tianci.system (pid 15820)
                9392 kB: com.tianci.de (pid 16137)
                6937 kB: com.coocaa.sysreport (pid 17857)
                5579 kB: com.tianci.push (pid 15973)
                4372 kB: com.coocaa.os.softsettings.provider (pid 16039)
     8886 kB: Visible
                8886 kB: com.coocaa.os.ccosservice (pid 16236)
     1425 kB: A Services
                1425 kB: com.tianci.ad (pid 16450)
    37148 kB: Previous
               37148 kB: com.ccos.tv.homepage (pid 15834 / activities)
     7906 kB: B Services
                7906 kB: com.tianci.movieplatform:daemon (pid 21200)

Total PSS by category:
    60044 kB: Dalvik
    40836 kB: Dalvik Other
    38831 kB: Unknown
    10869 kB: .so mmap
    10118 kB: Other dev
     9578 kB: .dex mmap
     7176 kB: Ashmem
     6976 kB: Native
     2932 kB: Stack
     1056 kB: Other mmap
        0 kB: Cursor
        0 kB: .jar mmap
        0 kB: .apk mmap
        0 kB: .ttf mmap
        0 kB: code mmap
        0 kB: image mmap
        0 kB: Graphics
        0 kB: GL
        0 kB: Memtrack

Total RAM: 463128 kB
 Free RAM: 84136 kB (0 cached pss + 57996 cached + 26140 free)
 Used RAM: 212120 kB (188416 used pss + 556 buffers + 268 shmem + 22880 slab)
 Lost RAM: 166872 kB
     ZRAM: 42972 kB physical used for 93264 kB in swap (98300 kB total swap)
   Tuning: 48 (large 128), oom 108462 kB, restore limit 36154 kB (low-ram)
Applications Memory Usage (kB):
Uptime: 1665705 Realtime: 1665705

Total PSS by process:
    66959 kB: com.tianci.movieplatform (pid 16320 / activities)
    37103 kB: com.ccos.tv.homepage (pid 15834 / activities)
    13787 kB: system (pid 15637)
    10363 kB: com.tianci.system (pid 15820)
     9505 kB: com.tianci.de (pid 16137)
     8739 kB: com.coocaa.os.ccosservice (pid 16236)
     8582 kB: mediaserver (pid 15246)
     7903 kB: com.tianci.movieplatform:daemon (pid 21200)
     6878 kB: com.coocaa.sysreport (pid 17857)
     5570 kB: com.tianci.push (pid 15973)
     4373 kB: com.coocaa.os.softsettings.provider (pid 16039)
     2958 kB: com.dunn.instrument (pid 15811)
     1425 kB: com.tianci.ad (pid 16450)
     1034 kB: surfaceflinger (pid 741)
      822 kB: logcat (pid 15793)
      788 kB: zygote (pid 15244)
      725 kB: TvServer (pid 1116)
      435 kB: dumpsys (pid 23771)
      351 kB: app_process (pid 15968)
      238 kB: netd (pid 15245)
      230 kB: /init (pid 1)
      200 kB: adbd (pid 1411)
      175 kB: sdcard (pid 754)
      135 kB: wpa_supplicant (pid 15706)
      108 kB: healthd (pid 732)
       79 kB: FileDesc_server (pid 749)
       72 kB: ueventd (pid 512)
       67 kB: vold (pid 735)
       63 kB: coocaa_guard (pid 751)
       50 kB: servicemanager (pid 734)
       48 kB: RootApp (pid 1088)
       40 kB: busybox (pid 1626)
       33 kB: logwrapper (pid 1048)
       24 kB: keypad (pid 738)
       24 kB: VirtualEvent (pid 1230)
        8 kB: drmserver (pid 744)
        8 kB: keystore (pid 748)
        4 kB: sh (pid 733)
        4 kB: hardwared (pid 736)
        4 kB: debuggerd (pid 740)
        4 kB: installd (pid 747)
        4 kB: smobsd (pid 1247)
        4 kB: dhcpcd (pid 15708)
        4 kB: sh (pid 15896)

Total PSS by OOM adjustment:
    14367 kB: Native
                8582 kB: mediaserver (pid 15246)
                1034 kB: surfaceflinger (pid 741)
                 822 kB: logcat (pid 15793)
                 788 kB: zygote (pid 15244)
                 725 kB: TvServer (pid 1116)
                 435 kB: dumpsys (pid 23771)
                 351 kB: app_process (pid 15968)
                 238 kB: netd (pid 15245)
                 230 kB: /init (pid 1)
                 200 kB: adbd (pid 1411)
                 175 kB: sdcard (pid 754)
                 135 kB: wpa_supplicant (pid 15706)
                 108 kB: healthd (pid 732)
                  79 kB: FileDesc_server (pid 749)
                  72 kB: ueventd (pid 512)
                  67 kB: vold (pid 735)
                  63 kB: coocaa_guard (pid 751)
                  50 kB: servicemanager (pid 734)
                  48 kB: RootApp (pid 1088)
                  40 kB: busybox (pid 1626)
                  33 kB: logwrapper (pid 1048)
                  24 kB: keypad (pid 738)
                  24 kB: VirtualEvent (pid 1230)
                   8 kB: drmserver (pid 744)
                   8 kB: keystore (pid 748)
                   4 kB: sh (pid 733)
                   4 kB: hardwared (pid 736)
                   4 kB: debuggerd (pid 740)
                   4 kB: installd (pid 747)
                   4 kB: smobsd (pid 1247)
                   4 kB: dhcpcd (pid 15708)
                   4 kB: sh (pid 15896)
    13787 kB: System
               13787 kB: system (pid 15637)
     2958 kB: Persistent
                2958 kB: com.dunn.instrument (pid 15811)
    96770 kB: Foreground
               66959 kB: com.tianci.movieplatform (pid 16320 / activities)
               10363 kB: com.tianci.system (pid 15820)
                9505 kB: com.tianci.de (pid 16137)
                5570 kB: com.tianci.push (pid 15973)
                4373 kB: com.coocaa.os.softsettings.provider (pid 16039)
     8739 kB: Visible
                8739 kB: com.coocaa.os.ccosservice (pid 16236)
     8303 kB: A Services
                6878 kB: com.coocaa.sysreport (pid 17857)
                1425 kB: com.tianci.ad (pid 16450)
    37103 kB: Previous
               37103 kB: com.ccos.tv.homepage (pid 15834 / activities)
     7903 kB: B Services
                7903 kB: com.tianci.movieplatform:daemon (pid 21200)

Total PSS by category:
    60356 kB: Dalvik
    40856 kB: Dalvik Other
    36391 kB: Unknown
    12310 kB: .so mmap
    11975 kB: .dex mmap
    10034 kB: Other dev
     7952 kB: Native
     5948 kB: Ashmem
     2912 kB: Stack
     1192 kB: Other mmap
        4 kB: .ttf mmap
        0 kB: Cursor
        0 kB: .jar mmap
        0 kB: .apk mmap
        0 kB: code mmap
        0 kB: image mmap
        0 kB: Graphics
        0 kB: GL
        0 kB: Memtrack

Total RAM: 463128 kB
 Free RAM: 86708 kB (0 cached pss + 54588 cached + 32120 free)
 Used RAM: 213534 kB (189930 used pss + 452 buffers + 268 shmem + 22884 slab)
 Lost RAM: 162886 kB
     ZRAM: 43436 kB physical used for 93712 kB in swap (98300 kB total swap)
   Tuning: 48 (large 128), oom 108462 kB, restore limit 36154 kB (low-ram)
Applications Memory Usage (kB):
Uptime: 1668750 Realtime: 1668750

Total PSS by process:
    66308 kB: com.tianci.movieplatform (pid 16320 / activities)
    37098 kB: com.ccos.tv.homepage (pid 15834 / activities)
    13854 kB: system (pid 15637)
    10335 kB: com.tianci.system (pid 15820)
     9417 kB: com.tianci.de (pid 16137)
     8681 kB: com.coocaa.os.ccosservice (pid 16236)
     8582 kB: mediaserver (pid 15246)
     7904 kB: com.tianci.movieplatform:daemon (pid 21200)
     7716 kB: com.coocaa.sysreport (pid 17857)
     5570 kB: com.tianci.push (pid 15973)
     5535 kB: com.coocaa.os.softsettings.provider (pid 16039)
     2945 kB: com.dunn.instrument (pid 15811)
     1425 kB: com.tianci.ad (pid 16450)
     1038 kB: surfaceflinger (pid 741)
      822 kB: logcat (pid 15793)
      788 kB: zygote (pid 15244)
      729 kB: TvServer (pid 1116)
      348 kB: app_process (pid 15968)
      238 kB: netd (pid 15245)
      230 kB: /init (pid 1)
      200 kB: adbd (pid 1411)
      175 kB: sdcard (pid 754)
      139 kB: wpa_supplicant (pid 15706)
      108 kB: healthd (pid 732)
       79 kB: FileDesc_server (pid 749)
       72 kB: ueventd (pid 512)
       67 kB: vold (pid 735)
       63 kB: coocaa_guard (pid 751)
       50 kB: servicemanager (pid 734)
       48 kB: RootApp (pid 1088)
       40 kB: busybox (pid 1626)
       33 kB: logwrapper (pid 1048)
       24 kB: keypad (pid 738)
       24 kB: VirtualEvent (pid 1230)
        8 kB: drmserver (pid 744)
        8 kB: keystore (pid 748)
        4 kB: sh (pid 733)
        4 kB: hardwared (pid 736)
        4 kB: debuggerd (pid 740)
        4 kB: installd (pid 747)
        4 kB: smobsd (pid 1247)
        4 kB: dhcpcd (pid 15708)
        4 kB: sh (pid 15896)
        0 kB: dumpsys (pid 23771)

Total PSS by OOM adjustment:
    13941 kB: Native
                8582 kB: mediaserver (pid 15246)
                1038 kB: surfaceflinger (pid 741)
                 822 kB: logcat (pid 15793)
                 788 kB: zygote (pid 15244)
                 729 kB: TvServer (pid 1116)
                 348 kB: app_process (pid 15968)
                 238 kB: netd (pid 15245)
                 230 kB: /init (pid 1)
                 200 kB: adbd (pid 1411)
                 175 kB: sdcard (pid 754)
                 139 kB: wpa_supplicant (pid 15706)
                 108 kB: healthd (pid 732)
                  79 kB: FileDesc_server (pid 749)
                  72 kB: ueventd (pid 512)
                  67 kB: vold (pid 735)
                  63 kB: coocaa_guard (pid 751)
                  50 kB: servicemanager (pid 734)
                  48 kB: RootApp (pid 1088)
                  40 kB: busybox (pid 1626)
                  33 kB: logwrapper (pid 1048)
                  24 kB: keypad (pid 738)
                  24 kB: VirtualEvent (pid 1230)
                   8 kB: drmserver (pid 744)
                   8 kB: keystore (pid 748)
                   4 kB: sh (pid 733)
                   4 kB: hardwared (pid 736)
                   4 kB: debuggerd (pid 740)
                   4 kB: installd (pid 747)
                   4 kB: smobsd (pid 1247)
                   4 kB: dhcpcd (pid 15708)
                   4 kB: sh (pid 15896)
                   0 kB: dumpsys (pid 23771)
    13854 kB: System
               13854 kB: system (pid 15637)
     2945 kB: Persistent
                2945 kB: com.dunn.instrument (pid 15811)
    97165 kB: Foreground
               66308 kB: com.tianci.movieplatform (pid 16320 / activities)
               10335 kB: com.tianci.system (pid 15820)
                9417 kB: com.tianci.de (pid 16137)
                5570 kB: com.tianci.push (pid 15973)
                5535 kB: com.coocaa.os.softsettings.provider (pid 16039)
     8681 kB: Visible
                8681 kB: com.coocaa.os.ccosservice (pid 16236)
     9141 kB: A Services
                7716 kB: com.coocaa.sysreport (pid 17857)
                1425 kB: com.tianci.ad (pid 16450)
    37098 kB: Previous
               37098 kB: com.ccos.tv.homepage (pid 15834 / activities)
     7904 kB: B Services
                7904 kB: com.tianci.movieplatform:daemon (pid 21200)

Total PSS by category:
    61000 kB: Dalvik
    41088 kB: Dalvik Other
    36439 kB: Unknown
    12517 kB: .dex mmap
    12359 kB: .so mmap
    10030 kB: Other dev
     7948 kB: Native
     5296 kB: Ashmem
     2892 kB: Stack
     1144 kB: Other mmap
       16 kB: .ttf mmap
        0 kB: Cursor
        0 kB: .jar mmap
        0 kB: .apk mmap
        0 kB: code mmap
        0 kB: image mmap
        0 kB: Graphics
        0 kB: GL
        0 kB: Memtrack

Total RAM: 463128 kB
 Free RAM: 86480 kB (0 cached pss + 54260 cached + 32220 free)
 Used RAM: 214341 kB (190729 used pss + 468 buffers + 268 shmem + 22876 slab)
 Lost RAM: 162307 kB
     ZRAM: 43732 kB physical used for 93360 kB in swap (98300 kB total swap)
   Tuning: 48 (large 128), oom 108462 kB, restore limit 36154 kB (low-ram)
Applications Memory Usage (kB):
Uptime: 1671645 Realtime: 1671645

Total PSS by process:
    65071 kB: com.tianci.movieplatform (pid 16320 / activities)
    37207 kB: com.ccos.tv.homepage (pid 15834 / activities)
    14326 kB: system (pid 15637)
    10578 kB: com.tianci.system (pid 15820)
     9383 kB: com.tianci.de (pid 16137)
     8688 kB: com.coocaa.os.ccosservice (pid 16236)
     8580 kB: mediaserver (pid 15246)
     7970 kB: com.tianci.movieplatform:daemon (pid 21200)
     7672 kB: com.coocaa.sysreport (pid 17857)
     5569 kB: com.tianci.push (pid 15973)
     5510 kB: com.coocaa.os.softsettings.provider (pid 16039)
     2940 kB: com.dunn.instrument (pid 15811)
     1424 kB: com.tianci.ad (pid 16450)
     1032 kB: surfaceflinger (pid 741)
      820 kB: logcat (pid 15793)
      788 kB: zygote (pid 15244)
      729 kB: TvServer (pid 1116)
      434 kB: dumpsys (pid 23916)
      384 kB: wpa_supplicant (pid 15706)
      347 kB: app_process (pid 15968)
      248 kB: netd (pid 15245)
      230 kB: /init (pid 1)
      200 kB: adbd (pid 1411)
      174 kB: sdcard (pid 754)
      108 kB: healthd (pid 732)
       78 kB: FileDesc_server (pid 749)
       72 kB: ueventd (pid 512)
       67 kB: vold (pid 735)
       63 kB: coocaa_guard (pid 751)
       50 kB: servicemanager (pid 734)
       48 kB: RootApp (pid 1088)
       40 kB: busybox (pid 1626)
       33 kB: logwrapper (pid 1048)
       24 kB: keypad (pid 738)
       24 kB: VirtualEvent (pid 1230)
        8 kB: drmserver (pid 744)
        8 kB: keystore (pid 748)
        4 kB: sh (pid 733)
        4 kB: hardwared (pid 736)
        4 kB: debuggerd (pid 740)
        4 kB: installd (pid 747)
        4 kB: smobsd (pid 1247)
        4 kB: dhcpcd (pid 15708)
        4 kB: sh (pid 15896)

Total PSS by OOM adjustment:
    14617 kB: Native
                8580 kB: mediaserver (pid 15246)
                1032 kB: surfaceflinger (pid 741)
                 820 kB: logcat (pid 15793)
                 788 kB: zygote (pid 15244)
                 729 kB: TvServer (pid 1116)
                 434 kB: dumpsys (pid 23916)
                 384 kB: wpa_supplicant (pid 15706)
                 347 kB: app_process (pid 15968)
                 248 kB: netd (pid 15245)
                 230 kB: /init (pid 1)
                 200 kB: adbd (pid 1411)
                 174 kB: sdcard (pid 754)
                 108 kB: healthd (pid 732)
                  78 kB: FileDesc_server (pid 749)
                  72 kB: ueventd (pid 512)
                  67 kB: vold (pid 735)
                  63 kB: coocaa_guard (pid 751)
                  50 kB: servicemanager (pid 734)
                  48 kB: RootApp (pid 1088)
                  40 kB: busybox (pid 1626)
                  33 kB: logwrapper (pid 1048)
                  24 kB: keypad (pid 738)
                  24 kB: VirtualEvent (pid 1230)
                   8 kB: drmserver (pid 744)
                   8 kB: keystore (pid 748)
                   4 kB: sh (pid 733)
                   4 kB: hardwared (pid 736)
                   4 kB: debuggerd (pid 740)
                   4 kB: installd (pid 747)
                   4 kB: smobsd (pid 1247)
                   4 kB: dhcpcd (pid 15708)
                   4 kB: sh (pid 15896)
    14326 kB: System
               14326 kB: system (pid 15637)
     2940 kB: Persistent
                2940 kB: com.dunn.instrument (pid 15811)
    96111 kB: Foreground
               65071 kB: com.tianci.movieplatform (pid 16320 / activities)
               10578 kB: com.tianci.system (pid 15820)
                9383 kB: com.tianci.de (pid 16137)
                5569 kB: com.tianci.push (pid 15973)
                5510 kB: com.coocaa.os.softsettings.provider (pid 16039)
     8688 kB: Visible
                8688 kB: com.coocaa.os.ccosservice (pid 16236)
     9096 kB: A Services
                7672 kB: com.coocaa.sysreport (pid 17857)
                1424 kB: com.tianci.ad (pid 16450)
    37207 kB: Previous
               37207 kB: com.ccos.tv.homepage (pid 15834 / activities)
     7970 kB: B Services
                7970 kB: com.tianci.movieplatform:daemon (pid 21200)

Total PSS by category:
    60864 kB: Dalvik
    41080 kB: Dalvik Other
    36435 kB: Unknown
    12928 kB: .dex mmap
    12530 kB: .so mmap
    10034 kB: Other dev
     7952 kB: Native
     4760 kB: Ashmem
     2896 kB: Stack
     1460 kB: Other mmap
       16 kB: .ttf mmap
        0 kB: Cursor
        0 kB: .jar mmap
        0 kB: .apk mmap
        0 kB: code mmap
        0 kB: image mmap
        0 kB: Graphics
        0 kB: GL
        0 kB: Memtrack

Total RAM: 463128 kB
 Free RAM: 86556 kB (0 cached pss + 51744 cached + 34812 free)
 Used RAM: 214455 kB (190955 used pss + 352 buffers + 268 shmem + 22880 slab)
 Lost RAM: 162117 kB
     ZRAM: 44180 kB physical used for 93712 kB in swap (98300 kB total swap)
   Tuning: 48 (large 128), oom 108462 kB, restore limit 36154 kB (low-ram)
Applications Memory Usage (kB):
Uptime: 1674615 Realtime: 1674615

Total PSS by process:
    64848 kB: com.tianci.movieplatform (pid 16320 / activities)
    37700 kB: com.ccos.tv.homepage (pid 15834 / activities)
    14048 kB: system (pid 15637)
    10544 kB: com.tianci.system (pid 15820)
     9356 kB: com.tianci.de (pid 16137)
     8664 kB: com.coocaa.os.ccosservice (pid 16236)
     8580 kB: mediaserver (pid 15246)
     8394 kB: com.tianci.movieplatform:daemon (pid 21200)
     7659 kB: com.coocaa.sysreport (pid 17857)
     5567 kB: com.tianci.push (pid 15973)
     5492 kB: com.coocaa.os.softsettings.provider (pid 16039)
     2933 kB: com.dunn.instrument (pid 15811)
     1425 kB: com.tianci.ad (pid 16450)
     1029 kB: surfaceflinger (pid 741)
      820 kB: logcat (pid 15793)
      788 kB: zygote (pid 15244)
      729 kB: TvServer (pid 1116)
      384 kB: wpa_supplicant (pid 15706)
      346 kB: app_process (pid 15968)
      248 kB: netd (pid 15245)
      230 kB: /init (pid 1)
      200 kB: adbd (pid 1411)
      174 kB: sdcard (pid 754)
      108 kB: healthd (pid 732)
       78 kB: FileDesc_server (pid 749)
       72 kB: ueventd (pid 512)
       67 kB: vold (pid 735)
       63 kB: coocaa_guard (pid 751)
       50 kB: servicemanager (pid 734)
       48 kB: RootApp (pid 1088)
       40 kB: busybox (pid 1626)
       33 kB: logwrapper (pid 1048)
       24 kB: keypad (pid 738)
       24 kB: VirtualEvent (pid 1230)
        8 kB: drmserver (pid 744)
        8 kB: keystore (pid 748)
        4 kB: sh (pid 733)
        4 kB: hardwared (pid 736)
        4 kB: debuggerd (pid 740)
        4 kB: installd (pid 747)
        4 kB: smobsd (pid 1247)
        4 kB: dhcpcd (pid 15708)
        4 kB: sh (pid 15896)
        0 kB: dumpsys (pid 23916)

Total PSS by OOM adjustment:
    14179 kB: Native
                8580 kB: mediaserver (pid 15246)
                1029 kB: surfaceflinger (pid 741)
                 820 kB: logcat (pid 15793)
                 788 kB: zygote (pid 15244)
                 729 kB: TvServer (pid 1116)
                 384 kB: wpa_supplicant (pid 15706)
                 346 kB: app_process (pid 15968)
                 248 kB: netd (pid 15245)
                 230 kB: /init (pid 1)
                 200 kB: adbd (pid 1411)
                 174 kB: sdcard (pid 754)
                 108 kB: healthd (pid 732)
                  78 kB: FileDesc_server (pid 749)
                  72 kB: ueventd (pid 512)
                  67 kB: vold (pid 735)
                  63 kB: coocaa_guard (pid 751)
                  50 kB: servicemanager (pid 734)
                  48 kB: RootApp (pid 1088)
                  40 kB: busybox (pid 1626)
                  33 kB: logwrapper (pid 1048)
                  24 kB: keypad (pid 738)
                  24 kB: VirtualEvent (pid 1230)
                   8 kB: drmserver (pid 744)
                   8 kB: keystore (pid 748)
                   4 kB: sh (pid 733)
                   4 kB: hardwared (pid 736)
                   4 kB: debuggerd (pid 740)
                   4 kB: installd (pid 747)
                   4 kB: smobsd (pid 1247)
                   4 kB: dhcpcd (pid 15708)
                   4 kB: sh (pid 15896)
                   0 kB: dumpsys (pid 23916)
    14048 kB: System
               14048 kB: system (pid 15637)
     2933 kB: Persistent
                2933 kB: com.dunn.instrument (pid 15811)
    95807 kB: Foreground
               64848 kB: com.tianci.movieplatform (pid 16320 / activities)
               10544 kB: com.tianci.system (pid 15820)
                9356 kB: com.tianci.de (pid 16137)
                5567 kB: com.tianci.push (pid 15973)
                5492 kB: com.coocaa.os.softsettings.provider (pid 16039)
     8664 kB: Visible
                8664 kB: com.coocaa.os.ccosservice (pid 16236)
     9084 kB: A Services
                7659 kB: com.coocaa.sysreport (pid 17857)
                1425 kB: com.tianci.ad (pid 16450)
    37700 kB: Previous
               37700 kB: com.ccos.tv.homepage (pid 15834 / activities)
     8394 kB: B Services
                8394 kB: com.tianci.movieplatform:daemon (pid 21200)

Total PSS by category:
    60976 kB: Dalvik
    41284 kB: Dalvik Other
    36279 kB: Unknown
    13158 kB: .dex mmap
    12186 kB: .so mmap
    10118 kB: Other dev
     7948 kB: Native
     4500 kB: Ashmem
     2940 kB: Stack
     1404 kB: Other mmap
       16 kB: .ttf mmap
        0 kB: Cursor
        0 kB: .jar mmap
        0 kB: .apk mmap
        0 kB: code mmap
        0 kB: image mmap
        0 kB: Graphics
        0 kB: GL
        0 kB: Memtrack

Total RAM: 463128 kB
 Free RAM: 86336 kB (0 cached pss + 45844 cached + 40492 free)
 Used RAM: 214269 kB (190809 used pss + 312 buffers + 268 shmem + 22880 slab)
 Lost RAM: 162523 kB
     ZRAM: 44324 kB physical used for 93776 kB in swap (98300 kB total swap)
   Tuning: 48 (large 128), oom 108462 kB, restore limit 36154 kB (low-ram)
Applications Memory Usage (kB):
Uptime: 1677582 Realtime: 1677582

Total PSS by process:
    64504 kB: com.tianci.movieplatform (pid 16320 / activities)
    37548 kB: com.ccos.tv.homepage (pid 15834 / activities)
    14132 kB: system (pid 15637)
    10468 kB: com.tianci.system (pid 15820)
     9356 kB: com.tianci.de (pid 16137)
     8664 kB: com.coocaa.os.ccosservice (pid 16236)
     8588 kB: mediaserver (pid 15246)
     8394 kB: com.tianci.movieplatform:daemon (pid 21200)
     7659 kB: com.coocaa.sysreport (pid 17857)
     5567 kB: com.tianci.push (pid 15973)
     5492 kB: com.coocaa.os.softsettings.provider (pid 16039)
     2933 kB: com.dunn.instrument (pid 15811)
     1425 kB: com.tianci.ad (pid 16450)
     1029 kB: surfaceflinger (pid 741)
      820 kB: logcat (pid 15793)
      788 kB: zygote (pid 15244)
      729 kB: TvServer (pid 1116)
      434 kB: dumpsys (pid 24038)
      384 kB: wpa_supplicant (pid 15706)
      346 kB: app_process (pid 15968)
      248 kB: netd (pid 15245)
      230 kB: /init (pid 1)
      200 kB: adbd (pid 1411)
      174 kB: sdcard (pid 754)
      108 kB: healthd (pid 732)
       78 kB: FileDesc_server (pid 749)
       72 kB: ueventd (pid 512)
       67 kB: vold (pid 735)
       63 kB: coocaa_guard (pid 751)
       50 kB: servicemanager (pid 734)
       48 kB: RootApp (pid 1088)
       40 kB: busybox (pid 1626)
       33 kB: logwrapper (pid 1048)
       24 kB: keypad (pid 738)
       24 kB: VirtualEvent (pid 1230)
        8 kB: drmserver (pid 744)
        8 kB: keystore (pid 748)
        4 kB: sh (pid 733)
        4 kB: hardwared (pid 736)
        4 kB: debuggerd (pid 740)
        4 kB: installd (pid 747)
        4 kB: smobsd (pid 1247)
        4 kB: dhcpcd (pid 15708)
        4 kB: sh (pid 15896)

Total PSS by OOM adjustment:
    14621 kB: Native
                8588 kB: mediaserver (pid 15246)
                1029 kB: surfaceflinger (pid 741)
                 820 kB: logcat (pid 15793)
                 788 kB: zygote (pid 15244)
                 729 kB: TvServer (pid 1116)
                 434 kB: dumpsys (pid 24038)
                 384 kB: wpa_supplicant (pid 15706)
                 346 kB: app_process (pid 15968)
                 248 kB: netd (pid 15245)
                 230 kB: /init (pid 1)
                 200 kB: adbd (pid 1411)
                 174 kB: sdcard (pid 754)
                 108 kB: healthd (pid 732)
                  78 kB: FileDesc_server (pid 749)
                  72 kB: ueventd (pid 512)
                  67 kB: vold (pid 735)
                  63 kB: coocaa_guard (pid 751)
                  50 kB: servicemanager (pid 734)
                  48 kB: RootApp (pid 1088)
                  40 kB: busybox (pid 1626)
                  33 kB: logwrapper (pid 1048)
                  24 kB: keypad (pid 738)
                  24 kB: VirtualEvent (pid 1230)
                   8 kB: drmserver (pid 744)
                   8 kB: keystore (pid 748)
                   4 kB: sh (pid 733)
                   4 kB: hardwared (pid 736)
                   4 kB: debuggerd (pid 740)
                   4 kB: installd (pid 747)
                   4 kB: smobsd (pid 1247)
                   4 kB: dhcpcd (pid 15708)
                   4 kB: sh (pid 15896)
    14132 kB: System
               14132 kB: system (pid 15637)
     2933 kB: Persistent
                2933 kB: com.dunn.instrument (pid 15811)
    95387 kB: Foreground
               64504 kB: com.tianci.movieplatform (pid 16320 / activities)
               10468 kB: com.tianci.system (pid 15820)
                9356 kB: com.tianci.de (pid 16137)
                5567 kB: com.tianci.push (pid 15973)
                5492 kB: com.coocaa.os.softsettings.provider (pid 16039)
     8664 kB: Visible
                8664 kB: com.coocaa.os.ccosservice (pid 16236)
     9084 kB: A Services
                7659 kB: com.coocaa.sysreport (pid 17857)
                1425 kB: com.tianci.ad (pid 16450)
    37548 kB: Previous
               37548 kB: com.ccos.tv.homepage (pid 15834 / activities)
     8394 kB: B Services
                8394 kB: com.tianci.movieplatform:daemon (pid 21200)

Total PSS by category:
    61004 kB: Dalvik
    41068 kB: Dalvik Other
    36355 kB: Unknown
    13058 kB: .dex mmap
    12428 kB: .so mmap
    10030 kB: Other dev
     7960 kB: Native
     4500 kB: Ashmem
     2880 kB: Stack
     1464 kB: Other mmap
       16 kB: .ttf mmap
        0 kB: Cursor
        0 kB: .jar mmap
        0 kB: .apk mmap
        0 kB: code mmap
        0 kB: image mmap
        0 kB: Graphics
        0 kB: GL
        0 kB: Memtrack

Total RAM: 463128 kB
 Free RAM: 86108 kB (0 cached pss + 41788 cached + 44320 free)
 Used RAM: 214199 kB (190763 used pss + 292 buffers + 268 shmem + 22876 slab)
 Lost RAM: 162821 kB
     ZRAM: 44284 kB physical used for 93020 kB in swap (98300 kB total swap)
   Tuning: 48 (large 128), oom 108462 kB, restore limit 36154 kB (low-ram)
Applications Memory Usage (kB):
Uptime: 1680694 Realtime: 1680694

Total PSS by process:
    66630 kB: com.tianci.movieplatform (pid 16320 / activities)
    37510 kB: com.ccos.tv.homepage (pid 15834 / activities)
    14168 kB: system (pid 15637)
    10451 kB: com.tianci.system (pid 15820)
     9344 kB: com.tianci.de (pid 16137)
     8624 kB: com.coocaa.os.ccosservice (pid 16236)
     8588 kB: mediaserver (pid 15246)
     8383 kB: com.tianci.movieplatform:daemon (pid 21200)
     7653 kB: com.coocaa.sysreport (pid 17857)
     6965 kB: com.tianci.push (pid 15973)
     5474 kB: com.coocaa.os.softsettings.provider (pid 16039)
     2931 kB: com.dunn.instrument (pid 15811)
     1425 kB: com.tianci.ad (pid 16450)
     1029 kB: surfaceflinger (pid 741)
      820 kB: logcat (pid 15793)
      788 kB: zygote (pid 15244)
      729 kB: TvServer (pid 1116)
      384 kB: wpa_supplicant (pid 15706)
      346 kB: app_process (pid 15968)
      248 kB: netd (pid 15245)
      230 kB: /init (pid 1)
      200 kB: adbd (pid 1411)
      174 kB: sdcard (pid 754)
      108 kB: healthd (pid 732)
       78 kB: FileDesc_server (pid 749)
       72 kB: ueventd (pid 512)
       66 kB: vold (pid 735)
       63 kB: coocaa_guard (pid 751)
       49 kB: servicemanager (pid 734)
       48 kB: RootApp (pid 1088)
       40 kB: busybox (pid 1626)
       33 kB: logwrapper (pid 1048)
       24 kB: keypad (pid 738)
       24 kB: VirtualEvent (pid 1230)
        8 kB: drmserver (pid 744)
        8 kB: keystore (pid 748)
        4 kB: sh (pid 733)
        4 kB: hardwared (pid 736)
        4 kB: debuggerd (pid 740)
        4 kB: installd (pid 747)
        4 kB: smobsd (pid 1247)
        4 kB: dhcpcd (pid 15708)
        4 kB: sh (pid 15896)
        0 kB: dumpsys (pid 24038)

Total PSS by OOM adjustment:
    14185 kB: Native
                8588 kB: mediaserver (pid 15246)
                1029 kB: surfaceflinger (pid 741)
                 820 kB: logcat (pid 15793)
                 788 kB: zygote (pid 15244)
                 729 kB: TvServer (pid 1116)
                 384 kB: wpa_supplicant (pid 15706)
                 346 kB: app_process (pid 15968)
                 248 kB: netd (pid 15245)
                 230 kB: /init (pid 1)
                 200 kB: adbd (pid 1411)
                 174 kB: sdcard (pid 754)
                 108 kB: healthd (pid 732)
                  78 kB: FileDesc_server (pid 749)
                  72 kB: ueventd (pid 512)
                  66 kB: vold (pid 735)
                  63 kB: coocaa_guard (pid 751)
                  49 kB: servicemanager (pid 734)
                  48 kB: RootApp (pid 1088)
                  40 kB: busybox (pid 1626)
                  33 kB: logwrapper (pid 1048)
                  24 kB: keypad (pid 738)
                  24 kB: VirtualEvent (pid 1230)
                   8 kB: drmserver (pid 744)
                   8 kB: keystore (pid 748)
                   4 kB: sh (pid 733)
                   4 kB: hardwared (pid 736)
                   4 kB: debuggerd (pid 740)
                   4 kB: installd (pid 747)
                   4 kB: smobsd (pid 1247)
                   4 kB: dhcpcd (pid 15708)
                   4 kB: sh (pid 15896)
                   0 kB: dumpsys (pid 24038)
    14168 kB: System
               14168 kB: system (pid 15637)
     2931 kB: Persistent
                2931 kB: com.dunn.instrument (pid 15811)
    98864 kB: Foreground
               66630 kB: com.tianci.movieplatform (pid 16320 / activities)
               10451 kB: com.tianci.system (pid 15820)
                9344 kB: com.tianci.de (pid 16137)
                6965 kB: com.tianci.push (pid 15973)
                5474 kB: com.coocaa.os.softsettings.provider (pid 16039)
     8624 kB: Visible
                8624 kB: com.coocaa.os.ccosservice (pid 16236)
     9078 kB: A Services
                7653 kB: com.coocaa.sysreport (pid 17857)
                1425 kB: com.tianci.ad (pid 16450)
    37510 kB: Previous
               37510 kB: com.ccos.tv.homepage (pid 15834 / activities)
     8383 kB: B Services
                8383 kB: com.tianci.movieplatform:daemon (pid 21200)

Total PSS by category:
    61616 kB: Dalvik
    41643 kB: Dalvik Other
    37763 kB: Unknown
    13647 kB: .dex mmap
    12320 kB: .so mmap
    10026 kB: Other dev
     7960 kB: Native
     4500 kB: Ashmem
     2824 kB: Stack
     1428 kB: Other mmap
       16 kB: .ttf mmap
        0 kB: Cursor
        0 kB: .jar mmap
        0 kB: .apk mmap
        0 kB: code mmap
        0 kB: image mmap
        0 kB: Graphics
        0 kB: GL
        0 kB: Memtrack

Total RAM: 463128 kB
 Free RAM: 85244 kB (0 cached pss + 43460 cached + 41784 free)
 Used RAM: 217191 kB (193743 used pss + 372 buffers + 268 shmem + 22808 slab)
 Lost RAM: 160693 kB
     ZRAM: 43860 kB physical used for 92748 kB in swap (98300 kB total swap)
   Tuning: 48 (large 128), oom 108462 kB, restore limit 36154 kB (low-ram)
Applications Memory Usage (kB):
Uptime: 1683435 Realtime: 1683435

Total PSS by process:
    66283 kB: com.tianci.movieplatform (pid 16320 / activities)
    36586 kB: com.ccos.tv.homepage (pid 15834 / activities)
    14162 kB: system (pid 15637)
    10165 kB: com.tianci.system (pid 15820)
     9338 kB: com.tianci.de (pid 16137)
     8695 kB: com.coocaa.os.ccosservice (pid 16236)
     8596 kB: mediaserver (pid 15246)
     8201 kB: com.tianci.movieplatform:daemon (pid 21200)
     7650 kB: com.coocaa.sysreport (pid 17857)
     7447 kB: com.tianci.push (pid 15973)
     5471 kB: com.coocaa.os.softsettings.provider (pid 16039)
     2922 kB: com.dunn.instrument (pid 15811)
     1425 kB: com.tianci.ad (pid 16450)
     1033 kB: surfaceflinger (pid 741)
      820 kB: logcat (pid 15793)
      788 kB: zygote (pid 15244)
      729 kB: TvServer (pid 1116)
      384 kB: wpa_supplicant (pid 15706)
      351 kB: dumpsys (pid 24144)
      346 kB: app_process (pid 15968)
      247 kB: netd (pid 15245)
      230 kB: /init (pid 1)
      200 kB: adbd (pid 1411)
      174 kB: sdcard (pid 754)
      108 kB: healthd (pid 732)
       78 kB: FileDesc_server (pid 749)
       72 kB: ueventd (pid 512)
       67 kB: vold (pid 735)
       63 kB: coocaa_guard (pid 751)
       50 kB: servicemanager (pid 734)
       48 kB: RootApp (pid 1088)
       40 kB: busybox (pid 1626)
       33 kB: logwrapper (pid 1048)
       24 kB: keypad (pid 738)
       24 kB: VirtualEvent (pid 1230)
        8 kB: drmserver (pid 744)
        8 kB: keystore (pid 748)
        4 kB: sh (pid 733)
        4 kB: hardwared (pid 736)
        4 kB: debuggerd (pid 740)
        4 kB: installd (pid 747)
        4 kB: smobsd (pid 1247)
        4 kB: dhcpcd (pid 15708)
        4 kB: sh (pid 15896)
        0 kB: busybox (pid 24153)

Total PSS by OOM adjustment:
    14549 kB: Native
                8596 kB: mediaserver (pid 15246)
                1033 kB: surfaceflinger (pid 741)
                 820 kB: logcat (pid 15793)
                 788 kB: zygote (pid 15244)
                 729 kB: TvServer (pid 1116)
                 384 kB: wpa_supplicant (pid 15706)
                 351 kB: dumpsys (pid 24144)
                 346 kB: app_process (pid 15968)
                 247 kB: netd (pid 15245)
                 230 kB: /init (pid 1)
                 200 kB: adbd (pid 1411)
                 174 kB: sdcard (pid 754)
                 108 kB: healthd (pid 732)
                  78 kB: FileDesc_server (pid 749)
                  72 kB: ueventd (pid 512)
                  67 kB: vold (pid 735)
                  63 kB: coocaa_guard (pid 751)
                  50 kB: servicemanager (pid 734)
                  48 kB: RootApp (pid 1088)
                  40 kB: busybox (pid 1626)
                  33 kB: logwrapper (pid 1048)
                  24 kB: keypad (pid 738)
                  24 kB: VirtualEvent (pid 1230)
                   8 kB: drmserver (pid 744)
                   8 kB: keystore (pid 748)
                   4 kB: sh (pid 733)
                   4 kB: hardwared (pid 736)
                   4 kB: debuggerd (pid 740)
                   4 kB: installd (pid 747)
                   4 kB: smobsd (pid 1247)
                   4 kB: dhcpcd (pid 15708)
                   4 kB: sh (pid 15896)
                   0 kB: busybox (pid 24153)
    14162 kB: System
               14162 kB: system (pid 15637)
     2922 kB: Persistent
                2922 kB: com.dunn.instrument (pid 15811)
    98704 kB: Foreground
               66283 kB: com.tianci.movieplatform (pid 16320 / activities)
               10165 kB: com.tianci.system (pid 15820)
                9338 kB: com.tianci.de (pid 16137)
                7447 kB: com.tianci.push (pid 15973)
                5471 kB: com.coocaa.os.softsettings.provider (pid 16039)
     8695 kB: Visible
                8695 kB: com.coocaa.os.ccosservice (pid 16236)
     9075 kB: A Services
                7650 kB: com.coocaa.sysreport (pid 17857)
                1425 kB: com.tianci.ad (pid 16450)
    36586 kB: Previous
               36586 kB: com.ccos.tv.homepage (pid 15834 / activities)
     8201 kB: B Services
                8201 kB: com.tianci.movieplatform:daemon (pid 21200)

Total PSS by category:
    61372 kB: Dalvik
    41751 kB: Dalvik Other
    37427 kB: Unknown
    13370 kB: .dex mmap
    12186 kB: .so mmap
    10030 kB: Other dev
     7960 kB: Native
     4508 kB: Ashmem
     2816 kB: Stack
     1458 kB: Other mmap
       16 kB: .ttf mmap
        0 kB: Cursor
        0 kB: .jar mmap
        0 kB: .apk mmap
        0 kB: code mmap
        0 kB: image mmap
        0 kB: Graphics
        0 kB: GL
        0 kB: Memtrack

Total RAM: 463128 kB
 Free RAM: 85396 kB (0 cached pss + 33776 cached + 51620 free)
 Used RAM: 216398 kB (192894 used pss + 444 buffers + 280 shmem + 22780 slab)
 Lost RAM: 161334 kB
     ZRAM: 44064 kB physical used for 93620 kB in swap (98300 kB total swap)
   Tuning: 48 (large 128), oom 108462 kB, restore limit 36154 kB (low-ram)
Applications Memory Usage (kB):
Uptime: 1686291 Realtime: 1686291

Total PSS by process:
    65654 kB: com.tianci.movieplatform (pid 16320 / activities)
    36398 kB: com.ccos.tv.homepage (pid 15834 / activities)
    14234 kB: system (pid 15637)
    10109 kB: com.tianci.system (pid 15820)
     9342 kB: com.tianci.de (pid 16137)
     8639 kB: com.coocaa.os.ccosservice (pid 16236)
     8604 kB: mediaserver (pid 15246)
     8201 kB: com.tianci.movieplatform:daemon (pid 21200)
