Applications Memory Usage (kB):
Uptime: 1650163 Realtime: 1650163

Total PSS by process:
   266246 kB: com.tianci.movieplatform (pid 2682 / activities)
   170964 kB: com.coocaa.aigc.home (pid 17584 / activities)
    99310 kB: com.skyworth.angel.voice (pid 4455)
    86983 kB: system (pid 2235)
    65427 kB: com.android.systemui (pid 2472)
    54960 kB: com.tianci.de (pid 5093)
    52263 kB: com.skyworth.setting (pid 4686)
    50429 kB: com.tianci.system (pid 2544)
    37941 kB: com.coocaa.os.ccosservice (pid 2975)
    32175 kB: com.tianci.push (pid 3139)
    27794 kB: com.coocaa.sysreport (pid 19819)
    27768 kB: app_process (pid 5501)
    20972 kB: zygote64 (pid 1619)
    20875 kB: com.coocaa.os.softsettings.provider (pid 2906)
    17685 kB: mediaserver (pid 1605)
    17367 kB: com.bajintech.karaok (pid 2453)
    16566 kB: logd (pid 1595)
    13754 kB: zygote (pid 1620)
    12464 kB: com.android.bluetooth (pid 3613)
    12239 kB: com.skyworth.dtv (pid 3842)
     9961 kB: surfaceflinger (pid 1600)
     9219 kB: android.process.media (pid 2511)
     8597 kB: com.skyworth.android.skyRMService (pid 2642)
     6658 kB: com.hisilicon.android.hiRMService (pid 2624)
     6585 kB: com.android.managedprovisioning (pid 3809)
     6406 kB: com.android.defcontainer (pid 2781)
     6349 kB: com.android.externalstorage (pid 2592)
     5938 kB: tvserver (pid 1613)
     5657 kB: displaysetting (pid 1612)
     4706 kB: com.coocaa.messageprovider (pid 5440)
     4264 kB: hiaoservice (pid 1608)
     3476 kB: hisysmanager (pid 1609)
     2619 kB: wpa_supplicant (pid 2846)
     2233 kB: stbserver (pid 1746)
     2065 kB: drmserver (pid 1604)
     1549 kB: vold (pid 1599)
     1250 kB: keystore (pid 1607)
     1129 kB: busybox (pid 20393)
     1117 kB: netd (pid 1601)
     1110 kB: android_ir_user (pid 1622)
     1097 kB: VirtualEvent (pid 2025)
      887 kB: hikaraokeservice (pid 1610)
      861 kB: dtvloaderserver (pid 1614)
      813 kB: /init (pid 1)
      813 kB: debuggerd64 (pid 1603)
      803 kB: virtualkeypad (pid 1615)
      724 kB: adbd (pid 3555)
      608 kB: netshared (pid 1611)
      600 kB: dhcpcd (pid 5002)
      584 kB: lmkd (pid 1597)
      580 kB: healthd (pid 1596)
      519 kB: dumpsys (pid 20380)
      468 kB: ueventd (pid 1107)
      460 kB: coocaa_guard (pid 1617)
      444 kB: logcat (pid 1830)
      440 kB: teecd (pid 1623)
      387 kB: sh (pid 1638)
      385 kB: sh (pid 15480)
      370 kB: installd (pid 1606)
      359 kB: sh (pid 1757)
      356 kB: sh (pid 1754)
      351 kB: debuggerd (pid 1602)
      351 kB: sh (pid 5499)
      341 kB: sh (pid 1642)
      331 kB: servicemanager (pid 1598)
      309 kB: sh (pid 1813)
      267 kB: hidrawd (pid 1618)
      236 kB: smobsd (pid 2029)

Total PSS by OOM adjustment:
   153857 kB: Native
               27768 kB: app_process (pid 5501)
               20972 kB: zygote64 (pid 1619)
               17685 kB: mediaserver (pid 1605)
               16566 kB: logd (pid 1595)
               13754 kB: zygote (pid 1620)
                9961 kB: surfaceflinger (pid 1600)
                5938 kB: tvserver (pid 1613)
                5657 kB: displaysetting (pid 1612)
                4264 kB: hiaoservice (pid 1608)
                3476 kB: hisysmanager (pid 1609)
                2619 kB: wpa_supplicant (pid 2846)
                2233 kB: stbserver (pid 1746)
                2065 kB: drmserver (pid 1604)
                1549 kB: vold (pid 1599)
                1250 kB: keystore (pid 1607)
                1129 kB: busybox (pid 20393)
                1117 kB: netd (pid 1601)
                1110 kB: android_ir_user (pid 1622)
                1097 kB: VirtualEvent (pid 2025)
                 887 kB: hikaraokeservice (pid 1610)
                 861 kB: dtvloaderserver (pid 1614)
                 813 kB: /init (pid 1)
                 813 kB: debuggerd64 (pid 1603)
                 803 kB: virtualkeypad (pid 1615)
                 724 kB: adbd (pid 3555)
                 608 kB: netshared (pid 1611)
                 600 kB: dhcpcd (pid 5002)
                 584 kB: lmkd (pid 1597)
                 580 kB: healthd (pid 1596)
                 519 kB: dumpsys (pid 20380)
                 468 kB: ueventd (pid 1107)
                 460 kB: coocaa_guard (pid 1617)
                 444 kB: logcat (pid 1830)
                 440 kB: teecd (pid 1623)
                 387 kB: sh (pid 1638)
                 385 kB: sh (pid 15480)
                 370 kB: installd (pid 1606)
                 359 kB: sh (pid 1757)
                 356 kB: sh (pid 1754)
                 351 kB: debuggerd (pid 1602)
                 351 kB: sh (pid 5499)
                 341 kB: sh (pid 1642)
                 331 kB: servicemanager (pid 1598)
                 309 kB: sh (pid 1813)
                 267 kB: hidrawd (pid 1618)
                 236 kB: smobsd (pid 2029)
    86983 kB: System
               86983 kB: system (pid 2235)
    80682 kB: Persistent
               65427 kB: com.android.systemui (pid 2472)
                8597 kB: com.skyworth.android.skyRMService (pid 2642)
                6658 kB: com.hisilicon.android.hiRMService (pid 2624)
    12464 kB: Persistent Service
               12464 kB: com.android.bluetooth (pid 3613)
   722753 kB: Foreground
              266246 kB: com.tianci.movieplatform (pid 2682 / activities)
              170964 kB: com.coocaa.aigc.home (pid 17584 / activities)
               99310 kB: com.skyworth.angel.voice (pid 4455)
               54960 kB: com.tianci.de (pid 5093)
               50429 kB: com.tianci.system (pid 2544)
               32175 kB: com.tianci.push (pid 3139)
               27794 kB: com.coocaa.sysreport (pid 19819)
               20875 kB: com.coocaa.os.softsettings.provider (pid 2906)
    37941 kB: Visible
               37941 kB: com.coocaa.os.ccosservice (pid 2975)
    17367 kB: A Services
               17367 kB: com.bajintech.karaok (pid 2453)
    12239 kB: B Services
               12239 kB: com.skyworth.dtv (pid 3842)
    85528 kB: Cached
               52263 kB: com.skyworth.setting (pid 4686)
                9219 kB: android.process.media (pid 2511)
                6585 kB: com.android.managedprovisioning (pid 3809)
                6406 kB: com.android.defcontainer (pid 2781)
                6349 kB: com.android.externalstorage (pid 2592)
                4706 kB: com.coocaa.messageprovider (pid 5440)

Total PSS by category:
   377612 kB: .dex mmap
   329356 kB: Dalvik
   170412 kB: Native
   126835 kB: .so mmap
    84605 kB: .oat mmap
    37970 kB: .art mmap
    23312 kB: Other mmap
    19058 kB: Dalvik Other
    12230 kB: .apk mmap
    10433 kB: .ttf mmap
    10272 kB: Stack
     7297 kB: Unknown
      270 kB: Other dev
      128 kB: Ashmem
       20 kB: .jar mmap
        4 kB: Cursor
        0 kB: Gfx dev
        0 kB: EGL mtrack
        0 kB: GL mtrack
        0 kB: Other mtrack

Total RAM: 1880788 kB (status moderate)
 Free RAM: 359548 kB (85528 cached pss + 82420 cached kernel + 191600 free)
 Used RAM: 2103386 kB (1124286 used pss + 979100 kernel)
 Lost RAM: -582146 kB
   Tuning: 192 (large 384), oom 65536 kB, restore limit 21845 kB (high-end-gfx)
Applications Memory Usage (kB):
Uptime: 1654418 Realtime: 1654418

Total PSS by process:
   266569 kB: com.tianci.movieplatform (pid 2682 / activities)
   174132 kB: com.coocaa.aigc.home (pid 17584 / activities)
    99621 kB: com.skyworth.angel.voice (pid 4455)
    87179 kB: system (pid 2235)
    65427 kB: com.android.systemui (pid 2472)
    54976 kB: com.tianci.de (pid 5093)
    52263 kB: com.skyworth.setting (pid 4686)
    50429 kB: com.tianci.system (pid 2544)
    38251 kB: com.coocaa.os.ccosservice (pid 2975)
    32177 kB: com.tianci.push (pid 3139)
    28722 kB: com.coocaa.sysreport (pid 19819)
    27813 kB: app_process (pid 5501)
    20972 kB: zygote64 (pid 1619)
    20875 kB: com.coocaa.os.softsettings.provider (pid 2906)
    17685 kB: mediaserver (pid 1605)
    17407 kB: com.bajintech.karaok (pid 2453)
    16571 kB: logd (pid 1595)
    13754 kB: zygote (pid 1620)
    12464 kB: com.android.bluetooth (pid 3613)
    12275 kB: com.skyworth.dtv (pid 3842)
     9940 kB: surfaceflinger (pid 1600)
     9218 kB: android.process.media (pid 2511)
     8597 kB: com.skyworth.android.skyRMService (pid 2642)
     6658 kB: com.hisilicon.android.hiRMService (pid 2624)
     6585 kB: com.android.managedprovisioning (pid 3809)
     6408 kB: com.android.defcontainer (pid 2781)
     6349 kB: com.android.externalstorage (pid 2592)
     5938 kB: tvserver (pid 1613)
     5649 kB: displaysetting (pid 1612)
     4706 kB: com.coocaa.messageprovider (pid 5440)
     4264 kB: hiaoservice (pid 1608)
     3476 kB: hisysmanager (pid 1609)
     2622 kB: wpa_supplicant (pid 2846)
     2233 kB: stbserver (pid 1746)
     2065 kB: drmserver (pid 1604)
     1548 kB: vold (pid 1599)
     1239 kB: keystore (pid 1607)
     1117 kB: netd (pid 1601)
     1110 kB: android_ir_user (pid 1622)
     1097 kB: VirtualEvent (pid 2025)
      887 kB: hikaraokeservice (pid 1610)
      861 kB: dtvloaderserver (pid 1614)
      813 kB: /init (pid 1)
      812 kB: debuggerd64 (pid 1603)
      803 kB: virtualkeypad (pid 1615)
      724 kB: adbd (pid 3555)
      608 kB: netshared (pid 1611)
      600 kB: dhcpcd (pid 5002)
      584 kB: lmkd (pid 1597)
      580 kB: healthd (pid 1596)
      468 kB: ueventd (pid 1107)
      460 kB: coocaa_guard (pid 1617)
      444 kB: logcat (pid 1830)
      440 kB: teecd (pid 1623)
      387 kB: sh (pid 1638)
      385 kB: sh (pid 15480)
      368 kB: installd (pid 1606)
      359 kB: sh (pid 1757)
      356 kB: sh (pid 1754)
      351 kB: debuggerd (pid 1602)
      351 kB: sh (pid 5499)
      341 kB: sh (pid 1642)
      331 kB: servicemanager (pid 1598)
      310 kB: sh (pid 1813)
      267 kB: hidrawd (pid 1618)
      236 kB: smobsd (pid 2029)
        0 kB: dumpsys (pid 20380)
        0 kB: busybox (pid 20393)

Total PSS by OOM adjustment:
   152219 kB: Native
               27813 kB: app_process (pid 5501)
               20972 kB: zygote64 (pid 1619)
               17685 kB: mediaserver (pid 1605)
               16571 kB: logd (pid 1595)
               13754 kB: zygote (pid 1620)
                9940 kB: surfaceflinger (pid 1600)
                5938 kB: tvserver (pid 1613)
                5649 kB: displaysetting (pid 1612)
                4264 kB: hiaoservice (pid 1608)
                3476 kB: hisysmanager (pid 1609)
                2622 kB: wpa_supplicant (pid 2846)
                2233 kB: stbserver (pid 1746)
                2065 kB: drmserver (pid 1604)
                1548 kB: vold (pid 1599)
                1239 kB: keystore (pid 1607)
                1117 kB: netd (pid 1601)
                1110 kB: android_ir_user (pid 1622)
                1097 kB: VirtualEvent (pid 2025)
                 887 kB: hikaraokeservice (pid 1610)
                 861 kB: dtvloaderserver (pid 1614)
                 813 kB: /init (pid 1)
                 812 kB: debuggerd64 (pid 1603)
                 803 kB: virtualkeypad (pid 1615)
                 724 kB: adbd (pid 3555)
                 608 kB: netshared (pid 1611)
                 600 kB: dhcpcd (pid 5002)
                 584 kB: lmkd (pid 1597)
                 580 kB: healthd (pid 1596)
                 468 kB: ueventd (pid 1107)
                 460 kB: coocaa_guard (pid 1617)
                 444 kB: logcat (pid 1830)
                 440 kB: teecd (pid 1623)
                 387 kB: sh (pid 1638)
                 385 kB: sh (pid 15480)
                 368 kB: installd (pid 1606)
                 359 kB: sh (pid 1757)
                 356 kB: sh (pid 1754)
                 351 kB: debuggerd (pid 1602)
                 351 kB: sh (pid 5499)
                 341 kB: sh (pid 1642)
                 331 kB: servicemanager (pid 1598)
                 310 kB: sh (pid 1813)
                 267 kB: hidrawd (pid 1618)
                 236 kB: smobsd (pid 2029)
                   0 kB: dumpsys (pid 20380)
                   0 kB: busybox (pid 20393)
    87179 kB: System
               87179 kB: system (pid 2235)
    80682 kB: Persistent
               65427 kB: com.android.systemui (pid 2472)
                8597 kB: com.skyworth.android.skyRMService (pid 2642)
                6658 kB: com.hisilicon.android.hiRMService (pid 2624)
    12464 kB: Persistent Service
               12464 kB: com.android.bluetooth (pid 3613)
   698779 kB: Foreground
              266569 kB: com.tianci.movieplatform (pid 2682 / activities)
              174132 kB: com.coocaa.aigc.home (pid 17584 / activities)
               99621 kB: com.skyworth.angel.voice (pid 4455)
               54976 kB: com.tianci.de (pid 5093)
               50429 kB: com.tianci.system (pid 2544)
               32177 kB: com.tianci.push (pid 3139)
               20875 kB: com.coocaa.os.softsettings.provider (pid 2906)
    38251 kB: Visible
               38251 kB: com.coocaa.os.ccosservice (pid 2975)
    17407 kB: A Services
               17407 kB: com.bajintech.karaok (pid 2453)
    12275 kB: B Services
               12275 kB: com.skyworth.dtv (pid 3842)
   114251 kB: Cached
               52263 kB: com.skyworth.setting (pid 4686)
               28722 kB: com.coocaa.sysreport (pid 19819)
                9218 kB: android.process.media (pid 2511)
                6585 kB: com.android.managedprovisioning (pid 3809)
                6408 kB: com.android.defcontainer (pid 2781)
                6349 kB: com.android.externalstorage (pid 2592)
                4706 kB: com.coocaa.messageprovider (pid 5440)

Total PSS by category:
   377612 kB: .dex mmap
   332917 kB: Dalvik
   170853 kB: Native
   126674 kB: .so mmap
    85367 kB: .oat mmap
    38154 kB: .art mmap
    22231 kB: Other mmap
    19130 kB: Dalvik Other
    12238 kB: .apk mmap
    10433 kB: .ttf mmap
    10252 kB: Stack
     7225 kB: Unknown
      269 kB: Other dev
      128 kB: Ashmem
       20 kB: .jar mmap
        4 kB: Cursor
        0 kB: Gfx dev
        0 kB: EGL mtrack
        0 kB: GL mtrack
        0 kB: Other mtrack

Total RAM: 1880788 kB (status moderate)
 Free RAM: 386775 kB (114251 cached pss + 82816 cached kernel + 189708 free)
 Used RAM: 2078336 kB (1099256 used pss + 979080 kernel)
 Lost RAM: -584323 kB
   Tuning: 192 (large 384), oom 65536 kB, restore limit 21845 kB (high-end-gfx)
Applications Memory Usage (kB):
Uptime: 1658525 Realtime: 1658525

Total PSS by process:
   266637 kB: com.tianci.movieplatform (pid 2682 / activities)
   171532 kB: com.coocaa.aigc.home (pid 17584 / activities)
    99478 kB: com.skyworth.angel.voice (pid 4455)
    87087 kB: system (pid 2235)
    65427 kB: com.android.systemui (pid 2472)
    54988 kB: com.tianci.de (pid 5093)
    52263 kB: com.skyworth.setting (pid 4686)
    50429 kB: com.tianci.system (pid 2544)
    38251 kB: com.coocaa.os.ccosservice (pid 2975)
    32177 kB: com.tianci.push (pid 3139)
    28738 kB: com.coocaa.sysreport (pid 19819)
    27852 kB: app_process (pid 5501)
    20972 kB: zygote64 (pid 1619)
    20875 kB: com.coocaa.os.softsettings.provider (pid 2906)
    17685 kB: mediaserver (pid 1605)
    17407 kB: com.bajintech.karaok (pid 2453)
    16571 kB: logd (pid 1595)
    13754 kB: zygote (pid 1620)
    12464 kB: com.android.bluetooth (pid 3613)
    12327 kB: com.skyworth.dtv (pid 3842)
     9969 kB: surfaceflinger (pid 1600)
     9218 kB: android.process.media (pid 2511)
     8601 kB: com.skyworth.android.skyRMService (pid 2642)
     6658 kB: com.hisilicon.android.hiRMService (pid 2624)
     6585 kB: com.android.managedprovisioning (pid 3809)
     6408 kB: com.android.defcontainer (pid 2781)
     6349 kB: com.android.externalstorage (pid 2592)
     5938 kB: tvserver (pid 1613)
     5657 kB: displaysetting (pid 1612)
     4706 kB: com.coocaa.messageprovider (pid 5440)
     4264 kB: hiaoservice (pid 1608)
     3476 kB: hisysmanager (pid 1609)
     2623 kB: wpa_supplicant (pid 2846)
     2233 kB: stbserver (pid 1746)
     2065 kB: drmserver (pid 1604)
     1551 kB: vold (pid 1599)
     1250 kB: keystore (pid 1607)
     1121 kB: netd (pid 1601)
     1110 kB: android_ir_user (pid 1622)
     1097 kB: VirtualEvent (pid 2025)
      887 kB: hikaraokeservice (pid 1610)
      861 kB: dtvloaderserver (pid 1614)
      816 kB: debuggerd64 (pid 1603)
      813 kB: /init (pid 1)
      803 kB: virtualkeypad (pid 1615)
      724 kB: adbd (pid 3555)
      608 kB: netshared (pid 1611)
      600 kB: dhcpcd (pid 5002)
      584 kB: lmkd (pid 1597)
      580 kB: healthd (pid 1596)
      512 kB: dumpsys (pid 20537)
      468 kB: ueventd (pid 1107)
      460 kB: coocaa_guard (pid 1617)
      443 kB: logcat (pid 1830)
      440 kB: teecd (pid 1623)
      387 kB: sh (pid 1638)
      385 kB: sh (pid 15480)
      370 kB: installd (pid 1606)
      359 kB: sh (pid 1757)
      355 kB: sh (pid 1754)
      351 kB: debuggerd (pid 1602)
      351 kB: sh (pid 5499)
      341 kB: sh (pid 1642)
      331 kB: servicemanager (pid 1598)
      310 kB: sh (pid 1813)
      267 kB: hidrawd (pid 1618)
      236 kB: smobsd (pid 2029)

Total PSS by OOM adjustment:
   152830 kB: Native
               27852 kB: app_process (pid 5501)
               20972 kB: zygote64 (pid 1619)
               17685 kB: mediaserver (pid 1605)
               16571 kB: logd (pid 1595)
               13754 kB: zygote (pid 1620)
                9969 kB: surfaceflinger (pid 1600)
                5938 kB: tvserver (pid 1613)
                5657 kB: displaysetting (pid 1612)
                4264 kB: hiaoservice (pid 1608)
                3476 kB: hisysmanager (pid 1609)
                2623 kB: wpa_supplicant (pid 2846)
                2233 kB: stbserver (pid 1746)
                2065 kB: drmserver (pid 1604)
                1551 kB: vold (pid 1599)
                1250 kB: keystore (pid 1607)
                1121 kB: netd (pid 1601)
                1110 kB: android_ir_user (pid 1622)
                1097 kB: VirtualEvent (pid 2025)
                 887 kB: hikaraokeservice (pid 1610)
                 861 kB: dtvloaderserver (pid 1614)
                 816 kB: debuggerd64 (pid 1603)
                 813 kB: /init (pid 1)
                 803 kB: virtualkeypad (pid 1615)
                 724 kB: adbd (pid 3555)
                 608 kB: netshared (pid 1611)
                 600 kB: dhcpcd (pid 5002)
                 584 kB: lmkd (pid 1597)
                 580 kB: healthd (pid 1596)
                 512 kB: dumpsys (pid 20537)
                 468 kB: ueventd (pid 1107)
                 460 kB: coocaa_guard (pid 1617)
                 443 kB: logcat (pid 1830)
                 440 kB: teecd (pid 1623)
                 387 kB: sh (pid 1638)
                 385 kB: sh (pid 15480)
                 370 kB: installd (pid 1606)
                 359 kB: sh (pid 1757)
                 355 kB: sh (pid 1754)
                 351 kB: debuggerd (pid 1602)
                 351 kB: sh (pid 5499)
                 341 kB: sh (pid 1642)
                 331 kB: servicemanager (pid 1598)
                 310 kB: sh (pid 1813)
                 267 kB: hidrawd (pid 1618)
                 236 kB: smobsd (pid 2029)
    87087 kB: System
               87087 kB: system (pid 2235)
    80686 kB: Persistent
               65427 kB: com.android.systemui (pid 2472)
                8601 kB: com.skyworth.android.skyRMService (pid 2642)
                6658 kB: com.hisilicon.android.hiRMService (pid 2624)
    12464 kB: Persistent Service
               12464 kB: com.android.bluetooth (pid 3613)
   696116 kB: Foreground
              266637 kB: com.tianci.movieplatform (pid 2682 / activities)
              171532 kB: com.coocaa.aigc.home (pid 17584 / activities)
               99478 kB: com.skyworth.angel.voice (pid 4455)
               54988 kB: com.tianci.de (pid 5093)
               50429 kB: com.tianci.system (pid 2544)
               32177 kB: com.tianci.push (pid 3139)
               20875 kB: com.coocaa.os.softsettings.provider (pid 2906)
    38251 kB: Visible
               38251 kB: com.coocaa.os.ccosservice (pid 2975)
    17407 kB: A Services
               17407 kB: com.bajintech.karaok (pid 2453)
    12327 kB: B Services
               12327 kB: com.skyworth.dtv (pid 3842)
   114267 kB: Cached
               52263 kB: com.skyworth.setting (pid 4686)
               28738 kB: com.coocaa.sysreport (pid 19819)
                9218 kB: android.process.media (pid 2511)
                6585 kB: com.android.managedprovisioning (pid 3809)
                6408 kB: com.android.defcontainer (pid 2781)
                6349 kB: com.android.externalstorage (pid 2592)
                4706 kB: com.coocaa.messageprovider (pid 5440)

Total PSS by category:
   377612 kB: .dex mmap
   330577 kB: Dalvik
   170874 kB: Native
   126979 kB: .so mmap
    85367 kB: .oat mmap
    38154 kB: .art mmap
    22256 kB: Other mmap
    19006 kB: Dalvik Other
    12238 kB: .apk mmap
    10433 kB: .ttf mmap
    10232 kB: Stack
     7281 kB: Unknown
      274 kB: Other dev
      128 kB: Ashmem
       20 kB: .jar mmap
        4 kB: Cursor
        0 kB: Gfx dev
        0 kB: EGL mtrack
        0 kB: GL mtrack
        0 kB: Other mtrack

Total RAM: 1880788 kB (status moderate)
 Free RAM: 389355 kB (114267 cached pss + 85564 cached kernel + 189524 free)
 Used RAM: 2076264 kB (1097168 used pss + 979096 kernel)
 Lost RAM: -584831 kB
   Tuning: 192 (large 384), oom 65536 kB, restore limit 21845 kB (high-end-gfx)
Applications Memory Usage (kB):
Uptime: 1662741 Realtime: 1662741

Total PSS by process:
   266397 kB: com.tianci.movieplatform (pid 2682 / activities)
   175168 kB: com.coocaa.aigc.home (pid 17584 / activities)
    99654 kB: com.skyworth.angel.voice (pid 4455)
    87582 kB: system (pid 2235)
    65426 kB: com.android.systemui (pid 2472)
    55008 kB: com.tianci.de (pid 5093)
    52263 kB: com.skyworth.setting (pid 4686)
    50429 kB: com.tianci.system (pid 2544)
    38251 kB: com.coocaa.os.ccosservice (pid 2975)
    32177 kB: com.tianci.push (pid 3139)
    28656 kB: com.coocaa.sysreport (pid 19819)
    27976 kB: app_process (pid 5501)
    20970 kB: zygote64 (pid 1619)
    20875 kB: com.coocaa.os.softsettings.provider (pid 2906)
    17685 kB: mediaserver (pid 1605)
    17407 kB: com.bajintech.karaok (pid 2453)
    16579 kB: logd (pid 1595)
    13754 kB: zygote (pid 1620)
    12464 kB: com.android.bluetooth (pid 3613)
    12359 kB: com.skyworth.dtv (pid 3842)
     9992 kB: surfaceflinger (pid 1600)
     9217 kB: android.process.media (pid 2511)
     8601 kB: com.skyworth.android.skyRMService (pid 2642)
     6658 kB: com.hisilicon.android.hiRMService (pid 2624)
     6585 kB: com.android.managedprovisioning (pid 3809)
     6407 kB: com.android.defcontainer (pid 2781)
     6349 kB: com.android.externalstorage (pid 2592)
     5938 kB: tvserver (pid 1613)
     5657 kB: displaysetting (pid 1612)
     4706 kB: com.coocaa.messageprovider (pid 5440)
     4264 kB: hiaoservice (pid 1608)
     3476 kB: hisysmanager (pid 1609)
     2622 kB: wpa_supplicant (pid 2846)
     2233 kB: stbserver (pid 1746)
     2065 kB: drmserver (pid 1604)
     1549 kB: vold (pid 1599)
     1247 kB: keystore (pid 1607)
     1121 kB: netd (pid 1601)
     1110 kB: android_ir_user (pid 1622)
     1097 kB: VirtualEvent (pid 2025)
      887 kB: hikaraokeservice (pid 1610)
      861 kB: dtvloaderserver (pid 1614)
      813 kB: /init (pid 1)
      813 kB: debuggerd64 (pid 1603)
      803 kB: virtualkeypad (pid 1615)
      724 kB: adbd (pid 3555)
      608 kB: netshared (pid 1611)
      600 kB: dhcpcd (pid 5002)
      584 kB: lmkd (pid 1597)
      580 kB: healthd (pid 1596)
      468 kB: ueventd (pid 1107)
      460 kB: coocaa_guard (pid 1617)
      444 kB: logcat (pid 1830)
      440 kB: teecd (pid 1623)
      387 kB: sh (pid 1638)
      385 kB: sh (pid 15480)
      371 kB: installd (pid 1606)
      359 kB: sh (pid 1757)
      356 kB: sh (pid 1754)
      351 kB: debuggerd (pid 1602)
      351 kB: sh (pid 5499)
      341 kB: sh (pid 1642)
      331 kB: servicemanager (pid 1598)
      310 kB: sh (pid 1813)
      267 kB: hidrawd (pid 1618)
      236 kB: smobsd (pid 2029)
        0 kB: dumpsys (pid 20537)

Total PSS by OOM adjustment:
   152465 kB: Native
               27976 kB: app_process (pid 5501)
               20970 kB: zygote64 (pid 1619)
               17685 kB: mediaserver (pid 1605)
               16579 kB: logd (pid 1595)
               13754 kB: zygote (pid 1620)
                9992 kB: surfaceflinger (pid 1600)
                5938 kB: tvserver (pid 1613)
                5657 kB: displaysetting (pid 1612)
                4264 kB: hiaoservice (pid 1608)
                3476 kB: hisysmanager (pid 1609)
                2622 kB: wpa_supplicant (pid 2846)
                2233 kB: stbserver (pid 1746)
                2065 kB: drmserver (pid 1604)
                1549 kB: vold (pid 1599)
                1247 kB: keystore (pid 1607)
                1121 kB: netd (pid 1601)
                1110 kB: android_ir_user (pid 1622)
                1097 kB: VirtualEvent (pid 2025)
                 887 kB: hikaraokeservice (pid 1610)
                 861 kB: dtvloaderserver (pid 1614)
                 813 kB: /init (pid 1)
                 813 kB: debuggerd64 (pid 1603)
                 803 kB: virtualkeypad (pid 1615)
                 724 kB: adbd (pid 3555)
                 608 kB: netshared (pid 1611)
                 600 kB: dhcpcd (pid 5002)
                 584 kB: lmkd (pid 1597)
                 580 kB: healthd (pid 1596)
                 468 kB: ueventd (pid 1107)
                 460 kB: coocaa_guard (pid 1617)
                 444 kB: logcat (pid 1830)
                 440 kB: teecd (pid 1623)
                 387 kB: sh (pid 1638)
                 385 kB: sh (pid 15480)
                 371 kB: installd (pid 1606)
                 359 kB: sh (pid 1757)
                 356 kB: sh (pid 1754)
                 351 kB: debuggerd (pid 1602)
                 351 kB: sh (pid 5499)
                 341 kB: sh (pid 1642)
                 331 kB: servicemanager (pid 1598)
                 310 kB: sh (pid 1813)
                 267 kB: hidrawd (pid 1618)
                 236 kB: smobsd (pid 2029)
                   0 kB: dumpsys (pid 20537)
    87582 kB: System
               87582 kB: system (pid 2235)
    80685 kB: Persistent
               65426 kB: com.android.systemui (pid 2472)
                8601 kB: com.skyworth.android.skyRMService (pid 2642)
                6658 kB: com.hisilicon.android.hiRMService (pid 2624)
    12464 kB: Persistent Service
               12464 kB: com.android.bluetooth (pid 3613)
   699708 kB: Foreground
              266397 kB: com.tianci.movieplatform (pid 2682 / activities)
              175168 kB: com.coocaa.aigc.home (pid 17584 / activities)
               99654 kB: com.skyworth.angel.voice (pid 4455)
               55008 kB: com.tianci.de (pid 5093)
               50429 kB: com.tianci.system (pid 2544)
               32177 kB: com.tianci.push (pid 3139)
               20875 kB: com.coocaa.os.softsettings.provider (pid 2906)
    38251 kB: Visible
               38251 kB: com.coocaa.os.ccosservice (pid 2975)
    17407 kB: A Services
               17407 kB: com.bajintech.karaok (pid 2453)
    12359 kB: B Services
               12359 kB: com.skyworth.dtv (pid 3842)
   114183 kB: Cached
               52263 kB: com.skyworth.setting (pid 4686)
               28656 kB: com.coocaa.sysreport (pid 19819)
                9217 kB: android.process.media (pid 2511)
                6585 kB: com.android.managedprovisioning (pid 3809)
                6407 kB: com.android.defcontainer (pid 2781)
                6349 kB: com.android.externalstorage (pid 2592)
                4706 kB: com.coocaa.messageprovider (pid 5440)

Total PSS by category:
   377616 kB: .dex mmap
   334073 kB: Dalvik
   171258 kB: Native
   126694 kB: .so mmap
    85355 kB: .oat mmap
    38154 kB: .art mmap
    22199 kB: Other mmap
    19234 kB: Dalvik Other
    12238 kB: .apk mmap
    10433 kB: .ttf mmap
    10204 kB: Stack
     7225 kB: Unknown
      269 kB: Other dev
      128 kB: Ashmem
       20 kB: .jar mmap
        4 kB: Cursor
        0 kB: Gfx dev
        0 kB: EGL mtrack
        0 kB: GL mtrack
        0 kB: Other mtrack

Total RAM: 1880788 kB (status moderate)
 Free RAM: 386191 kB (114183 cached pss + 88204 cached kernel + 183804 free)
 Used RAM: 2079981 kB (1100921 used pss + 979060 kernel)
 Lost RAM: -585384 kB
   Tuning: 192 (large 384), oom 65536 kB, restore limit 21845 kB (high-end-gfx)
Applications Memory Usage (kB):
Uptime: 1667012 Realtime: 1667012

Total PSS by process:
   265996 kB: com.tianci.movieplatform (pid 2682 / activities)
   171572 kB: com.coocaa.aigc.home (pid 17584 / activities)
    99654 kB: com.skyworth.angel.voice (pid 4455)
    87394 kB: system (pid 2235)
    65424 kB: com.android.systemui (pid 2472)
    55028 kB: com.tianci.de (pid 5093)
    52263 kB: com.skyworth.setting (pid 4686)
    50429 kB: com.tianci.system (pid 2544)
    38251 kB: com.coocaa.os.ccosservice (pid 2975)
    32172 kB: com.tianci.push (pid 3139)
    28728 kB: com.coocaa.sysreport (pid 19819)
    28062 kB: app_process (pid 5501)
    20971 kB: zygote64 (pid 1619)
    20875 kB: com.coocaa.os.softsettings.provider (pid 2906)
    17685 kB: mediaserver (pid 1605)
    17407 kB: com.bajintech.karaok (pid 2453)
    16582 kB: logd (pid 1595)
    13754 kB: zygote (pid 1620)
    12464 kB: com.android.bluetooth (pid 3613)
    12403 kB: com.skyworth.dtv (pid 3842)
     9995 kB: surfaceflinger (pid 1600)
     9217 kB: android.process.media (pid 2511)
     8676 kB: com.skyworth.android.skyRMService (pid 2642)
     6658 kB: com.hisilicon.android.hiRMService (pid 2624)
     6585 kB: com.android.managedprovisioning (pid 3809)
     6412 kB: com.android.defcontainer (pid 2781)
     6353 kB: com.android.externalstorage (pid 2592)
     5938 kB: tvserver (pid 1613)
     5651 kB: displaysetting (pid 1612)
     4706 kB: com.coocaa.messageprovider (pid 5440)
     4264 kB: hiaoservice (pid 1608)
     3476 kB: hisysmanager (pid 1609)
     2623 kB: wpa_supplicant (pid 2846)
     2233 kB: stbserver (pid 1746)
     2065 kB: drmserver (pid 1604)
     1543 kB: vold (pid 1599)
     1376 kB: debuggerd64 (pid 1603)
     1250 kB: keystore (pid 1607)
     1113 kB: netd (pid 1601)
     1110 kB: android_ir_user (pid 1622)
     1097 kB: VirtualEvent (pid 2025)
      887 kB: hikaraokeservice (pid 1610)
      861 kB: dtvloaderserver (pid 1614)
      813 kB: /init (pid 1)
      803 kB: virtualkeypad (pid 1615)
      724 kB: adbd (pid 3555)
      608 kB: netshared (pid 1611)
      600 kB: dhcpcd (pid 5002)
      582 kB: lmkd (pid 1597)
      580 kB: healthd (pid 1596)
      519 kB: dumpsys (pid 20671)
      468 kB: ueventd (pid 1107)
      460 kB: coocaa_guard (pid 1617)
      443 kB: logcat (pid 1830)
      440 kB: teecd (pid 1623)
      387 kB: sh (pid 1638)
      385 kB: sh (pid 15480)
      370 kB: installd (pid 1606)
      359 kB: sh (pid 1757)
      355 kB: sh (pid 1754)
      351 kB: debuggerd (pid 1602)
      351 kB: sh (pid 5499)
      341 kB: sh (pid 1642)
      329 kB: servicemanager (pid 1598)
      310 kB: sh (pid 1813)
      267 kB: hidrawd (pid 1618)
      236 kB: smobsd (pid 2029)
        0 kB: busybox (pid 20665)
        0 kB: sh (pid 20680)
        0 kB: grep (pid 20683)

Total PSS by OOM adjustment:
   153617 kB: Native
               28062 kB: app_process (pid 5501)
               20971 kB: zygote64 (pid 1619)
               17685 kB: mediaserver (pid 1605)
               16582 kB: logd (pid 1595)
               13754 kB: zygote (pid 1620)
                9995 kB: surfaceflinger (pid 1600)
                5938 kB: tvserver (pid 1613)
                5651 kB: displaysetting (pid 1612)
                4264 kB: hiaoservice (pid 1608)
                3476 kB: hisysmanager (pid 1609)
                2623 kB: wpa_supplicant (pid 2846)
                2233 kB: stbserver (pid 1746)
                2065 kB: drmserver (pid 1604)
                1543 kB: vold (pid 1599)
                1376 kB: debuggerd64 (pid 1603)
                1250 kB: keystore (pid 1607)
                1113 kB: netd (pid 1601)
                1110 kB: android_ir_user (pid 1622)
                1097 kB: VirtualEvent (pid 2025)
                 887 kB: hikaraokeservice (pid 1610)
                 861 kB: dtvloaderserver (pid 1614)
                 813 kB: /init (pid 1)
                 803 kB: virtualkeypad (pid 1615)
                 724 kB: adbd (pid 3555)
                 608 kB: netshared (pid 1611)
                 600 kB: dhcpcd (pid 5002)
                 582 kB: lmkd (pid 1597)
                 580 kB: healthd (pid 1596)
                 519 kB: dumpsys (pid 20671)
                 468 kB: ueventd (pid 1107)
                 460 kB: coocaa_guard (pid 1617)
                 443 kB: logcat (pid 1830)
                 440 kB: teecd (pid 1623)
                 387 kB: sh (pid 1638)
                 385 kB: sh (pid 15480)
                 370 kB: installd (pid 1606)
                 359 kB: sh (pid 1757)
                 355 kB: sh (pid 1754)
                 351 kB: debuggerd (pid 1602)
                 351 kB: sh (pid 5499)
                 341 kB: sh (pid 1642)
                 329 kB: servicemanager (pid 1598)
                 310 kB: sh (pid 1813)
                 267 kB: hidrawd (pid 1618)
                 236 kB: smobsd (pid 2029)
                   0 kB: busybox (pid 20665)
                   0 kB: sh (pid 20680)
                   0 kB: grep (pid 20683)
    87394 kB: System
               87394 kB: system (pid 2235)
    80758 kB: Persistent
               65424 kB: com.android.systemui (pid 2472)
                8676 kB: com.skyworth.android.skyRMService (pid 2642)
                6658 kB: com.hisilicon.android.hiRMService (pid 2624)
    12464 kB: Persistent Service
               12464 kB: com.android.bluetooth (pid 3613)
   695726 kB: Foreground
              265996 kB: com.tianci.movieplatform (pid 2682 / activities)
              171572 kB: com.coocaa.aigc.home (pid 17584 / activities)
               99654 kB: com.skyworth.angel.voice (pid 4455)
               55028 kB: com.tianci.de (pid 5093)
               50429 kB: com.tianci.system (pid 2544)
               32172 kB: com.tianci.push (pid 3139)
               20875 kB: com.coocaa.os.softsettings.provider (pid 2906)
    38251 kB: Visible
               38251 kB: com.coocaa.os.ccosservice (pid 2975)
    17407 kB: A Services
               17407 kB: com.bajintech.karaok (pid 2453)
    12403 kB: B Services
               12403 kB: com.skyworth.dtv (pid 3842)
   114264 kB: Cached
               52263 kB: com.skyworth.setting (pid 4686)
               28728 kB: com.coocaa.sysreport (pid 19819)
                9217 kB: android.process.media (pid 2511)
                6585 kB: com.android.managedprovisioning (pid 3809)
                6412 kB: com.android.defcontainer (pid 2781)
                6353 kB: com.android.externalstorage (pid 2592)
                4706 kB: com.coocaa.messageprovider (pid 5440)

Total PSS by category:
   377616 kB: .dex mmap
   327589 kB: Dalvik
   174430 kB: Native
   127176 kB: .so mmap
    85367 kB: .oat mmap
    38154 kB: .art mmap
    22372 kB: Other mmap
    18974 kB: Dalvik Other
    12238 kB: .apk mmap
    10433 kB: .ttf mmap
    10228 kB: Stack
     7281 kB: Unknown
      274 kB: Other dev
      128 kB: Ashmem
       20 kB: .jar mmap
        4 kB: Cursor
        0 kB: Gfx dev
        0 kB: EGL mtrack
        0 kB: GL mtrack
        0 kB: Other mtrack

Total RAM: 1880788 kB (status moderate)
 Free RAM: 395868 kB (114264 cached pss + 90452 cached kernel + 191152 free)
 Used RAM: 2077240 kB (1098020 used pss + 979220 kernel)
 Lost RAM: -592320 kB
   Tuning: 192 (large 384), oom 65536 kB, restore limit 21845 kB (high-end-gfx)
Applications Memory Usage (kB):
Uptime: 1671124 Realtime: 1671124

Total PSS by process:
   265976 kB: com.tianci.movieplatform (pid 2682 / activities)
   168983 kB: com.coocaa.aigc.home (pid 17584 / activities)
    99581 kB: com.skyworth.angel.voice (pid 4455)
    83526 kB: system (pid 2235)
    65426 kB: com.android.systemui (pid 2472)
    55040 kB: com.tianci.de (pid 5093)
    52263 kB: com.skyworth.setting (pid 4686)
    50428 kB: com.tianci.system (pid 2544)
    38251 kB: com.coocaa.os.ccosservice (pid 2975)
    32173 kB: com.tianci.push (pid 3139)
    28808 kB: com.coocaa.sysreport (pid 19819)
    28122 kB: app_process (pid 5501)
    20970 kB: zygote64 (pid 1619)
    20875 kB: com.coocaa.os.softsettings.provider (pid 2906)
    17685 kB: mediaserver (pid 1605)
    17407 kB: com.bajintech.karaok (pid 2453)
    16599 kB: logd (pid 1595)
    13753 kB: zygote (pid 1620)
    12463 kB: com.android.bluetooth (pid 3613)
    12438 kB: com.skyworth.dtv (pid 3842)
     9950 kB: surfaceflinger (pid 1600)
     9218 kB: android.process.media (pid 2511)
     8680 kB: com.skyworth.android.skyRMService (pid 2642)
     6658 kB: com.hisilicon.android.hiRMService (pid 2624)
     6585 kB: com.android.managedprovisioning (pid 3809)
     6420 kB: com.android.defcontainer (pid 2781)
     6361 kB: com.android.externalstorage (pid 2592)
     5938 kB: tvserver (pid 1613)
     5657 kB: displaysetting (pid 1612)
     4706 kB: com.coocaa.messageprovider (pid 5440)
     4264 kB: hiaoservice (pid 1608)
     3476 kB: hisysmanager (pid 1609)
     2623 kB: wpa_supplicant (pid 2846)
     2233 kB: stbserver (pid 1746)
     2065 kB: drmserver (pid 1604)
     1550 kB: vold (pid 1599)
     1250 kB: keystore (pid 1607)
     1121 kB: netd (pid 1601)
     1110 kB: android_ir_user (pid 1622)
     1097 kB: VirtualEvent (pid 2025)
      887 kB: hikaraokeservice (pid 1610)
      861 kB: dtvloaderserver (pid 1614)
      816 kB: debuggerd64 (pid 1603)
      813 kB: /init (pid 1)
      803 kB: virtualkeypad (pid 1615)
      716 kB: adbd (pid 3555)
      608 kB: netshared (pid 1611)
      600 kB: dhcpcd (pid 5002)
      584 kB: lmkd (pid 1597)
      580 kB: healthd (pid 1596)
      468 kB: ueventd (pid 1107)
      460 kB: coocaa_guard (pid 1617)
      443 kB: logcat (pid 1830)
      440 kB: teecd (pid 1623)
      387 kB: sh (pid 1638)
      385 kB: sh (pid 15480)
      370 kB: installd (pid 1606)
      359 kB: sh (pid 1757)
      355 kB: sh (pid 1754)
      351 kB: debuggerd (pid 1602)
      351 kB: sh (pid 5499)
      345 kB: sh (pid 1642)
      331 kB: servicemanager (pid 1598)
      310 kB: sh (pid 1813)
      267 kB: hidrawd (pid 1618)
      236 kB: smobsd (pid 2029)
        0 kB: busybox (pid 20665)
        0 kB: dumpsys (pid 20671)
        0 kB: sh (pid 20680)
        0 kB: grep (pid 20683)

Total PSS by OOM adjustment:
   152589 kB: Native
               28122 kB: app_process (pid 5501)
               20970 kB: zygote64 (pid 1619)
               17685 kB: mediaserver (pid 1605)
               16599 kB: logd (pid 1595)
               13753 kB: zygote (pid 1620)
                9950 kB: surfaceflinger (pid 1600)
                5938 kB: tvserver (pid 1613)
                5657 kB: displaysetting (pid 1612)
                4264 kB: hiaoservice (pid 1608)
                3476 kB: hisysmanager (pid 1609)
                2623 kB: wpa_supplicant (pid 2846)
                2233 kB: stbserver (pid 1746)
                2065 kB: drmserver (pid 1604)
                1550 kB: vold (pid 1599)
                1250 kB: keystore (pid 1607)
                1121 kB: netd (pid 1601)
                1110 kB: android_ir_user (pid 1622)
                1097 kB: VirtualEvent (pid 2025)
                 887 kB: hikaraokeservice (pid 1610)
                 861 kB: dtvloaderserver (pid 1614)
                 816 kB: debuggerd64 (pid 1603)
                 813 kB: /init (pid 1)
                 803 kB: virtualkeypad (pid 1615)
                 716 kB: adbd (pid 3555)
                 608 kB: netshared (pid 1611)
                 600 kB: dhcpcd (pid 5002)
                 584 kB: lmkd (pid 1597)
                 580 kB: healthd (pid 1596)
                 468 kB: ueventd (pid 1107)
                 460 kB: coocaa_guard (pid 1617)
                 443 kB: logcat (pid 1830)
                 440 kB: teecd (pid 1623)
                 387 kB: sh (pid 1638)
                 385 kB: sh (pid 15480)
                 370 kB: installd (pid 1606)
                 359 kB: sh (pid 1757)
                 355 kB: sh (pid 1754)
                 351 kB: debuggerd (pid 1602)
                 351 kB: sh (pid 5499)
                 345 kB: sh (pid 1642)
                 331 kB: servicemanager (pid 1598)
                 310 kB: sh (pid 1813)
                 267 kB: hidrawd (pid 1618)
                 236 kB: smobsd (pid 2029)
                   0 kB: busybox (pid 20665)
                   0 kB: dumpsys (pid 20671)
                   0 kB: sh (pid 20680)
                   0 kB: grep (pid 20683)
    83526 kB: System
               83526 kB: system (pid 2235)
    80764 kB: Persistent
               65426 kB: com.android.systemui (pid 2472)
                8680 kB: com.skyworth.android.skyRMService (pid 2642)
                6658 kB: com.hisilicon.android.hiRMService (pid 2624)
    12463 kB: Persistent Service
               12463 kB: com.android.bluetooth (pid 3613)
   693056 kB: Foreground
              265976 kB: com.tianci.movieplatform (pid 2682 / activities)
              168983 kB: com.coocaa.aigc.home (pid 17584 / activities)
               99581 kB: com.skyworth.angel.voice (pid 4455)
               55040 kB: com.tianci.de (pid 5093)
               50428 kB: com.tianci.system (pid 2544)
               32173 kB: com.tianci.push (pid 3139)
               20875 kB: com.coocaa.os.softsettings.provider (pid 2906)
    38251 kB: Visible
               38251 kB: com.coocaa.os.ccosservice (pid 2975)
    17407 kB: A Services
               17407 kB: com.bajintech.karaok (pid 2453)
    12438 kB: B Services
               12438 kB: com.skyworth.dtv (pid 3842)
   114361 kB: Cached
               52263 kB: com.skyworth.setting (pid 4686)
               28808 kB: com.coocaa.sysreport (pid 19819)
                9218 kB: android.process.media (pid 2511)
                6585 kB: com.android.managedprovisioning (pid 3809)
                6420 kB: com.android.defcontainer (pid 2781)
                6361 kB: com.android.externalstorage (pid 2592)
                4706 kB: com.coocaa.messageprovider (pid 5440)

Total PSS by category:
   377700 kB: .dex mmap
   324033 kB: Dalvik
   171014 kB: Native
   126692 kB: .so mmap
    85428 kB: .oat mmap
    38158 kB: .art mmap
    22587 kB: Other mmap
    18710 kB: Dalvik Other
    12238 kB: .apk mmap
    10433 kB: .ttf mmap
    10216 kB: Stack
     7225 kB: Unknown
      269 kB: Other dev
      128 kB: Ashmem
       20 kB: .jar mmap
        4 kB: Cursor
        0 kB: Gfx dev
        0 kB: EGL mtrack
        0 kB: GL mtrack
        0 kB: Other mtrack

Total RAM: 1880788 kB (status moderate)
 Free RAM: 403817 kB (114361 cached pss + 91688 cached kernel + 197768 free)
 Used RAM: 2069782 kB (1090494 used pss + 979288 kernel)
 Lost RAM: -592811 kB
   Tuning: 192 (large 384), oom 65536 kB, restore limit 21845 kB (high-end-gfx)
Applications Memory Usage (kB):
Uptime: 1675838 Realtime: 1675838

Total PSS by process:
   265988 kB: com.tianci.movieplatform (pid 2682 / activities)
   166279 kB: com.coocaa.aigc.home (pid 17584 / activities)
    99337 kB: com.skyworth.angel.voice (pid 4455)
    84474 kB: system (pid 2235)
    65426 kB: com.android.systemui (pid 2472)
    55056 kB: com.tianci.de (pid 5093)
    52263 kB: com.skyworth.setting (pid 4686)
    50428 kB: com.tianci.system (pid 2544)
    38251 kB: com.coocaa.os.ccosservice (pid 2975)
    32176 kB: com.tianci.push (pid 3139)
    28788 kB: com.coocaa.sysreport (pid 19819)
    28154 kB: app_process (pid 5501)
    20971 kB: zygote64 (pid 1619)
    20875 kB: com.coocaa.os.softsettings.provider (pid 2906)
    17685 kB: mediaserver (pid 1605)
    17407 kB: com.bajintech.karaok (pid 2453)
    16615 kB: logd (pid 1595)
    13753 kB: zygote (pid 1620)
    12486 kB: com.skyworth.dtv (pid 3842)
    12463 kB: com.android.bluetooth (pid 3613)
     9978 kB: surfaceflinger (pid 1600)
     9218 kB: android.process.media (pid 2511)
     8680 kB: com.skyworth.android.skyRMService (pid 2642)
     6658 kB: com.hisilicon.android.hiRMService (pid 2624)
     6585 kB: com.android.managedprovisioning (pid 3809)
     6420 kB: com.android.defcontainer (pid 2781)
     6361 kB: com.android.externalstorage (pid 2592)
     5938 kB: tvserver (pid 1613)
     5657 kB: displaysetting (pid 1612)
     4706 kB: com.coocaa.messageprovider (pid 5440)
     4264 kB: hiaoservice (pid 1608)
     3476 kB: hisysmanager (pid 1609)
     2623 kB: wpa_supplicant (pid 2846)
     2233 kB: stbserver (pid 1746)
     2065 kB: drmserver (pid 1604)
     1550 kB: vold (pid 1599)
     1250 kB: keystore (pid 1607)
     1121 kB: netd (pid 1601)
     1110 kB: android_ir_user (pid 1622)
     1097 kB: VirtualEvent (pid 2025)
      887 kB: hikaraokeservice (pid 1610)
      861 kB: dtvloaderserver (pid 1614)
      816 kB: debuggerd64 (pid 1603)
      813 kB: /init (pid 1)
      803 kB: virtualkeypad (pid 1615)
      724 kB: adbd (pid 3555)
      608 kB: netshared (pid 1611)
      600 kB: dhcpcd (pid 5002)
      584 kB: lmkd (pid 1597)
      580 kB: healthd (pid 1596)
      519 kB: dumpsys (pid 20831)
      468 kB: ueventd (pid 1107)
      460 kB: coocaa_guard (pid 1617)
      443 kB: logcat (pid 1830)
      440 kB: teecd (pid 1623)
      387 kB: sh (pid 1638)
      385 kB: sh (pid 15480)
      370 kB: installd (pid 1606)
      359 kB: sh (pid 1757)
      355 kB: sh (pid 1754)
      351 kB: debuggerd (pid 1602)
      351 kB: sh (pid 5499)
      345 kB: sh (pid 1642)
      331 kB: servicemanager (pid 1598)
      310 kB: sh (pid 1813)
      267 kB: hidrawd (pid 1618)
      236 kB: smobsd (pid 2029)

Total PSS by OOM adjustment:
   153193 kB: Native
               28154 kB: app_process (pid 5501)
               20971 kB: zygote64 (pid 1619)
               17685 kB: mediaserver (pid 1605)
               16615 kB: logd (pid 1595)
               13753 kB: zygote (pid 1620)
                9978 kB: surfaceflinger (pid 1600)
                5938 kB: tvserver (pid 1613)
                5657 kB: displaysetting (pid 1612)
                4264 kB: hiaoservice (pid 1608)
                3476 kB: hisysmanager (pid 1609)
                2623 kB: wpa_supplicant (pid 2846)
                2233 kB: stbserver (pid 1746)
                2065 kB: drmserver (pid 1604)
                1550 kB: vold (pid 1599)
                1250 kB: keystore (pid 1607)
                1121 kB: netd (pid 1601)
                1110 kB: android_ir_user (pid 1622)
                1097 kB: VirtualEvent (pid 2025)
                 887 kB: hikaraokeservice (pid 1610)
                 861 kB: dtvloaderserver (pid 1614)
                 816 kB: debuggerd64 (pid 1603)
                 813 kB: /init (pid 1)
                 803 kB: virtualkeypad (pid 1615)
                 724 kB: adbd (pid 3555)
                 608 kB: netshared (pid 1611)
                 600 kB: dhcpcd (pid 5002)
                 584 kB: lmkd (pid 1597)
                 580 kB: healthd (pid 1596)
                 519 kB: dumpsys (pid 20831)
                 468 kB: ueventd (pid 1107)
                 460 kB: coocaa_guard (pid 1617)
                 443 kB: logcat (pid 1830)
                 440 kB: teecd (pid 1623)
                 387 kB: sh (pid 1638)
                 385 kB: sh (pid 15480)
                 370 kB: installd (pid 1606)
                 359 kB: sh (pid 1757)
                 355 kB: sh (pid 1754)
                 351 kB: debuggerd (pid 1602)
                 351 kB: sh (pid 5499)
                 345 kB: sh (pid 1642)
                 331 kB: servicemanager (pid 1598)
                 310 kB: sh (pid 1813)
                 267 kB: hidrawd (pid 1618)
                 236 kB: smobsd (pid 2029)
    84474 kB: System
               84474 kB: system (pid 2235)
    80764 kB: Persistent
               65426 kB: com.android.systemui (pid 2472)
                8680 kB: com.skyworth.android.skyRMService (pid 2642)
                6658 kB: com.hisilicon.android.hiRMService (pid 2624)
    12463 kB: Persistent Service
               12463 kB: com.android.bluetooth (pid 3613)
   690139 kB: Foreground
              265988 kB: com.tianci.movieplatform (pid 2682 / activities)
              166279 kB: com.coocaa.aigc.home (pid 17584 / activities)
               99337 kB: com.skyworth.angel.voice (pid 4455)
               55056 kB: com.tianci.de (pid 5093)
               50428 kB: com.tianci.system (pid 2544)
               32176 kB: com.tianci.push (pid 3139)
               20875 kB: com.coocaa.os.softsettings.provider (pid 2906)
    38251 kB: Visible
               38251 kB: com.coocaa.os.ccosservice (pid 2975)
    17407 kB: A Services
               17407 kB: com.bajintech.karaok (pid 2453)
    12486 kB: B Services
               12486 kB: com.skyworth.dtv (pid 3842)
   114341 kB: Cached
               52263 kB: com.skyworth.setting (pid 4686)
               28788 kB: com.coocaa.sysreport (pid 19819)
                9218 kB: android.process.media (pid 2511)
                6585 kB: com.android.managedprovisioning (pid 3809)
                6420 kB: com.android.defcontainer (pid 2781)
                6361 kB: com.android.externalstorage (pid 2592)
                4706 kB: com.coocaa.messageprovider (pid 5440)

Total PSS by category:
   377700 kB: .dex mmap
   322645 kB: Dalvik
   170662 kB: Native
   126981 kB: .so mmap
    85428 kB: .oat mmap
    38158 kB: .art mmap
    22612 kB: Other mmap
    18742 kB: Dalvik Other
    12238 kB: .apk mmap
    10433 kB: .ttf mmap
    10216 kB: Stack
     7277 kB: Unknown
      274 kB: Other dev
      128 kB: Ashmem
       20 kB: .jar mmap
        4 kB: Cursor
        0 kB: Gfx dev
        0 kB: EGL mtrack
        0 kB: GL mtrack
        0 kB: Other mtrack

Total RAM: 1880788 kB (status moderate)
 Free RAM: 406061 kB (114341 cached pss + 93240 cached kernel + 198480 free)
 Used RAM: 2068513 kB (1089177 used pss + 979336 kernel)
 Lost RAM: -593786 kB
   Tuning: 192 (large 384), oom 65536 kB, restore limit 21845 kB (high-end-gfx)
Applications Memory Usage (kB):
Uptime: 1680015 Realtime: 1680015

Total PSS by process:
   265995 kB: com.tianci.movieplatform (pid 2682 / activities)
   172475 kB: com.coocaa.aigc.home (pid 17584 / activities)
    99629 kB: com.skyworth.angel.voice (pid 4455)
    85450 kB: system (pid 2235)
    65426 kB: com.android.systemui (pid 2472)
    55072 kB: com.tianci.de (pid 5093)
    52263 kB: com.skyworth.setting (pid 4686)
    50422 kB: com.tianci.system (pid 2544)
    38251 kB: com.coocaa.os.ccosservice (pid 2975)
    32176 kB: com.tianci.push (pid 3139)
    29220 kB: com.coocaa.sysreport (pid 19819)
    28234 kB: app_process (pid 5501)
    20971 kB: zygote64 (pid 1619)
    20875 kB: com.coocaa.os.softsettings.provider (pid 2906)
    17685 kB: mediaserver (pid 1605)
    17407 kB: com.bajintech.karaok (pid 2453)
    16620 kB: logd (pid 1595)
    13748 kB: zygote (pid 1620)
    12522 kB: com.skyworth.dtv (pid 3842)
    12463 kB: com.android.bluetooth (pid 3613)
    10018 kB: surfaceflinger (pid 1600)
     9216 kB: android.process.media (pid 2511)
     8752 kB: com.skyworth.android.skyRMService (pid 2642)
     6658 kB: com.hisilicon.android.hiRMService (pid 2624)
     6585 kB: com.android.managedprovisioning (pid 3809)
     6419 kB: com.android.defcontainer (pid 2781)
     6361 kB: com.android.externalstorage (pid 2592)
     5938 kB: tvserver (pid 1613)
     5657 kB: displaysetting (pid 1612)
     4706 kB: com.coocaa.messageprovider (pid 5440)
     4264 kB: hiaoservice (pid 1608)
     3476 kB: hisysmanager (pid 1609)
     2623 kB: wpa_supplicant (pid 2846)
     2233 kB: stbserver (pid 1746)
     2065 kB: drmserver (pid 1604)
     1551 kB: vold (pid 1599)
     1251 kB: keystore (pid 1607)
     1121 kB: netd (pid 1601)
     1110 kB: android_ir_user (pid 1622)
     1097 kB: VirtualEvent (pid 2025)
      887 kB: hikaraokeservice (pid 1610)
      861 kB: dtvloaderserver (pid 1614)
      816 kB: debuggerd64 (pid 1603)
      813 kB: /init (pid 1)
      803 kB: virtualkeypad (pid 1615)
      724 kB: adbd (pid 3555)
      608 kB: netshared (pid 1611)
      600 kB: dhcpcd (pid 5002)
      584 kB: lmkd (pid 1597)
      580 kB: healthd (pid 1596)
      468 kB: ueventd (pid 1107)
      460 kB: coocaa_guard (pid 1617)
      443 kB: logcat (pid 1830)
      440 kB: teecd (pid 1623)
      387 kB: sh (pid 1638)
      385 kB: sh (pid 15480)
      370 kB: installd (pid 1606)
      359 kB: sh (pid 1757)
      355 kB: sh (pid 1754)
      351 kB: debuggerd (pid 1602)
      351 kB: sh (pid 5499)
      345 kB: sh (pid 1642)
      331 kB: servicemanager (pid 1598)
      310 kB: sh (pid 1813)
      267 kB: hidrawd (pid 1618)
      236 kB: smobsd (pid 2029)
        0 kB: dumpsys (pid 20831)

Total PSS by OOM adjustment:
   152796 kB: Native
               28234 kB: app_process (pid 5501)
               20971 kB: zygote64 (pid 1619)
               17685 kB: mediaserver (pid 1605)
               16620 kB: logd (pid 1595)
               13748 kB: zygote (pid 1620)
               10018 kB: surfaceflinger (pid 1600)
                5938 kB: tvserver (pid 1613)
                5657 kB: displaysetting (pid 1612)
                4264 kB: hiaoservice (pid 1608)
                3476 kB: hisysmanager (pid 1609)
                2623 kB: wpa_supplicant (pid 2846)
                2233 kB: stbserver (pid 1746)
                2065 kB: drmserver (pid 1604)
                1551 kB: vold (pid 1599)
                1251 kB: keystore (pid 1607)
                1121 kB: netd (pid 1601)
                1110 kB: android_ir_user (pid 1622)
                1097 kB: VirtualEvent (pid 2025)
                 887 kB: hikaraokeservice (pid 1610)
                 861 kB: dtvloaderserver (pid 1614)
                 816 kB: debuggerd64 (pid 1603)
                 813 kB: /init (pid 1)
                 803 kB: virtualkeypad (pid 1615)
                 724 kB: adbd (pid 3555)
                 608 kB: netshared (pid 1611)
                 600 kB: dhcpcd (pid 5002)
                 584 kB: lmkd (pid 1597)
                 580 kB: healthd (pid 1596)
                 468 kB: ueventd (pid 1107)
                 460 kB: coocaa_guard (pid 1617)
                 443 kB: logcat (pid 1830)
                 440 kB: teecd (pid 1623)
                 387 kB: sh (pid 1638)
                 385 kB: sh (pid 15480)
                 370 kB: installd (pid 1606)
                 359 kB: sh (pid 1757)
                 355 kB: sh (pid 1754)
                 351 kB: debuggerd (pid 1602)
                 351 kB: sh (pid 5499)
                 345 kB: sh (pid 1642)
                 331 kB: servicemanager (pid 1598)
                 310 kB: sh (pid 1813)
                 267 kB: hidrawd (pid 1618)
                 236 kB: smobsd (pid 2029)
                   0 kB: dumpsys (pid 20831)
    85450 kB: System
               85450 kB: system (pid 2235)
    80836 kB: Persistent
               65426 kB: com.android.systemui (pid 2472)
                8752 kB: com.skyworth.android.skyRMService (pid 2642)
                6658 kB: com.hisilicon.android.hiRMService (pid 2624)
    12463 kB: Persistent Service
               12463 kB: com.android.bluetooth (pid 3613)
   696644 kB: Foreground
              265995 kB: com.tianci.movieplatform (pid 2682 / activities)
              172475 kB: com.coocaa.aigc.home (pid 17584 / activities)
               99629 kB: com.skyworth.angel.voice (pid 4455)
               55072 kB: com.tianci.de (pid 5093)
               50422 kB: com.tianci.system (pid 2544)
               32176 kB: com.tianci.push (pid 3139)
               20875 kB: com.coocaa.os.softsettings.provider (pid 2906)
    38251 kB: Visible
               38251 kB: com.coocaa.os.ccosservice (pid 2975)
    17407 kB: A Services
               17407 kB: com.bajintech.karaok (pid 2453)
    12522 kB: B Services
               12522 kB: com.skyworth.dtv (pid 3842)
   114770 kB: Cached
               52263 kB: com.skyworth.setting (pid 4686)
               29220 kB: com.coocaa.sysreport (pid 19819)
                9216 kB: android.process.media (pid 2511)
                6585 kB: com.android.managedprovisioning (pid 3809)
                6419 kB: com.android.defcontainer (pid 2781)
                6361 kB: com.android.externalstorage (pid 2592)
                4706 kB: com.coocaa.messageprovider (pid 5440)

Total PSS by category:
   377700 kB: .dex mmap
   330145 kB: Dalvik
   170774 kB: Native
   126696 kB: .so mmap
    85428 kB: .oat mmap
    38158 kB: .art mmap
    22587 kB: Other mmap
    19142 kB: Dalvik Other
    12238 kB: .apk mmap
    10433 kB: .ttf mmap
    10196 kB: Stack
     7221 kB: Unknown
      269 kB: Other dev
      128 kB: Ashmem
       20 kB: .jar mmap
        4 kB: Cursor
        0 kB: Gfx dev
        0 kB: EGL mtrack
        0 kB: GL mtrack
        0 kB: Other mtrack

Total RAM: 1880788 kB (status moderate)
 Free RAM: 399662 kB (114770 cached pss + 95152 cached kernel + 189740 free)
 Used RAM: 2075765 kB (1096369 used pss + 979396 kernel)
 Lost RAM: -594639 kB
   Tuning: 192 (large 384), oom 65536 kB, restore limit 21845 kB (high-end-gfx)
Applications Memory Usage (kB):
Uptime: 1684128 Realtime: 1684128

Total PSS by process:
   266007 kB: com.tianci.movieplatform (pid 2682 / activities)
   171279 kB: com.coocaa.aigc.home (pid 17584 / activities)
    99629 kB: com.skyworth.angel.voice (pid 4455)
    84297 kB: system (pid 2235)
    65425 kB: com.android.systemui (pid 2472)
    55084 kB: com.tianci.de (pid 5093)
    52263 kB: com.skyworth.setting (pid 4686)
    50422 kB: com.tianci.system (pid 2544)
    38251 kB: com.coocaa.os.ccosservice (pid 2975)
    32176 kB: com.tianci.push (pid 3139)
    29216 kB: com.coocaa.sysreport (pid 19819)
    28290 kB: app_process (pid 5501)
    20971 kB: zygote64 (pid 1619)
    20875 kB: com.coocaa.os.softsettings.provider (pid 2906)
    17685 kB: mediaserver (pid 1605)
    17407 kB: com.bajintech.karaok (pid 2453)
    16622 kB: logd (pid 1595)
    13748 kB: zygote (pid 1620)
    12566 kB: com.skyworth.dtv (pid 3842)
    12463 kB: com.android.bluetooth (pid 3613)
    10000 kB: surfaceflinger (pid 1600)
     9218 kB: android.process.media (pid 2511)
     8752 kB: com.skyworth.android.skyRMService (pid 2642)
     6658 kB: com.hisilicon.android.hiRMService (pid 2624)
     6585 kB: com.android.managedprovisioning (pid 3809)
     6420 kB: com.android.defcontainer (pid 2781)
     6361 kB: com.android.externalstorage (pid 2592)
     5938 kB: tvserver (pid 1613)
     5657 kB: displaysetting (pid 1612)
     4706 kB: com.coocaa.messageprovider (pid 5440)
     4264 kB: hiaoservice (pid 1608)
     3476 kB: hisysmanager (pid 1609)
     2623 kB: wpa_supplicant (pid 2846)
     2233 kB: stbserver (pid 1746)
     2065 kB: drmserver (pid 1604)
     1543 kB: vold (pid 1599)
     1364 kB: debuggerd64 (pid 1603)
     1250 kB: keystore (pid 1607)
     1110 kB: netd (pid 1601)
     1110 kB: android_ir_user (pid 1622)
     1097 kB: VirtualEvent (pid 2025)
      887 kB: hikaraokeservice (pid 1610)
      861 kB: dtvloaderserver (pid 1614)
      813 kB: /init (pid 1)
      803 kB: virtualkeypad (pid 1615)
      724 kB: adbd (pid 3555)
      608 kB: netshared (pid 1611)
      600 kB: dhcpcd (pid 5002)
      583 kB: lmkd (pid 1597)
      580 kB: healthd (pid 1596)
      468 kB: ueventd (pid 1107)
      460 kB: coocaa_guard (pid 1617)
      443 kB: logcat (pid 1830)
      440 kB: teecd (pid 1623)
      387 kB: sh (pid 1638)
      385 kB: sh (pid 15480)
      370 kB: installd (pid 1606)
      359 kB: sh (pid 1757)
      355 kB: sh (pid 1754)
      351 kB: debuggerd (pid 1602)
      351 kB: sh (pid 5499)
      345 kB: sh (pid 1642)
      330 kB: servicemanager (pid 1598)
      310 kB: sh (pid 1813)
      267 kB: hidrawd (pid 1618)
      236 kB: smobsd (pid 2029)

Total PSS by OOM adjustment:
   153362 kB: Native
               28290 kB: app_process (pid 5501)
               20971 kB: zygote64 (pid 1619)
               17685 kB: mediaserver (pid 1605)
               16622 kB: logd (pid 1595)
               13748 kB: zygote (pid 1620)
               10000 kB: surfaceflinger (pid 1600)
                5938 kB: tvserver (pid 1613)
                5657 kB: displaysetting (pid 1612)
                4264 kB: hiaoservice (pid 1608)
                3476 kB: hisysmanager (pid 1609)
                2623 kB: wpa_supplicant (pid 2846)
                2233 kB: stbserver (pid 1746)
                2065 kB: drmserver (pid 1604)
                1543 kB: vold (pid 1599)
                1364 kB: debuggerd64 (pid 1603)
                1250 kB: keystore (pid 1607)
                1110 kB: netd (pid 1601)
                1110 kB: android_ir_user (pid 1622)
                1097 kB: VirtualEvent (pid 2025)
                 887 kB: hikaraokeservice (pid 1610)
                 861 kB: dtvloaderserver (pid 1614)
                 813 kB: /init (pid 1)
                 803 kB: virtualkeypad (pid 1615)
                 724 kB: adbd (pid 3555)
                 608 kB: netshared (pid 1611)
                 600 kB: dhcpcd (pid 5002)
                 583 kB: lmkd (pid 1597)
                 580 kB: healthd (pid 1596)
                 468 kB: ueventd (pid 1107)
                 460 kB: coocaa_guard (pid 1617)
                 443 kB: logcat (pid 1830)
                 440 kB: teecd (pid 1623)
                 387 kB: sh (pid 1638)
                 385 kB: sh (pid 15480)
                 370 kB: installd (pid 1606)
                 359 kB: sh (pid 1757)
                 355 kB: sh (pid 1754)
                 351 kB: debuggerd (pid 1602)
                 351 kB: sh (pid 5499)
                 345 kB: sh (pid 1642)
                 330 kB: servicemanager (pid 1598)
                 310 kB: sh (pid 1813)
                 267 kB: hidrawd (pid 1618)
                 236 kB: smobsd (pid 2029)
    84297 kB: System
               84297 kB: system (pid 2235)
    80835 kB: Persistent
               65425 kB: com.android.systemui (pid 2472)
                8752 kB: com.skyworth.android.skyRMService (pid 2642)
                6658 kB: com.hisilicon.android.hiRMService (pid 2624)
    12463 kB: Persistent Service
               12463 kB: com.android.bluetooth (pid 3613)
   695472 kB: Foreground
              266007 kB: com.tianci.movieplatform (pid 2682 / activities)
              171279 kB: com.coocaa.aigc.home (pid 17584 / activities)
               99629 kB: com.skyworth.angel.voice (pid 4455)
               55084 kB: com.tianci.de (pid 5093)
               50422 kB: com.tianci.system (pid 2544)
               32176 kB: com.tianci.push (pid 3139)
               20875 kB: com.coocaa.os.softsettings.provider (pid 2906)
    38251 kB: Visible
               38251 kB: com.coocaa.os.ccosservice (pid 2975)
    17407 kB: A Services
               17407 kB: com.bajintech.karaok (pid 2453)
    12566 kB: B Services
               12566 kB: com.skyworth.dtv (pid 3842)
   114769 kB: Cached
               52263 kB: com.skyworth.setting (pid 4686)
               29216 kB: com.coocaa.sysreport (pid 19819)
                9218 kB: android.process.media (pid 2511)
                6585 kB: com.android.managedprovisioning (pid 3809)
                6420 kB: com.android.defcontainer (pid 2781)
                6361 kB: com.android.externalstorage (pid 2592)
                4706 kB: com.coocaa.messageprovider (pid 5440)

Total PSS by category:
   377700 kB: .dex mmap
   327217 kB: Dalvik
   171666 kB: Native
   126886 kB: .so mmap
    85428 kB: .oat mmap
    38158 kB: .art mmap
    22704 kB: Other mmap
    19154 kB: Dalvik Other
    12238 kB: .apk mmap
    10433 kB: .ttf mmap
    10196 kB: Stack
     7221 kB: Unknown
      269 kB: Other dev
      128 kB: Ashmem
       20 kB: .jar mmap
        4 kB: Cursor
        0 kB: Gfx dev
        0 kB: EGL mtrack
        0 kB: GL mtrack
        0 kB: Other mtrack

Total RAM: 1880788 kB (status moderate)
 Free RAM: 402605 kB (114769 cached pss + 95724 cached kernel + 192112 free)
 Used RAM: 2074057 kB (1094653 used pss + 979404 kernel)
 Lost RAM: -595874 kB
   Tuning: 192 (large 384), oom 65536 kB, restore limit 21845 kB (high-end-gfx)
Applications Memory Usage (kB):
Uptime: 1688070 Realtime: 1688070

Total PSS by process:
   266019 kB: com.tianci.movieplatform (pid 2682 / activities)
   164951 kB: com.coocaa.aigc.home (pid 17584 / activities)
    99589 kB: com.skyworth.angel.voice (pid 4455)
    83750 kB: system (pid 2235)
    65426 kB: com.android.systemui (pid 2472)
    55104 kB: com.tianci.de (pid 5093)
    52263 kB: com.skyworth.setting (pid 4686)
    50422 kB: com.tianci.system (pid 2544)
    38251 kB: com.coocaa.os.ccosservice (pid 2975)
    32176 kB: com.tianci.push (pid 3139)
    29252 kB: com.coocaa.sysreport (pid 19819)
    28379 kB: app_process (pid 5501)
    20971 kB: zygote64 (pid 1619)
    20875 kB: com.coocaa.os.softsettings.provider (pid 2906)
    17685 kB: mediaserver (pid 1605)
    17407 kB: com.bajintech.karaok (pid 2453)
    16623 kB: logd (pid 1595)
    13748 kB: zygote (pid 1620)
    12614 kB: com.skyworth.dtv (pid 3842)
    12463 kB: com.android.bluetooth (pid 3613)
    10045 kB: surfaceflinger (pid 1600)
     9218 kB: android.process.media (pid 2511)
     8756 kB: com.skyworth.android.skyRMService (pid 2642)
     6658 kB: com.hisilicon.android.hiRMService (pid 2624)
     6584 kB: com.android.managedprovisioning (pid 3809)
     6420 kB: com.android.defcontainer (pid 2781)
     6361 kB: com.android.externalstorage (pid 2592)
     5938 kB: tvserver (pid 1613)
     5657 kB: displaysetting (pid 1612)
     4706 kB: com.coocaa.messageprovider (pid 5440)
     4264 kB: hiaoservice (pid 1608)
     3476 kB: hisysmanager (pid 1609)
     2615 kB: wpa_supplicant (pid 2846)
     2233 kB: stbserver (pid 1746)
     2065 kB: drmserver (pid 1604)
     1551 kB: vold (pid 1599)
     1250 kB: keystore (pid 1607)
     1121 kB: netd (pid 1601)
     1110 kB: android_ir_user (pid 1622)
     1097 kB: VirtualEvent (pid 2025)
      887 kB: hikaraokeservice (pid 1610)
      861 kB: dtvloaderserver (pid 1614)
      816 kB: debuggerd64 (pid 1603)
      813 kB: /init (pid 1)
      803 kB: virtualkeypad (pid 1615)
      728 kB: adbd (pid 3555)
      608 kB: netshared (pid 1611)
      599 kB: dhcpcd (pid 5002)
      584 kB: lmkd (pid 1597)
      580 kB: healthd (pid 1596)
      512 kB: dumpsys (pid 21050)
      468 kB: ueventd (pid 1107)
      460 kB: coocaa_guard (pid 1617)
      443 kB: logcat (pid 1830)
      440 kB: teecd (pid 1623)
      387 kB: sh (pid 1638)
      385 kB: sh (pid 15480)
      370 kB: installd (pid 1606)
      359 kB: sh (pid 1757)
      355 kB: sh (pid 1754)
      351 kB: debuggerd (pid 1602)
      345 kB: sh (pid 1642)
      345 kB: sh (pid 5499)
      331 kB: servicemanager (pid 1598)
      310 kB: sh (pid 1813)
      267 kB: hidrawd (pid 1618)
      236 kB: smobsd (pid 2029)
        0 kB: busybox (pid 21059)

Total PSS by OOM adjustment:
   153471 kB: Native
               28379 kB: app_process (pid 5501)
               20971 kB: zygote64 (pid 1619)
               17685 kB: mediaserver (pid 1605)
               16623 kB: logd (pid 1595)
               13748 kB: zygote (pid 1620)
               10045 kB: surfaceflinger (pid 1600)
                5938 kB: tvserver (pid 1613)
                5657 kB: displaysetting (pid 1612)
                4264 kB: hiaoservice (pid 1608)
                3476 kB: hisysmanager (pid 1609)
                2615 kB: wpa_supplicant (pid 2846)
                2233 kB: stbserver (pid 1746)
                2065 kB: drmserver (pid 1604)
                1551 kB: vold (pid 1599)
                1250 kB: keystore (pid 1607)
                1121 kB: netd (pid 1601)
                1110 kB: android_ir_user (pid 1622)
                1097 kB: VirtualEvent (pid 2025)
                 887 kB: hikaraokeservice (pid 1610)
                 861 kB: dtvloaderserver (pid 1614)
                 816 kB: debuggerd64 (pid 1603)
                 813 kB: /init (pid 1)
                 803 kB: virtualkeypad (pid 1615)
                 728 kB: adbd (pid 3555)
                 608 kB: netshared (pid 1611)
                 599 kB: dhcpcd (pid 5002)
                 584 kB: lmkd (pid 1597)
                 580 kB: healthd (pid 1596)
                 512 kB: dumpsys (pid 21050)
                 468 kB: ueventd (pid 1107)
                 460 kB: coocaa_guard (pid 1617)
                 443 kB: logcat (pid 1830)
                 440 kB: teecd (pid 1623)
                 387 kB: sh (pid 1638)
                 385 kB: sh (pid 15480)
                 370 kB: installd (pid 1606)
                 359 kB: sh (pid 1757)
                 355 kB: sh (pid 1754)
                 351 kB: debuggerd (pid 1602)
                 345 kB: sh (pid 1642)
                 345 kB: sh (pid 5499)
                 331 kB: servicemanager (pid 1598)
                 310 kB: sh (pid 1813)
                 267 kB: hidrawd (pid 1618)
                 236 kB: smobsd (pid 2029)
                   0 kB: busybox (pid 21059)
    83750 kB: System
               83750 kB: system (pid 2235)
    80840 kB: Persistent
               65426 kB: com.android.systemui (pid 2472)
                8756 kB: com.skyworth.android.skyRMService (pid 2642)
                6658 kB: com.hisilicon.android.hiRMService (pid 2624)
    12463 kB: Persistent Service
               12463 kB: com.android.bluetooth (pid 3613)
   689136 kB: Foreground
              266019 kB: com.tianci.movieplatform (pid 2682 / activities)
              164951 kB: com.coocaa.aigc.home (pid 17584 / activities)
               99589 kB: com.skyworth.angel.voice (pid 4455)
               55104 kB: com.tianci.de (pid 5093)
               50422 kB: com.tianci.system (pid 2544)
               32176 kB: com.tianci.push (pid 3139)
               20875 kB: com.coocaa.os.softsettings.provider (pid 2906)
    38251 kB: Visible
               38251 kB: com.coocaa.os.ccosservice (pid 2975)
    17407 kB: A Services
               17407 kB: com.bajintech.karaok (pid 2453)
    12614 kB: B Services
               12614 kB: com.skyworth.dtv (pid 3842)
   114804 kB: Cached
               52263 kB: com.skyworth.setting (pid 4686)
               29252 kB: com.coocaa.sysreport (pid 19819)
                9218 kB: android.process.media (pid 2511)
                6584 kB: com.android.managedprovisioning (pid 3809)
                6420 kB: com.android.defcontainer (pid 2781)
                6361 kB: com.android.externalstorage (pid 2592)
                4706 kB: com.coocaa.messageprovider (pid 5440)

Total PSS by category:
   377700 kB: .dex mmap
   321153 kB: Dalvik
   171114 kB: Native
   126967 kB: .so mmap
    85428 kB: .oat mmap
    38158 kB: .art mmap
    22608 kB: Other mmap
    19018 kB: Dalvik Other
    12238 kB: .apk mmap
    10433 kB: .ttf mmap
    10216 kB: Stack
     7277 kB: Unknown
      274 kB: Other dev
      128 kB: Ashmem
       20 kB: .jar mmap
        4 kB: Cursor
        0 kB: Gfx dev
        0 kB: EGL mtrack
        0 kB: GL mtrack
        0 kB: Other mtrack

Total RAM: 1880788 kB (status moderate)
 Free RAM: 404944 kB (114804 cached pss + 98324 cached kernel + 191816 free)
 Used RAM: 2067352 kB (1087932 used pss + 979420 kernel)
 Lost RAM: -591508 kB
   Tuning: 192 (large 384), oom 65536 kB, restore limit 21845 kB (high-end-gfx)
Applications Memory Usage (kB):
Uptime: 1692076 Realtime: 1692076

Total PSS by process:
   266027 kB: com.tianci.movieplatform (pid 2682 / activities)
   167779 kB: com.coocaa.aigc.home (pid 17584 / activities)
    99105 kB: com.skyworth.angel.voice (pid 4455)
    84606 kB: system (pid 2235)
    65426 kB: com.android.systemui (pid 2472)
    55120 kB: com.tianci.de (pid 5093)
    52263 kB: com.skyworth.setting (pid 4686)
    50442 kB: com.tianci.system (pid 2544)
    38251 kB: com.coocaa.os.ccosservice (pid 2975)
    32176 kB: com.tianci.push (pid 3139)
    29068 kB: com.coocaa.sysreport (pid 19819)
    28419 kB: app_process (pid 5501)
    20971 kB: zygote64 (pid 1619)
    20875 kB: com.coocaa.os.softsettings.provider (pid 2906)
    17685 kB: mediaserver (pid 1605)
    17407 kB: com.bajintech.karaok (pid 2453)
    16623 kB: logd (pid 1595)
    13748 kB: zygote (pid 1620)
    12662 kB: com.skyworth.dtv (pid 3842)
    12463 kB: com.android.bluetooth (pid 3613)
    10081 kB: surfaceflinger (pid 1600)
     9218 kB: android.process.media (pid 2511)
     8756 kB: com.skyworth.android.skyRMService (pid 2642)
     6658 kB: com.hisilicon.android.hiRMService (pid 2624)
     6585 kB: com.android.managedprovisioning (pid 3809)
     6420 kB: com.android.defcontainer (pid 2781)
     6361 kB: com.android.externalstorage (pid 2592)
     5938 kB: tvserver (pid 1613)
     5657 kB: displaysetting (pid 1612)
     4706 kB: com.coocaa.messageprovider (pid 5440)
     4264 kB: hiaoservice (pid 1608)
     3476 kB: hisysmanager (pid 1609)
     2623 kB: wpa_supplicant (pid 2846)
     2233 kB: stbserver (pid 1746)
     2065 kB: drmserver (pid 1604)
     1551 kB: vold (pid 1599)
     1250 kB: keystore (pid 1607)
     1121 kB: netd (pid 1601)
     1110 kB: android_ir_user (pid 1622)
     1097 kB: VirtualEvent (pid 2025)
      887 kB: hikaraokeservice (pid 1610)
      861 kB: dtvloaderserver (pid 1614)
      816 kB: debuggerd64 (pid 1603)
      813 kB: /init (pid 1)
      803 kB: virtualkeypad (pid 1615)
      724 kB: adbd (pid 3555)
      608 kB: netshared (pid 1611)
      600 kB: dhcpcd (pid 5002)
      584 kB: lmkd (pid 1597)
      580 kB: healthd (pid 1596)
      468 kB: ueventd (pid 1107)
      460 kB: coocaa_guard (pid 1617)
      443 kB: logcat (pid 1830)
      440 kB: teecd (pid 1623)
      387 kB: sh (pid 1638)
      385 kB: sh (pid 15480)
      370 kB: installd (pid 1606)
      359 kB: sh (pid 1757)
      355 kB: sh (pid 1754)
      351 kB: debuggerd (pid 1602)
      351 kB: sh (pid 5499)
      345 kB: sh (pid 1642)
      331 kB: servicemanager (pid 1598)
      310 kB: sh (pid 1813)
      267 kB: hidrawd (pid 1618)
      236 kB: smobsd (pid 2029)
        0 kB: dumpsys (pid 21050)
        0 kB: busybox (pid 21059)

Total PSS by OOM adjustment:
   153046 kB: Native
               28419 kB: app_process (pid 5501)
               20971 kB: zygote64 (pid 1619)
               17685 kB: mediaserver (pid 1605)
               16623 kB: logd (pid 1595)
               13748 kB: zygote (pid 1620)
               10081 kB: surfaceflinger (pid 1600)
                5938 kB: tvserver (pid 1613)
                5657 kB: displaysetting (pid 1612)
                4264 kB: hiaoservice (pid 1608)
                3476 kB: hisysmanager (pid 1609)
                2623 kB: wpa_supplicant (pid 2846)
                2233 kB: stbserver (pid 1746)
                2065 kB: drmserver (pid 1604)
                1551 kB: vold (pid 1599)
                1250 kB: keystore (pid 1607)
                1121 kB: netd (pid 1601)
                1110 kB: android_ir_user (pid 1622)
                1097 kB: VirtualEvent (pid 2025)
                 887 kB: hikaraokeservice (pid 1610)
                 861 kB: dtvloaderserver (pid 1614)
                 816 kB: debuggerd64 (pid 1603)
                 813 kB: /init (pid 1)
                 803 kB: virtualkeypad (pid 1615)
                 724 kB: adbd (pid 3555)
                 608 kB: netshared (pid 1611)
                 600 kB: dhcpcd (pid 5002)
                 584 kB: lmkd (pid 1597)
                 580 kB: healthd (pid 1596)
                 468 kB: ueventd (pid 1107)
                 460 kB: coocaa_guard (pid 1617)
                 443 kB: logcat (pid 1830)
                 440 kB: teecd (pid 1623)
                 387 kB: sh (pid 1638)
                 385 kB: sh (pid 15480)
                 370 kB: installd (pid 1606)
                 359 kB: sh (pid 1757)
                 355 kB: sh (pid 1754)
                 351 kB: debuggerd (pid 1602)
                 351 kB: sh (pid 5499)
                 345 kB: sh (pid 1642)
                 331 kB: servicemanager (pid 1598)
                 310 kB: sh (pid 1813)
                 267 kB: hidrawd (pid 1618)
                 236 kB: smobsd (pid 2029)
                   0 kB: dumpsys (pid 21050)
                   0 kB: busybox (pid 21059)
    84606 kB: System
               84606 kB: system (pid 2235)
    80840 kB: Persistent
               65426 kB: com.android.systemui (pid 2472)
                8756 kB: com.skyworth.android.skyRMService (pid 2642)
                6658 kB: com.hisilicon.android.hiRMService (pid 2624)
    12463 kB: Persistent Service
               12463 kB: com.android.bluetooth (pid 3613)
   691524 kB: Foreground
              266027 kB: com.tianci.movieplatform (pid 2682 / activities)
              167779 kB: com.coocaa.aigc.home (pid 17584 / activities)
               99105 kB: com.skyworth.angel.voice (pid 4455)
               55120 kB: com.tianci.de (pid 5093)
               50442 kB: com.tianci.system (pid 2544)
               32176 kB: com.tianci.push (pid 3139)
               20875 kB: com.coocaa.os.softsettings.provider (pid 2906)
    38251 kB: Visible
               38251 kB: com.coocaa.os.ccosservice (pid 2975)
    17407 kB: A Services
               17407 kB: com.bajintech.karaok (pid 2453)
    12662 kB: B Services
               12662 kB: com.skyworth.dtv (pid 3842)
   114621 kB: Cached
               52263 kB: com.skyworth.setting (pid 4686)
               29068 kB: com.coocaa.sysreport (pid 19819)
                9218 kB: android.process.media (pid 2511)
                6585 kB: com.android.managedprovisioning (pid 3809)
                6420 kB: com.android.defcontainer (pid 2781)
                6361 kB: com.android.externalstorage (pid 2592)
                4706 kB: com.coocaa.messageprovider (pid 5440)

Total PSS by category:
   377700 kB: .dex mmap
   324101 kB: Dalvik
   171114 kB: Native
   126697 kB: .so mmap
    85428 kB: .oat mmap
    38158 kB: .art mmap
    22587 kB: Other mmap
    19130 kB: Dalvik Other
    12238 kB: .apk mmap
    10433 kB: .ttf mmap
    10192 kB: Stack
     7221 kB: Unknown
      269 kB: Other dev
      128 kB: Ashmem
       20 kB: .jar mmap
        4 kB: Cursor
        0 kB: Gfx dev
        0 kB: EGL mtrack
        0 kB: GL mtrack
        0 kB: Other mtrack

Total RAM: 1880788 kB (status moderate)
 Free RAM: 401897 kB (114621 cached pss + 98836 cached kernel + 188440 free)
 Used RAM: 2070199 kB (1090799 used pss + 979400 kernel)
 Lost RAM: -591308 kB
   Tuning: 192 (large 384), oom 65536 kB, restore limit 21845 kB (high-end-gfx)
Applications Memory Usage (kB):
Uptime: 1696296 Realtime: 1696296

Total PSS by process:
   266055 kB: com.tianci.movieplatform (pid 2682 / activities)
   172175 kB: com.coocaa.aigc.home (pid 17584 / activities)
    99645 kB: com.skyworth.angel.voice (pid 4455)
    84217 kB: system (pid 2235)
    65426 kB: com.android.systemui (pid 2472)
    55132 kB: com.tianci.de (pid 5093)
    52263 kB: com.skyworth.setting (pid 4686)
    50518 kB: com.tianci.system (pid 2544)
    38251 kB: com.coocaa.os.ccosservice (pid 2975)
    32176 kB: com.tianci.push (pid 3139)
    28440 kB: app_process (pid 5501)
    28436 kB: com.coocaa.sysreport (pid 19819)
    20971 kB: zygote64 (pid 1619)
    20875 kB: com.coocaa.os.softsettings.provider (pid 2906)
    17685 kB: mediaserver (pid 1605)
    17407 kB: com.bajintech.karaok (pid 2453)
    16629 kB: logd (pid 1595)
    13748 kB: zygote (pid 1620)
    12686 kB: com.skyworth.dtv (pid 3842)
    12463 kB: com.android.bluetooth (pid 3613)
    10059 kB: surfaceflinger (pid 1600)
     9218 kB: android.process.media (pid 2511)
     8828 kB: com.skyworth.android.skyRMService (pid 2642)
     6658 kB: com.hisilicon.android.hiRMService (pid 2624)
     6582 kB: com.android.managedprovisioning (pid 3809)
     6420 kB: com.android.defcontainer (pid 2781)
     6361 kB: com.android.externalstorage (pid 2592)
     5938 kB: tvserver (pid 1613)
     5649 kB: displaysetting (pid 1612)
     4706 kB: com.coocaa.messageprovider (pid 5440)
     4264 kB: hiaoservice (pid 1608)
     3476 kB: hisysmanager (pid 1609)
     2622 kB: wpa_supplicant (pid 2846)
     2233 kB: stbserver (pid 1746)
     2065 kB: drmserver (pid 1604)
     1541 kB: vold (pid 1599)
     1238 kB: keystore (pid 1607)
     1114 kB: netd (pid 1601)
     1110 kB: android_ir_user (pid 1622)
     1097 kB: VirtualEvent (pid 2025)
      887 kB: hikaraokeservice (pid 1610)
      861 kB: dtvloaderserver (pid 1614)
      813 kB: /init (pid 1)
      812 kB: debuggerd64 (pid 1603)
      803 kB: virtualkeypad (pid 1615)
      724 kB: adbd (pid 3555)
      608 kB: netshared (pid 1611)
      600 kB: dhcpcd (pid 5002)
      582 kB: lmkd (pid 1597)
      580 kB: healthd (pid 1596)
      526 kB: dumpsys (pid 21174)
      468 kB: ueventd (pid 1107)
      460 kB: coocaa_guard (pid 1617)
      444 kB: logcat (pid 1830)
      440 kB: teecd (pid 1623)
      387 kB: sh (pid 1638)
      385 kB: sh (pid 15480)
      368 kB: installd (pid 1606)
      359 kB: sh (pid 1757)
      356 kB: sh (pid 1754)
      351 kB: debuggerd (pid 1602)
      351 kB: sh (pid 5499)
      327 kB: servicemanager (pid 1598)
      310 kB: sh (pid 1813)
      273 kB: sh (pid 1642)
      267 kB: hidrawd (pid 1618)
      236 kB: smobsd (pid 2029)
        0 kB: busybox (pid 21172)
        0 kB: sh (pid 21187)
        0 kB: ps (pid 21189)
        0 kB: grep (pid 21190)

Total PSS by OOM adjustment:
   153457 kB: Native
               28440 kB: app_process (pid 5501)
               20971 kB: zygote64 (pid 1619)
               17685 kB: mediaserver (pid 1605)
               16629 kB: logd (pid 1595)
               13748 kB: zygote (pid 1620)
               10059 kB: surfaceflinger (pid 1600)
                5938 kB: tvserver (pid 1613)
                5649 kB: displaysetting (pid 1612)
                4264 kB: hiaoservice (pid 1608)
                3476 kB: hisysmanager (pid 1609)
                2622 kB: wpa_supplicant (pid 2846)
                2233 kB: stbserver (pid 1746)
                2065 kB: drmserver (pid 1604)
                1541 kB: vold (pid 1599)
                1238 kB: keystore (pid 1607)
                1114 kB: netd (pid 1601)
                1110 kB: android_ir_user (pid 1622)
                1097 kB: VirtualEvent (pid 2025)
                 887 kB: hikaraokeservice (pid 1610)
                 861 kB: dtvloaderserver (pid 1614)
                 813 kB: /init (pid 1)
                 812 kB: debuggerd64 (pid 1603)
                 803 kB: virtualkeypad (pid 1615)
                 724 kB: adbd (pid 3555)
                 608 kB: netshared (pid 1611)
                 600 kB: dhcpcd (pid 5002)
                 582 kB: lmkd (pid 1597)
                 580 kB: healthd (pid 1596)
                 526 kB: dumpsys (pid 21174)
                 468 kB: ueventd (pid 1107)
                 460 kB: coocaa_guard (pid 1617)
                 444 kB: logcat (pid 1830)
                 440 kB: teecd (pid 1623)
                 387 kB: sh (pid 1638)
                 385 kB: sh (pid 15480)
                 368 kB: installd (pid 1606)
                 359 kB: sh (pid 1757)
                 356 kB: sh (pid 1754)
                 351 kB: debuggerd (pid 1602)
                 351 kB: sh (pid 5499)
                 327 kB: servicemanager (pid 1598)
                 310 kB: sh (pid 1813)
                 273 kB: sh (pid 1642)
                 267 kB: hidrawd (pid 1618)
                 236 kB: smobsd (pid 2029)
                   0 kB: busybox (pid 21172)
                   0 kB: sh (pid 21187)
                   0 kB: ps (pid 21189)
                   0 kB: grep (pid 21190)
    84217 kB: System
               84217 kB: system (pid 2235)
    80912 kB: Persistent
               65426 kB: com.android.systemui (pid 2472)
                8828 kB: com.skyworth.android.skyRMService (pid 2642)
                6658 kB: com.hisilicon.android.hiRMService (pid 2624)
    12463 kB: Persistent Service
               12463 kB: com.android.bluetooth (pid 3613)
   696576 kB: Foreground
              266055 kB: com.tianci.movieplatform (pid 2682 / activities)
              172175 kB: com.coocaa.aigc.home (pid 17584 / activities)
               99645 kB: com.skyworth.angel.voice (pid 4455)
               55132 kB: com.tianci.de (pid 5093)
               50518 kB: com.tianci.system (pid 2544)
               32176 kB: com.tianci.push (pid 3139)
               20875 kB: com.coocaa.os.softsettings.provider (pid 2906)
    38251 kB: Visible
               38251 kB: com.coocaa.os.ccosservice (pid 2975)
    17407 kB: A Services
               17407 kB: com.bajintech.karaok (pid 2453)
    12686 kB: B Services
               12686 kB: com.skyworth.dtv (pid 3842)
   113986 kB: Cached
               52263 kB: com.skyworth.setting (pid 4686)
               28436 kB: com.coocaa.sysreport (pid 19819)
                9218 kB: android.process.media (pid 2511)
                6582 kB: com.android.managedprovisioning (pid 3809)
                6420 kB: com.android.defcontainer (pid 2781)
                6361 kB: com.android.externalstorage (pid 2592)
                4706 kB: com.coocaa.messageprovider (pid 5440)

Total PSS by category:
   377700 kB: .dex mmap
   328905 kB: Dalvik
   170684 kB: Native
   126924 kB: .so mmap
    85428 kB: .oat mmap
    38158 kB: .art mmap
    22612 kB: Other mmap
    18970 kB: Dalvik Other
    12238 kB: .apk mmap
    10433 kB: .ttf mmap
    10200 kB: Stack
     7277 kB: Unknown
      274 kB: Other dev
      128 kB: Ashmem
       20 kB: .jar mmap
        4 kB: Cursor
        0 kB: Gfx dev
        0 kB: EGL mtrack
        0 kB: GL mtrack
        0 kB: Other mtrack

Total RAM: 1880788 kB (status moderate)
 Free RAM: 396946 kB (113986 cached pss + 98960 cached kernel + 184000 free)
 Used RAM: 2075321 kB (1095969 used pss + 979352 kernel)
 Lost RAM: -591479 kB
   Tuning: 192 (large 384), oom 65536 kB, restore limit 21845 kB (high-end-gfx)
Applications Memory Usage (kB):
Uptime: 1700237 Realtime: 1700237

Total PSS by process:
   266103 kB: com.tianci.movieplatform (pid 2682 / activities)
   166035 kB: com.coocaa.aigc.home (pid 17584 / activities)
    99645 kB: com.skyworth.angel.voice (pid 4455)
    83802 kB: system (pid 2235)
    65426 kB: com.android.systemui (pid 2472)
    55152 kB: com.tianci.de (pid 5093)
    52263 kB: com.skyworth.setting (pid 4686)
    50518 kB: com.tianci.system (pid 2544)
    38251 kB: com.coocaa.os.ccosservice (pid 2975)
    32184 kB: com.tianci.push (pid 3139)
    28910 kB: com.coocaa.sysreport (pid 19819)
    28583 kB: app_process (pid 5501)
    20971 kB: zygote64 (pid 1619)
    20875 kB: com.coocaa.os.softsettings.provider (pid 2906)
    17685 kB: mediaserver (pid 1605)
    17407 kB: com.bajintech.karaok (pid 2453)
    16640 kB: logd (pid 1595)
    13748 kB: zygote (pid 1620)
    12738 kB: com.skyworth.dtv (pid 3842)
    12463 kB: com.android.bluetooth (pid 3613)
    10073 kB: surfaceflinger (pid 1600)
     9218 kB: android.process.media (pid 2511)
     8828 kB: com.skyworth.android.skyRMService (pid 2642)
     6658 kB: com.hisilicon.android.hiRMService (pid 2624)
     6585 kB: com.android.managedprovisioning (pid 3809)
     6420 kB: com.android.defcontainer (pid 2781)
     6365 kB: com.android.externalstorage (pid 2592)
     5938 kB: tvserver (pid 1613)
     5657 kB: displaysetting (pid 1612)
     4706 kB: com.coocaa.messageprovider (pid 5440)
     4264 kB: hiaoservice (pid 1608)
     3476 kB: hisysmanager (pid 1609)
     2624 kB: wpa_supplicant (pid 2846)
     2233 kB: stbserver (pid 1746)
     2065 kB: drmserver (pid 1604)
     1550 kB: vold (pid 1599)
     1250 kB: keystore (pid 1607)
     1121 kB: netd (pid 1601)
     1110 kB: android_ir_user (pid 1622)
     1097 kB: VirtualEvent (pid 2025)
      887 kB: hikaraokeservice (pid 1610)
      861 kB: dtvloaderserver (pid 1614)
      816 kB: debuggerd64 (pid 1603)
      813 kB: /init (pid 1)
      803 kB: virtualkeypad (pid 1615)
      724 kB: adbd (pid 3555)
      608 kB: netshared (pid 1611)
      600 kB: dhcpcd (pid 5002)
      584 kB: lmkd (pid 1597)
      580 kB: healthd (pid 1596)
      468 kB: ueventd (pid 1107)
      460 kB: coocaa_guard (pid 1617)
      444 kB: logcat (pid 1830)
      440 kB: teecd (pid 1623)
      387 kB: sh (pid 1638)
      385 kB: sh (pid 15480)
      370 kB: installd (pid 1606)
      359 kB: sh (pid 1757)
      356 kB: sh (pid 1754)
      351 kB: debuggerd (pid 1602)
      351 kB: sh (pid 5499)
      345 kB: sh (pid 1642)
      331 kB: servicemanager (pid 1598)
      310 kB: sh (pid 1813)
      267 kB: hidrawd (pid 1618)
      236 kB: smobsd (pid 2029)
        0 kB: busybox (pid 21172)
        0 kB: dumpsys (pid 21174)
        0 kB: sh (pid 21187)
        0 kB: ps (pid 21189)
        0 kB: grep (pid 21190)

Total PSS by OOM adjustment:
   153221 kB: Native
               28583 kB: app_process (pid 5501)
               20971 kB: zygote64 (pid 1619)
               17685 kB: mediaserver (pid 1605)
               16640 kB: logd (pid 1595)
               13748 kB: zygote (pid 1620)
               10073 kB: surfaceflinger (pid 1600)
                5938 kB: tvserver (pid 1613)
                5657 kB: displaysetting (pid 1612)
                4264 kB: hiaoservice (pid 1608)
                3476 kB: hisysmanager (pid 1609)
                2624 kB: wpa_supplicant (pid 2846)
                2233 kB: stbserver (pid 1746)
                2065 kB: drmserver (pid 1604)
                1550 kB: vold (pid 1599)
                1250 kB: keystore (pid 1607)
                1121 kB: netd (pid 1601)
                1110 kB: android_ir_user (pid 1622)
                1097 kB: VirtualEvent (pid 2025)
                 887 kB: hikaraokeservice (pid 1610)
                 861 kB: dtvloaderserver (pid 1614)
                 816 kB: debuggerd64 (pid 1603)
                 813 kB: /init (pid 1)
                 803 kB: virtualkeypad (pid 1615)
                 724 kB: adbd (pid 3555)
                 608 kB: netshared (pid 1611)
                 600 kB: dhcpcd (pid 5002)
                 584 kB: lmkd (pid 1597)
                 580 kB: healthd (pid 1596)
                 468 kB: ueventd (pid 1107)
                 460 kB: coocaa_guard (pid 1617)
                 444 kB: logcat (pid 1830)
                 440 kB: teecd (pid 1623)
                 387 kB: sh (pid 1638)
                 385 kB: sh (pid 15480)
                 370 kB: installd (pid 1606)
                 359 kB: sh (pid 1757)
                 356 kB: sh (pid 1754)
                 351 kB: debuggerd (pid 1602)
                 351 kB: sh (pid 5499)
                 345 kB: sh (pid 1642)
                 331 kB: servicemanager (pid 1598)
                 310 kB: sh (pid 1813)
                 267 kB: hidrawd (pid 1618)
                 236 kB: smobsd (pid 2029)
                   0 kB: busybox (pid 21172)
                   0 kB: dumpsys (pid 21174)
                   0 kB: sh (pid 21187)
                   0 kB: ps (pid 21189)
                   0 kB: grep (pid 21190)
    83802 kB: System
               83802 kB: system (pid 2235)
    80912 kB: Persistent
               65426 kB: com.android.systemui (pid 2472)
                8828 kB: com.skyworth.android.skyRMService (pid 2642)
                6658 kB: com.hisilicon.android.hiRMService (pid 2624)
    12463 kB: Persistent Service
               12463 kB: com.android.bluetooth (pid 3613)
   690512 kB: Foreground
              266103 kB: com.tianci.movieplatform (pid 2682 / activities)
              166035 kB: com.coocaa.aigc.home (pid 17584 / activities)
               99645 kB: com.skyworth.angel.voice (pid 4455)
               55152 kB: com.tianci.de (pid 5093)
               50518 kB: com.tianci.system (pid 2544)
               32184 kB: com.tianci.push (pid 3139)
               20875 kB: com.coocaa.os.softsettings.provider (pid 2906)
    38251 kB: Visible
               38251 kB: com.coocaa.os.ccosservice (pid 2975)
    17407 kB: A Services
               17407 kB: com.bajintech.karaok (pid 2453)
    12738 kB: B Services
               12738 kB: com.skyworth.dtv (pid 3842)
   114467 kB: Cached
               52263 kB: com.skyworth.setting (pid 4686)
               28910 kB: com.coocaa.sysreport (pid 19819)
                9218 kB: android.process.media (pid 2511)
                6585 kB: com.android.managedprovisioning (pid 3809)
                6420 kB: com.android.defcontainer (pid 2781)
                6365 kB: com.android.externalstorage (pid 2592)
                4706 kB: com.coocaa.messageprovider (pid 5440)

Total PSS by category:
   377700 kB: .dex mmap
   322765 kB: Dalvik
   170922 kB: Native
   126706 kB: .so mmap
    85428 kB: .oat mmap
    38158 kB: .art mmap
    22587 kB: Other mmap
    19006 kB: Dalvik Other
    12238 kB: .apk mmap
    10433 kB: .ttf mmap
    10188 kB: Stack
     7221 kB: Unknown
      269 kB: Other dev
      128 kB: Ashmem
       20 kB: .jar mmap
        4 kB: Cursor
        0 kB: Gfx dev
        0 kB: EGL mtrack
        0 kB: GL mtrack
        0 kB: Other mtrack

Total RAM: 1880788 kB (status moderate)
 Free RAM: 406415 kB (114467 cached pss + 98596 cached kernel + 193352 free)
 Used RAM: 2068754 kB (1089306 used pss + 979448 kernel)
 Lost RAM: -594381 kB
   Tuning: 192 (large 384), oom 65536 kB, restore limit 21845 kB (high-end-gfx)
Applications Memory Usage (kB):
Uptime: 1704277 Realtime: 1704277

Total PSS by process:
   266139 kB: com.tianci.movieplatform (pid 2682 / activities)
   167219 kB: com.coocaa.aigc.home (pid 17584 / activities)
    99645 kB: com.skyworth.angel.voice (pid 4455)
    83934 kB: system (pid 2235)
    65426 kB: com.android.systemui (pid 2472)
    55176 kB: com.tianci.de (pid 5093)
    52263 kB: com.skyworth.setting (pid 4686)
    50526 kB: com.tianci.system (pid 2544)
    38251 kB: com.coocaa.os.ccosservice (pid 2975)
    32184 kB: com.tianci.push (pid 3139)
    29065 kB: com.coocaa.sysreport (pid 19819)
    28675 kB: app_process (pid 5501)
    20971 kB: zygote64 (pid 1619)
    20875 kB: com.coocaa.os.softsettings.provider (pid 2906)
    17685 kB: mediaserver (pid 1605)
    17407 kB: com.bajintech.karaok (pid 2453)
    16656 kB: logd (pid 1595)
    13748 kB: zygote (pid 1620)
    12770 kB: com.skyworth.dtv (pid 3842)
    12463 kB: com.android.bluetooth (pid 3613)
    10065 kB: surfaceflinger (pid 1600)
     9218 kB: android.process.media (pid 2511)
     8836 kB: com.skyworth.android.skyRMService (pid 2642)
     6658 kB: com.hisilicon.android.hiRMService (pid 2624)
     6585 kB: com.android.managedprovisioning (pid 3809)
     6420 kB: com.android.defcontainer (pid 2781)
     6365 kB: com.android.externalstorage (pid 2592)
     5938 kB: tvserver (pid 1613)
     5657 kB: displaysetting (pid 1612)
     4706 kB: com.coocaa.messageprovider (pid 5440)
     4264 kB: hiaoservice (pid 1608)
     3476 kB: hisysmanager (pid 1609)
     2623 kB: wpa_supplicant (pid 2846)
     2233 kB: stbserver (pid 1746)
     2065 kB: drmserver (pid 1604)
     1549 kB: vold (pid 1599)
     1250 kB: keystore (pid 1607)
     1117 kB: netd (pid 1601)
     1110 kB: android_ir_user (pid 1622)
     1097 kB: VirtualEvent (pid 2025)
      887 kB: hikaraokeservice (pid 1610)
      861 kB: dtvloaderserver (pid 1614)
      816 kB: debuggerd64 (pid 1603)
      813 kB: /init (pid 1)
      803 kB: virtualkeypad (pid 1615)
      724 kB: adbd (pid 3555)
      608 kB: netshared (pid 1611)
      600 kB: dhcpcd (pid 5002)
      584 kB: lmkd (pid 1597)
      580 kB: healthd (pid 1596)
      513 kB: dumpsys (pid 21320)
      468 kB: ueventd (pid 1107)
      460 kB: coocaa_guard (pid 1617)
      444 kB: logcat (pid 1830)
      440 kB: teecd (pid 1623)
      387 kB: sh (pid 1638)
      385 kB: sh (pid 15480)
      370 kB: installd (pid 1606)
      359 kB: sh (pid 1757)
      356 kB: sh (pid 1754)
      351 kB: debuggerd (pid 1602)
      351 kB: sh (pid 5499)
      345 kB: sh (pid 1642)
      331 kB: servicemanager (pid 1598)
      310 kB: sh (pid 1813)
      267 kB: hidrawd (pid 1618)
      236 kB: smobsd (pid 2029)

Total PSS by OOM adjustment:
   153828 kB: Native
               28675 kB: app_process (pid 5501)
               20971 kB: zygote64 (pid 1619)
               17685 kB: mediaserver (pid 1605)
               16656 kB: logd (pid 1595)
               13748 kB: zygote (pid 1620)
               10065 kB: surfaceflinger (pid 1600)
                5938 kB: tvserver (pid 1613)
                5657 kB: displaysetting (pid 1612)
                4264 kB: hiaoservice (pid 1608)
                3476 kB: hisysmanager (pid 1609)
                2623 kB: wpa_supplicant (pid 2846)
                2233 kB: stbserver (pid 1746)
                2065 kB: drmserver (pid 1604)
                1549 kB: vold (pid 1599)
                1250 kB: keystore (pid 1607)
                1117 kB: netd (pid 1601)
                1110 kB: android_ir_user (pid 1622)
                1097 kB: VirtualEvent (pid 2025)
                 887 kB: hikaraokeservice (pid 1610)
                 861 kB: dtvloaderserver (pid 1614)
                 816 kB: debuggerd64 (pid 1603)
                 813 kB: /init (pid 1)
                 803 kB: virtualkeypad (pid 1615)
                 724 kB: adbd (pid 3555)
                 608 kB: netshared (pid 1611)
                 600 kB: dhcpcd (pid 5002)
                 584 kB: lmkd (pid 1597)
                 580 kB: healthd (pid 1596)
                 513 kB: dumpsys (pid 21320)
                 468 kB: ueventd (pid 1107)
                 460 kB: coocaa_guard (pid 1617)
                 444 kB: logcat (pid 1830)
                 440 kB: teecd (pid 1623)
                 387 kB: sh (pid 1638)
                 385 kB: sh (pid 15480)
                 370 kB: installd (pid 1606)
                 359 kB: sh (pid 1757)
                 356 kB: sh (pid 1754)
                 351 kB: debuggerd (pid 1602)
                 351 kB: sh (pid 5499)
                 345 kB: sh (pid 1642)
                 331 kB: servicemanager (pid 1598)
                 310 kB: sh (pid 1813)
                 267 kB: hidrawd (pid 1618)
                 236 kB: smobsd (pid 2029)
    83934 kB: System
               83934 kB: system (pid 2235)
    80920 kB: Persistent
               65426 kB: com.android.systemui (pid 2472)
                8836 kB: com.skyworth.android.skyRMService (pid 2642)
                6658 kB: com.hisilicon.android.hiRMService (pid 2624)
    12463 kB: Persistent Service
               12463 kB: com.android.bluetooth (pid 3613)
   691764 kB: Foreground
              266139 kB: com.tianci.movieplatform (pid 2682 / activities)
              167219 kB: com.coocaa.aigc.home (pid 17584 / activities)
               99645 kB: com.skyworth.angel.voice (pid 4455)
               55176 kB: com.tianci.de (pid 5093)
               50526 kB: com.tianci.system (pid 2544)
               32184 kB: com.tianci.push (pid 3139)
               20875 kB: com.coocaa.os.softsettings.provider (pid 2906)
    38251 kB: Visible
               38251 kB: com.coocaa.os.ccosservice (pid 2975)
    17407 kB: A Services
               17407 kB: com.bajintech.karaok (pid 2453)
    12770 kB: B Services
               12770 kB: com.skyworth.dtv (pid 3842)
   114622 kB: Cached
               52263 kB: com.skyworth.setting (pid 4686)
               29065 kB: com.coocaa.sysreport (pid 19819)
                9218 kB: android.process.media (pid 2511)
                6585 kB: com.android.managedprovisioning (pid 3809)
                6420 kB: com.android.defcontainer (pid 2781)
                6365 kB: com.android.externalstorage (pid 2592)
                4706 kB: com.coocaa.messageprovider (pid 5440)

Total PSS by category:
   377700 kB: .dex mmap
   324581 kB: Dalvik
   170918 kB: Native
   126978 kB: .so mmap
    85428 kB: .oat mmap
    38158 kB: .art mmap
    22612 kB: Other mmap
    19018 kB: Dalvik Other
    12238 kB: .apk mmap
    10433 kB: .ttf mmap
    10192 kB: Stack
     7277 kB: Unknown
      274 kB: Other dev
      128 kB: Ashmem
       20 kB: .jar mmap
