Applications Memory Usage (kB):
Uptime: 2353403 Realtime: 2353403

Total PSS by process:
   138165 kB: com.tianci.movieplatform (pid 22425 / activities)
   100216 kB: com.skyworth.angel.voice (pid 5347)
    85583 kB: system (pid 2213)
    69434 kB: com.android.systemui (pid 2448)
    63426 kB: com.skyworth.setting (pid 9660)
    59669 kB: com.tianci.de (pid 20913)
    52356 kB: com.tianci.system (pid 2506)
    39858 kB: com.coocaa.os.ccosservice (pid 5242)
    36050 kB: com.tianci.push (pid 2970)
    28174 kB: com.coocaa.sysreport (pid 23569)
    27384 kB: com.coocaa.os.softsettings.provider (pid 20958)
    23434 kB: zygote64 (pid 1610)
    15018 kB: zygote (pid 1611)
    14360 kB: logd (pid 1586)
    13561 kB: com.skyworth.tianciime (pid 9961)
    13246 kB: com.android.bluetooth (pid 5003)
    12105 kB: mediaserver (pid 1596)
    11290 kB: com.bajintech.karaok (pid 5033)
    10556 kB: com.skyworth.android.skyRMService (pid 2581)
    10360 kB: android.process.media (pid 3532)
     9608 kB: surfaceflinger (pid 1591)
     7853 kB: com.android.defcontainer (pid 9718)
     7428 kB: com.hisilicon.android.hiRMService (pid 2561)
     7226 kB: com.android.externalstorage (pid 12828)
     6487 kB: displaysetting (pid 1603)
     6255 kB: tvserver (pid 1604)
     4942 kB: com.coocaa.messageprovider (pid 10697)
     4156 kB: hiaoservice (pid 1599)
     3878 kB: hisysmanager (pid 1600)
     2813 kB: wpa_supplicant (pid 5211)
     2234 kB: stbserver (pid 1709)
     2157 kB: drmserver (pid 1595)
     1592 kB: vold (pid 1590)
     1230 kB: keystore (pid 1598)
     1140 kB: netd (pid 1592)
     1125 kB: busybox (pid 26187)
     1112 kB: android_ir_user (pid 1613)
     1091 kB: VirtualEvent (pid 2013)
      860 kB: dtvloaderserver (pid 1605)
      857 kB: hikaraokeservice (pid 1601)
      811 kB: virtualkeypad (pid 1606)
      802 kB: debuggerd64 (pid 1594)
      801 kB: /init (pid 1)
      689 kB: adbd (pid 3315)
      625 kB: lmkd (pid 1588)
      604 kB: netshared (pid 1602)
      582 kB: dhcpcd (pid 20747)
      576 kB: healthd (pid 1587)
      529 kB: dumpsys (pid 26191)
      472 kB: ueventd (pid 1106)
      457 kB: coocaa_guard (pid 1608)
      450 kB: teecd (pid 1614)
      444 kB: logcat (pid 1820)
      415 kB: sh (pid 6351)
      392 kB: installd (pid 1597)
      387 kB: sh (pid 1742)
      371 kB: sh (pid 1745)
      357 kB: debuggerd (pid 1593)
      349 kB: sh (pid 1632)
      335 kB: servicemanager (pid 1589)
      320 kB: sh (pid 1806)
      272 kB: hidrawd (pid 1609)
      237 kB: smobsd (pid 2018)

Total PSS by OOM adjustment:
   122789 kB: Native
               23434 kB: zygote64 (pid 1610)
               15018 kB: zygote (pid 1611)
               14360 kB: logd (pid 1586)
               12105 kB: mediaserver (pid 1596)
                9608 kB: surfaceflinger (pid 1591)
                6487 kB: displaysetting (pid 1603)
                6255 kB: tvserver (pid 1604)
                4156 kB: hiaoservice (pid 1599)
                3878 kB: hisysmanager (pid 1600)
                2813 kB: wpa_supplicant (pid 5211)
                2234 kB: stbserver (pid 1709)
                2157 kB: drmserver (pid 1595)
                1592 kB: vold (pid 1590)
                1230 kB: keystore (pid 1598)
                1140 kB: netd (pid 1592)
                1125 kB: busybox (pid 26187)
                1112 kB: android_ir_user (pid 1613)
                1091 kB: VirtualEvent (pid 2013)
                 860 kB: dtvloaderserver (pid 1605)
                 857 kB: hikaraokeservice (pid 1601)
                 811 kB: virtualkeypad (pid 1606)
                 802 kB: debuggerd64 (pid 1594)
                 801 kB: /init (pid 1)
                 689 kB: adbd (pid 3315)
                 625 kB: lmkd (pid 1588)
                 604 kB: netshared (pid 1602)
                 582 kB: dhcpcd (pid 20747)
                 576 kB: healthd (pid 1587)
                 529 kB: dumpsys (pid 26191)
                 472 kB: ueventd (pid 1106)
                 457 kB: coocaa_guard (pid 1608)
                 450 kB: teecd (pid 1614)
                 444 kB: logcat (pid 1820)
                 415 kB: sh (pid 6351)
                 392 kB: installd (pid 1597)
                 387 kB: sh (pid 1742)
                 371 kB: sh (pid 1745)
                 357 kB: debuggerd (pid 1593)
                 349 kB: sh (pid 1632)
                 335 kB: servicemanager (pid 1589)
                 320 kB: sh (pid 1806)
                 272 kB: hidrawd (pid 1609)
                 237 kB: smobsd (pid 2018)
    85583 kB: System
               85583 kB: system (pid 2213)
    87418 kB: Persistent
               69434 kB: com.android.systemui (pid 2448)
               10556 kB: com.skyworth.android.skyRMService (pid 2581)
                7428 kB: com.hisilicon.android.hiRMService (pid 2561)
    13246 kB: Persistent Service
               13246 kB: com.android.bluetooth (pid 5003)
   386456 kB: Foreground
              138165 kB: com.tianci.movieplatform (pid 22425 / activities)
              100216 kB: com.skyworth.angel.voice (pid 5347)
               59669 kB: com.tianci.de (pid 20913)
               52356 kB: com.tianci.system (pid 2506)
               36050 kB: com.tianci.push (pid 2970)
    39858 kB: Visible
               39858 kB: com.coocaa.os.ccosservice (pid 5242)
    40945 kB: Perceptible
               27384 kB: com.coocaa.os.softsettings.provider (pid 20958)
               13561 kB: com.skyworth.tianciime (pid 9961)
   133271 kB: Cached
               63426 kB: com.skyworth.setting (pid 9660)
               28174 kB: com.coocaa.sysreport (pid 23569)
               11290 kB: com.bajintech.karaok (pid 5033)
               10360 kB: android.process.media (pid 3532)
                7853 kB: com.android.defcontainer (pid 9718)
                7226 kB: com.android.externalstorage (pid 12828)
                4942 kB: com.coocaa.messageprovider (pid 10697)

Total PSS by category:
   277576 kB: .dex mmap
   223201 kB: Dalvik
   126593 kB: Native
   103953 kB: .so mmap
    84833 kB: .oat mmap
    34378 kB: .art mmap
    15192 kB: Other mmap
    10310 kB: .apk mmap
    10304 kB: .ttf mmap
     8881 kB: Dalvik Other
     7772 kB: Stack
     6337 kB: Unknown
      224 kB: Other dev
        8 kB: .jar mmap
        4 kB: Cursor
        0 kB: Ashmem
        0 kB: Gfx dev
        0 kB: EGL mtrack
        0 kB: GL mtrack
        0 kB: Other mtrack

Total RAM: 1880788 kB (status moderate)
 Free RAM: 791319 kB (133271 cached pss + 214832 cached kernel + 443216 free)
 Used RAM: 1744767 kB (776295 used pss + 968472 kernel)
 Lost RAM: -655298 kB
   Tuning: 192 (large 384), oom 65536 kB, restore limit 21845 kB (high-end-gfx)
Applications Memory Usage (kB):
Uptime: 2357722 Realtime: 2357722

Total PSS by process:
   148249 kB: com.tianci.movieplatform (pid 22425 / activities)
    99476 kB: com.skyworth.angel.voice (pid 5347)
    86233 kB: system (pid 2213)
    69432 kB: com.android.systemui (pid 2448)
    63426 kB: com.skyworth.setting (pid 9660)
    59682 kB: com.tianci.de (pid 20913)
    52356 kB: com.tianci.system (pid 2506)
    39858 kB: com.coocaa.os.ccosservice (pid 5242)
    36040 kB: com.tianci.push (pid 2970)
    28877 kB: com.coocaa.sysreport (pid 23569)
    27384 kB: com.coocaa.os.softsettings.provider (pid 20958)
    23435 kB: zygote64 (pid 1610)
    15017 kB: zygote (pid 1611)
    14366 kB: logd (pid 1586)
    13561 kB: com.skyworth.tianciime (pid 9961)
    13246 kB: com.android.bluetooth (pid 5003)
    12105 kB: mediaserver (pid 1596)
    11290 kB: com.bajintech.karaok (pid 5033)
    10563 kB: com.skyworth.android.skyRMService (pid 2581)
    10359 kB: android.process.media (pid 3532)
     9584 kB: surfaceflinger (pid 1591)
     7851 kB: com.android.defcontainer (pid 9718)
     7428 kB: com.hisilicon.android.hiRMService (pid 2561)
     7228 kB: com.android.externalstorage (pid 12828)
     6493 kB: displaysetting (pid 1603)
     6255 kB: tvserver (pid 1604)
     4942 kB: com.coocaa.messageprovider (pid 10697)
     4156 kB: hiaoservice (pid 1599)
     3878 kB: hisysmanager (pid 1600)
     2812 kB: wpa_supplicant (pid 5211)
     2234 kB: stbserver (pid 1709)
     2157 kB: drmserver (pid 1595)
     1592 kB: vold (pid 1590)
     1230 kB: keystore (pid 1598)
     1139 kB: netd (pid 1592)
     1112 kB: android_ir_user (pid 1613)
     1091 kB: VirtualEvent (pid 2013)
      860 kB: dtvloaderserver (pid 1605)
      857 kB: hikaraokeservice (pid 1601)
      811 kB: virtualkeypad (pid 1606)
      801 kB: /init (pid 1)
      800 kB: debuggerd64 (pid 1594)
      689 kB: adbd (pid 3315)
      628 kB: lmkd (pid 1588)
      604 kB: netshared (pid 1602)
      582 kB: dhcpcd (pid 20747)
      576 kB: healthd (pid 1587)
      472 kB: ueventd (pid 1106)
      457 kB: coocaa_guard (pid 1608)
      450 kB: teecd (pid 1614)
      445 kB: logcat (pid 1820)
      415 kB: sh (pid 6351)
      392 kB: installd (pid 1597)
      387 kB: sh (pid 1742)
      371 kB: sh (pid 1745)
      357 kB: debuggerd (pid 1593)
      349 kB: sh (pid 1632)
      335 kB: servicemanager (pid 1589)
      320 kB: sh (pid 1806)
      272 kB: hidrawd (pid 1609)
      237 kB: smobsd (pid 2018)
        0 kB: busybox (pid 26187)
        0 kB: dumpsys (pid 26191)

Total PSS by OOM adjustment:
   121123 kB: Native
               23435 kB: zygote64 (pid 1610)
               15017 kB: zygote (pid 1611)
               14366 kB: logd (pid 1586)
               12105 kB: mediaserver (pid 1596)
                9584 kB: surfaceflinger (pid 1591)
                6493 kB: displaysetting (pid 1603)
                6255 kB: tvserver (pid 1604)
                4156 kB: hiaoservice (pid 1599)
                3878 kB: hisysmanager (pid 1600)
                2812 kB: wpa_supplicant (pid 5211)
                2234 kB: stbserver (pid 1709)
                2157 kB: drmserver (pid 1595)
                1592 kB: vold (pid 1590)
                1230 kB: keystore (pid 1598)
                1139 kB: netd (pid 1592)
                1112 kB: android_ir_user (pid 1613)
                1091 kB: VirtualEvent (pid 2013)
                 860 kB: dtvloaderserver (pid 1605)
                 857 kB: hikaraokeservice (pid 1601)
                 811 kB: virtualkeypad (pid 1606)
                 801 kB: /init (pid 1)
                 800 kB: debuggerd64 (pid 1594)
                 689 kB: adbd (pid 3315)
                 628 kB: lmkd (pid 1588)
                 604 kB: netshared (pid 1602)
                 582 kB: dhcpcd (pid 20747)
                 576 kB: healthd (pid 1587)
                 472 kB: ueventd (pid 1106)
                 457 kB: coocaa_guard (pid 1608)
                 450 kB: teecd (pid 1614)
                 445 kB: logcat (pid 1820)
                 415 kB: sh (pid 6351)
                 392 kB: installd (pid 1597)
                 387 kB: sh (pid 1742)
                 371 kB: sh (pid 1745)
                 357 kB: debuggerd (pid 1593)
                 349 kB: sh (pid 1632)
                 335 kB: servicemanager (pid 1589)
                 320 kB: sh (pid 1806)
                 272 kB: hidrawd (pid 1609)
                 237 kB: smobsd (pid 2018)
                   0 kB: busybox (pid 26187)
                   0 kB: dumpsys (pid 26191)
    86233 kB: System
               86233 kB: system (pid 2213)
    87423 kB: Persistent
               69432 kB: com.android.systemui (pid 2448)
               10563 kB: com.skyworth.android.skyRMService (pid 2581)
                7428 kB: com.hisilicon.android.hiRMService (pid 2561)
    13246 kB: Persistent Service
               13246 kB: com.android.bluetooth (pid 5003)
   395803 kB: Foreground
              148249 kB: com.tianci.movieplatform (pid 22425 / activities)
               99476 kB: com.skyworth.angel.voice (pid 5347)
               59682 kB: com.tianci.de (pid 20913)
               52356 kB: com.tianci.system (pid 2506)
               36040 kB: com.tianci.push (pid 2970)
    39858 kB: Visible
               39858 kB: com.coocaa.os.ccosservice (pid 5242)
    40945 kB: Perceptible
               27384 kB: com.coocaa.os.softsettings.provider (pid 20958)
               13561 kB: com.skyworth.tianciime (pid 9961)
   133973 kB: Cached
               63426 kB: com.skyworth.setting (pid 9660)
               28877 kB: com.coocaa.sysreport (pid 23569)
               11290 kB: com.bajintech.karaok (pid 5033)
               10359 kB: android.process.media (pid 3532)
                7851 kB: com.android.defcontainer (pid 9718)
                7228 kB: com.android.externalstorage (pid 12828)
                4942 kB: com.coocaa.messageprovider (pid 10697)

Total PSS by category:
   277772 kB: .dex mmap
   229329 kB: Dalvik
   130586 kB: Native
   103673 kB: .so mmap
    84814 kB: .oat mmap
    34391 kB: .art mmap
    14097 kB: Other mmap
    10309 kB: .apk mmap
    10304 kB: .ttf mmap
     9037 kB: Dalvik Other
     7792 kB: Stack
     6269 kB: Unknown
      219 kB: Other dev
        8 kB: .jar mmap
        4 kB: Cursor
        0 kB: Ashmem
        0 kB: Gfx dev
        0 kB: EGL mtrack
        0 kB: GL mtrack
        0 kB: Other mtrack

Total RAM: 1880788 kB (status moderate)
 Free RAM: 780721 kB (133973 cached pss + 217436 cached kernel + 429312 free)
 Used RAM: 1753187 kB (784631 used pss + 968556 kernel)
 Lost RAM: -653120 kB
   Tuning: 192 (large 384), oom 65536 kB, restore limit 21845 kB (high-end-gfx)
Applications Memory Usage (kB):
Uptime: 2361900 Realtime: 2361900

Total PSS by process:
   167297 kB: com.tianci.movieplatform (pid 22425 / activities)
    99815 kB: com.skyworth.angel.voice (pid 5347)
    86940 kB: system (pid 2213)
    69425 kB: com.android.systemui (pid 2448)
    63218 kB: com.skyworth.setting (pid 9660)
    59427 kB: com.tianci.de (pid 20913)
    52027 kB: com.tianci.system (pid 2506)
    39649 kB: com.coocaa.os.ccosservice (pid 5242)
    36039 kB: com.tianci.push (pid 2970)
    29372 kB: com.coocaa.sysreport (pid 23569)
    27176 kB: com.coocaa.os.softsettings.provider (pid 20958)
    23433 kB: zygote64 (pid 1610)
    14496 kB: zygote (pid 1611)
    14369 kB: logd (pid 1586)
    13407 kB: com.skyworth.tianciime (pid 9961)
    13019 kB: com.android.bluetooth (pid 5003)
    12516 kB: dex2oat (pid 26363)
    12060 kB: mediaserver (pid 1596)
    11101 kB: com.bajintech.karaok (pid 5033)
    10563 kB: com.skyworth.android.skyRMService (pid 2581)
    10358 kB: android.process.media (pid 3532)
    10260 kB: dex2oat (pid 26365)
     9588 kB: surfaceflinger (pid 1591)
     7857 kB: com.android.defcontainer (pid 9718)
     7226 kB: com.hisilicon.android.hiRMService (pid 2561)
     7218 kB: com.android.externalstorage (pid 12828)
     6493 kB: displaysetting (pid 1603)
     6239 kB: tvserver (pid 1604)
     4772 kB: com.coocaa.messageprovider (pid 10697)
     4134 kB: hiaoservice (pid 1599)
     3849 kB: hisysmanager (pid 1600)
     2812 kB: wpa_supplicant (pid 5211)
     2231 kB: stbserver (pid 1709)
     2153 kB: drmserver (pid 1595)
     1587 kB: vold (pid 1590)
     1229 kB: keystore (pid 1598)
     1139 kB: netd (pid 1592)
     1109 kB: android_ir_user (pid 1613)
     1088 kB: VirtualEvent (pid 2013)
      857 kB: dtvloaderserver (pid 1605)
      854 kB: hikaraokeservice (pid 1601)
      808 kB: virtualkeypad (pid 1606)
      801 kB: /init (pid 1)
      800 kB: debuggerd64 (pid 1594)
      689 kB: adbd (pid 3315)
      628 kB: lmkd (pid 1588)
      602 kB: netshared (pid 1602)
      582 kB: dhcpcd (pid 20747)
      576 kB: healthd (pid 1587)
      531 kB: dumpsys (pid 26377)
      472 kB: ueventd (pid 1106)
      456 kB: coocaa_guard (pid 1608)
      450 kB: teecd (pid 1614)
      444 kB: logcat (pid 1820)
      415 kB: sh (pid 6351)
      392 kB: installd (pid 1597)
      386 kB: sh (pid 1742)
      371 kB: sh (pid 1745)
      350 kB: debuggerd (pid 1593)
      349 kB: sh (pid 1632)
      335 kB: servicemanager (pid 1589)
      320 kB: sh (pid 1806)
      271 kB: hidrawd (pid 1609)
      236 kB: smobsd (pid 2018)
        0 kB: dex2oat (pid 26364)

Total PSS by OOM adjustment:
   143760 kB: Native
               23433 kB: zygote64 (pid 1610)
               14496 kB: zygote (pid 1611)
               14369 kB: logd (pid 1586)
               12516 kB: dex2oat (pid 26363)
               12060 kB: mediaserver (pid 1596)
               10260 kB: dex2oat (pid 26365)
                9588 kB: surfaceflinger (pid 1591)
                6493 kB: displaysetting (pid 1603)
                6239 kB: tvserver (pid 1604)
                4134 kB: hiaoservice (pid 1599)
                3849 kB: hisysmanager (pid 1600)
                2812 kB: wpa_supplicant (pid 5211)
                2231 kB: stbserver (pid 1709)
                2153 kB: drmserver (pid 1595)
                1587 kB: vold (pid 1590)
                1229 kB: keystore (pid 1598)
                1139 kB: netd (pid 1592)
                1109 kB: android_ir_user (pid 1613)
                1088 kB: VirtualEvent (pid 2013)
                 857 kB: dtvloaderserver (pid 1605)
                 854 kB: hikaraokeservice (pid 1601)
                 808 kB: virtualkeypad (pid 1606)
                 801 kB: /init (pid 1)
                 800 kB: debuggerd64 (pid 1594)
                 689 kB: adbd (pid 3315)
                 628 kB: lmkd (pid 1588)
                 602 kB: netshared (pid 1602)
                 582 kB: dhcpcd (pid 20747)
                 576 kB: healthd (pid 1587)
                 531 kB: dumpsys (pid 26377)
                 472 kB: ueventd (pid 1106)
                 456 kB: coocaa_guard (pid 1608)
                 450 kB: teecd (pid 1614)
                 444 kB: logcat (pid 1820)
                 415 kB: sh (pid 6351)
                 392 kB: installd (pid 1597)
                 386 kB: sh (pid 1742)
                 371 kB: sh (pid 1745)
                 350 kB: debuggerd (pid 1593)
                 349 kB: sh (pid 1632)
                 335 kB: servicemanager (pid 1589)
                 320 kB: sh (pid 1806)
                 271 kB: hidrawd (pid 1609)
                 236 kB: smobsd (pid 2018)
                   0 kB: dex2oat (pid 26364)
    86940 kB: System
               86940 kB: system (pid 2213)
    87214 kB: Persistent
               69425 kB: com.android.systemui (pid 2448)
               10563 kB: com.skyworth.android.skyRMService (pid 2581)
                7226 kB: com.hisilicon.android.hiRMService (pid 2561)
    13019 kB: Persistent Service
               13019 kB: com.android.bluetooth (pid 5003)
   414605 kB: Foreground
              167297 kB: com.tianci.movieplatform (pid 22425 / activities)
               99815 kB: com.skyworth.angel.voice (pid 5347)
               59427 kB: com.tianci.de (pid 20913)
               52027 kB: com.tianci.system (pid 2506)
               36039 kB: com.tianci.push (pid 2970)
    39649 kB: Visible
               39649 kB: com.coocaa.os.ccosservice (pid 5242)
    40583 kB: Perceptible
               27176 kB: com.coocaa.os.softsettings.provider (pid 20958)
               13407 kB: com.skyworth.tianciime (pid 9961)
   133896 kB: Cached
               63218 kB: com.skyworth.setting (pid 9660)
               29372 kB: com.coocaa.sysreport (pid 23569)
               11101 kB: com.bajintech.karaok (pid 5033)
               10358 kB: android.process.media (pid 3532)
                7857 kB: com.android.defcontainer (pid 9718)
                7218 kB: com.android.externalstorage (pid 12828)
                4772 kB: com.coocaa.messageprovider (pid 10697)

Total PSS by category:
   279116 kB: .dex mmap
   247897 kB: Dalvik
   138722 kB: Native
   105873 kB: .so mmap
    84962 kB: .oat mmap
    35693 kB: .art mmap
    16117 kB: Dalvik Other
    15908 kB: Other mmap
    10309 kB: .apk mmap
    10304 kB: .ttf mmap
     8040 kB: Stack
     6485 kB: Unknown
      228 kB: Other dev
        8 kB: .jar mmap
        4 kB: Cursor
        0 kB: Ashmem
        0 kB: Gfx dev
        0 kB: EGL mtrack
        0 kB: GL mtrack
        0 kB: Other mtrack

Total RAM: 1880788 kB (status moderate)
 Free RAM: 739196 kB (133896 cached pss + 222172 cached kernel + 383128 free)
 Used RAM: 1795266 kB (825770 used pss + 969496 kernel)
 Lost RAM: -653674 kB
   Tuning: 192 (large 384), oom 65536 kB, restore limit 21845 kB (high-end-gfx)
Applications Memory Usage (kB):
Uptime: 2366301 Realtime: 2366301

Total PSS by process:
   165808 kB: com.tianci.movieplatform (pid 22425 / activities)
    99906 kB: com.skyworth.angel.voice (pid 5347)
    86135 kB: system (pid 2213)
    69425 kB: com.android.systemui (pid 2448)
    63179 kB: com.skyworth.setting (pid 9660)
    59271 kB: com.tianci.de (pid 20913)
    51908 kB: com.tianci.system (pid 2506)
    39496 kB: com.coocaa.os.ccosservice (pid 5242)
    36036 kB: com.tianci.push (pid 2970)
    30138 kB: com.coocaa.sysreport (pid 23569)
    27019 kB: com.coocaa.os.softsettings.provider (pid 20958)
    23429 kB: zygote64 (pid 1610)
    20669 kB: dex2oat (pid 26363)
    15487 kB: dex2oat (pid 26365)
    14418 kB: logd (pid 1586)
    14135 kB: zygote (pid 1611)
    13207 kB: com.skyworth.tianciime (pid 9961)
    12861 kB: com.android.bluetooth (pid 5003)
    12064 kB: mediaserver (pid 1596)
    10942 kB: com.bajintech.karaok (pid 5033)
    10567 kB: com.skyworth.android.skyRMService (pid 2581)
    10361 kB: android.process.media (pid 3532)
     9626 kB: surfaceflinger (pid 1591)
     7858 kB: com.android.defcontainer (pid 9718)
     7222 kB: com.android.externalstorage (pid 12828)
     7075 kB: com.hisilicon.android.hiRMService (pid 2561)
     6479 kB: displaysetting (pid 1603)
     6236 kB: tvserver (pid 1604)
     4611 kB: com.coocaa.messageprovider (pid 10697)
     4136 kB: hiaoservice (pid 1599)
     3852 kB: hisysmanager (pid 1600)
     2812 kB: wpa_supplicant (pid 5211)
     2229 kB: stbserver (pid 1709)
     2152 kB: drmserver (pid 1595)
     1592 kB: vold (pid 1590)
     1230 kB: keystore (pid 1598)
     1139 kB: netd (pid 1592)
     1109 kB: android_ir_user (pid 1613)
     1087 kB: VirtualEvent (pid 2013)
      856 kB: dtvloaderserver (pid 1605)
      853 kB: hikaraokeservice (pid 1601)
      807 kB: virtualkeypad (pid 1606)
      801 kB: /init (pid 1)
      800 kB: debuggerd64 (pid 1594)
      689 kB: adbd (pid 3315)
      626 kB: lmkd (pid 1588)
      601 kB: netshared (pid 1602)
      582 kB: dhcpcd (pid 20747)
      576 kB: healthd (pid 1587)
      472 kB: ueventd (pid 1106)
      455 kB: coocaa_guard (pid 1608)
      450 kB: teecd (pid 1614)
      445 kB: logcat (pid 1820)
      415 kB: sh (pid 6351)
      392 kB: installd (pid 1597)
      387 kB: sh (pid 1742)
      371 kB: sh (pid 1745)
      351 kB: debuggerd (pid 1593)
      349 kB: sh (pid 1632)
      335 kB: servicemanager (pid 1589)
      320 kB: sh (pid 1806)
      270 kB: hidrawd (pid 1609)
      236 kB: smobsd (pid 2018)
        0 kB: dex2oat (pid 26364)
        0 kB: dumpsys (pid 26377)

Total PSS by OOM adjustment:
   156320 kB: Native
               23429 kB: zygote64 (pid 1610)
               20669 kB: dex2oat (pid 26363)
               15487 kB: dex2oat (pid 26365)
               14418 kB: logd (pid 1586)
               14135 kB: zygote (pid 1611)
               12064 kB: mediaserver (pid 1596)
                9626 kB: surfaceflinger (pid 1591)
                6479 kB: displaysetting (pid 1603)
                6236 kB: tvserver (pid 1604)
                4136 kB: hiaoservice (pid 1599)
                3852 kB: hisysmanager (pid 1600)
                2812 kB: wpa_supplicant (pid 5211)
                2229 kB: stbserver (pid 1709)
                2152 kB: drmserver (pid 1595)
                1592 kB: vold (pid 1590)
                1230 kB: keystore (pid 1598)
                1139 kB: netd (pid 1592)
                1109 kB: android_ir_user (pid 1613)
                1087 kB: VirtualEvent (pid 2013)
                 856 kB: dtvloaderserver (pid 1605)
                 853 kB: hikaraokeservice (pid 1601)
                 807 kB: virtualkeypad (pid 1606)
                 801 kB: /init (pid 1)
                 800 kB: debuggerd64 (pid 1594)
                 689 kB: adbd (pid 3315)
                 626 kB: lmkd (pid 1588)
                 601 kB: netshared (pid 1602)
                 582 kB: dhcpcd (pid 20747)
                 576 kB: healthd (pid 1587)
                 472 kB: ueventd (pid 1106)
                 455 kB: coocaa_guard (pid 1608)
                 450 kB: teecd (pid 1614)
                 445 kB: logcat (pid 1820)
                 415 kB: sh (pid 6351)
                 392 kB: installd (pid 1597)
                 387 kB: sh (pid 1742)
                 371 kB: sh (pid 1745)
                 351 kB: debuggerd (pid 1593)
                 349 kB: sh (pid 1632)
                 335 kB: servicemanager (pid 1589)
                 320 kB: sh (pid 1806)
                 270 kB: hidrawd (pid 1609)
                 236 kB: smobsd (pid 2018)
                   0 kB: dex2oat (pid 26364)
                   0 kB: dumpsys (pid 26377)
    86135 kB: System
               86135 kB: system (pid 2213)
    87067 kB: Persistent
               69425 kB: com.android.systemui (pid 2448)
               10567 kB: com.skyworth.android.skyRMService (pid 2581)
                7075 kB: com.hisilicon.android.hiRMService (pid 2561)
    12861 kB: Persistent Service
               12861 kB: com.android.bluetooth (pid 5003)
   412929 kB: Foreground
              165808 kB: com.tianci.movieplatform (pid 22425 / activities)
               99906 kB: com.skyworth.angel.voice (pid 5347)
               59271 kB: com.tianci.de (pid 20913)
               51908 kB: com.tianci.system (pid 2506)
               36036 kB: com.tianci.push (pid 2970)
    39496 kB: Visible
               39496 kB: com.coocaa.os.ccosservice (pid 5242)
    40226 kB: Perceptible
               27019 kB: com.coocaa.os.softsettings.provider (pid 20958)
               13207 kB: com.skyworth.tianciime (pid 9961)
   134311 kB: Cached
               63179 kB: com.skyworth.setting (pid 9660)
               30138 kB: com.coocaa.sysreport (pid 23569)
               10942 kB: com.bajintech.karaok (pid 5033)
               10361 kB: android.process.media (pid 3532)
                7858 kB: com.android.defcontainer (pid 9718)
                7222 kB: com.android.externalstorage (pid 12828)
                4611 kB: com.coocaa.messageprovider (pid 10697)

Total PSS by category:
   279184 kB: .dex mmap
   245268 kB: Dalvik
   151609 kB: Native
   105694 kB: .so mmap
    84313 kB: .oat mmap
    35280 kB: .art mmap
    16504 kB: Other mmap
    16187 kB: Dalvik Other
    10305 kB: .apk mmap
    10304 kB: .ttf mmap
     8048 kB: Stack
     6408 kB: Unknown
      229 kB: Other dev
        8 kB: .jar mmap
        4 kB: Cursor
        0 kB: Ashmem
        0 kB: Gfx dev
        0 kB: EGL mtrack
        0 kB: GL mtrack
        0 kB: Other mtrack

Total RAM: 1880788 kB (status moderate)
 Free RAM: 721819 kB (134311 cached pss + 220772 cached kernel + 366736 free)
 Used RAM: 1806002 kB (835034 used pss + 970968 kernel)
 Lost RAM: -647033 kB
   Tuning: 192 (large 384), oom 65536 kB, restore limit 21845 kB (high-end-gfx)
Applications Memory Usage (kB):
Uptime: 2370834 Realtime: 2370834

Total PSS by process:
   163314 kB: com.tianci.movieplatform (pid 22425 / activities)
    99476 kB: com.skyworth.angel.voice (pid 5347)
    86731 kB: system (pid 2213)
    69426 kB: com.android.systemui (pid 2448)
    63199 kB: com.skyworth.setting (pid 9660)
    59340 kB: com.tianci.de (pid 20913)
    51904 kB: com.tianci.system (pid 2506)
    39510 kB: com.coocaa.os.ccosservice (pid 5242)
    36031 kB: com.tianci.push (pid 2970)
    31182 kB: com.coocaa.sysreport (pid 23569)
    28809 kB: dex2oat (pid 26363)
    27032 kB: com.coocaa.os.softsettings.provider (pid 20958)
    23429 kB: zygote64 (pid 1610)
    20684 kB: com.tianci.user (pid 26446)
    14322 kB: logd (pid 1586)
    14312 kB: zygote (pid 1611)
    13243 kB: com.skyworth.tianciime (pid 9961)
    12897 kB: com.android.bluetooth (pid 5003)
    12076 kB: mediaserver (pid 1596)
    10973 kB: com.bajintech.karaok (pid 5033)
    10567 kB: com.skyworth.android.skyRMService (pid 2581)
    10365 kB: android.process.media (pid 3532)
     9602 kB: surfaceflinger (pid 1591)
     7859 kB: com.android.defcontainer (pid 9718)
     7222 kB: com.android.externalstorage (pid 12828)
     7106 kB: com.hisilicon.android.hiRMService (pid 2561)
     6492 kB: displaysetting (pid 1603)
     6242 kB: tvserver (pid 1604)
     4653 kB: com.coocaa.messageprovider (pid 10697)
     4145 kB: hiaoservice (pid 1599)
     3864 kB: hisysmanager (pid 1600)
     2812 kB: wpa_supplicant (pid 5211)
     2232 kB: stbserver (pid 1709)
     2154 kB: drmserver (pid 1595)
     1592 kB: vold (pid 1590)
     1230 kB: keystore (pid 1598)
     1139 kB: netd (pid 1592)
     1125 kB: busybox (pid 26543)
     1111 kB: android_ir_user (pid 1613)
     1090 kB: VirtualEvent (pid 2013)
      859 kB: dtvloaderserver (pid 1605)
      856 kB: hikaraokeservice (pid 1601)
      810 kB: virtualkeypad (pid 1606)
      801 kB: /init (pid 1)
      800 kB: debuggerd64 (pid 1594)
      689 kB: adbd (pid 3315)
      626 kB: lmkd (pid 1588)
      604 kB: netshared (pid 1602)
      582 kB: dhcpcd (pid 20747)
      576 kB: healthd (pid 1587)
      520 kB: dumpsys (pid 26544)
      472 kB: ueventd (pid 1106)
      456 kB: coocaa_guard (pid 1608)
      450 kB: teecd (pid 1614)
      445 kB: logcat (pid 1820)
      415 kB: sh (pid 6351)
      392 kB: installd (pid 1597)
      387 kB: sh (pid 1742)
      371 kB: sh (pid 1745)
      355 kB: debuggerd (pid 1593)
      349 kB: sh (pid 1632)
      335 kB: servicemanager (pid 1589)
      320 kB: sh (pid 1806)
      271 kB: hidrawd (pid 1609)
      236 kB: smobsd (pid 2018)

Total PSS by OOM adjustment:
   150755 kB: Native
               28809 kB: dex2oat (pid 26363)
               23429 kB: zygote64 (pid 1610)
               14322 kB: logd (pid 1586)
               14312 kB: zygote (pid 1611)
               12076 kB: mediaserver (pid 1596)
                9602 kB: surfaceflinger (pid 1591)
                6492 kB: displaysetting (pid 1603)
                6242 kB: tvserver (pid 1604)
                4145 kB: hiaoservice (pid 1599)
                3864 kB: hisysmanager (pid 1600)
                2812 kB: wpa_supplicant (pid 5211)
                2232 kB: stbserver (pid 1709)
                2154 kB: drmserver (pid 1595)
                1592 kB: vold (pid 1590)
                1230 kB: keystore (pid 1598)
                1139 kB: netd (pid 1592)
                1125 kB: busybox (pid 26543)
                1111 kB: android_ir_user (pid 1613)
                1090 kB: VirtualEvent (pid 2013)
                 859 kB: dtvloaderserver (pid 1605)
                 856 kB: hikaraokeservice (pid 1601)
                 810 kB: virtualkeypad (pid 1606)
                 801 kB: /init (pid 1)
                 800 kB: debuggerd64 (pid 1594)
                 689 kB: adbd (pid 3315)
                 626 kB: lmkd (pid 1588)
                 604 kB: netshared (pid 1602)
                 582 kB: dhcpcd (pid 20747)
                 576 kB: healthd (pid 1587)
                 520 kB: dumpsys (pid 26544)
                 472 kB: ueventd (pid 1106)
                 456 kB: coocaa_guard (pid 1608)
                 450 kB: teecd (pid 1614)
                 445 kB: logcat (pid 1820)
                 415 kB: sh (pid 6351)
                 392 kB: installd (pid 1597)
                 387 kB: sh (pid 1742)
                 371 kB: sh (pid 1745)
                 355 kB: debuggerd (pid 1593)
                 349 kB: sh (pid 1632)
                 335 kB: servicemanager (pid 1589)
                 320 kB: sh (pid 1806)
                 271 kB: hidrawd (pid 1609)
                 236 kB: smobsd (pid 2018)
    86731 kB: System
               86731 kB: system (pid 2213)
    87099 kB: Persistent
               69426 kB: com.android.systemui (pid 2448)
               10567 kB: com.skyworth.android.skyRMService (pid 2581)
                7106 kB: com.hisilicon.android.hiRMService (pid 2561)
    12897 kB: Persistent Service
               12897 kB: com.android.bluetooth (pid 5003)
   410065 kB: Foreground
              163314 kB: com.tianci.movieplatform (pid 22425 / activities)
               99476 kB: com.skyworth.angel.voice (pid 5347)
               59340 kB: com.tianci.de (pid 20913)
               51904 kB: com.tianci.system (pid 2506)
               36031 kB: com.tianci.push (pid 2970)
    39510 kB: Visible
               39510 kB: com.coocaa.os.ccosservice (pid 5242)
    40275 kB: Perceptible
               27032 kB: com.coocaa.os.softsettings.provider (pid 20958)
               13243 kB: com.skyworth.tianciime (pid 9961)
   156137 kB: Cached
               63199 kB: com.skyworth.setting (pid 9660)
               31182 kB: com.coocaa.sysreport (pid 23569)
               20684 kB: com.tianci.user (pid 26446)
               10973 kB: com.bajintech.karaok (pid 5033)
               10365 kB: android.process.media (pid 3532)
                7859 kB: com.android.defcontainer (pid 9718)
                7222 kB: com.android.externalstorage (pid 12828)
                4653 kB: com.coocaa.messageprovider (pid 10697)

Total PSS by category:
   290900 kB: .dex mmap
   245308 kB: Dalvik
   152441 kB: Native
   105991 kB: .so mmap
    84755 kB: .oat mmap
    36120 kB: .art mmap
    17751 kB: Other mmap
    14151 kB: Dalvik Other
    10942 kB: .apk mmap
    10304 kB: .ttf mmap
     8104 kB: Stack
     6453 kB: Unknown
      237 kB: Other dev
        8 kB: .jar mmap
        4 kB: Cursor
        0 kB: Ashmem
        0 kB: Gfx dev
        0 kB: EGL mtrack
        0 kB: GL mtrack
        0 kB: Other mtrack

Total RAM: 1880788 kB (status moderate)
 Free RAM: 732729 kB (156137 cached pss + 216340 cached kernel + 360252 free)
 Used RAM: 1798208 kB (827332 used pss + 970876 kernel)
 Lost RAM: -650149 kB
   Tuning: 192 (large 384), oom 65536 kB, restore limit 21845 kB (high-end-gfx)
Applications Memory Usage (kB):
Uptime: 2374874 Realtime: 2374874

Total PSS by process:
   187131 kB: com.tianci.movieplatform (pid 22425 / activities)
    99917 kB: com.skyworth.angel.voice (pid 5347)
    86099 kB: system (pid 2213)
    69379 kB: com.android.systemui (pid 2448)
    63374 kB: com.skyworth.setting (pid 9660)
    56728 kB: com.tianci.de (pid 20913)
    51912 kB: com.tianci.system (pid 2506)
    39486 kB: com.coocaa.os.ccosservice (pid 5242)
    36033 kB: com.tianci.push (pid 2970)
    31840 kB: com.tianci.user (pid 26446)
    31370 kB: com.coocaa.sysreport (pid 23569)
    27083 kB: com.coocaa.os.softsettings.provider (pid 20958)
    23410 kB: zygote64 (pid 1610)
    14532 kB: zygote (pid 1611)
    14347 kB: logd (pid 1586)
    13323 kB: com.skyworth.tianciime (pid 9961)
    12942 kB: com.android.bluetooth (pid 5003)
    12076 kB: mediaserver (pid 1596)
    11058 kB: com.bajintech.karaok (pid 5033)
    10570 kB: com.skyworth.android.skyRMService (pid 2581)
    10363 kB: android.process.media (pid 3532)
     9557 kB: surfaceflinger (pid 1591)
     7858 kB: com.android.defcontainer (pid 9718)
     7221 kB: com.android.externalstorage (pid 12828)
     7150 kB: com.hisilicon.android.hiRMService (pid 2561)
     6475 kB: displaysetting (pid 1603)
     6226 kB: tvserver (pid 1604)
     4725 kB: com.coocaa.messageprovider (pid 10697)
     4130 kB: hiaoservice (pid 1599)
     3852 kB: hisysmanager (pid 1600)
     2801 kB: wpa_supplicant (pid 5211)
     2211 kB: stbserver (pid 1709)
     2144 kB: drmserver (pid 1595)
     1566 kB: vold (pid 1590)
     1215 kB: keystore (pid 1598)
     1127 kB: netd (pid 1592)
     1110 kB: android_ir_user (pid 1613)
     1090 kB: VirtualEvent (pid 2013)
      859 kB: dtvloaderserver (pid 1605)
      856 kB: hikaraokeservice (pid 1601)
      808 kB: virtualkeypad (pid 1606)
      801 kB: /init (pid 1)
      796 kB: debuggerd64 (pid 1594)
      693 kB: adbd (pid 3315)
      617 kB: lmkd (pid 1588)
      604 kB: netshared (pid 1602)
      579 kB: dhcpcd (pid 20747)
      576 kB: healthd (pid 1587)
      472 kB: ueventd (pid 1106)
      456 kB: coocaa_guard (pid 1608)
      449 kB: teecd (pid 1614)
      443 kB: logcat (pid 1820)
      401 kB: sh (pid 6351)
      390 kB: installd (pid 1597)
      368 kB: sh (pid 1742)
      361 kB: sh (pid 1745)
      356 kB: debuggerd (pid 1593)
      339 kB: sh (pid 1632)
      331 kB: servicemanager (pid 1589)
      311 kB: sh (pid 1806)
      271 kB: hidrawd (pid 1609)
      237 kB: smobsd (pid 2018)
        0 kB: dex2oat (pid 26363)
        0 kB: busybox (pid 26543)
        0 kB: dumpsys (pid 26544)

Total PSS by OOM adjustment:
   120243 kB: Native
               23410 kB: zygote64 (pid 1610)
               14532 kB: zygote (pid 1611)
               14347 kB: logd (pid 1586)
               12076 kB: mediaserver (pid 1596)
                9557 kB: surfaceflinger (pid 1591)
                6475 kB: displaysetting (pid 1603)
                6226 kB: tvserver (pid 1604)
                4130 kB: hiaoservice (pid 1599)
                3852 kB: hisysmanager (pid 1600)
                2801 kB: wpa_supplicant (pid 5211)
                2211 kB: stbserver (pid 1709)
                2144 kB: drmserver (pid 1595)
                1566 kB: vold (pid 1590)
                1215 kB: keystore (pid 1598)
                1127 kB: netd (pid 1592)
                1110 kB: android_ir_user (pid 1613)
                1090 kB: VirtualEvent (pid 2013)
                 859 kB: dtvloaderserver (pid 1605)
                 856 kB: hikaraokeservice (pid 1601)
                 808 kB: virtualkeypad (pid 1606)
                 801 kB: /init (pid 1)
                 796 kB: debuggerd64 (pid 1594)
                 693 kB: adbd (pid 3315)
                 617 kB: lmkd (pid 1588)
                 604 kB: netshared (pid 1602)
                 579 kB: dhcpcd (pid 20747)
                 576 kB: healthd (pid 1587)
                 472 kB: ueventd (pid 1106)
                 456 kB: coocaa_guard (pid 1608)
                 449 kB: teecd (pid 1614)
                 443 kB: logcat (pid 1820)
                 401 kB: sh (pid 6351)
                 390 kB: installd (pid 1597)
                 368 kB: sh (pid 1742)
                 361 kB: sh (pid 1745)
                 356 kB: debuggerd (pid 1593)
                 339 kB: sh (pid 1632)
                 331 kB: servicemanager (pid 1589)
                 311 kB: sh (pid 1806)
                 271 kB: hidrawd (pid 1609)
                 237 kB: smobsd (pid 2018)
                   0 kB: dex2oat (pid 26363)
                   0 kB: busybox (pid 26543)
                   0 kB: dumpsys (pid 26544)
    86099 kB: System
               86099 kB: system (pid 2213)
    87099 kB: Persistent
               69379 kB: com.android.systemui (pid 2448)
               10570 kB: com.skyworth.android.skyRMService (pid 2581)
                7150 kB: com.hisilicon.android.hiRMService (pid 2561)
    12942 kB: Persistent Service
               12942 kB: com.android.bluetooth (pid 5003)
   471207 kB: Foreground
              187131 kB: com.tianci.movieplatform (pid 22425 / activities)
               99917 kB: com.skyworth.angel.voice (pid 5347)
               56728 kB: com.tianci.de (pid 20913)
               51912 kB: com.tianci.system (pid 2506)
               39486 kB: com.coocaa.os.ccosservice (pid 5242)
               36033 kB: com.tianci.push (pid 2970)
    40406 kB: Perceptible
               27083 kB: com.coocaa.os.softsettings.provider (pid 20958)
               13323 kB: com.skyworth.tianciime (pid 9961)
   167809 kB: Cached
               63374 kB: com.skyworth.setting (pid 9660)
               31840 kB: com.tianci.user (pid 26446)
               31370 kB: com.coocaa.sysreport (pid 23569)
               11058 kB: com.bajintech.karaok (pid 5033)
               10363 kB: android.process.media (pid 3532)
                7858 kB: com.android.defcontainer (pid 9718)
                7221 kB: com.android.externalstorage (pid 12828)
                4725 kB: com.coocaa.messageprovider (pid 10697)

Total PSS by category:
   302804 kB: .dex mmap
   247764 kB: Dalvik
   140832 kB: Native
   110092 kB: .so mmap
    84883 kB: .oat mmap
    35260 kB: .art mmap
    17738 kB: Other mmap
    10997 kB: .apk mmap
    10304 kB: .ttf mmap
     9833 kB: Dalvik Other
     8536 kB: Stack
     6386 kB: Unknown
      236 kB: Other dev
      128 kB: Ashmem
        8 kB: .jar mmap
        4 kB: Cursor
        0 kB: Gfx dev
        0 kB: EGL mtrack
        0 kB: GL mtrack
        0 kB: Other mtrack

Total RAM: 1880788 kB (status moderate)
 Free RAM: 737737 kB (167809 cached pss + 231968 cached kernel + 337960 free)
 Used RAM: 1790204 kB (817996 used pss + 972208 kernel)
 Lost RAM: -647153 kB
   Tuning: 192 (large 384), oom 65536 kB, restore limit 21845 kB (high-end-gfx)
Applications Memory Usage (kB):
Uptime: 2379503 Realtime: 2379503

Total PSS by process:
   186327 kB: com.tianci.movieplatform (pid 22425 / activities)
    99173 kB: com.skyworth.angel.voice (pid 5347)
    86938 kB: system (pid 2213)
    69375 kB: com.android.systemui (pid 2448)
    63374 kB: com.skyworth.setting (pid 9660)
    56576 kB: com.tianci.de (pid 20913)
    51912 kB: com.tianci.system (pid 2506)
    39486 kB: com.coocaa.os.ccosservice (pid 5242)
    36031 kB: com.tianci.push (pid 2970)
    31358 kB: com.coocaa.sysreport (pid 23569)
    30207 kB: com.tianci.user (pid 26446)
    27083 kB: com.coocaa.os.softsettings.provider (pid 20958)
    23416 kB: zygote64 (pid 1610)
    14532 kB: zygote (pid 1611)
    14374 kB: logd (pid 1586)
    13323 kB: com.skyworth.tianciime (pid 9961)
    12942 kB: com.android.bluetooth (pid 5003)
    12076 kB: mediaserver (pid 1596)
    11058 kB: com.bajintech.karaok (pid 5033)
    10573 kB: com.skyworth.android.skyRMService (pid 2581)
    10367 kB: android.process.media (pid 3532)
     9568 kB: surfaceflinger (pid 1591)
     7858 kB: com.android.defcontainer (pid 9718)
     7221 kB: com.android.externalstorage (pid 12828)
     7150 kB: com.hisilicon.android.hiRMService (pid 2561)
     6484 kB: displaysetting (pid 1603)
     6226 kB: tvserver (pid 1604)
     4725 kB: com.coocaa.messageprovider (pid 10697)
     4130 kB: hiaoservice (pid 1599)
     3852 kB: hisysmanager (pid 1600)
     2805 kB: wpa_supplicant (pid 5211)
     2211 kB: stbserver (pid 1709)
     2144 kB: drmserver (pid 1595)
     1584 kB: vold (pid 1590)
     1223 kB: keystore (pid 1598)
     1139 kB: netd (pid 1592)
     1110 kB: android_ir_user (pid 1613)
     1090 kB: VirtualEvent (pid 2013)
      859 kB: dtvloaderserver (pid 1605)
      856 kB: hikaraokeservice (pid 1601)
      808 kB: virtualkeypad (pid 1606)
      801 kB: /init (pid 1)
      795 kB: debuggerd64 (pid 1594)
      689 kB: adbd (pid 3315)
      613 kB: lmkd (pid 1588)
      604 kB: netshared (pid 1602)
      581 kB: dhcpcd (pid 20747)
      576 kB: healthd (pid 1587)
      530 kB: dumpsys (pid 26767)
      510 kB: dumpsys (pid 26795)
      472 kB: ueventd (pid 1106)
      456 kB: coocaa_guard (pid 1608)
      449 kB: teecd (pid 1614)
      444 kB: logcat (pid 1820)
      414 kB: sh (pid 6351)
      391 kB: installd (pid 1597)
      386 kB: sh (pid 1742)
      370 kB: sh (pid 1745)
      356 kB: debuggerd (pid 1593)
      352 kB: sh (pid 1632)
      334 kB: servicemanager (pid 1589)
      319 kB: sh (pid 1806)
      271 kB: hidrawd (pid 1609)
      237 kB: smobsd (pid 2018)

Total PSS by OOM adjustment:
   121437 kB: Native
               23416 kB: zygote64 (pid 1610)
               14532 kB: zygote (pid 1611)
               14374 kB: logd (pid 1586)
               12076 kB: mediaserver (pid 1596)
                9568 kB: surfaceflinger (pid 1591)
                6484 kB: displaysetting (pid 1603)
                6226 kB: tvserver (pid 1604)
                4130 kB: hiaoservice (pid 1599)
                3852 kB: hisysmanager (pid 1600)
                2805 kB: wpa_supplicant (pid 5211)
                2211 kB: stbserver (pid 1709)
                2144 kB: drmserver (pid 1595)
                1584 kB: vold (pid 1590)
                1223 kB: keystore (pid 1598)
                1139 kB: netd (pid 1592)
                1110 kB: android_ir_user (pid 1613)
                1090 kB: VirtualEvent (pid 2013)
                 859 kB: dtvloaderserver (pid 1605)
                 856 kB: hikaraokeservice (pid 1601)
                 808 kB: virtualkeypad (pid 1606)
                 801 kB: /init (pid 1)
                 795 kB: debuggerd64 (pid 1594)
                 689 kB: adbd (pid 3315)
                 613 kB: lmkd (pid 1588)
                 604 kB: netshared (pid 1602)
                 581 kB: dhcpcd (pid 20747)
                 576 kB: healthd (pid 1587)
                 530 kB: dumpsys (pid 26767)
                 510 kB: dumpsys (pid 26795)
                 472 kB: ueventd (pid 1106)
                 456 kB: coocaa_guard (pid 1608)
                 449 kB: teecd (pid 1614)
                 444 kB: logcat (pid 1820)
                 414 kB: sh (pid 6351)
                 391 kB: installd (pid 1597)
                 386 kB: sh (pid 1742)
                 370 kB: sh (pid 1745)
                 356 kB: debuggerd (pid 1593)
                 352 kB: sh (pid 1632)
                 334 kB: servicemanager (pid 1589)
                 319 kB: sh (pid 1806)
                 271 kB: hidrawd (pid 1609)
                 237 kB: smobsd (pid 2018)
    86938 kB: System
               86938 kB: system (pid 2213)
    87098 kB: Persistent
               69375 kB: com.android.systemui (pid 2448)
               10573 kB: com.skyworth.android.skyRMService (pid 2581)
                7150 kB: com.hisilicon.android.hiRMService (pid 2561)
    12942 kB: Persistent Service
               12942 kB: com.android.bluetooth (pid 5003)
   430019 kB: Foreground
              186327 kB: com.tianci.movieplatform (pid 22425 / activities)
               99173 kB: com.skyworth.angel.voice (pid 5347)
               56576 kB: com.tianci.de (pid 20913)
               51912 kB: com.tianci.system (pid 2506)
               36031 kB: com.tianci.push (pid 2970)
    39486 kB: Visible
               39486 kB: com.coocaa.os.ccosservice (pid 5242)
    40406 kB: Perceptible
               27083 kB: com.coocaa.os.softsettings.provider (pid 20958)
               13323 kB: com.skyworth.tianciime (pid 9961)
   166168 kB: Cached
               63374 kB: com.skyworth.setting (pid 9660)
               31358 kB: com.coocaa.sysreport (pid 23569)
               30207 kB: com.tianci.user (pid 26446)
               11058 kB: com.bajintech.karaok (pid 5033)
               10367 kB: android.process.media (pid 3532)
                7858 kB: com.android.defcontainer (pid 9718)
                7221 kB: com.android.externalstorage (pid 12828)
                4725 kB: com.coocaa.messageprovider (pid 10697)

Total PSS by category:
   302804 kB: .dex mmap
   244420 kB: Dalvik
   142179 kB: Native
   110740 kB: .so mmap
    84883 kB: .oat mmap
    35260 kB: .art mmap
    17946 kB: Other mmap
    10997 kB: .apk mmap
    10304 kB: .ttf mmap
     9517 kB: Dalvik Other
     8560 kB: Stack
     6498 kB: Unknown
      246 kB: Other dev
      128 kB: Ashmem
        8 kB: .jar mmap
        4 kB: Cursor
        0 kB: Gfx dev
        0 kB: EGL mtrack
        0 kB: GL mtrack
        0 kB: Other mtrack

Total RAM: 1880788 kB (status moderate)
 Free RAM: 748928 kB (166168 cached pss + 234936 cached kernel + 347824 free)
 Used RAM: 1791606 kB (818326 used pss + 973280 kernel)
 Lost RAM: -659746 kB
   Tuning: 192 (large 384), oom 65536 kB, restore limit 21845 kB (high-end-gfx)
Applications Memory Usage (kB):
Uptime: 2383895 Realtime: 2383895

Total PSS by process:
   185675 kB: com.tianci.movieplatform (pid 22425 / activities)
    99761 kB: com.skyworth.angel.voice (pid 5347)
    87657 kB: system (pid 2213)
    69380 kB: com.android.systemui (pid 2448)
    63375 kB: com.skyworth.setting (pid 9660)
    56596 kB: com.tianci.de (pid 20913)
    51912 kB: com.tianci.system (pid 2506)
    39486 kB: com.coocaa.os.ccosservice (pid 5242)
    36030 kB: com.tianci.push (pid 2970)
    31703 kB: com.coocaa.sysreport (pid 23569)
    30211 kB: com.tianci.user (pid 26446)
    27084 kB: com.coocaa.os.softsettings.provider (pid 20958)
    23417 kB: zygote64 (pid 1610)
    14532 kB: zygote (pid 1611)
    14410 kB: logd (pid 1586)
    13323 kB: com.skyworth.tianciime (pid 9961)
    12942 kB: com.android.bluetooth (pid 5003)
    12076 kB: mediaserver (pid 1596)
    11058 kB: com.bajintech.karaok (pid 5033)
    10497 kB: com.skyworth.android.skyRMService (pid 2581)
    10368 kB: android.process.media (pid 3532)
     9571 kB: surfaceflinger (pid 1591)
     7858 kB: com.android.defcontainer (pid 9718)
     7221 kB: com.android.externalstorage (pid 12828)
     7150 kB: com.hisilicon.android.hiRMService (pid 2561)
     6491 kB: displaysetting (pid 1603)
     6226 kB: tvserver (pid 1604)
     4725 kB: com.coocaa.messageprovider (pid 10697)
     4130 kB: hiaoservice (pid 1599)
     3852 kB: hisysmanager (pid 1600)
     2812 kB: wpa_supplicant (pid 5211)
     2211 kB: stbserver (pid 1709)
     2144 kB: drmserver (pid 1595)
     1592 kB: vold (pid 1590)
     1230 kB: keystore (pid 1598)
     1135 kB: netd (pid 1592)
     1110 kB: android_ir_user (pid 1613)
     1090 kB: VirtualEvent (pid 2013)
      859 kB: dtvloaderserver (pid 1605)
      856 kB: hikaraokeservice (pid 1601)
      808 kB: virtualkeypad (pid 1606)
      801 kB: /init (pid 1)
      800 kB: debuggerd64 (pid 1594)
      689 kB: adbd (pid 3315)
      626 kB: lmkd (pid 1588)
      604 kB: netshared (pid 1602)
      582 kB: dhcpcd (pid 20747)
      576 kB: healthd (pid 1587)
      472 kB: ueventd (pid 1106)
      456 kB: coocaa_guard (pid 1608)
      450 kB: teecd (pid 1614)
      445 kB: logcat (pid 1820)
      415 kB: sh (pid 6351)
      392 kB: installd (pid 1597)
      387 kB: sh (pid 1742)
      371 kB: sh (pid 1745)
      356 kB: debuggerd (pid 1593)
      353 kB: sh (pid 1632)
      335 kB: servicemanager (pid 1589)
      320 kB: sh (pid 1806)
      271 kB: hidrawd (pid 1609)
      237 kB: smobsd (pid 2018)
        0 kB: dumpsys (pid 26767)
        0 kB: dumpsys (pid 26795)

Total PSS by OOM adjustment:
   120490 kB: Native
               23417 kB: zygote64 (pid 1610)
               14532 kB: zygote (pid 1611)
               14410 kB: logd (pid 1586)
               12076 kB: mediaserver (pid 1596)
                9571 kB: surfaceflinger (pid 1591)
                6491 kB: displaysetting (pid 1603)
                6226 kB: tvserver (pid 1604)
                4130 kB: hiaoservice (pid 1599)
                3852 kB: hisysmanager (pid 1600)
                2812 kB: wpa_supplicant (pid 5211)
                2211 kB: stbserver (pid 1709)
                2144 kB: drmserver (pid 1595)
                1592 kB: vold (pid 1590)
                1230 kB: keystore (pid 1598)
                1135 kB: netd (pid 1592)
                1110 kB: android_ir_user (pid 1613)
                1090 kB: VirtualEvent (pid 2013)
                 859 kB: dtvloaderserver (pid 1605)
                 856 kB: hikaraokeservice (pid 1601)
                 808 kB: virtualkeypad (pid 1606)
                 801 kB: /init (pid 1)
                 800 kB: debuggerd64 (pid 1594)
                 689 kB: adbd (pid 3315)
                 626 kB: lmkd (pid 1588)
                 604 kB: netshared (pid 1602)
                 582 kB: dhcpcd (pid 20747)
                 576 kB: healthd (pid 1587)
                 472 kB: ueventd (pid 1106)
                 456 kB: coocaa_guard (pid 1608)
                 450 kB: teecd (pid 1614)
                 445 kB: logcat (pid 1820)
                 415 kB: sh (pid 6351)
                 392 kB: installd (pid 1597)
                 387 kB: sh (pid 1742)
                 371 kB: sh (pid 1745)
                 356 kB: debuggerd (pid 1593)
                 353 kB: sh (pid 1632)
                 335 kB: servicemanager (pid 1589)
                 320 kB: sh (pid 1806)
                 271 kB: hidrawd (pid 1609)
                 237 kB: smobsd (pid 2018)
                   0 kB: dumpsys (pid 26767)
                   0 kB: dumpsys (pid 26795)
    87657 kB: System
               87657 kB: system (pid 2213)
    87027 kB: Persistent
               69380 kB: com.android.systemui (pid 2448)
               10497 kB: com.skyworth.android.skyRMService (pid 2581)
                7150 kB: com.hisilicon.android.hiRMService (pid 2561)
    12942 kB: Persistent Service
               12942 kB: com.android.bluetooth (pid 5003)
   469460 kB: Foreground
              185675 kB: com.tianci.movieplatform (pid 22425 / activities)
               99761 kB: com.skyworth.angel.voice (pid 5347)
               56596 kB: com.tianci.de (pid 20913)
               51912 kB: com.tianci.system (pid 2506)
               39486 kB: com.coocaa.os.ccosservice (pid 5242)
               36030 kB: com.tianci.push (pid 2970)
    40407 kB: Perceptible
               27084 kB: com.coocaa.os.softsettings.provider (pid 20958)
               13323 kB: com.skyworth.tianciime (pid 9961)
   166519 kB: Cached
               63375 kB: com.skyworth.setting (pid 9660)
               31703 kB: com.coocaa.sysreport (pid 23569)
               30211 kB: com.tianci.user (pid 26446)
               11058 kB: com.bajintech.karaok (pid 5033)
               10368 kB: android.process.media (pid 3532)
                7858 kB: com.android.defcontainer (pid 9718)
                7221 kB: com.android.externalstorage (pid 12828)
                4725 kB: com.coocaa.messageprovider (pid 10697)

Total PSS by category:
   302804 kB: .dex mmap
   244012 kB: Dalvik
   143325 kB: Native
   110251 kB: .so mmap
    84884 kB: .oat mmap
    35260 kB: .art mmap
    17906 kB: Other mmap
    10997 kB: .apk mmap
    10304 kB: .ttf mmap
     9437 kB: Dalvik Other
     8552 kB: Stack
     6394 kB: Unknown
      236 kB: Other dev
      128 kB: Ashmem
        8 kB: .jar mmap
        4 kB: Cursor
        0 kB: Gfx dev
        0 kB: EGL mtrack
        0 kB: GL mtrack
        0 kB: Other mtrack

Total RAM: 1880788 kB (status moderate)
 Free RAM: 745111 kB (166519 cached pss + 11924 cached kernel + 566668 free)
 Used RAM: 1787679 kB (817983 used pss + 969696 kernel)
 Lost RAM: -652002 kB
   Tuning: 192 (large 384), oom 65536 kB, restore limit 21845 kB (high-end-gfx)
Applications Memory Usage (kB):
Uptime: 2388119 Realtime: 2388119

Total PSS by process:
   186038 kB: com.tianci.movieplatform (pid 22425 / activities)
    99841 kB: com.skyworth.angel.voice (pid 5347)
    86741 kB: system (pid 2213)
    69380 kB: com.android.systemui (pid 2448)
    63375 kB: com.skyworth.setting (pid 9660)
    56608 kB: com.tianci.de (pid 20913)
    51912 kB: com.tianci.system (pid 2506)
    39486 kB: com.coocaa.os.ccosservice (pid 5242)
    36030 kB: com.tianci.push (pid 2970)
    31566 kB: com.coocaa.sysreport (pid 23569)
    30212 kB: com.tianci.user (pid 26446)
    27084 kB: com.coocaa.os.softsettings.provider (pid 20958)
    23421 kB: zygote64 (pid 1610)
    14532 kB: zygote (pid 1611)
    14312 kB: logd (pid 1586)
    13323 kB: com.skyworth.tianciime (pid 9961)
    12942 kB: com.android.bluetooth (pid 5003)
    12076 kB: mediaserver (pid 1596)
    11058 kB: com.bajintech.karaok (pid 5033)
    10368 kB: android.process.media (pid 3532)
     9933 kB: com.skyworth.android.skyRMService (pid 2581)
     9631 kB: surfaceflinger (pid 1591)
     7858 kB: com.android.defcontainer (pid 9718)
     7221 kB: com.android.externalstorage (pid 12828)
     7150 kB: com.hisilicon.android.hiRMService (pid 2561)
     6485 kB: displaysetting (pid 1603)
     6226 kB: tvserver (pid 1604)
     4725 kB: com.coocaa.messageprovider (pid 10697)
     4130 kB: hiaoservice (pid 1599)
     3852 kB: hisysmanager (pid 1600)
     2813 kB: wpa_supplicant (pid 5211)
     2211 kB: stbserver (pid 1709)
     2144 kB: drmserver (pid 1595)
     1592 kB: vold (pid 1590)
     1230 kB: keystore (pid 1598)
     1140 kB: netd (pid 1592)
     1110 kB: android_ir_user (pid 1613)
     1090 kB: VirtualEvent (pid 2013)
      859 kB: dtvloaderserver (pid 1605)
      856 kB: hikaraokeservice (pid 1601)
      808 kB: virtualkeypad (pid 1606)
      801 kB: /init (pid 1)
      800 kB: debuggerd64 (pid 1594)
      689 kB: adbd (pid 3315)
      623 kB: lmkd (pid 1588)
      604 kB: netshared (pid 1602)
      582 kB: dhcpcd (pid 20747)
      576 kB: healthd (pid 1587)
      472 kB: ueventd (pid 1106)
      456 kB: coocaa_guard (pid 1608)
      450 kB: teecd (pid 1614)
      444 kB: logcat (pid 1820)
      415 kB: sh (pid 6351)
      392 kB: installd (pid 1597)
      387 kB: sh (pid 1742)
      371 kB: sh (pid 1745)
      356 kB: debuggerd (pid 1593)
      353 kB: sh (pid 1632)
      335 kB: servicemanager (pid 1589)
      320 kB: sh (pid 1806)
      271 kB: hidrawd (pid 1609)
      237 kB: smobsd (pid 2018)

Total PSS by OOM adjustment:
   120452 kB: Native
               23421 kB: zygote64 (pid 1610)
               14532 kB: zygote (pid 1611)
               14312 kB: logd (pid 1586)
               12076 kB: mediaserver (pid 1596)
                9631 kB: surfaceflinger (pid 1591)
                6485 kB: displaysetting (pid 1603)
                6226 kB: tvserver (pid 1604)
                4130 kB: hiaoservice (pid 1599)
                3852 kB: hisysmanager (pid 1600)
                2813 kB: wpa_supplicant (pid 5211)
                2211 kB: stbserver (pid 1709)
                2144 kB: drmserver (pid 1595)
                1592 kB: vold (pid 1590)
                1230 kB: keystore (pid 1598)
                1140 kB: netd (pid 1592)
                1110 kB: android_ir_user (pid 1613)
                1090 kB: VirtualEvent (pid 2013)
                 859 kB: dtvloaderserver (pid 1605)
                 856 kB: hikaraokeservice (pid 1601)
                 808 kB: virtualkeypad (pid 1606)
                 801 kB: /init (pid 1)
                 800 kB: debuggerd64 (pid 1594)
                 689 kB: adbd (pid 3315)
                 623 kB: lmkd (pid 1588)
                 604 kB: netshared (pid 1602)
                 582 kB: dhcpcd (pid 20747)
                 576 kB: healthd (pid 1587)
                 472 kB: ueventd (pid 1106)
                 456 kB: coocaa_guard (pid 1608)
                 450 kB: teecd (pid 1614)
                 444 kB: logcat (pid 1820)
                 415 kB: sh (pid 6351)
                 392 kB: installd (pid 1597)
                 387 kB: sh (pid 1742)
                 371 kB: sh (pid 1745)
                 356 kB: debuggerd (pid 1593)
                 353 kB: sh (pid 1632)
                 335 kB: servicemanager (pid 1589)
                 320 kB: sh (pid 1806)
                 271 kB: hidrawd (pid 1609)
                 237 kB: smobsd (pid 2018)
    86741 kB: System
               86741 kB: system (pid 2213)
    86463 kB: Persistent
               69380 kB: com.android.systemui (pid 2448)
                9933 kB: com.skyworth.android.skyRMService (pid 2581)
                7150 kB: com.hisilicon.android.hiRMService (pid 2561)
    12942 kB: Persistent Service
               12942 kB: com.android.bluetooth (pid 5003)
   430429 kB: Foreground
              186038 kB: com.tianci.movieplatform (pid 22425 / activities)
               99841 kB: com.skyworth.angel.voice (pid 5347)
               56608 kB: com.tianci.de (pid 20913)
               51912 kB: com.tianci.system (pid 2506)
               36030 kB: com.tianci.push (pid 2970)
    39486 kB: Visible
               39486 kB: com.coocaa.os.ccosservice (pid 5242)
    40407 kB: Perceptible
               27084 kB: com.coocaa.os.softsettings.provider (pid 20958)
               13323 kB: com.skyworth.tianciime (pid 9961)
   166383 kB: Cached
               63375 kB: com.skyworth.setting (pid 9660)
               31566 kB: com.coocaa.sysreport (pid 23569)
               30212 kB: com.tianci.user (pid 26446)
               11058 kB: com.bajintech.karaok (pid 5033)
               10368 kB: android.process.media (pid 3532)
                7858 kB: com.android.defcontainer (pid 9718)
                7221 kB: com.android.externalstorage (pid 12828)
                4725 kB: com.coocaa.messageprovider (pid 10697)

Total PSS by category:
   302804 kB: .dex mmap
   245872 kB: Dalvik
   140221 kB: Native
   110244 kB: .so mmap
    84944 kB: .oat mmap
    35260 kB: .art mmap
    18022 kB: Other mmap
    10997 kB: .apk mmap
    10304 kB: .ttf mmap
     9345 kB: Dalvik Other
     8520 kB: Stack
     6394 kB: Unknown
      236 kB: Other dev
      128 kB: Ashmem
        8 kB: .jar mmap
        4 kB: Cursor
        0 kB: Gfx dev
        0 kB: EGL mtrack
        0 kB: GL mtrack
        0 kB: Other mtrack

Total RAM: 1880788 kB (status moderate)
 Free RAM: 738719 kB (166383 cached pss + 17960 cached kernel + 554376 free)
 Used RAM: 1786632 kB (816920 used pss + 969712 kernel)
 Lost RAM: -644563 kB
   Tuning: 192 (large 384), oom 65536 kB, restore limit 21845 kB (high-end-gfx)
Applications Memory Usage (kB):
Uptime: 2392138 Realtime: 2392138

Total PSS by process:
   195193 kB: com.tianci.movieplatform (pid 22425 / activities)
    99329 kB: com.skyworth.angel.voice (pid 5347)
    86881 kB: system (pid 2213)
    69380 kB: com.android.systemui (pid 2448)
    63471 kB: com.skyworth.setting (pid 9660)
    56620 kB: com.tianci.de (pid 20913)
    51912 kB: com.tianci.system (pid 2506)
    39487 kB: com.coocaa.os.ccosservice (pid 5242)
    36030 kB: com.tianci.push (pid 2970)
    31983 kB: com.coocaa.sysreport (pid 23569)
    30212 kB: com.tianci.user (pid 26446)
    27084 kB: com.coocaa.os.softsettings.provider (pid 20958)
    23408 kB: zygote64 (pid 1610)
    14532 kB: zygote (pid 1611)
    14341 kB: logd (pid 1586)
    13323 kB: com.skyworth.tianciime (pid 9961)
    12942 kB: com.android.bluetooth (pid 5003)
    12076 kB: mediaserver (pid 1596)
    11058 kB: com.bajintech.karaok (pid 5033)
    10366 kB: android.process.media (pid 3532)
     9933 kB: com.skyworth.android.skyRMService (pid 2581)
     9617 kB: surfaceflinger (pid 1591)
     7858 kB: com.android.defcontainer (pid 9718)
     7220 kB: com.android.externalstorage (pid 12828)
     7150 kB: com.hisilicon.android.hiRMService (pid 2561)
     6476 kB: displaysetting (pid 1603)
     6226 kB: tvserver (pid 1604)
     4725 kB: com.coocaa.messageprovider (pid 10697)
     4130 kB: hiaoservice (pid 1599)
     3852 kB: hisysmanager (pid 1600)
     2811 kB: wpa_supplicant (pid 5211)
     2211 kB: stbserver (pid 1709)
     2144 kB: drmserver (pid 1595)
     1575 kB: vold (pid 1590)
     1216 kB: keystore (pid 1598)
     1129 kB: netd (pid 1592)
     1110 kB: android_ir_user (pid 1613)
     1090 kB: VirtualEvent (pid 2013)
      859 kB: dtvloaderserver (pid 1605)
      856 kB: hikaraokeservice (pid 1601)
      808 kB: virtualkeypad (pid 1606)
      801 kB: /init (pid 1)
      796 kB: debuggerd64 (pid 1594)
      689 kB: adbd (pid 3315)
      625 kB: lmkd (pid 1588)
      604 kB: netshared (pid 1602)
      582 kB: dhcpcd (pid 20747)
      576 kB: healthd (pid 1587)
      518 kB: dumpsys (pid 26983)
      472 kB: ueventd (pid 1106)
      456 kB: coocaa_guard (pid 1608)
      449 kB: teecd (pid 1614)
      444 kB: logcat (pid 1820)
      415 kB: sh (pid 6351)
      390 kB: installd (pid 1597)
      372 kB: sh (pid 1742)
      361 kB: sh (pid 1745)
      356 kB: debuggerd (pid 1593)
      343 kB: sh (pid 1632)
      332 kB: servicemanager (pid 1589)
      320 kB: sh (pid 1806)
      271 kB: hidrawd (pid 1609)
      237 kB: smobsd (pid 2018)
        0 kB: sh (pid 27016)

Total PSS by OOM adjustment:
   120876 kB: Native
               23408 kB: zygote64 (pid 1610)
               14532 kB: zygote (pid 1611)
               14341 kB: logd (pid 1586)
               12076 kB: mediaserver (pid 1596)
                9617 kB: surfaceflinger (pid 1591)
                6476 kB: displaysetting (pid 1603)
                6226 kB: tvserver (pid 1604)
                4130 kB: hiaoservice (pid 1599)
                3852 kB: hisysmanager (pid 1600)
                2811 kB: wpa_supplicant (pid 5211)
                2211 kB: stbserver (pid 1709)
                2144 kB: drmserver (pid 1595)
                1575 kB: vold (pid 1590)
                1216 kB: keystore (pid 1598)
                1129 kB: netd (pid 1592)
                1110 kB: android_ir_user (pid 1613)
                1090 kB: VirtualEvent (pid 2013)
                 859 kB: dtvloaderserver (pid 1605)
                 856 kB: hikaraokeservice (pid 1601)
                 808 kB: virtualkeypad (pid 1606)
                 801 kB: /init (pid 1)
                 796 kB: debuggerd64 (pid 1594)
                 689 kB: adbd (pid 3315)
                 625 kB: lmkd (pid 1588)
                 604 kB: netshared (pid 1602)
                 582 kB: dhcpcd (pid 20747)
                 576 kB: healthd (pid 1587)
                 518 kB: dumpsys (pid 26983)
                 472 kB: ueventd (pid 1106)
                 456 kB: coocaa_guard (pid 1608)
                 449 kB: teecd (pid 1614)
                 444 kB: logcat (pid 1820)
                 415 kB: sh (pid 6351)
                 390 kB: installd (pid 1597)
                 372 kB: sh (pid 1742)
                 361 kB: sh (pid 1745)
                 356 kB: debuggerd (pid 1593)
                 343 kB: sh (pid 1632)
                 332 kB: servicemanager (pid 1589)
                 320 kB: sh (pid 1806)
                 271 kB: hidrawd (pid 1609)
                 237 kB: smobsd (pid 2018)
                   0 kB: sh (pid 27016)
    86881 kB: System
               86881 kB: system (pid 2213)
    86463 kB: Persistent
               69380 kB: com.android.systemui (pid 2448)
                9933 kB: com.skyworth.android.skyRMService (pid 2581)
                7150 kB: com.hisilicon.android.hiRMService (pid 2561)
    12942 kB: Persistent Service
               12942 kB: com.android.bluetooth (pid 5003)
   439084 kB: Foreground
              195193 kB: com.tianci.movieplatform (pid 22425 / activities)
               99329 kB: com.skyworth.angel.voice (pid 5347)
               56620 kB: com.tianci.de (pid 20913)
               51912 kB: com.tianci.system (pid 2506)
               36030 kB: com.tianci.push (pid 2970)
    39487 kB: Visible
               39487 kB: com.coocaa.os.ccosservice (pid 5242)
    40407 kB: Perceptible
               27084 kB: com.coocaa.os.softsettings.provider (pid 20958)
               13323 kB: com.skyworth.tianciime (pid 9961)
   166893 kB: Cached
               63471 kB: com.skyworth.setting (pid 9660)
               31983 kB: com.coocaa.sysreport (pid 23569)
               30212 kB: com.tianci.user (pid 26446)
               11058 kB: com.bajintech.karaok (pid 5033)
               10366 kB: android.process.media (pid 3532)
                7858 kB: com.android.defcontainer (pid 9718)
                7220 kB: com.android.externalstorage (pid 12828)
                4725 kB: com.coocaa.messageprovider (pid 10697)

Total PSS by category:
   302896 kB: .dex mmap
   251988 kB: Dalvik
   142017 kB: Native
   110423 kB: .so mmap
    84944 kB: .oat mmap
    35260 kB: .art mmap
    18492 kB: Other mmap
    10997 kB: .apk mmap
    10333 kB: Dalvik Other
    10304 kB: .ttf mmap
     8544 kB: Stack
     6454 kB: Unknown
      241 kB: Other dev
      128 kB: Ashmem
        8 kB: .jar mmap
        4 kB: Cursor
        0 kB: Gfx dev
        0 kB: EGL mtrack
        0 kB: GL mtrack
        0 kB: Other mtrack

Total RAM: 1880788 kB (status moderate)
 Free RAM: 737929 kB (166893 cached pss + 20984 cached kernel + 550052 free)
 Used RAM: 1795844 kB (826140 used pss + 969704 kernel)
 Lost RAM: -652985 kB
   Tuning: 192 (large 384), oom 65536 kB, restore limit 21845 kB (high-end-gfx)
Applications Memory Usage (kB):
Uptime: 2395925 Realtime: 2395925

Total PSS by process:
   193921 kB: com.tianci.movieplatform (pid 22425 / activities)
    99829 kB: com.skyworth.angel.voice (pid 5347)
    86693 kB: system (pid 2213)
    69380 kB: com.android.systemui (pid 2448)
    63471 kB: com.skyworth.setting (pid 9660)
    56636 kB: com.tianci.de (pid 20913)
    51912 kB: com.tianci.system (pid 2506)
    39487 kB: com.coocaa.os.ccosservice (pid 5242)
    36030 kB: com.tianci.push (pid 2970)
    31919 kB: com.coocaa.sysreport (pid 23569)
    30212 kB: com.tianci.user (pid 26446)
    27084 kB: com.coocaa.os.softsettings.provider (pid 20958)
    23421 kB: zygote64 (pid 1610)
    14532 kB: zygote (pid 1611)
    14230 kB: logd (pid 1586)
    13323 kB: com.skyworth.tianciime (pid 9961)
    12942 kB: com.android.bluetooth (pid 5003)
    12076 kB: mediaserver (pid 1596)
    11058 kB: com.bajintech.karaok (pid 5033)
    10368 kB: android.process.media (pid 3532)
     9933 kB: com.skyworth.android.skyRMService (pid 2581)
     9654 kB: surfaceflinger (pid 1591)
     7858 kB: com.android.defcontainer (pid 9718)
     7221 kB: com.android.externalstorage (pid 12828)
     7150 kB: com.hisilicon.android.hiRMService (pid 2561)
     6492 kB: displaysetting (pid 1603)
     6226 kB: tvserver (pid 1604)
     4725 kB: com.coocaa.messageprovider (pid 10697)
     4130 kB: hiaoservice (pid 1599)
     3852 kB: hisysmanager (pid 1600)
     2812 kB: wpa_supplicant (pid 5211)
     2211 kB: stbserver (pid 1709)
     2144 kB: drmserver (pid 1595)
     1592 kB: vold (pid 1590)
     1230 kB: keystore (pid 1598)
     1139 kB: netd (pid 1592)
     1110 kB: android_ir_user (pid 1613)
     1090 kB: VirtualEvent (pid 2013)
      859 kB: dtvloaderserver (pid 1605)
      856 kB: hikaraokeservice (pid 1601)
      808 kB: virtualkeypad (pid 1606)
      801 kB: /init (pid 1)
      800 kB: debuggerd64 (pid 1594)
      693 kB: adbd (pid 3315)
      626 kB: lmkd (pid 1588)
      604 kB: netshared (pid 1602)
      582 kB: dhcpcd (pid 20747)
      576 kB: healthd (pid 1587)
      472 kB: ueventd (pid 1106)
      456 kB: coocaa_guard (pid 1608)
      450 kB: teecd (pid 1614)
      445 kB: logcat (pid 1820)
      403 kB: sh (pid 6351)
      392 kB: installd (pid 1597)
      375 kB: sh (pid 1742)
      371 kB: sh (pid 1745)
      356 kB: debuggerd (pid 1593)
      353 kB: sh (pid 1632)
      335 kB: servicemanager (pid 1589)
      320 kB: sh (pid 1806)
      271 kB: hidrawd (pid 1609)
      237 kB: smobsd (pid 2018)
        0 kB: dumpsys (pid 26983)
        0 kB: sh (pid 27016)

Total PSS by OOM adjustment:
   120382 kB: Native
               23421 kB: zygote64 (pid 1610)
               14532 kB: zygote (pid 1611)
               14230 kB: logd (pid 1586)
               12076 kB: mediaserver (pid 1596)
                9654 kB: surfaceflinger (pid 1591)
                6492 kB: displaysetting (pid 1603)
                6226 kB: tvserver (pid 1604)
                4130 kB: hiaoservice (pid 1599)
                3852 kB: hisysmanager (pid 1600)
                2812 kB: wpa_supplicant (pid 5211)
                2211 kB: stbserver (pid 1709)
                2144 kB: drmserver (pid 1595)
                1592 kB: vold (pid 1590)
                1230 kB: keystore (pid 1598)
                1139 kB: netd (pid 1592)
                1110 kB: android_ir_user (pid 1613)
                1090 kB: VirtualEvent (pid 2013)
                 859 kB: dtvloaderserver (pid 1605)
                 856 kB: hikaraokeservice (pid 1601)
                 808 kB: virtualkeypad (pid 1606)
                 801 kB: /init (pid 1)
                 800 kB: debuggerd64 (pid 1594)
                 693 kB: adbd (pid 3315)
                 626 kB: lmkd (pid 1588)
                 604 kB: netshared (pid 1602)
                 582 kB: dhcpcd (pid 20747)
                 576 kB: healthd (pid 1587)
                 472 kB: ueventd (pid 1106)
                 456 kB: coocaa_guard (pid 1608)
                 450 kB: teecd (pid 1614)
                 445 kB: logcat (pid 1820)
                 403 kB: sh (pid 6351)
                 392 kB: installd (pid 1597)
                 375 kB: sh (pid 1742)
                 371 kB: sh (pid 1745)
                 356 kB: debuggerd (pid 1593)
                 353 kB: sh (pid 1632)
                 335 kB: servicemanager (pid 1589)
                 320 kB: sh (pid 1806)
                 271 kB: hidrawd (pid 1609)
                 237 kB: smobsd (pid 2018)
                   0 kB: dumpsys (pid 26983)
                   0 kB: sh (pid 27016)
    86693 kB: System
               86693 kB: system (pid 2213)
    86463 kB: Persistent
               69380 kB: com.android.systemui (pid 2448)
                9933 kB: com.skyworth.android.skyRMService (pid 2581)
                7150 kB: com.hisilicon.android.hiRMService (pid 2561)
    12942 kB: Persistent Service
               12942 kB: com.android.bluetooth (pid 5003)
   438328 kB: Foreground
              193921 kB: com.tianci.movieplatform (pid 22425 / activities)
               99829 kB: com.skyworth.angel.voice (pid 5347)
               56636 kB: com.tianci.de (pid 20913)
               51912 kB: com.tianci.system (pid 2506)
               36030 kB: com.tianci.push (pid 2970)
    39487 kB: Visible
               39487 kB: com.coocaa.os.ccosservice (pid 5242)
    40407 kB: Perceptible
               27084 kB: com.coocaa.os.softsettings.provider (pid 20958)
               13323 kB: com.skyworth.tianciime (pid 9961)
   166832 kB: Cached
               63471 kB: com.skyworth.setting (pid 9660)
               31919 kB: com.coocaa.sysreport (pid 23569)
               30212 kB: com.tianci.user (pid 26446)
               11058 kB: com.bajintech.karaok (pid 5033)
               10368 kB: android.process.media (pid 3532)
                7858 kB: com.android.defcontainer (pid 9718)
                7221 kB: com.android.externalstorage (pid 12828)
                4725 kB: com.coocaa.messageprovider (pid 10697)

Total PSS by category:
   303144 kB: .dex mmap
   251608 kB: Dalvik
   141621 kB: Native
   110254 kB: .so mmap
    84944 kB: .oat mmap
    35260 kB: .art mmap
    18511 kB: Other mmap
    10997 kB: .apk mmap
    10304 kB: .ttf mmap
     9565 kB: Dalvik Other
     8548 kB: Stack
     6402 kB: Unknown
      236 kB: Other dev
      128 kB: Ashmem
        8 kB: .jar mmap
        4 kB: Cursor
        0 kB: Gfx dev
        0 kB: EGL mtrack
        0 kB: GL mtrack
        0 kB: Other mtrack

Total RAM: 1880788 kB (status moderate)
 Free RAM: 719700 kB (166832 cached pss + 21852 cached kernel + 531016 free)
 Used RAM: 1794642 kB (824702 used pss + 969940 kernel)
 Lost RAM: -633554 kB
   Tuning: 192 (large 384), oom 65536 kB, restore limit 21845 kB (high-end-gfx)
Applications Memory Usage (kB):
Uptime: 2399944 Realtime: 2399944

Total PSS by process:
   199543 kB: com.tianci.movieplatform (pid 22425 / activities)
   100207 kB: com.skyworth.angel.voice (pid 5347)
    86448 kB: system (pid 2213)
    69384 kB: com.android.systemui (pid 2448)
    63839 kB: com.skyworth.setting (pid 9660)
    57044 kB: com.tianci.de (pid 20913)
    52266 kB: com.tianci.system (pid 2506)
    39857 kB: com.coocaa.os.ccosservice (pid 5242)
    36033 kB: com.tianci.push (pid 2970)
    32233 kB: com.coocaa.sysreport (pid 23569)
    27417 kB: com.coocaa.os.softsettings.provider (pid 20958)
    23412 kB: zygote64 (pid 1610)
    14934 kB: zygote (pid 1611)
    14248 kB: logd (pid 1586)
    13563 kB: com.skyworth.tianciime (pid 9961)
    13194 kB: com.android.bluetooth (pid 5003)
    12081 kB: mediaserver (pid 1596)
    11299 kB: com.bajintech.karaok (pid 5033)
    10370 kB: android.process.media (pid 3532)
     9934 kB: com.skyworth.android.skyRMService (pid 2581)
     9625 kB: surfaceflinger (pid 1591)
     7859 kB: com.android.defcontainer (pid 9718)
     7408 kB: com.hisilicon.android.hiRMService (pid 2561)
     7226 kB: com.android.externalstorage (pid 12828)
     6474 kB: displaysetting (pid 1603)
     6232 kB: tvserver (pid 1604)
     4943 kB: com.coocaa.messageprovider (pid 10697)
     4135 kB: hiaoservice (pid 1599)
     3856 kB: hisysmanager (pid 1600)
     2802 kB: wpa_supplicant (pid 5211)
     2215 kB: stbserver (pid 1709)
     2149 kB: drmserver (pid 1595)
     1563 kB: vold (pid 1590)
     1216 kB: keystore (pid 1598)
     1129 kB: netd (pid 1592)
     1125 kB: busybox (pid 27147)
     1110 kB: android_ir_user (pid 1613)
     1091 kB: VirtualEvent (pid 2013)
      860 kB: dtvloaderserver (pid 1605)
      857 kB: hikaraokeservice (pid 1601)
      809 kB: virtualkeypad (pid 1606)
      801 kB: /init (pid 1)
      795 kB: debuggerd64 (pid 1594)
      730 kB: grep (pid 27156)
      693 kB: adbd (pid 3315)
      621 kB: lmkd (pid 1588)
      604 kB: netshared (pid 1602)
      580 kB: dhcpcd (pid 20747)
      576 kB: healthd (pid 1587)
      529 kB: dumpsys (pid 27131)
      472 kB: ueventd (pid 1106)
      457 kB: coocaa_guard (pid 1608)
      449 kB: teecd (pid 1614)
      443 kB: logcat (pid 1820)
      402 kB: sh (pid 6351)
      390 kB: installd (pid 1597)
      368 kB: sh (pid 1742)
      367 kB: sh (pid 27153)
      362 kB: sh (pid 1745)
      357 kB: debuggerd (pid 1593)
      344 kB: sh (pid 1632)
      331 kB: servicemanager (pid 1589)
      311 kB: sh (pid 1806)
      272 kB: hidrawd (pid 1609)
      237 kB: smobsd (pid 2018)
        0 kB: ps (pid 27155)

Total PSS by OOM adjustment:
   123414 kB: Native
               23412 kB: zygote64 (pid 1610)
               14934 kB: zygote (pid 1611)
               14248 kB: logd (pid 1586)
               12081 kB: mediaserver (pid 1596)
                9625 kB: surfaceflinger (pid 1591)
                6474 kB: displaysetting (pid 1603)
                6232 kB: tvserver (pid 1604)
                4135 kB: hiaoservice (pid 1599)
                3856 kB: hisysmanager (pid 1600)
                2802 kB: wpa_supplicant (pid 5211)
                2215 kB: stbserver (pid 1709)
                2149 kB: drmserver (pid 1595)
                1563 kB: vold (pid 1590)
                1216 kB: keystore (pid 1598)
                1129 kB: netd (pid 1592)
                1125 kB: busybox (pid 27147)
                1110 kB: android_ir_user (pid 1613)
                1091 kB: VirtualEvent (pid 2013)
                 860 kB: dtvloaderserver (pid 1605)
                 857 kB: hikaraokeservice (pid 1601)
                 809 kB: virtualkeypad (pid 1606)
                 801 kB: /init (pid 1)
                 795 kB: debuggerd64 (pid 1594)
                 730 kB: grep (pid 27156)
                 693 kB: adbd (pid 3315)
                 621 kB: lmkd (pid 1588)
                 604 kB: netshared (pid 1602)
                 580 kB: dhcpcd (pid 20747)
                 576 kB: healthd (pid 1587)
                 529 kB: dumpsys (pid 27131)
                 472 kB: ueventd (pid 1106)
                 457 kB: coocaa_guard (pid 1608)
                 449 kB: teecd (pid 1614)
                 443 kB: logcat (pid 1820)
                 402 kB: sh (pid 6351)
                 390 kB: installd (pid 1597)
                 368 kB: sh (pid 1742)
                 367 kB: sh (pid 27153)
                 362 kB: sh (pid 1745)
                 357 kB: debuggerd (pid 1593)
                 344 kB: sh (pid 1632)
                 331 kB: servicemanager (pid 1589)
                 311 kB: sh (pid 1806)
                 272 kB: hidrawd (pid 1609)
                 237 kB: smobsd (pid 2018)
                   0 kB: ps (pid 27155)
    86448 kB: System
               86448 kB: system (pid 2213)
    86726 kB: Persistent
               69384 kB: com.android.systemui (pid 2448)
                9934 kB: com.skyworth.android.skyRMService (pid 2581)
                7408 kB: com.hisilicon.android.hiRMService (pid 2561)
    13194 kB: Persistent Service
               13194 kB: com.android.bluetooth (pid 5003)
   477326 kB: Foreground
              199543 kB: com.tianci.movieplatform (pid 22425 / activities)
              100207 kB: com.skyworth.angel.voice (pid 5347)
               57044 kB: com.tianci.de (pid 20913)
               52266 kB: com.tianci.system (pid 2506)
               36033 kB: com.tianci.push (pid 2970)
               32233 kB: com.coocaa.sysreport (pid 23569)
    39857 kB: Visible
               39857 kB: com.coocaa.os.ccosservice (pid 5242)
    40980 kB: Perceptible
               27417 kB: com.coocaa.os.softsettings.provider (pid 20958)
               13563 kB: com.skyworth.tianciime (pid 9961)
   105536 kB: Cached
               63839 kB: com.skyworth.setting (pid 9660)
               11299 kB: com.bajintech.karaok (pid 5033)
               10370 kB: android.process.media (pid 3532)
                7859 kB: com.android.defcontainer (pid 9718)
                7226 kB: com.android.externalstorage (pid 12828)
                4943 kB: com.coocaa.messageprovider (pid 10697)

Total PSS by category:
   286272 kB: .dex mmap
   252705 kB: Dalvik
   139912 kB: Native
   110139 kB: .so mmap
    84943 kB: .oat mmap
    34503 kB: .art mmap
    19738 kB: Other mmap
    10369 kB: .apk mmap
    10304 kB: .ttf mmap
     9353 kB: Dalvik Other
     8312 kB: Stack
     6553 kB: Unknown
      238 kB: Other dev
      128 kB: Ashmem
        8 kB: .jar mmap
        4 kB: Cursor
        0 kB: Gfx dev
        0 kB: EGL mtrack
        0 kB: GL mtrack
        0 kB: Other mtrack

Total RAM: 1880788 kB (status moderate)
 Free RAM: 683560 kB (105536 cached pss + 42780 cached kernel + 535244 free)
 Used RAM: 1835721 kB (867945 used pss + 967776 kernel)
 Lost RAM: -638493 kB
   Tuning: 192 (large 384), oom 65536 kB, restore limit 21845 kB (high-end-gfx)
Applications Memory Usage (kB):
Uptime: 2404296 Realtime: 2404297

Total PSS by process:
   205098 kB: com.tianci.movieplatform (pid 22425 / activities)
    99879 kB: com.skyworth.angel.voice (pid 5347)
    85634 kB: system (pid 2213)
    69383 kB: com.android.systemui (pid 2448)
    63839 kB: com.skyworth.setting (pid 9660)
    57056 kB: com.tianci.de (pid 20913)
    52266 kB: com.tianci.system (pid 2506)
    39857 kB: com.coocaa.os.ccosservice (pid 5242)
    36001 kB: com.tianci.push (pid 2970)
    31805 kB: com.coocaa.sysreport (pid 23569)
    27417 kB: com.coocaa.os.softsettings.provider (pid 20958)
    23425 kB: zygote64 (pid 1610)
    14934 kB: zygote (pid 1611)
    14335 kB: logd (pid 1586)
    13563 kB: com.skyworth.tianciime (pid 9961)
    13194 kB: com.android.bluetooth (pid 5003)
    12081 kB: mediaserver (pid 1596)
    11299 kB: com.bajintech.karaok (pid 5033)
    10370 kB: android.process.media (pid 3532)
     9934 kB: com.skyworth.android.skyRMService (pid 2581)
     9566 kB: surfaceflinger (pid 1591)
     7859 kB: com.android.defcontainer (pid 9718)
     7408 kB: com.hisilicon.android.hiRMService (pid 2561)
     7226 kB: com.android.externalstorage (pid 12828)
     6489 kB: displaysetting (pid 1603)
     6232 kB: tvserver (pid 1604)
     4943 kB: com.coocaa.messageprovider (pid 10697)
     4135 kB: hiaoservice (pid 1599)
     3856 kB: hisysmanager (pid 1600)
     2812 kB: wpa_supplicant (pid 5211)
     2215 kB: stbserver (pid 1709)
     2149 kB: drmserver (pid 1595)
     1592 kB: vold (pid 1590)
     1230 kB: keystore (pid 1598)
     1139 kB: netd (pid 1592)
     1110 kB: android_ir_user (pid 1613)
     1091 kB: VirtualEvent (pid 2013)
      860 kB: dtvloaderserver (pid 1605)
      857 kB: hikaraokeservice (pid 1601)
      809 kB: virtualkeypad (pid 1606)
      801 kB: /init (pid 1)
      799 kB: debuggerd64 (pid 1594)
      689 kB: adbd (pid 3315)
      618 kB: lmkd (pid 1588)
      604 kB: netshared (pid 1602)
      582 kB: dhcpcd (pid 20747)
      576 kB: healthd (pid 1587)
      472 kB: ueventd (pid 1106)
      457 kB: coocaa_guard (pid 1608)
      450 kB: teecd (pid 1614)
      444 kB: logcat (pid 1820)
      415 kB: sh (pid 6351)
      392 kB: installd (pid 1597)
      387 kB: sh (pid 1742)
      371 kB: sh (pid 1745)
      357 kB: debuggerd (pid 1593)
      353 kB: sh (pid 1632)
      335 kB: servicemanager (pid 1589)
      320 kB: sh (pid 1806)
      272 kB: hidrawd (pid 1609)
      237 kB: smobsd (pid 2018)
        0 kB: dumpsys (pid 27131)
        0 kB: busybox (pid 27147)
        0 kB: sh (pid 27153)
        0 kB: ps (pid 27155)
        0 kB: grep (pid 27156)

Total PSS by OOM adjustment:
   120848 kB: Native
               23425 kB: zygote64 (pid 1610)
               14934 kB: zygote (pid 1611)
               14335 kB: logd (pid 1586)
               12081 kB: mediaserver (pid 1596)
                9566 kB: surfaceflinger (pid 1591)
                6489 kB: displaysetting (pid 1603)
                6232 kB: tvserver (pid 1604)
                4135 kB: hiaoservice (pid 1599)
                3856 kB: hisysmanager (pid 1600)
                2812 kB: wpa_supplicant (pid 5211)
                2215 kB: stbserver (pid 1709)
                2149 kB: drmserver (pid 1595)
                1592 kB: vold (pid 1590)
                1230 kB: keystore (pid 1598)
                1139 kB: netd (pid 1592)
                1110 kB: android_ir_user (pid 1613)
                1091 kB: VirtualEvent (pid 2013)
                 860 kB: dtvloaderserver (pid 1605)
                 857 kB: hikaraokeservice (pid 1601)
                 809 kB: virtualkeypad (pid 1606)
                 801 kB: /init (pid 1)
                 799 kB: debuggerd64 (pid 1594)
                 689 kB: adbd (pid 3315)
                 618 kB: lmkd (pid 1588)
                 604 kB: netshared (pid 1602)
                 582 kB: dhcpcd (pid 20747)
                 576 kB: healthd (pid 1587)
                 472 kB: ueventd (pid 1106)
                 457 kB: coocaa_guard (pid 1608)
                 450 kB: teecd (pid 1614)
                 444 kB: logcat (pid 1820)
                 415 kB: sh (pid 6351)
                 392 kB: installd (pid 1597)
                 387 kB: sh (pid 1742)
                 371 kB: sh (pid 1745)
                 357 kB: debuggerd (pid 1593)
                 353 kB: sh (pid 1632)
                 335 kB: servicemanager (pid 1589)
                 320 kB: sh (pid 1806)
                 272 kB: hidrawd (pid 1609)
                 237 kB: smobsd (pid 2018)
                   0 kB: dumpsys (pid 27131)
                   0 kB: busybox (pid 27147)
                   0 kB: sh (pid 27153)
                   0 kB: ps (pid 27155)
                   0 kB: grep (pid 27156)
    85634 kB: System
               85634 kB: system (pid 2213)
    86725 kB: Persistent
               69383 kB: com.android.systemui (pid 2448)
                9934 kB: com.skyworth.android.skyRMService (pid 2581)
                7408 kB: com.hisilicon.android.hiRMService (pid 2561)
    13194 kB: Persistent Service
               13194 kB: com.android.bluetooth (pid 5003)
   450300 kB: Foreground
              205098 kB: com.tianci.movieplatform (pid 22425 / activities)
               99879 kB: com.skyworth.angel.voice (pid 5347)
               57056 kB: com.tianci.de (pid 20913)
               52266 kB: com.tianci.system (pid 2506)
               36001 kB: com.tianci.push (pid 2970)
    39857 kB: Visible
               39857 kB: com.coocaa.os.ccosservice (pid 5242)
    40980 kB: Perceptible
               27417 kB: com.coocaa.os.softsettings.provider (pid 20958)
               13563 kB: com.skyworth.tianciime (pid 9961)
   137341 kB: Cached
               63839 kB: com.skyworth.setting (pid 9660)
               31805 kB: com.coocaa.sysreport (pid 23569)
               11299 kB: com.bajintech.karaok (pid 5033)
               10370 kB: android.process.media (pid 3532)
                7859 kB: com.android.defcontainer (pid 9718)
                7226 kB: com.android.externalstorage (pid 12828)
                4943 kB: com.coocaa.messageprovider (pid 10697)

Total PSS by category:
   286484 kB: .dex mmap
   252061 kB: Dalvik
   143108 kB: Native
   109518 kB: .so mmap
    84943 kB: .oat mmap
    34506 kB: .art mmap
    18777 kB: Other mmap
    10369 kB: .apk mmap
    10304 kB: .ttf mmap
     9781 kB: Dalvik Other
     8312 kB: Stack
     6345 kB: Unknown
      231 kB: Other dev
      128 kB: Ashmem
        8 kB: .jar mmap
        4 kB: Cursor
        0 kB: Gfx dev
        0 kB: EGL mtrack
        0 kB: GL mtrack
        0 kB: Other mtrack

Total RAM: 1880788 kB (status moderate)
 Free RAM: 722109 kB (137341 cached pss + 47776 cached kernel + 536992 free)
 Used RAM: 1805442 kB (837538 used pss + 967904 kernel)
 Lost RAM: -646763 kB
   Tuning: 192 (large 384), oom 65536 kB, restore limit 21845 kB (high-end-gfx)
Applications Memory Usage (kB):
Uptime: 2408327 Realtime: 2408327

Total PSS by process:
   197046 kB: com.tianci.movieplatform (pid 22425 / activities)
   100211 kB: com.skyworth.angel.voice (pid 5347)
    86226 kB: system (pid 2213)
    69383 kB: com.android.systemui (pid 2448)
    63839 kB: com.skyworth.setting (pid 9660)
    57072 kB: com.tianci.de (pid 20913)
    52266 kB: com.tianci.system (pid 2506)
    39857 kB: com.coocaa.os.ccosservice (pid 5242)
    36001 kB: com.tianci.push (pid 2970)
    32133 kB: com.coocaa.sysreport (pid 23569)
    27417 kB: com.coocaa.os.softsettings.provider (pid 20958)
    23426 kB: zygote64 (pid 1610)
    14934 kB: zygote (pid 1611)
    14309 kB: logd (pid 1586)
    13563 kB: com.skyworth.tianciime (pid 9961)
    13194 kB: com.android.bluetooth (pid 5003)
    12081 kB: mediaserver (pid 1596)
    11299 kB: com.bajintech.karaok (pid 5033)
    10370 kB: android.process.media (pid 3532)
     9931 kB: com.skyworth.android.skyRMService (pid 2581)
     9571 kB: surfaceflinger (pid 1591)
     7859 kB: com.android.defcontainer (pid 9718)
     7408 kB: com.hisilicon.android.hiRMService (pid 2561)
     7226 kB: com.android.externalstorage (pid 12828)
     6490 kB: displaysetting (pid 1603)
     6232 kB: tvserver (pid 1604)
     4943 kB: com.coocaa.messageprovider (pid 10697)
     4135 kB: hiaoservice (pid 1599)
     3856 kB: hisysmanager (pid 1600)
     2813 kB: wpa_supplicant (pid 5211)
     2215 kB: stbserver (pid 1709)
     2149 kB: drmserver (pid 1595)
     1592 kB: vold (pid 1590)
     1251 kB: netd (pid 1592)
     1229 kB: keystore (pid 1598)
     1110 kB: android_ir_user (pid 1613)
     1091 kB: VirtualEvent (pid 2013)
      860 kB: dtvloaderserver (pid 1605)
      857 kB: hikaraokeservice (pid 1601)
      809 kB: virtualkeypad (pid 1606)
      801 kB: /init (pid 1)
      800 kB: debuggerd64 (pid 1594)
      689 kB: adbd (pid 3315)
      626 kB: lmkd (pid 1588)
      604 kB: netshared (pid 1602)
      582 kB: dhcpcd (pid 20747)
      576 kB: healthd (pid 1587)
      523 kB: dumpsys (pid 27289)
      472 kB: ueventd (pid 1106)
      457 kB: coocaa_guard (pid 1608)
      450 kB: teecd (pid 1614)
      444 kB: logcat (pid 1820)
      415 kB: sh (pid 6351)
      392 kB: installd (pid 1597)
      386 kB: sh (pid 1742)
      371 kB: sh (pid 1745)
      357 kB: debuggerd (pid 1593)
      353 kB: sh (pid 1632)
      335 kB: servicemanager (pid 1589)
      320 kB: sh (pid 1806)
      272 kB: hidrawd (pid 1609)
      237 kB: smobsd (pid 2018)

Total PSS by OOM adjustment:
   121472 kB: Native
               23426 kB: zygote64 (pid 1610)
               14934 kB: zygote (pid 1611)
               14309 kB: logd (pid 1586)
               12081 kB: mediaserver (pid 1596)
                9571 kB: surfaceflinger (pid 1591)
                6490 kB: displaysetting (pid 1603)
                6232 kB: tvserver (pid 1604)
                4135 kB: hiaoservice (pid 1599)
                3856 kB: hisysmanager (pid 1600)
                2813 kB: wpa_supplicant (pid 5211)
                2215 kB: stbserver (pid 1709)
                2149 kB: drmserver (pid 1595)
                1592 kB: vold (pid 1590)
                1251 kB: netd (pid 1592)
                1229 kB: keystore (pid 1598)
                1110 kB: android_ir_user (pid 1613)
                1091 kB: VirtualEvent (pid 2013)
                 860 kB: dtvloaderserver (pid 1605)
                 857 kB: hikaraokeservice (pid 1601)
                 809 kB: virtualkeypad (pid 1606)
                 801 kB: /init (pid 1)
                 800 kB: debuggerd64 (pid 1594)
                 689 kB: adbd (pid 3315)
                 626 kB: lmkd (pid 1588)
                 604 kB: netshared (pid 1602)
                 582 kB: dhcpcd (pid 20747)
                 576 kB: healthd (pid 1587)
                 523 kB: dumpsys (pid 27289)
                 472 kB: ueventd (pid 1106)
                 457 kB: coocaa_guard (pid 1608)
                 450 kB: teecd (pid 1614)
                 444 kB: logcat (pid 1820)
                 415 kB: sh (pid 6351)
                 392 kB: installd (pid 1597)
                 386 kB: sh (pid 1742)
                 371 kB: sh (pid 1745)
                 357 kB: debuggerd (pid 1593)
                 353 kB: sh (pid 1632)
                 335 kB: servicemanager (pid 1589)
                 320 kB: sh (pid 1806)
                 272 kB: hidrawd (pid 1609)
                 237 kB: smobsd (pid 2018)
    86226 kB: System
               86226 kB: system (pid 2213)
    86722 kB: Persistent
               69383 kB: com.android.systemui (pid 2448)
                9931 kB: com.skyworth.android.skyRMService (pid 2581)
                7408 kB: com.hisilicon.android.hiRMService (pid 2561)
    13194 kB: Persistent Service
               13194 kB: com.android.bluetooth (pid 5003)
   442596 kB: Foreground
              197046 kB: com.tianci.movieplatform (pid 22425 / activities)
              100211 kB: com.skyworth.angel.voice (pid 5347)
               57072 kB: com.tianci.de (pid 20913)
               52266 kB: com.tianci.system (pid 2506)
               36001 kB: com.tianci.push (pid 2970)
    39857 kB: Visible
               39857 kB: com.coocaa.os.ccosservice (pid 5242)
    40980 kB: Perceptible
               27417 kB: com.coocaa.os.softsettings.provider (pid 20958)
               13563 kB: com.skyworth.tianciime (pid 9961)
   137669 kB: Cached
               63839 kB: com.skyworth.setting (pid 9660)
               32133 kB: com.coocaa.sysreport (pid 23569)
               11299 kB: com.bajintech.karaok (pid 5033)
               10370 kB: android.process.media (pid 3532)
                7859 kB: com.android.defcontainer (pid 9718)
                7226 kB: com.android.externalstorage (pid 12828)
                4943 kB: com.coocaa.messageprovider (pid 10697)

Total PSS by category:
   286484 kB: .dex mmap
   246453 kB: Dalvik
   142708 kB: Native
   109821 kB: .so mmap
    84943 kB: .oat mmap
    34506 kB: .art mmap
    18803 kB: Other mmap
    10369 kB: .apk mmap
    10304 kB: .ttf mmap
     9185 kB: Dalvik Other
     8364 kB: Stack
     6401 kB: Unknown
      235 kB: Other dev
      128 kB: Ashmem
        8 kB: .jar mmap
        4 kB: Cursor
        0 kB: Gfx dev
        0 kB: EGL mtrack
        0 kB: GL mtrack
        0 kB: Other mtrack

Total RAM: 1880788 kB (status moderate)
 Free RAM: 716377 kB (137669 cached pss + 50580 cached kernel + 528128 free)
 Used RAM: 1799031 kB (831047 used pss + 967984 kernel)
 Lost RAM: -634620 kB
   Tuning: 192 (large 384), oom 65536 kB, restore limit 21845 kB (high-end-gfx)
Applications Memory Usage (kB):
Uptime: 2414070 Realtime: 2414070

Total PSS by process:
   205765 kB: com.tianci.movieplatform (pid 22425 / activities)
    99731 kB: com.skyworth.angel.voice (pid 5347)
    87068 kB: system (pid 2213)
    69384 kB: com.android.systemui (pid 2448)
    63839 kB: com.skyworth.setting (pid 9660)
    57092 kB: com.tianci.de (pid 20913)
    52266 kB: com.tianci.system (pid 2506)
    39857 kB: com.coocaa.os.ccosservice (pid 5242)
    36001 kB: com.tianci.push (pid 2970)
    32213 kB: com.coocaa.sysreport (pid 23569)
    27417 kB: com.coocaa.os.softsettings.provider (pid 20958)
    23427 kB: zygote64 (pid 1610)
    14934 kB: zygote (pid 1611)
    14300 kB: logd (pid 1586)
    13563 kB: com.skyworth.tianciime (pid 9961)
    13194 kB: com.android.bluetooth (pid 5003)
    12081 kB: mediaserver (pid 1596)
    11299 kB: com.bajintech.karaok (pid 5033)
    10370 kB: android.process.media (pid 3532)
     9958 kB: com.skyworth.android.skyRMService (pid 2581)
     9568 kB: surfaceflinger (pid 1591)
     7859 kB: com.android.defcontainer (pid 9718)
     7408 kB: com.hisilicon.android.hiRMService (pid 2561)
     7234 kB: com.android.externalstorage (pid 12828)
     6486 kB: displaysetting (pid 1603)
     6232 kB: tvserver (pid 1604)
     4943 kB: com.coocaa.messageprovider (pid 10697)
     4135 kB: hiaoservice (pid 1599)
     3856 kB: hisysmanager (pid 1600)
     2814 kB: wpa_supplicant (pid 5211)
     2215 kB: stbserver (pid 1709)
     2149 kB: drmserver (pid 1595)
     1592 kB: vold (pid 1590)
     1230 kB: keystore (pid 1598)
     1140 kB: netd (pid 1592)
     1110 kB: android_ir_user (pid 1613)
     1091 kB: VirtualEvent (pid 2013)
      860 kB: dtvloaderserver (pid 1605)
      857 kB: hikaraokeservice (pid 1601)
      809 kB: virtualkeypad (pid 1606)
      801 kB: /init (pid 1)
      801 kB: debuggerd64 (pid 1594)
      689 kB: adbd (pid 3315)
      623 kB: lmkd (pid 1588)
      604 kB: netshared (pid 1602)
      582 kB: dhcpcd (pid 20747)
      576 kB: healthd (pid 1587)
      528 kB: dumpsys (pid 27402)
      472 kB: ueventd (pid 1106)
      457 kB: coocaa_guard (pid 1608)
      450 kB: teecd (pid 1614)
      444 kB: logcat (pid 1820)
      415 kB: sh (pid 6351)
      392 kB: installd (pid 1597)
      387 kB: sh (pid 1742)
      371 kB: sh (pid 1745)
      357 kB: debuggerd (pid 1593)
      353 kB: sh (pid 1632)
      335 kB: servicemanager (pid 1589)
      320 kB: sh (pid 1806)
      272 kB: hidrawd (pid 1609)
      237 kB: smobsd (pid 2018)

Total PSS by OOM adjustment:
   121352 kB: Native
               23427 kB: zygote64 (pid 1610)
               14934 kB: zygote (pid 1611)
               14300 kB: logd (pid 1586)
               12081 kB: mediaserver (pid 1596)
                9568 kB: surfaceflinger (pid 1591)
                6486 kB: displaysetting (pid 1603)
                6232 kB: tvserver (pid 1604)
                4135 kB: hiaoservice (pid 1599)
                3856 kB: hisysmanager (pid 1600)
                2814 kB: wpa_supplicant (pid 5211)
                2215 kB: stbserver (pid 1709)
                2149 kB: drmserver (pid 1595)
                1592 kB: vold (pid 1590)
                1230 kB: keystore (pid 1598)
                1140 kB: netd (pid 1592)
                1110 kB: android_ir_user (pid 1613)
                1091 kB: VirtualEvent (pid 2013)
                 860 kB: dtvloaderserver (pid 1605)
                 857 kB: hikaraokeservice (pid 1601)
                 809 kB: virtualkeypad (pid 1606)
                 801 kB: /init (pid 1)
                 801 kB: debuggerd64 (pid 1594)
                 689 kB: adbd (pid 3315)
                 623 kB: lmkd (pid 1588)
                 604 kB: netshared (pid 1602)
                 582 kB: dhcpcd (pid 20747)
                 576 kB: healthd (pid 1587)
                 528 kB: dumpsys (pid 27402)
                 472 kB: ueventd (pid 1106)
                 457 kB: coocaa_guard (pid 1608)
                 450 kB: teecd (pid 1614)
                 444 kB: logcat (pid 1820)
                 415 kB: sh (pid 6351)
                 392 kB: installd (pid 1597)
                 387 kB: sh (pid 1742)
                 371 kB: sh (pid 1745)
                 357 kB: debuggerd (pid 1593)
                 353 kB: sh (pid 1632)
                 335 kB: servicemanager (pid 1589)
                 320 kB: sh (pid 1806)
                 272 kB: hidrawd (pid 1609)
                 237 kB: smobsd (pid 2018)
    87068 kB: System
               87068 kB: system (pid 2213)
    86750 kB: Persistent
               69384 kB: com.android.systemui (pid 2448)
                9958 kB: com.skyworth.android.skyRMService (pid 2581)
                7408 kB: com.hisilicon.android.hiRMService (pid 2561)
    13194 kB: Persistent Service
               13194 kB: com.android.bluetooth (pid 5003)
   450855 kB: Foreground
              205765 kB: com.tianci.movieplatform (pid 22425 / activities)
               99731 kB: com.skyworth.angel.voice (pid 5347)
               57092 kB: com.tianci.de (pid 20913)
               52266 kB: com.tianci.system (pid 2506)
               36001 kB: com.tianci.push (pid 2970)
    39857 kB: Visible
