Applications Memory Usage (kB):
Uptime: 2956009 Realtime: 2956009

Total PSS by process:
   209856 kB: com.tianci.movieplatform (pid 22425 / activities)
    99836 kB: com.skyworth.angel.voice (pid 5347)
    85897 kB: system (pid 2213)
    70488 kB: com.android.systemui (pid 2448)
    63727 kB: com.skyworth.setting (pid 9660)
    57169 kB: com.tianci.de (pid 20913)
    52200 kB: com.tianci.system (pid 2506)
    39897 kB: com.coocaa.os.ccosservice (pid 5242)
    37847 kB: com.tianci.push (pid 2970)
    27424 kB: com.coocaa.os.softsettings.provider (pid 20958)
    24620 kB: zygote64 (pid 1610)
    15825 kB: logd (pid 1586)
    14918 kB: zygote (pid 1611)
    13675 kB: com.skyworth.tianciime (pid 9961)
    13197 kB: com.android.bluetooth (pid 5003)
    12081 kB: mediaserver (pid 1596)
    11299 kB: com.bajintech.karaok (pid 5033)
    11247 kB: android.process.media (pid 3532)
    11074 kB: com.skyworth.android.skyRMService (pid 2581)
     9645 kB: surfaceflinger (pid 1591)
     8599 kB: com.android.defcontainer (pid 9718)
     7931 kB: com.android.externalstorage (pid 12828)
     7408 kB: com.hisilicon.android.hiRMService (pid 2561)
     6505 kB: displaysetting (pid 1603)
     6232 kB: tvserver (pid 1604)
     4947 kB: com.coocaa.messageprovider (pid 10697)
     4135 kB: hiaoservice (pid 1599)
     3856 kB: hisysmanager (pid 1600)
     2870 kB: wpa_supplicant (pid 5211)
     2215 kB: stbserver (pid 1709)
     2149 kB: drmserver (pid 1595)
     1598 kB: vold (pid 1590)
     1261 kB: keystore (pid 1598)
     1145 kB: netd (pid 1592)
     1121 kB: busybox (pid 32349)
     1110 kB: android_ir_user (pid 1613)
     1091 kB: VirtualEvent (pid 2013)
      860 kB: dtvloaderserver (pid 1605)
      857 kB: hikaraokeservice (pid 1601)
      809 kB: virtualkeypad (pid 1606)
      803 kB: debuggerd64 (pid 1594)
      801 kB: /init (pid 1)
      689 kB: adbd (pid 3315)
      629 kB: lmkd (pid 1588)
      604 kB: netshared (pid 1602)
      584 kB: dhcpcd (pid 20747)
      576 kB: healthd (pid 1587)
      534 kB: dumpsys (pid 32352)
      472 kB: ueventd (pid 1106)
      457 kB: coocaa_guard (pid 1608)
      451 kB: teecd (pid 1614)
      445 kB: logcat (pid 1820)
      416 kB: sh (pid 6351)
      395 kB: installd (pid 1597)
      387 kB: sh (pid 1742)
      372 kB: sh (pid 1745)
      357 kB: debuggerd (pid 1593)
      350 kB: sh (pid 1632)
      336 kB: servicemanager (pid 1589)
      320 kB: sh (pid 1806)
      272 kB: hidrawd (pid 1609)
      237 kB: smobsd (pid 2018)

Total PSS by OOM adjustment:
   125390 kB: Native
               24620 kB: zygote64 (pid 1610)
               15825 kB: logd (pid 1586)
               14918 kB: zygote (pid 1611)
               12081 kB: mediaserver (pid 1596)
                9645 kB: surfaceflinger (pid 1591)
                6505 kB: displaysetting (pid 1603)
                6232 kB: tvserver (pid 1604)
                4135 kB: hiaoservice (pid 1599)
                3856 kB: hisysmanager (pid 1600)
                2870 kB: wpa_supplicant (pid 5211)
                2215 kB: stbserver (pid 1709)
                2149 kB: drmserver (pid 1595)
                1598 kB: vold (pid 1590)
                1261 kB: keystore (pid 1598)
                1145 kB: netd (pid 1592)
                1121 kB: busybox (pid 32349)
                1110 kB: android_ir_user (pid 1613)
                1091 kB: VirtualEvent (pid 2013)
                 860 kB: dtvloaderserver (pid 1605)
                 857 kB: hikaraokeservice (pid 1601)
                 809 kB: virtualkeypad (pid 1606)
                 803 kB: debuggerd64 (pid 1594)
                 801 kB: /init (pid 1)
                 689 kB: adbd (pid 3315)
                 629 kB: lmkd (pid 1588)
                 604 kB: netshared (pid 1602)
                 584 kB: dhcpcd (pid 20747)
                 576 kB: healthd (pid 1587)
                 534 kB: dumpsys (pid 32352)
                 472 kB: ueventd (pid 1106)
                 457 kB: coocaa_guard (pid 1608)
                 451 kB: teecd (pid 1614)
                 445 kB: logcat (pid 1820)
                 416 kB: sh (pid 6351)
                 395 kB: installd (pid 1597)
                 387 kB: sh (pid 1742)
                 372 kB: sh (pid 1745)
                 357 kB: debuggerd (pid 1593)
                 350 kB: sh (pid 1632)
                 336 kB: servicemanager (pid 1589)
                 320 kB: sh (pid 1806)
                 272 kB: hidrawd (pid 1609)
                 237 kB: smobsd (pid 2018)
    85897 kB: System
               85897 kB: system (pid 2213)
    88970 kB: Persistent
               70488 kB: com.android.systemui (pid 2448)
               11074 kB: com.skyworth.android.skyRMService (pid 2581)
                7408 kB: com.hisilicon.android.hiRMService (pid 2561)
    13197 kB: Persistent Service
               13197 kB: com.android.bluetooth (pid 5003)
   456908 kB: Foreground
              209856 kB: com.tianci.movieplatform (pid 22425 / activities)
               99836 kB: com.skyworth.angel.voice (pid 5347)
               57169 kB: com.tianci.de (pid 20913)
               52200 kB: com.tianci.system (pid 2506)
               37847 kB: com.tianci.push (pid 2970)
    39897 kB: Visible
               39897 kB: com.coocaa.os.ccosservice (pid 5242)
    41099 kB: Perceptible
               27424 kB: com.coocaa.os.softsettings.provider (pid 20958)
               13675 kB: com.skyworth.tianciime (pid 9961)
   107750 kB: Cached
               63727 kB: com.skyworth.setting (pid 9660)
               11299 kB: com.bajintech.karaok (pid 5033)
               11247 kB: android.process.media (pid 3532)
                8599 kB: com.android.defcontainer (pid 9718)
                7931 kB: com.android.externalstorage (pid 12828)
                4947 kB: com.coocaa.messageprovider (pid 10697)

Total PSS by category:
   275732 kB: .dex mmap
   253150 kB: Dalvik
   137293 kB: Native
   109983 kB: .so mmap
    84947 kB: .oat mmap
    33765 kB: .art mmap
    20560 kB: Other mmap
    10347 kB: .apk mmap
    10307 kB: .ttf mmap
     8796 kB: Dalvik Other
     7540 kB: Stack
     6337 kB: Unknown
      211 kB: Other dev
      128 kB: Ashmem
        8 kB: .jar mmap
        4 kB: Cursor
        0 kB: Gfx dev
        0 kB: EGL mtrack
        0 kB: GL mtrack
        0 kB: Other mtrack

Total RAM: 1880788 kB (status moderate)
 Free RAM: 676654 kB (107750 cached pss + 114848 cached kernel + 454056 free)
 Used RAM: 1818058 kB (851358 used pss + 966700 kernel)
 Lost RAM: -613924 kB
   Tuning: 192 (large 384), oom 65536 kB, restore limit 21845 kB (high-end-gfx)
Applications Memory Usage (kB):
Uptime: 2959916 Realtime: 2959916

Total PSS by process:
   209084 kB: com.tianci.movieplatform (pid 22425 / activities)
   100156 kB: com.skyworth.angel.voice (pid 5347)
    85096 kB: system (pid 2213)
    70488 kB: com.android.systemui (pid 2448)
    63727 kB: com.skyworth.setting (pid 9660)
    57173 kB: com.tianci.de (pid 20913)
    52200 kB: com.tianci.system (pid 2506)
    39897 kB: com.coocaa.os.ccosservice (pid 5242)
    37847 kB: com.tianci.push (pid 2970)
    27424 kB: com.coocaa.os.softsettings.provider (pid 20958)
    24619 kB: zygote64 (pid 1610)
    16108 kB: logd (pid 1586)
    14918 kB: zygote (pid 1611)
    13683 kB: com.skyworth.tianciime (pid 9961)
    13197 kB: com.android.bluetooth (pid 5003)
    12081 kB: mediaserver (pid 1596)
    11299 kB: com.bajintech.karaok (pid 5033)
    11249 kB: android.process.media (pid 3532)
    11077 kB: com.skyworth.android.skyRMService (pid 2581)
     9688 kB: surfaceflinger (pid 1591)
     8602 kB: com.android.defcontainer (pid 9718)
     7934 kB: com.android.externalstorage (pid 12828)
     7408 kB: com.hisilicon.android.hiRMService (pid 2561)
     6512 kB: displaysetting (pid 1603)
     6232 kB: tvserver (pid 1604)
     4947 kB: com.coocaa.messageprovider (pid 10697)
     4135 kB: hiaoservice (pid 1599)
     3856 kB: hisysmanager (pid 1600)
     2869 kB: wpa_supplicant (pid 5211)
     2215 kB: stbserver (pid 1709)
     2149 kB: drmserver (pid 1595)
     1593 kB: vold (pid 1590)
     1246 kB: keystore (pid 1598)
     1145 kB: netd (pid 1592)
     1110 kB: android_ir_user (pid 1613)
     1091 kB: VirtualEvent (pid 2013)
      860 kB: dtvloaderserver (pid 1605)
      857 kB: hikaraokeservice (pid 1601)
      809 kB: virtualkeypad (pid 1606)
      802 kB: debuggerd64 (pid 1594)
      801 kB: /init (pid 1)
      689 kB: adbd (pid 3315)
      632 kB: lmkd (pid 1588)
      604 kB: netshared (pid 1602)
      583 kB: dhcpcd (pid 20747)
      576 kB: healthd (pid 1587)
      472 kB: ueventd (pid 1106)
      457 kB: coocaa_guard (pid 1608)
      451 kB: teecd (pid 1614)
      445 kB: logcat (pid 1820)
      416 kB: sh (pid 6351)
      391 kB: installd (pid 1597)
      387 kB: sh (pid 1742)
      372 kB: sh (pid 1745)
      357 kB: debuggerd (pid 1593)
      350 kB: sh (pid 1632)
      336 kB: servicemanager (pid 1589)
      320 kB: sh (pid 1806)
      272 kB: hidrawd (pid 1609)
      237 kB: smobsd (pid 2018)
        0 kB: busybox (pid 32349)
        0 kB: dumpsys (pid 32352)

Total PSS by OOM adjustment:
   124043 kB: Native
               24619 kB: zygote64 (pid 1610)
               16108 kB: logd (pid 1586)
               14918 kB: zygote (pid 1611)
               12081 kB: mediaserver (pid 1596)
                9688 kB: surfaceflinger (pid 1591)
                6512 kB: displaysetting (pid 1603)
                6232 kB: tvserver (pid 1604)
                4135 kB: hiaoservice (pid 1599)
                3856 kB: hisysmanager (pid 1600)
                2869 kB: wpa_supplicant (pid 5211)
                2215 kB: stbserver (pid 1709)
                2149 kB: drmserver (pid 1595)
                1593 kB: vold (pid 1590)
                1246 kB: keystore (pid 1598)
                1145 kB: netd (pid 1592)
                1110 kB: android_ir_user (pid 1613)
                1091 kB: VirtualEvent (pid 2013)
                 860 kB: dtvloaderserver (pid 1605)
                 857 kB: hikaraokeservice (pid 1601)
                 809 kB: virtualkeypad (pid 1606)
                 802 kB: debuggerd64 (pid 1594)
                 801 kB: /init (pid 1)
                 689 kB: adbd (pid 3315)
                 632 kB: lmkd (pid 1588)
                 604 kB: netshared (pid 1602)
                 583 kB: dhcpcd (pid 20747)
                 576 kB: healthd (pid 1587)
                 472 kB: ueventd (pid 1106)
                 457 kB: coocaa_guard (pid 1608)
                 451 kB: teecd (pid 1614)
                 445 kB: logcat (pid 1820)
                 416 kB: sh (pid 6351)
                 391 kB: installd (pid 1597)
                 387 kB: sh (pid 1742)
                 372 kB: sh (pid 1745)
                 357 kB: debuggerd (pid 1593)
                 350 kB: sh (pid 1632)
                 336 kB: servicemanager (pid 1589)
                 320 kB: sh (pid 1806)
                 272 kB: hidrawd (pid 1609)
                 237 kB: smobsd (pid 2018)
                   0 kB: busybox (pid 32349)
                   0 kB: dumpsys (pid 32352)
    85096 kB: System
               85096 kB: system (pid 2213)
    88973 kB: Persistent
               70488 kB: com.android.systemui (pid 2448)
               11077 kB: com.skyworth.android.skyRMService (pid 2581)
                7408 kB: com.hisilicon.android.hiRMService (pid 2561)
    13197 kB: Persistent Service
               13197 kB: com.android.bluetooth (pid 5003)
   456460 kB: Foreground
              209084 kB: com.tianci.movieplatform (pid 22425 / activities)
              100156 kB: com.skyworth.angel.voice (pid 5347)
               57173 kB: com.tianci.de (pid 20913)
               52200 kB: com.tianci.system (pid 2506)
               37847 kB: com.tianci.push (pid 2970)
    39897 kB: Visible
               39897 kB: com.coocaa.os.ccosservice (pid 5242)
    41107 kB: Perceptible
               27424 kB: com.coocaa.os.softsettings.provider (pid 20958)
               13683 kB: com.skyworth.tianciime (pid 9961)
   107758 kB: Cached
               63727 kB: com.skyworth.setting (pid 9660)
               11299 kB: com.bajintech.karaok (pid 5033)
               11249 kB: android.process.media (pid 3532)
                8602 kB: com.android.defcontainer (pid 9718)
                7934 kB: com.android.externalstorage (pid 12828)
                4947 kB: com.coocaa.messageprovider (pid 10697)

Total PSS by category:
   275732 kB: .dex mmap
   251814 kB: Dalvik
   136881 kB: Native
   109679 kB: .so mmap
    84947 kB: .oat mmap
    33765 kB: .art mmap
    19468 kB: Other mmap
    10347 kB: .apk mmap
    10307 kB: .ttf mmap
     9460 kB: Dalvik Other
     7520 kB: Stack
     6265 kB: Unknown
      206 kB: Other dev
      128 kB: Ashmem
        8 kB: .jar mmap
        4 kB: Cursor
        0 kB: Gfx dev
        0 kB: EGL mtrack
        0 kB: GL mtrack
        0 kB: Other mtrack

Total RAM: 1880788 kB (status moderate)
 Free RAM: 675546 kB (107758 cached pss + 115236 cached kernel + 452552 free)
 Used RAM: 1815377 kB (848773 used pss + 966604 kernel)
 Lost RAM: -610135 kB
   Tuning: 192 (large 384), oom 65536 kB, restore limit 21845 kB (high-end-gfx)
Applications Memory Usage (kB):
Uptime: 2963817 Realtime: 2963817

Total PSS by process:
   212888 kB: com.tianci.movieplatform (pid 22425 / activities)
    99432 kB: com.skyworth.angel.voice (pid 5347)
    85764 kB: system (pid 2213)
    70488 kB: com.android.systemui (pid 2448)
    63727 kB: com.skyworth.setting (pid 9660)
    57173 kB: com.tianci.de (pid 20913)
    52200 kB: com.tianci.system (pid 2506)
    39897 kB: com.coocaa.os.ccosservice (pid 5242)
    37841 kB: com.tianci.push (pid 2970)
    27424 kB: com.coocaa.os.softsettings.provider (pid 20958)
    24619 kB: zygote64 (pid 1610)
    16065 kB: logd (pid 1586)
    14918 kB: zygote (pid 1611)
    13699 kB: com.skyworth.tianciime (pid 9961)
    13197 kB: com.android.bluetooth (pid 5003)
    12081 kB: mediaserver (pid 1596)
    11299 kB: com.bajintech.karaok (pid 5033)
    11249 kB: android.process.media (pid 3532)
    11077 kB: com.skyworth.android.skyRMService (pid 2581)
     9717 kB: surfaceflinger (pid 1591)
     8602 kB: com.android.defcontainer (pid 9718)
     7934 kB: com.android.externalstorage (pid 12828)
     7408 kB: com.hisilicon.android.hiRMService (pid 2561)
     6510 kB: displaysetting (pid 1603)
     6232 kB: tvserver (pid 1604)
     4947 kB: com.coocaa.messageprovider (pid 10697)
     4135 kB: hiaoservice (pid 1599)
     3856 kB: hisysmanager (pid 1600)
     2870 kB: wpa_supplicant (pid 5211)
     2215 kB: stbserver (pid 1709)
     2149 kB: drmserver (pid 1595)
     1597 kB: vold (pid 1590)
     1260 kB: keystore (pid 1598)
     1145 kB: netd (pid 1592)
     1110 kB: android_ir_user (pid 1613)
     1091 kB: VirtualEvent (pid 2013)
      860 kB: dtvloaderserver (pid 1605)
      857 kB: hikaraokeservice (pid 1601)
      809 kB: virtualkeypad (pid 1606)
      802 kB: debuggerd64 (pid 1594)
      801 kB: /init (pid 1)
      689 kB: adbd (pid 3315)
      624 kB: lmkd (pid 1588)
      604 kB: netshared (pid 1602)
      584 kB: dhcpcd (pid 20747)
      576 kB: healthd (pid 1587)
      546 kB: dumpsys (pid 32493)
      472 kB: ueventd (pid 1106)
      457 kB: coocaa_guard (pid 1608)
      451 kB: teecd (pid 1614)
      445 kB: logcat (pid 1820)
      416 kB: sh (pid 6351)
      395 kB: installd (pid 1597)
      387 kB: sh (pid 1742)
      372 kB: sh (pid 1745)
      357 kB: debuggerd (pid 1593)
      350 kB: sh (pid 1632)
      336 kB: servicemanager (pid 1589)
      320 kB: sh (pid 1806)
      272 kB: hidrawd (pid 1609)
      237 kB: smobsd (pid 2018)

Total PSS by OOM adjustment:
   124589 kB: Native
               24619 kB: zygote64 (pid 1610)
               16065 kB: logd (pid 1586)
               14918 kB: zygote (pid 1611)
               12081 kB: mediaserver (pid 1596)
                9717 kB: surfaceflinger (pid 1591)
                6510 kB: displaysetting (pid 1603)
                6232 kB: tvserver (pid 1604)
                4135 kB: hiaoservice (pid 1599)
                3856 kB: hisysmanager (pid 1600)
                2870 kB: wpa_supplicant (pid 5211)
                2215 kB: stbserver (pid 1709)
                2149 kB: drmserver (pid 1595)
                1597 kB: vold (pid 1590)
                1260 kB: keystore (pid 1598)
                1145 kB: netd (pid 1592)
                1110 kB: android_ir_user (pid 1613)
                1091 kB: VirtualEvent (pid 2013)
                 860 kB: dtvloaderserver (pid 1605)
                 857 kB: hikaraokeservice (pid 1601)
                 809 kB: virtualkeypad (pid 1606)
                 802 kB: debuggerd64 (pid 1594)
                 801 kB: /init (pid 1)
                 689 kB: adbd (pid 3315)
                 624 kB: lmkd (pid 1588)
                 604 kB: netshared (pid 1602)
                 584 kB: dhcpcd (pid 20747)
                 576 kB: healthd (pid 1587)
                 546 kB: dumpsys (pid 32493)
                 472 kB: ueventd (pid 1106)
                 457 kB: coocaa_guard (pid 1608)
                 451 kB: teecd (pid 1614)
                 445 kB: logcat (pid 1820)
                 416 kB: sh (pid 6351)
                 395 kB: installd (pid 1597)
                 387 kB: sh (pid 1742)
                 372 kB: sh (pid 1745)
                 357 kB: debuggerd (pid 1593)
                 350 kB: sh (pid 1632)
                 336 kB: servicemanager (pid 1589)
                 320 kB: sh (pid 1806)
                 272 kB: hidrawd (pid 1609)
                 237 kB: smobsd (pid 2018)
    85764 kB: System
               85764 kB: system (pid 2213)
    88973 kB: Persistent
               70488 kB: com.android.systemui (pid 2448)
               11077 kB: com.skyworth.android.skyRMService (pid 2581)
                7408 kB: com.hisilicon.android.hiRMService (pid 2561)
    13197 kB: Persistent Service
               13197 kB: com.android.bluetooth (pid 5003)
   459534 kB: Foreground
              212888 kB: com.tianci.movieplatform (pid 22425 / activities)
               99432 kB: com.skyworth.angel.voice (pid 5347)
               57173 kB: com.tianci.de (pid 20913)
               52200 kB: com.tianci.system (pid 2506)
               37841 kB: com.tianci.push (pid 2970)
    39897 kB: Visible
               39897 kB: com.coocaa.os.ccosservice (pid 5242)
    41123 kB: Perceptible
               27424 kB: com.coocaa.os.softsettings.provider (pid 20958)
               13699 kB: com.skyworth.tianciime (pid 9961)
   107758 kB: Cached
               63727 kB: com.skyworth.setting (pid 9660)
               11299 kB: com.bajintech.karaok (pid 5033)
               11249 kB: android.process.media (pid 3532)
                8602 kB: com.android.defcontainer (pid 9718)
                7934 kB: com.android.externalstorage (pid 12828)
                4947 kB: com.coocaa.messageprovider (pid 10697)

Total PSS by category:
   275732 kB: .dex mmap
   256958 kB: Dalvik
   136353 kB: Native
   109992 kB: .so mmap
    84947 kB: .oat mmap
    33765 kB: .art mmap
    19494 kB: Other mmap
    10347 kB: .apk mmap
    10307 kB: .ttf mmap
     8736 kB: Dalvik Other
     7532 kB: Stack
     6321 kB: Unknown
      211 kB: Other dev
      128 kB: Ashmem
        8 kB: .jar mmap
        4 kB: Cursor
        0 kB: Gfx dev
        0 kB: EGL mtrack
        0 kB: GL mtrack
        0 kB: Other mtrack

Total RAM: 1880788 kB (status moderate)
 Free RAM: 674378 kB (107758 cached pss + 116592 cached kernel + 450028 free)
 Used RAM: 1819637 kB (853077 used pss + 966560 kernel)
 Lost RAM: -613227 kB
   Tuning: 192 (large 384), oom 65536 kB, restore limit 21845 kB (high-end-gfx)
Applications Memory Usage (kB):
Uptime: 2967708 Realtime: 2967709

Total PSS by process:
   209360 kB: com.tianci.movieplatform (pid 22425 / activities)
    99948 kB: com.skyworth.angel.voice (pid 5347)
    86443 kB: system (pid 2213)
    70488 kB: com.android.systemui (pid 2448)
    63727 kB: com.skyworth.setting (pid 9660)
    57173 kB: com.tianci.de (pid 20913)
    52200 kB: com.tianci.system (pid 2506)
    39897 kB: com.coocaa.os.ccosservice (pid 5242)
    37847 kB: com.tianci.push (pid 2970)
    27424 kB: com.coocaa.os.softsettings.provider (pid 20958)
    24618 kB: zygote64 (pid 1610)
    16095 kB: logd (pid 1586)
    14918 kB: zygote (pid 1611)
    13711 kB: com.skyworth.tianciime (pid 9961)
    13197 kB: com.android.bluetooth (pid 5003)
    12081 kB: mediaserver (pid 1596)
    11299 kB: com.bajintech.karaok (pid 5033)
    11248 kB: android.process.media (pid 3532)
    11077 kB: com.skyworth.android.skyRMService (pid 2581)
     9671 kB: surfaceflinger (pid 1591)
     8602 kB: com.android.defcontainer (pid 9718)
     7934 kB: com.android.externalstorage (pid 12828)
     7408 kB: com.hisilicon.android.hiRMService (pid 2561)
     6494 kB: displaysetting (pid 1603)
     6232 kB: tvserver (pid 1604)
     4947 kB: com.coocaa.messageprovider (pid 10697)
     4135 kB: hiaoservice (pid 1599)
     3856 kB: hisysmanager (pid 1600)
     2869 kB: wpa_supplicant (pid 5211)
     2215 kB: stbserver (pid 1709)
     2149 kB: drmserver (pid 1595)
     1572 kB: vold (pid 1590)
     1247 kB: keystore (pid 1598)
     1136 kB: netd (pid 1592)
     1110 kB: android_ir_user (pid 1613)
     1091 kB: VirtualEvent (pid 2013)
      860 kB: dtvloaderserver (pid 1605)
      857 kB: hikaraokeservice (pid 1601)
      809 kB: virtualkeypad (pid 1606)
      801 kB: /init (pid 1)
      798 kB: debuggerd64 (pid 1594)
      689 kB: adbd (pid 3315)
      630 kB: lmkd (pid 1588)
      604 kB: netshared (pid 1602)
      584 kB: dhcpcd (pid 20747)
      576 kB: healthd (pid 1587)
      472 kB: ueventd (pid 1106)
      457 kB: coocaa_guard (pid 1608)
      451 kB: teecd (pid 1614)
      445 kB: logcat (pid 1820)
      416 kB: sh (pid 6351)
      390 kB: installd (pid 1597)
      387 kB: sh (pid 1742)
      372 kB: sh (pid 1745)
      357 kB: debuggerd (pid 1593)
      350 kB: sh (pid 1632)
      332 kB: servicemanager (pid 1589)
      320 kB: sh (pid 1806)
      272 kB: hidrawd (pid 1609)
      237 kB: smobsd (pid 2018)
        0 kB: dumpsys (pid 32493)

Total PSS by OOM adjustment:
   123955 kB: Native
               24618 kB: zygote64 (pid 1610)
               16095 kB: logd (pid 1586)
               14918 kB: zygote (pid 1611)
               12081 kB: mediaserver (pid 1596)
                9671 kB: surfaceflinger (pid 1591)
                6494 kB: displaysetting (pid 1603)
                6232 kB: tvserver (pid 1604)
                4135 kB: hiaoservice (pid 1599)
                3856 kB: hisysmanager (pid 1600)
                2869 kB: wpa_supplicant (pid 5211)
                2215 kB: stbserver (pid 1709)
                2149 kB: drmserver (pid 1595)
                1572 kB: vold (pid 1590)
                1247 kB: keystore (pid 1598)
                1136 kB: netd (pid 1592)
                1110 kB: android_ir_user (pid 1613)
                1091 kB: VirtualEvent (pid 2013)
                 860 kB: dtvloaderserver (pid 1605)
                 857 kB: hikaraokeservice (pid 1601)
                 809 kB: virtualkeypad (pid 1606)
                 801 kB: /init (pid 1)
                 798 kB: debuggerd64 (pid 1594)
                 689 kB: adbd (pid 3315)
                 630 kB: lmkd (pid 1588)
                 604 kB: netshared (pid 1602)
                 584 kB: dhcpcd (pid 20747)
                 576 kB: healthd (pid 1587)
                 472 kB: ueventd (pid 1106)
                 457 kB: coocaa_guard (pid 1608)
                 451 kB: teecd (pid 1614)
                 445 kB: logcat (pid 1820)
                 416 kB: sh (pid 6351)
                 390 kB: installd (pid 1597)
                 387 kB: sh (pid 1742)
                 372 kB: sh (pid 1745)
                 357 kB: debuggerd (pid 1593)
                 350 kB: sh (pid 1632)
                 332 kB: servicemanager (pid 1589)
                 320 kB: sh (pid 1806)
                 272 kB: hidrawd (pid 1609)
                 237 kB: smobsd (pid 2018)
                   0 kB: dumpsys (pid 32493)
    86443 kB: System
               86443 kB: system (pid 2213)
    88973 kB: Persistent
               70488 kB: com.android.systemui (pid 2448)
               11077 kB: com.skyworth.android.skyRMService (pid 2581)
                7408 kB: com.hisilicon.android.hiRMService (pid 2561)
    13197 kB: Persistent Service
               13197 kB: com.android.bluetooth (pid 5003)
   456528 kB: Foreground
              209360 kB: com.tianci.movieplatform (pid 22425 / activities)
               99948 kB: com.skyworth.angel.voice (pid 5347)
               57173 kB: com.tianci.de (pid 20913)
               52200 kB: com.tianci.system (pid 2506)
               37847 kB: com.tianci.push (pid 2970)
    39897 kB: Visible
               39897 kB: com.coocaa.os.ccosservice (pid 5242)
    41135 kB: Perceptible
               27424 kB: com.coocaa.os.softsettings.provider (pid 20958)
               13711 kB: com.skyworth.tianciime (pid 9961)
   107757 kB: Cached
               63727 kB: com.skyworth.setting (pid 9660)
               11299 kB: com.bajintech.karaok (pid 5033)
               11248 kB: android.process.media (pid 3532)
                8602 kB: com.android.defcontainer (pid 9718)
                7934 kB: com.android.externalstorage (pid 12828)
                4947 kB: com.coocaa.messageprovider (pid 10697)

Total PSS by category:
   275732 kB: .dex mmap
   254582 kB: Dalvik
   136081 kB: Native
   109601 kB: .so mmap
    84947 kB: .oat mmap
    33765 kB: .art mmap
    19468 kB: Other mmap
    10347 kB: .apk mmap
    10307 kB: .ttf mmap
     8924 kB: Dalvik Other
     7520 kB: Stack
     6265 kB: Unknown
      206 kB: Other dev
      128 kB: Ashmem
        8 kB: .jar mmap
        4 kB: Cursor
        0 kB: Gfx dev
        0 kB: EGL mtrack
        0 kB: GL mtrack
        0 kB: Other mtrack

Total RAM: 1880788 kB (status moderate)
 Free RAM: 675429 kB (107757 cached pss + 116932 cached kernel + 450740 free)
 Used RAM: 1816712 kB (850128 used pss + 966584 kernel)
 Lost RAM: -611353 kB
   Tuning: 192 (large 384), oom 65536 kB, restore limit 21845 kB (high-end-gfx)
Applications Memory Usage (kB):
Uptime: 2971711 Realtime: 2971712

Total PSS by process:
   211848 kB: com.tianci.movieplatform (pid 22425 / activities)
   100160 kB: com.skyworth.angel.voice (pid 5347)
    85524 kB: system (pid 2213)
    70488 kB: com.android.systemui (pid 2448)
    63727 kB: com.skyworth.setting (pid 9660)
    57173 kB: com.tianci.de (pid 20913)
    52200 kB: com.tianci.system (pid 2506)
    39897 kB: com.coocaa.os.ccosservice (pid 5242)
    37847 kB: com.tianci.push (pid 2970)
    27424 kB: com.coocaa.os.softsettings.provider (pid 20958)
    24619 kB: zygote64 (pid 1610)
    16300 kB: logd (pid 1586)
    14918 kB: zygote (pid 1611)
    13727 kB: com.skyworth.tianciime (pid 9961)
    13197 kB: com.android.bluetooth (pid 5003)
    12081 kB: mediaserver (pid 1596)
    11299 kB: com.bajintech.karaok (pid 5033)
    11249 kB: android.process.media (pid 3532)
    11077 kB: com.skyworth.android.skyRMService (pid 2581)
     9696 kB: surfaceflinger (pid 1591)
     8602 kB: com.android.defcontainer (pid 9718)
     7934 kB: com.android.externalstorage (pid 12828)
     7408 kB: com.hisilicon.android.hiRMService (pid 2561)
     6512 kB: displaysetting (pid 1603)
     6232 kB: tvserver (pid 1604)
     4947 kB: com.coocaa.messageprovider (pid 10697)
     4135 kB: hiaoservice (pid 1599)
     3856 kB: hisysmanager (pid 1600)
     2869 kB: wpa_supplicant (pid 5211)
     2215 kB: stbserver (pid 1709)
     2149 kB: drmserver (pid 1595)
     1593 kB: vold (pid 1590)
     1259 kB: keystore (pid 1598)
     1145 kB: netd (pid 1592)
     1110 kB: android_ir_user (pid 1613)
     1091 kB: VirtualEvent (pid 2013)
      860 kB: dtvloaderserver (pid 1605)
      857 kB: hikaraokeservice (pid 1601)
      809 kB: virtualkeypad (pid 1606)
      802 kB: debuggerd64 (pid 1594)
      801 kB: /init (pid 1)
      693 kB: adbd (pid 3315)
      632 kB: lmkd (pid 1588)
      624 kB: busybox (pid 32619)
      604 kB: netshared (pid 1602)
      583 kB: dhcpcd (pid 20747)
      576 kB: healthd (pid 1587)
      528 kB: dumpsys (pid 32622)
      472 kB: ueventd (pid 1106)
      457 kB: coocaa_guard (pid 1608)
      451 kB: teecd (pid 1614)
      445 kB: logcat (pid 1820)
      416 kB: sh (pid 6351)
      395 kB: installd (pid 1597)
      387 kB: sh (pid 1742)
      372 kB: sh (pid 1745)
      357 kB: debuggerd (pid 1593)
      350 kB: sh (pid 1632)
      336 kB: servicemanager (pid 1589)
      320 kB: sh (pid 1806)
      272 kB: hidrawd (pid 1609)
      237 kB: smobsd (pid 2018)

Total PSS by OOM adjustment:
   125416 kB: Native
               24619 kB: zygote64 (pid 1610)
               16300 kB: logd (pid 1586)
               14918 kB: zygote (pid 1611)
               12081 kB: mediaserver (pid 1596)
                9696 kB: surfaceflinger (pid 1591)
                6512 kB: displaysetting (pid 1603)
                6232 kB: tvserver (pid 1604)
                4135 kB: hiaoservice (pid 1599)
                3856 kB: hisysmanager (pid 1600)
                2869 kB: wpa_supplicant (pid 5211)
                2215 kB: stbserver (pid 1709)
                2149 kB: drmserver (pid 1595)
                1593 kB: vold (pid 1590)
                1259 kB: keystore (pid 1598)
                1145 kB: netd (pid 1592)
                1110 kB: android_ir_user (pid 1613)
                1091 kB: VirtualEvent (pid 2013)
                 860 kB: dtvloaderserver (pid 1605)
                 857 kB: hikaraokeservice (pid 1601)
                 809 kB: virtualkeypad (pid 1606)
                 802 kB: debuggerd64 (pid 1594)
                 801 kB: /init (pid 1)
                 693 kB: adbd (pid 3315)
                 632 kB: lmkd (pid 1588)
                 624 kB: busybox (pid 32619)
                 604 kB: netshared (pid 1602)
                 583 kB: dhcpcd (pid 20747)
                 576 kB: healthd (pid 1587)
                 528 kB: dumpsys (pid 32622)
                 472 kB: ueventd (pid 1106)
                 457 kB: coocaa_guard (pid 1608)
                 451 kB: teecd (pid 1614)
                 445 kB: logcat (pid 1820)
                 416 kB: sh (pid 6351)
                 395 kB: installd (pid 1597)
                 387 kB: sh (pid 1742)
                 372 kB: sh (pid 1745)
                 357 kB: debuggerd (pid 1593)
                 350 kB: sh (pid 1632)
                 336 kB: servicemanager (pid 1589)
                 320 kB: sh (pid 1806)
                 272 kB: hidrawd (pid 1609)
                 237 kB: smobsd (pid 2018)
    85524 kB: System
               85524 kB: system (pid 2213)
    88973 kB: Persistent
               70488 kB: com.android.systemui (pid 2448)
               11077 kB: com.skyworth.android.skyRMService (pid 2581)
                7408 kB: com.hisilicon.android.hiRMService (pid 2561)
    13197 kB: Persistent Service
               13197 kB: com.android.bluetooth (pid 5003)
   459228 kB: Foreground
              211848 kB: com.tianci.movieplatform (pid 22425 / activities)
              100160 kB: com.skyworth.angel.voice (pid 5347)
               57173 kB: com.tianci.de (pid 20913)
               52200 kB: com.tianci.system (pid 2506)
               37847 kB: com.tianci.push (pid 2970)
    39897 kB: Visible
               39897 kB: com.coocaa.os.ccosservice (pid 5242)
    41151 kB: Perceptible
               27424 kB: com.coocaa.os.softsettings.provider (pid 20958)
               13727 kB: com.skyworth.tianciime (pid 9961)
   107758 kB: Cached
               63727 kB: com.skyworth.setting (pid 9660)
               11299 kB: com.bajintech.karaok (pid 5033)
               11249 kB: android.process.media (pid 3532)
                8602 kB: com.android.defcontainer (pid 9718)
                7934 kB: com.android.externalstorage (pid 12828)
                4947 kB: com.coocaa.messageprovider (pid 10697)

Total PSS by category:
   275732 kB: .dex mmap
   256622 kB: Dalvik
   136305 kB: Native
   109993 kB: .so mmap
    84947 kB: .oat mmap
    33765 kB: .art mmap
    20062 kB: Other mmap
    10347 kB: .apk mmap
    10307 kB: .ttf mmap
     8832 kB: Dalvik Other
     7544 kB: Stack
     6337 kB: Unknown
      211 kB: Other dev
      128 kB: Ashmem
        8 kB: .jar mmap
        4 kB: Cursor
        0 kB: Gfx dev
        0 kB: EGL mtrack
        0 kB: GL mtrack
        0 kB: Other mtrack

Total RAM: 1880788 kB (status moderate)
 Free RAM: 677530 kB (107758 cached pss + 116228 cached kernel + 453544 free)
 Used RAM: 1820082 kB (853386 used pss + 966696 kernel)
 Lost RAM: -616824 kB
   Tuning: 192 (large 384), oom 65536 kB, restore limit 21845 kB (high-end-gfx)
Applications Memory Usage (kB):
Uptime: 2975541 Realtime: 2975541

Total PSS by process:
   208404 kB: com.tianci.movieplatform (pid 22425 / activities)
    99552 kB: com.skyworth.angel.voice (pid 5347)
    84706 kB: system (pid 2213)
    70488 kB: com.android.systemui (pid 2448)
    63727 kB: com.skyworth.setting (pid 9660)
    57177 kB: com.tianci.de (pid 20913)
    52200 kB: com.tianci.system (pid 2506)
    39897 kB: com.coocaa.os.ccosservice (pid 5242)
    37847 kB: com.tianci.push (pid 2970)
    27424 kB: com.coocaa.os.softsettings.provider (pid 20958)
    24605 kB: zygote64 (pid 1610)
    16623 kB: logd (pid 1586)
    14918 kB: zygote (pid 1611)
    13743 kB: com.skyworth.tianciime (pid 9961)
    13197 kB: com.android.bluetooth (pid 5003)
    12081 kB: mediaserver (pid 1596)
    11299 kB: com.bajintech.karaok (pid 5033)
    11249 kB: android.process.media (pid 3532)
    11081 kB: com.skyworth.android.skyRMService (pid 2581)
     9675 kB: surfaceflinger (pid 1591)
     8602 kB: com.android.defcontainer (pid 9718)
     7934 kB: com.android.externalstorage (pid 12828)
     7408 kB: com.hisilicon.android.hiRMService (pid 2561)
     6493 kB: displaysetting (pid 1603)
     6232 kB: tvserver (pid 1604)
     4947 kB: com.coocaa.messageprovider (pid 10697)
     4135 kB: hiaoservice (pid 1599)
     3856 kB: hisysmanager (pid 1600)
     2868 kB: wpa_supplicant (pid 5211)
     2215 kB: stbserver (pid 1709)
     2149 kB: drmserver (pid 1595)
     1578 kB: vold (pid 1590)
     1246 kB: keystore (pid 1598)
     1136 kB: netd (pid 1592)
     1110 kB: android_ir_user (pid 1613)
     1091 kB: VirtualEvent (pid 2013)
      860 kB: dtvloaderserver (pid 1605)
      857 kB: hikaraokeservice (pid 1601)
      809 kB: virtualkeypad (pid 1606)
      801 kB: /init (pid 1)
      798 kB: debuggerd64 (pid 1594)
      689 kB: adbd (pid 3315)
      630 kB: lmkd (pid 1588)
      604 kB: netshared (pid 1602)
      584 kB: dhcpcd (pid 20747)
      576 kB: healthd (pid 1587)
      472 kB: ueventd (pid 1106)
      457 kB: coocaa_guard (pid 1608)
      451 kB: teecd (pid 1614)
      445 kB: logcat (pid 1820)
      416 kB: sh (pid 6351)
      390 kB: installd (pid 1597)
      387 kB: sh (pid 1742)
      372 kB: sh (pid 1745)
      357 kB: debuggerd (pid 1593)
      350 kB: sh (pid 1632)
      333 kB: servicemanager (pid 1589)
      320 kB: sh (pid 1806)
      272 kB: hidrawd (pid 1609)
      237 kB: smobsd (pid 2018)
        0 kB: busybox (pid 32619)
        0 kB: dumpsys (pid 32622)

Total PSS by OOM adjustment:
   124478 kB: Native
               24605 kB: zygote64 (pid 1610)
               16623 kB: logd (pid 1586)
               14918 kB: zygote (pid 1611)
               12081 kB: mediaserver (pid 1596)
                9675 kB: surfaceflinger (pid 1591)
                6493 kB: displaysetting (pid 1603)
                6232 kB: tvserver (pid 1604)
                4135 kB: hiaoservice (pid 1599)
                3856 kB: hisysmanager (pid 1600)
                2868 kB: wpa_supplicant (pid 5211)
                2215 kB: stbserver (pid 1709)
                2149 kB: drmserver (pid 1595)
                1578 kB: vold (pid 1590)
                1246 kB: keystore (pid 1598)
                1136 kB: netd (pid 1592)
                1110 kB: android_ir_user (pid 1613)
                1091 kB: VirtualEvent (pid 2013)
                 860 kB: dtvloaderserver (pid 1605)
                 857 kB: hikaraokeservice (pid 1601)
                 809 kB: virtualkeypad (pid 1606)
                 801 kB: /init (pid 1)
                 798 kB: debuggerd64 (pid 1594)
                 689 kB: adbd (pid 3315)
                 630 kB: lmkd (pid 1588)
                 604 kB: netshared (pid 1602)
                 584 kB: dhcpcd (pid 20747)
                 576 kB: healthd (pid 1587)
                 472 kB: ueventd (pid 1106)
                 457 kB: coocaa_guard (pid 1608)
                 451 kB: teecd (pid 1614)
                 445 kB: logcat (pid 1820)
                 416 kB: sh (pid 6351)
                 390 kB: installd (pid 1597)
                 387 kB: sh (pid 1742)
                 372 kB: sh (pid 1745)
                 357 kB: debuggerd (pid 1593)
                 350 kB: sh (pid 1632)
                 333 kB: servicemanager (pid 1589)
                 320 kB: sh (pid 1806)
                 272 kB: hidrawd (pid 1609)
                 237 kB: smobsd (pid 2018)
                   0 kB: busybox (pid 32619)
                   0 kB: dumpsys (pid 32622)
    84706 kB: System
               84706 kB: system (pid 2213)
    88977 kB: Persistent
               70488 kB: com.android.systemui (pid 2448)
               11081 kB: com.skyworth.android.skyRMService (pid 2581)
                7408 kB: com.hisilicon.android.hiRMService (pid 2561)
    13197 kB: Persistent Service
               13197 kB: com.android.bluetooth (pid 5003)
   455180 kB: Foreground
              208404 kB: com.tianci.movieplatform (pid 22425 / activities)
               99552 kB: com.skyworth.angel.voice (pid 5347)
               57177 kB: com.tianci.de (pid 20913)
               52200 kB: com.tianci.system (pid 2506)
               37847 kB: com.tianci.push (pid 2970)
    39897 kB: Visible
               39897 kB: com.coocaa.os.ccosservice (pid 5242)
    41167 kB: Perceptible
               27424 kB: com.coocaa.os.softsettings.provider (pid 20958)
               13743 kB: com.skyworth.tianciime (pid 9961)
   107758 kB: Cached
               63727 kB: com.skyworth.setting (pid 9660)
               11299 kB: com.bajintech.karaok (pid 5033)
               11249 kB: android.process.media (pid 3532)
                8602 kB: com.android.defcontainer (pid 9718)
                7934 kB: com.android.externalstorage (pid 12828)
                4947 kB: com.coocaa.messageprovider (pid 10697)

Total PSS by category:
   275732 kB: .dex mmap
   250822 kB: Dalvik
   136785 kB: Native
   109588 kB: .so mmap
    84947 kB: .oat mmap
    33765 kB: .art mmap
    19468 kB: Other mmap
    10347 kB: .apk mmap
    10307 kB: .ttf mmap
     9480 kB: Dalvik Other
     7508 kB: Stack
     6265 kB: Unknown
      206 kB: Other dev
      128 kB: Ashmem
        8 kB: .jar mmap
        4 kB: Cursor
        0 kB: Gfx dev
        0 kB: EGL mtrack
        0 kB: GL mtrack
        0 kB: Other mtrack

Total RAM: 1880788 kB (status moderate)
 Free RAM: 680722 kB (107758 cached pss + 116492 cached kernel + 456472 free)
 Used RAM: 1814298 kB (847602 used pss + 966696 kernel)
 Lost RAM: -614232 kB
   Tuning: 192 (large 384), oom 65536 kB, restore limit 21845 kB (high-end-gfx)
Applications Memory Usage (kB):
Uptime: 2979531 Realtime: 2979531

Total PSS by process:
   206700 kB: com.tianci.movieplatform (pid 22425 / activities)
    99815 kB: com.skyworth.angel.voice (pid 5347)
    84472 kB: system (pid 2213)
    69511 kB: com.android.systemui (pid 2448)
    63455 kB: com.skyworth.setting (pid 9660)
    56865 kB: com.tianci.de (pid 20913)
    51890 kB: com.tianci.system (pid 2506)
    39632 kB: com.coocaa.os.ccosservice (pid 5242)
    36526 kB: com.tianci.push (pid 2970)
    30482 kB: com.tianci.user (pid 372)
    29334 kB: com.coocaa.sysreport (pid 32738)
    27184 kB: com.coocaa.os.softsettings.provider (pid 20958)
    23501 kB: zygote64 (pid 1610)
    16587 kB: logd (pid 1586)
    14516 kB: zygote (pid 1611)
    13548 kB: com.skyworth.tianciime (pid 9961)
    12937 kB: com.android.bluetooth (pid 5003)
    12076 kB: mediaserver (pid 1596)
    11060 kB: com.bajintech.karaok (pid 5033)
    10368 kB: android.process.media (pid 3532)
    10288 kB: com.skyworth.android.skyRMService (pid 2581)
     9729 kB: surfaceflinger (pid 1591)
     7874 kB: com.android.defcontainer (pid 9718)
     7245 kB: com.android.externalstorage (pid 12828)
     7140 kB: com.hisilicon.android.hiRMService (pid 2561)
     6492 kB: displaysetting (pid 1603)
     6226 kB: tvserver (pid 1604)
     4728 kB: com.coocaa.messageprovider (pid 10697)
     4130 kB: hiaoservice (pid 1599)
     3852 kB: hisysmanager (pid 1600)
     2825 kB: wpa_supplicant (pid 5211)
     2211 kB: stbserver (pid 1709)
     2144 kB: drmserver (pid 1595)
     1593 kB: vold (pid 1590)
     1242 kB: keystore (pid 1598)
     1140 kB: netd (pid 1592)
     1110 kB: android_ir_user (pid 1613)
     1090 kB: VirtualEvent (pid 2013)
      859 kB: dtvloaderserver (pid 1605)
      856 kB: hikaraokeservice (pid 1601)
      808 kB: virtualkeypad (pid 1606)
      801 kB: /init (pid 1)
      799 kB: debuggerd64 (pid 1594)
      693 kB: adbd (pid 3315)
      618 kB: lmkd (pid 1588)
      604 kB: netshared (pid 1602)
      582 kB: dhcpcd (pid 20747)
      576 kB: healthd (pid 1587)
      541 kB: dumpsys (pid 363)
      472 kB: ueventd (pid 1106)
      456 kB: coocaa_guard (pid 1608)
      450 kB: teecd (pid 1614)
      444 kB: logcat (pid 1820)
      415 kB: sh (pid 6351)
      392 kB: installd (pid 1597)
      387 kB: sh (pid 1742)
      371 kB: sh (pid 1745)
      356 kB: debuggerd (pid 1593)
      349 kB: sh (pid 1632)
      335 kB: servicemanager (pid 1589)
      320 kB: sh (pid 1806)
      271 kB: hidrawd (pid 1609)
      237 kB: smobsd (pid 2018)

Total PSS by OOM adjustment:
   153938 kB: Native
               30482 kB: com.tianci.user (pid 372)
               23501 kB: zygote64 (pid 1610)
               16587 kB: logd (pid 1586)
               14516 kB: zygote (pid 1611)
               12076 kB: mediaserver (pid 1596)
                9729 kB: surfaceflinger (pid 1591)
                6492 kB: displaysetting (pid 1603)
                6226 kB: tvserver (pid 1604)
                4130 kB: hiaoservice (pid 1599)
                3852 kB: hisysmanager (pid 1600)
                2825 kB: wpa_supplicant (pid 5211)
                2211 kB: stbserver (pid 1709)
                2144 kB: drmserver (pid 1595)
                1593 kB: vold (pid 1590)
                1242 kB: keystore (pid 1598)
                1140 kB: netd (pid 1592)
                1110 kB: android_ir_user (pid 1613)
                1090 kB: VirtualEvent (pid 2013)
                 859 kB: dtvloaderserver (pid 1605)
                 856 kB: hikaraokeservice (pid 1601)
                 808 kB: virtualkeypad (pid 1606)
                 801 kB: /init (pid 1)
                 799 kB: debuggerd64 (pid 1594)
                 693 kB: adbd (pid 3315)
                 618 kB: lmkd (pid 1588)
                 604 kB: netshared (pid 1602)
                 582 kB: dhcpcd (pid 20747)
                 576 kB: healthd (pid 1587)
                 541 kB: dumpsys (pid 363)
                 472 kB: ueventd (pid 1106)
                 456 kB: coocaa_guard (pid 1608)
                 450 kB: teecd (pid 1614)
                 444 kB: logcat (pid 1820)
                 415 kB: sh (pid 6351)
                 392 kB: installd (pid 1597)
                 387 kB: sh (pid 1742)
                 371 kB: sh (pid 1745)
                 356 kB: debuggerd (pid 1593)
                 349 kB: sh (pid 1632)
                 335 kB: servicemanager (pid 1589)
                 320 kB: sh (pid 1806)
                 271 kB: hidrawd (pid 1609)
                 237 kB: smobsd (pid 2018)
    84472 kB: System
               84472 kB: system (pid 2213)
    86939 kB: Persistent
               69511 kB: com.android.systemui (pid 2448)
               10288 kB: com.skyworth.android.skyRMService (pid 2581)
                7140 kB: com.hisilicon.android.hiRMService (pid 2561)
    12937 kB: Persistent Service
               12937 kB: com.android.bluetooth (pid 5003)
   451796 kB: Foreground
              206700 kB: com.tianci.movieplatform (pid 22425 / activities)
               99815 kB: com.skyworth.angel.voice (pid 5347)
               56865 kB: com.tianci.de (pid 20913)
               51890 kB: com.tianci.system (pid 2506)
               36526 kB: com.tianci.push (pid 2970)
    39632 kB: Visible
               39632 kB: com.coocaa.os.ccosservice (pid 5242)
    40732 kB: Perceptible
               27184 kB: com.coocaa.os.softsettings.provider (pid 20958)
               13548 kB: com.skyworth.tianciime (pid 9961)
   134064 kB: Cached
               63455 kB: com.skyworth.setting (pid 9660)
               29334 kB: com.coocaa.sysreport (pid 32738)
               11060 kB: com.bajintech.karaok (pid 5033)
               10368 kB: android.process.media (pid 3532)
                7874 kB: com.android.defcontainer (pid 9718)
                7245 kB: com.android.externalstorage (pid 12828)
                4728 kB: com.coocaa.messageprovider (pid 10697)

Total PSS by category:
   302888 kB: .dex mmap
   262899 kB: Dalvik
   142025 kB: Native
   109978 kB: .so mmap
    85415 kB: .oat mmap
    35115 kB: .art mmap
    19518 kB: Other mmap
    10998 kB: .apk mmap
    10307 kB: .ttf mmap
    10289 kB: Dalvik Other
     8300 kB: Stack
     6401 kB: Unknown
      237 kB: Other dev
      128 kB: Ashmem
        8 kB: .jar mmap
        4 kB: Cursor
        0 kB: Gfx dev
        0 kB: EGL mtrack
        0 kB: GL mtrack
        0 kB: Other mtrack

Total RAM: 1880788 kB (status moderate)
 Free RAM: 662652 kB (134064 cached pss + 91084 cached kernel + 437504 free)
 Used RAM: 1841622 kB (870446 used pss + 971176 kernel)
 Lost RAM: -623486 kB
   Tuning: 192 (large 384), oom 65536 kB, restore limit 21845 kB (high-end-gfx)
Applications Memory Usage (kB):
Uptime: 2983634 Realtime: 2983634

Total PSS by process:
   203908 kB: com.tianci.movieplatform (pid 22425 / activities)
    99917 kB: com.skyworth.angel.voice (pid 5347)
    84604 kB: system (pid 2213)
    69456 kB: com.android.systemui (pid 2448)
    63348 kB: com.skyworth.setting (pid 9660)
    56782 kB: com.tianci.de (pid 20913)
    51877 kB: com.tianci.system (pid 2506)
    39505 kB: com.coocaa.os.ccosservice (pid 5242)
    36472 kB: com.tianci.push (pid 2970)
    33053 kB: com.tianci.user (pid 372)
    29911 kB: com.coocaa.sysreport (pid 32738)
    27125 kB: com.coocaa.os.softsettings.provider (pid 20958)
    23503 kB: zygote64 (pid 1610)
    16594 kB: logd (pid 1586)
    14515 kB: zygote (pid 1611)
    13509 kB: com.skyworth.tianciime (pid 9961)
    12941 kB: com.android.bluetooth (pid 5003)
    12076 kB: mediaserver (pid 1596)
    11066 kB: com.bajintech.karaok (pid 5033)
    10364 kB: android.process.media (pid 3532)
    10288 kB: com.skyworth.android.skyRMService (pid 2581)
     9744 kB: surfaceflinger (pid 1591)
     7869 kB: com.android.defcontainer (pid 9718)
     7239 kB: com.android.externalstorage (pid 12828)
     7150 kB: com.hisilicon.android.hiRMService (pid 2561)
     6494 kB: displaysetting (pid 1603)
     6226 kB: tvserver (pid 1604)
     4725 kB: com.coocaa.messageprovider (pid 10697)
     4130 kB: hiaoservice (pid 1599)
     3852 kB: hisysmanager (pid 1600)
     2825 kB: wpa_supplicant (pid 5211)
     2211 kB: stbserver (pid 1709)
     2144 kB: drmserver (pid 1595)
     1593 kB: vold (pid 1590)
     1242 kB: keystore (pid 1598)
     1140 kB: netd (pid 1592)
     1110 kB: android_ir_user (pid 1613)
     1090 kB: VirtualEvent (pid 2013)
      859 kB: dtvloaderserver (pid 1605)
      856 kB: hikaraokeservice (pid 1601)
      808 kB: virtualkeypad (pid 1606)
      801 kB: /init (pid 1)
      800 kB: debuggerd64 (pid 1594)
      693 kB: adbd (pid 3315)
      626 kB: lmkd (pid 1588)
      604 kB: netshared (pid 1602)
      582 kB: dhcpcd (pid 20747)
      576 kB: healthd (pid 1587)
      472 kB: ueventd (pid 1106)
      456 kB: coocaa_guard (pid 1608)
      450 kB: teecd (pid 1614)
      445 kB: logcat (pid 1820)
      415 kB: sh (pid 6351)
      392 kB: installd (pid 1597)
      387 kB: sh (pid 1742)
      371 kB: sh (pid 1745)
      356 kB: debuggerd (pid 1593)
      349 kB: sh (pid 1632)
      335 kB: servicemanager (pid 1589)
      320 kB: sh (pid 1806)
      271 kB: hidrawd (pid 1609)
      237 kB: smobsd (pid 2018)
        0 kB: dumpsys (pid 363)

Total PSS by OOM adjustment:
   122950 kB: Native
               23503 kB: zygote64 (pid 1610)
               16594 kB: logd (pid 1586)
               14515 kB: zygote (pid 1611)
               12076 kB: mediaserver (pid 1596)
                9744 kB: surfaceflinger (pid 1591)
                6494 kB: displaysetting (pid 1603)
                6226 kB: tvserver (pid 1604)
                4130 kB: hiaoservice (pid 1599)
                3852 kB: hisysmanager (pid 1600)
                2825 kB: wpa_supplicant (pid 5211)
                2211 kB: stbserver (pid 1709)
                2144 kB: drmserver (pid 1595)
                1593 kB: vold (pid 1590)
                1242 kB: keystore (pid 1598)
                1140 kB: netd (pid 1592)
                1110 kB: android_ir_user (pid 1613)
                1090 kB: VirtualEvent (pid 2013)
                 859 kB: dtvloaderserver (pid 1605)
                 856 kB: hikaraokeservice (pid 1601)
                 808 kB: virtualkeypad (pid 1606)
                 801 kB: /init (pid 1)
                 800 kB: debuggerd64 (pid 1594)
                 693 kB: adbd (pid 3315)
                 626 kB: lmkd (pid 1588)
                 604 kB: netshared (pid 1602)
                 582 kB: dhcpcd (pid 20747)
                 576 kB: healthd (pid 1587)
                 472 kB: ueventd (pid 1106)
                 456 kB: coocaa_guard (pid 1608)
                 450 kB: teecd (pid 1614)
                 445 kB: logcat (pid 1820)
                 415 kB: sh (pid 6351)
                 392 kB: installd (pid 1597)
                 387 kB: sh (pid 1742)
                 371 kB: sh (pid 1745)
                 356 kB: debuggerd (pid 1593)
                 349 kB: sh (pid 1632)
                 335 kB: servicemanager (pid 1589)
                 320 kB: sh (pid 1806)
                 271 kB: hidrawd (pid 1609)
                 237 kB: smobsd (pid 2018)
                   0 kB: dumpsys (pid 363)
    84604 kB: System
               84604 kB: system (pid 2213)
    86894 kB: Persistent
               69456 kB: com.android.systemui (pid 2448)
               10288 kB: com.skyworth.android.skyRMService (pid 2581)
                7150 kB: com.hisilicon.android.hiRMService (pid 2561)
    12941 kB: Persistent Service
               12941 kB: com.android.bluetooth (pid 5003)
   448956 kB: Foreground
              203908 kB: com.tianci.movieplatform (pid 22425 / activities)
               99917 kB: com.skyworth.angel.voice (pid 5347)
               56782 kB: com.tianci.de (pid 20913)
               51877 kB: com.tianci.system (pid 2506)
               36472 kB: com.tianci.push (pid 2970)
    39505 kB: Visible
               39505 kB: com.coocaa.os.ccosservice (pid 5242)
    40634 kB: Perceptible
               27125 kB: com.coocaa.os.softsettings.provider (pid 20958)
               13509 kB: com.skyworth.tianciime (pid 9961)
   167575 kB: Cached
               63348 kB: com.skyworth.setting (pid 9660)
               33053 kB: com.tianci.user (pid 372)
               29911 kB: com.coocaa.sysreport (pid 32738)
               11066 kB: com.bajintech.karaok (pid 5033)
               10364 kB: android.process.media (pid 3532)
                7869 kB: com.android.defcontainer (pid 9718)
                7239 kB: com.android.externalstorage (pid 12828)
                4725 kB: com.coocaa.messageprovider (pid 10697)

Total PSS by category:
   303292 kB: .dex mmap
   262063 kB: Dalvik
   142417 kB: Native
   110240 kB: .so mmap
    84960 kB: .oat mmap
    35199 kB: .art mmap
    19529 kB: Other mmap
    10997 kB: .apk mmap
    10307 kB: .ttf mmap
     9981 kB: Dalvik Other
     8328 kB: Stack
     6374 kB: Unknown
      232 kB: Other dev
      128 kB: Ashmem
        8 kB: .jar mmap
        4 kB: Cursor
        0 kB: Gfx dev
        0 kB: EGL mtrack
        0 kB: GL mtrack
        0 kB: Other mtrack

Total RAM: 1880788 kB (status moderate)
 Free RAM: 697399 kB (167575 cached pss + 91488 cached kernel + 438336 free)
 Used RAM: 1807552 kB (836484 used pss + 971068 kernel)
 Lost RAM: -624163 kB
   Tuning: 192 (large 384), oom 65536 kB, restore limit 21845 kB (high-end-gfx)
Applications Memory Usage (kB):
Uptime: 2987560 Realtime: 2987560

Total PSS by process:
   202088 kB: com.tianci.movieplatform (pid 22425 / activities)
    99465 kB: com.skyworth.angel.voice (pid 5347)
    85120 kB: system (pid 2213)
    69456 kB: com.android.systemui (pid 2448)
    63348 kB: com.skyworth.setting (pid 9660)
    56782 kB: com.tianci.de (pid 20913)
    51877 kB: com.tianci.system (pid 2506)
    39505 kB: com.coocaa.os.ccosservice (pid 5242)
    36473 kB: com.tianci.push (pid 2970)
    30021 kB: com.tianci.user (pid 372)
    29944 kB: com.coocaa.sysreport (pid 32738)
    27125 kB: com.coocaa.os.softsettings.provider (pid 20958)
    23503 kB: zygote64 (pid 1610)
    16598 kB: logd (pid 1586)
    14515 kB: zygote (pid 1611)
    13509 kB: com.skyworth.tianciime (pid 9961)
    12941 kB: com.android.bluetooth (pid 5003)
    12076 kB: mediaserver (pid 1596)
    11066 kB: com.bajintech.karaok (pid 5033)
    10365 kB: android.process.media (pid 3532)
    10288 kB: com.skyworth.android.skyRMService (pid 2581)
     9748 kB: surfaceflinger (pid 1591)
     7871 kB: com.android.defcontainer (pid 9718)
     7242 kB: com.android.externalstorage (pid 12828)
     7150 kB: com.hisilicon.android.hiRMService (pid 2561)
     6493 kB: displaysetting (pid 1603)
     6226 kB: tvserver (pid 1604)
     4725 kB: com.coocaa.messageprovider (pid 10697)
     4130 kB: hiaoservice (pid 1599)
     3852 kB: hisysmanager (pid 1600)
     2824 kB: wpa_supplicant (pid 5211)
     2211 kB: stbserver (pid 1709)
     2144 kB: drmserver (pid 1595)
     1592 kB: vold (pid 1590)
     1242 kB: keystore (pid 1598)
     1140 kB: netd (pid 1592)
     1121 kB: busybox (pid 569)
     1110 kB: android_ir_user (pid 1613)
     1090 kB: VirtualEvent (pid 2013)
      859 kB: dtvloaderserver (pid 1605)
      856 kB: hikaraokeservice (pid 1601)
      808 kB: virtualkeypad (pid 1606)
      801 kB: /init (pid 1)
      800 kB: debuggerd64 (pid 1594)
      693 kB: adbd (pid 3315)
      626 kB: lmkd (pid 1588)
      604 kB: netshared (pid 1602)
      582 kB: dhcpcd (pid 20747)
      576 kB: healthd (pid 1587)
      523 kB: dumpsys (pid 566)
      472 kB: ueventd (pid 1106)
      456 kB: coocaa_guard (pid 1608)
      450 kB: teecd (pid 1614)
      444 kB: logcat (pid 1820)
      415 kB: sh (pid 6351)
      392 kB: installd (pid 1597)
      387 kB: sh (pid 1742)
      371 kB: sh (pid 1745)
      356 kB: debuggerd (pid 1593)
      349 kB: sh (pid 1632)
      335 kB: servicemanager (pid 1589)
      320 kB: sh (pid 1806)
      271 kB: hidrawd (pid 1609)
      237 kB: smobsd (pid 2018)

Total PSS by OOM adjustment:
   124598 kB: Native
               23503 kB: zygote64 (pid 1610)
               16598 kB: logd (pid 1586)
               14515 kB: zygote (pid 1611)
               12076 kB: mediaserver (pid 1596)
                9748 kB: surfaceflinger (pid 1591)
                6493 kB: displaysetting (pid 1603)
                6226 kB: tvserver (pid 1604)
                4130 kB: hiaoservice (pid 1599)
                3852 kB: hisysmanager (pid 1600)
                2824 kB: wpa_supplicant (pid 5211)
                2211 kB: stbserver (pid 1709)
                2144 kB: drmserver (pid 1595)
                1592 kB: vold (pid 1590)
                1242 kB: keystore (pid 1598)
                1140 kB: netd (pid 1592)
                1121 kB: busybox (pid 569)
                1110 kB: android_ir_user (pid 1613)
                1090 kB: VirtualEvent (pid 2013)
                 859 kB: dtvloaderserver (pid 1605)
                 856 kB: hikaraokeservice (pid 1601)
                 808 kB: virtualkeypad (pid 1606)
                 801 kB: /init (pid 1)
                 800 kB: debuggerd64 (pid 1594)
                 693 kB: adbd (pid 3315)
                 626 kB: lmkd (pid 1588)
                 604 kB: netshared (pid 1602)
                 582 kB: dhcpcd (pid 20747)
                 576 kB: healthd (pid 1587)
                 523 kB: dumpsys (pid 566)
                 472 kB: ueventd (pid 1106)
                 456 kB: coocaa_guard (pid 1608)
                 450 kB: teecd (pid 1614)
                 444 kB: logcat (pid 1820)
                 415 kB: sh (pid 6351)
                 392 kB: installd (pid 1597)
                 387 kB: sh (pid 1742)
                 371 kB: sh (pid 1745)
                 356 kB: debuggerd (pid 1593)
                 349 kB: sh (pid 1632)
                 335 kB: servicemanager (pid 1589)
                 320 kB: sh (pid 1806)
                 271 kB: hidrawd (pid 1609)
                 237 kB: smobsd (pid 2018)
    85120 kB: System
               85120 kB: system (pid 2213)
    86894 kB: Persistent
               69456 kB: com.android.systemui (pid 2448)
               10288 kB: com.skyworth.android.skyRMService (pid 2581)
                7150 kB: com.hisilicon.android.hiRMService (pid 2561)
    12941 kB: Persistent Service
               12941 kB: com.android.bluetooth (pid 5003)
   446685 kB: Foreground
              202088 kB: com.tianci.movieplatform (pid 22425 / activities)
               99465 kB: com.skyworth.angel.voice (pid 5347)
               56782 kB: com.tianci.de (pid 20913)
               51877 kB: com.tianci.system (pid 2506)
               36473 kB: com.tianci.push (pid 2970)
    39505 kB: Visible
               39505 kB: com.coocaa.os.ccosservice (pid 5242)
    40634 kB: Perceptible
               27125 kB: com.coocaa.os.softsettings.provider (pid 20958)
               13509 kB: com.skyworth.tianciime (pid 9961)
   164582 kB: Cached
               63348 kB: com.skyworth.setting (pid 9660)
               30021 kB: com.tianci.user (pid 372)
               29944 kB: com.coocaa.sysreport (pid 32738)
               11066 kB: com.bajintech.karaok (pid 5033)
               10365 kB: android.process.media (pid 3532)
                7871 kB: com.android.defcontainer (pid 9718)
                7242 kB: com.android.externalstorage (pid 12828)
                4725 kB: com.coocaa.messageprovider (pid 10697)

Total PSS by category:
   303292 kB: .dex mmap
   257051 kB: Dalvik
   142658 kB: Native
   110530 kB: .so mmap
    84960 kB: .oat mmap
    35199 kB: .art mmap
    20621 kB: Other mmap
    10997 kB: .apk mmap
    10307 kB: .ttf mmap
    10157 kB: Dalvik Other
     8364 kB: Stack
     6446 kB: Unknown
      237 kB: Other dev
      128 kB: Ashmem
        8 kB: .jar mmap
        4 kB: Cursor
        0 kB: Gfx dev
        0 kB: EGL mtrack
        0 kB: GL mtrack
        0 kB: Other mtrack

Total RAM: 1880788 kB (status moderate)
 Free RAM: 701230 kB (164582 cached pss + 94640 cached kernel + 442008 free)
 Used RAM: 1807501 kB (836377 used pss + 971124 kernel)
 Lost RAM: -627943 kB
   Tuning: 192 (large 384), oom 65536 kB, restore limit 21845 kB (high-end-gfx)
Applications Memory Usage (kB):
Uptime: 2991470 Realtime: 2991470

Total PSS by process:
   217160 kB: com.tianci.movieplatform (pid 22425 / activities)
    99849 kB: com.skyworth.angel.voice (pid 5347)
    85132 kB: system (pid 2213)
    69456 kB: com.android.systemui (pid 2448)
    63364 kB: com.skyworth.setting (pid 9660)
    56786 kB: com.tianci.de (pid 20913)
    51877 kB: com.tianci.system (pid 2506)
    39505 kB: com.coocaa.os.ccosservice (pid 5242)
    36473 kB: com.tianci.push (pid 2970)
    30072 kB: com.coocaa.sysreport (pid 32738)
    30021 kB: com.tianci.user (pid 372)
    27125 kB: com.coocaa.os.softsettings.provider (pid 20958)
    23502 kB: zygote64 (pid 1610)
    16618 kB: logd (pid 1586)
    14508 kB: zygote (pid 1611)
    13513 kB: com.skyworth.tianciime (pid 9961)
    12941 kB: com.android.bluetooth (pid 5003)
    12076 kB: mediaserver (pid 1596)
    11066 kB: com.bajintech.karaok (pid 5033)
    10366 kB: android.process.media (pid 3532)
    10288 kB: com.skyworth.android.skyRMService (pid 2581)
     9701 kB: surfaceflinger (pid 1591)
     7871 kB: com.android.defcontainer (pid 9718)
     7242 kB: com.android.externalstorage (pid 12828)
     7150 kB: com.hisilicon.android.hiRMService (pid 2561)
     6493 kB: displaysetting (pid 1603)
     6226 kB: tvserver (pid 1604)
     4725 kB: com.coocaa.messageprovider (pid 10697)
     4130 kB: hiaoservice (pid 1599)
     3852 kB: hisysmanager (pid 1600)
     2825 kB: wpa_supplicant (pid 5211)
     2211 kB: stbserver (pid 1709)
     2144 kB: drmserver (pid 1595)
     1593 kB: vold (pid 1590)
     1234 kB: keystore (pid 1598)
     1140 kB: netd (pid 1592)
     1110 kB: android_ir_user (pid 1613)
     1090 kB: VirtualEvent (pid 2013)
      859 kB: dtvloaderserver (pid 1605)
      856 kB: hikaraokeservice (pid 1601)
      808 kB: virtualkeypad (pid 1606)
      801 kB: /init (pid 1)
      800 kB: debuggerd64 (pid 1594)
      693 kB: adbd (pid 3315)
      626 kB: lmkd (pid 1588)
      604 kB: netshared (pid 1602)
      582 kB: dhcpcd (pid 20747)
      576 kB: healthd (pid 1587)
      472 kB: ueventd (pid 1106)
      456 kB: coocaa_guard (pid 1608)
      450 kB: teecd (pid 1614)
      445 kB: logcat (pid 1820)
      415 kB: sh (pid 6351)
      392 kB: installd (pid 1597)
      387 kB: sh (pid 1742)
      371 kB: sh (pid 1745)
      356 kB: debuggerd (pid 1593)
      349 kB: sh (pid 1632)
      335 kB: servicemanager (pid 1589)
      320 kB: sh (pid 1806)
      271 kB: hidrawd (pid 1609)
      237 kB: smobsd (pid 2018)
        0 kB: dumpsys (pid 566)
        0 kB: busybox (pid 569)

Total PSS by OOM adjustment:
   122914 kB: Native
               23502 kB: zygote64 (pid 1610)
               16618 kB: logd (pid 1586)
               14508 kB: zygote (pid 1611)
               12076 kB: mediaserver (pid 1596)
                9701 kB: surfaceflinger (pid 1591)
                6493 kB: displaysetting (pid 1603)
                6226 kB: tvserver (pid 1604)
                4130 kB: hiaoservice (pid 1599)
                3852 kB: hisysmanager (pid 1600)
                2825 kB: wpa_supplicant (pid 5211)
                2211 kB: stbserver (pid 1709)
                2144 kB: drmserver (pid 1595)
                1593 kB: vold (pid 1590)
                1234 kB: keystore (pid 1598)
                1140 kB: netd (pid 1592)
                1110 kB: android_ir_user (pid 1613)
                1090 kB: VirtualEvent (pid 2013)
                 859 kB: dtvloaderserver (pid 1605)
                 856 kB: hikaraokeservice (pid 1601)
                 808 kB: virtualkeypad (pid 1606)
                 801 kB: /init (pid 1)
                 800 kB: debuggerd64 (pid 1594)
                 693 kB: adbd (pid 3315)
                 626 kB: lmkd (pid 1588)
                 604 kB: netshared (pid 1602)
                 582 kB: dhcpcd (pid 20747)
                 576 kB: healthd (pid 1587)
                 472 kB: ueventd (pid 1106)
                 456 kB: coocaa_guard (pid 1608)
                 450 kB: teecd (pid 1614)
                 445 kB: logcat (pid 1820)
                 415 kB: sh (pid 6351)
                 392 kB: installd (pid 1597)
                 387 kB: sh (pid 1742)
                 371 kB: sh (pid 1745)
                 356 kB: debuggerd (pid 1593)
                 349 kB: sh (pid 1632)
                 335 kB: servicemanager (pid 1589)
                 320 kB: sh (pid 1806)
                 271 kB: hidrawd (pid 1609)
                 237 kB: smobsd (pid 2018)
                   0 kB: dumpsys (pid 566)
                   0 kB: busybox (pid 569)
    85132 kB: System
               85132 kB: system (pid 2213)
    86894 kB: Persistent
               69456 kB: com.android.systemui (pid 2448)
               10288 kB: com.skyworth.android.skyRMService (pid 2581)
                7150 kB: com.hisilicon.android.hiRMService (pid 2561)
    12941 kB: Persistent Service
               12941 kB: com.android.bluetooth (pid 5003)
   462145 kB: Foreground
              217160 kB: com.tianci.movieplatform (pid 22425 / activities)
               99849 kB: com.skyworth.angel.voice (pid 5347)
               56786 kB: com.tianci.de (pid 20913)
               51877 kB: com.tianci.system (pid 2506)
               36473 kB: com.tianci.push (pid 2970)
    39505 kB: Visible
               39505 kB: com.coocaa.os.ccosservice (pid 5242)
    40638 kB: Perceptible
               27125 kB: com.coocaa.os.softsettings.provider (pid 20958)
               13513 kB: com.skyworth.tianciime (pid 9961)
   164727 kB: Cached
               63364 kB: com.skyworth.setting (pid 9660)
               30072 kB: com.coocaa.sysreport (pid 32738)
               30021 kB: com.tianci.user (pid 372)
               11066 kB: com.bajintech.karaok (pid 5033)
               10366 kB: android.process.media (pid 3532)
                7871 kB: com.android.defcontainer (pid 9718)
                7242 kB: com.android.externalstorage (pid 12828)
                4725 kB: com.coocaa.messageprovider (pid 10697)

Total PSS by category:
   305020 kB: .dex mmap
   266951 kB: Dalvik
   145926 kB: Native
   110239 kB: .so mmap
    84954 kB: .oat mmap
    35199 kB: .art mmap
    19532 kB: Other mmap
    10997 kB: .apk mmap
    10605 kB: Dalvik Other
    10307 kB: .ttf mmap
     8412 kB: Stack
     6378 kB: Unknown
      236 kB: Other dev
      128 kB: Ashmem
        8 kB: .jar mmap
        4 kB: Cursor
        0 kB: Gfx dev
        0 kB: EGL mtrack
        0 kB: GL mtrack
        0 kB: Other mtrack

Total RAM: 1880788 kB (status moderate)
 Free RAM: 688419 kB (164727 cached pss + 97784 cached kernel + 425908 free)
 Used RAM: 1821761 kB (850169 used pss + 971592 kernel)
 Lost RAM: -629392 kB
   Tuning: 192 (large 384), oom 65536 kB, restore limit 21845 kB (high-end-gfx)
Applications Memory Usage (kB):
Uptime: 2995630 Realtime: 2995630

Total PSS by process:
   225992 kB: com.tianci.movieplatform (pid 22425 / activities)
    99848 kB: com.skyworth.angel.voice (pid 5347)
    84934 kB: system (pid 2213)
    69435 kB: com.android.systemui (pid 2448)
    63364 kB: com.skyworth.setting (pid 9660)
    56781 kB: com.tianci.de (pid 20913)
    51876 kB: com.tianci.system (pid 2506)
    39505 kB: com.coocaa.os.ccosservice (pid 5242)
    36389 kB: com.tianci.push (pid 2970)
    31245 kB: com.coocaa.sysreport (pid 32738)
    30025 kB: com.tianci.user (pid 372)
    27125 kB: com.coocaa.os.softsettings.provider (pid 20958)
    23453 kB: zygote64 (pid 1610)
    16738 kB: logd (pid 1586)
    14508 kB: zygote (pid 1611)
    13513 kB: com.skyworth.tianciime (pid 9961)
    12935 kB: com.android.bluetooth (pid 5003)
    12076 kB: mediaserver (pid 1596)
    11066 kB: com.bajintech.karaok (pid 5033)
    10366 kB: android.process.media (pid 3532)
    10290 kB: com.skyworth.android.skyRMService (pid 2581)
     9748 kB: surfaceflinger (pid 1591)
     7870 kB: com.android.defcontainer (pid 9718)
     7242 kB: com.android.externalstorage (pid 12828)
     7150 kB: com.hisilicon.android.hiRMService (pid 2561)
     6478 kB: displaysetting (pid 1603)
     6226 kB: tvserver (pid 1604)
     4725 kB: com.coocaa.messageprovider (pid 10697)
     4130 kB: hiaoservice (pid 1599)
     3852 kB: hisysmanager (pid 1600)
     2825 kB: wpa_supplicant (pid 5211)
     2211 kB: stbserver (pid 1709)
     2144 kB: drmserver (pid 1595)
     1571 kB: vold (pid 1590)
     1228 kB: keystore (pid 1598)
     1132 kB: netd (pid 1592)
     1110 kB: android_ir_user (pid 1613)
     1090 kB: VirtualEvent (pid 2013)
      859 kB: dtvloaderserver (pid 1605)
      856 kB: hikaraokeservice (pid 1601)
      808 kB: virtualkeypad (pid 1606)
      801 kB: /init (pid 1)
      796 kB: debuggerd64 (pid 1594)
      693 kB: adbd (pid 3315)
      624 kB: lmkd (pid 1588)
      604 kB: netshared (pid 1602)
      582 kB: dhcpcd (pid 20747)
      576 kB: healthd (pid 1587)
      524 kB: dumpsys (pid 750)
      472 kB: ueventd (pid 1106)
      456 kB: coocaa_guard (pid 1608)
      450 kB: teecd (pid 1614)
      444 kB: logcat (pid 1820)
      415 kB: sh (pid 6351)
      390 kB: installd (pid 1597)
      386 kB: sh (pid 1742)
      371 kB: sh (pid 1745)
      356 kB: debuggerd (pid 1593)
      349 kB: sh (pid 1632)
      331 kB: servicemanager (pid 1589)
      320 kB: sh (pid 1806)
      271 kB: hidrawd (pid 1609)
      237 kB: smobsd (pid 2018)
        0 kB: busybox (pid 752)

Total PSS by OOM adjustment:
   123491 kB: Native
               23453 kB: zygote64 (pid 1610)
               16738 kB: logd (pid 1586)
               14508 kB: zygote (pid 1611)
               12076 kB: mediaserver (pid 1596)
                9748 kB: surfaceflinger (pid 1591)
                6478 kB: displaysetting (pid 1603)
                6226 kB: tvserver (pid 1604)
                4130 kB: hiaoservice (pid 1599)
                3852 kB: hisysmanager (pid 1600)
                2825 kB: wpa_supplicant (pid 5211)
                2211 kB: stbserver (pid 1709)
                2144 kB: drmserver (pid 1595)
                1571 kB: vold (pid 1590)
                1228 kB: keystore (pid 1598)
                1132 kB: netd (pid 1592)
                1110 kB: android_ir_user (pid 1613)
                1090 kB: VirtualEvent (pid 2013)
                 859 kB: dtvloaderserver (pid 1605)
                 856 kB: hikaraokeservice (pid 1601)
                 808 kB: virtualkeypad (pid 1606)
                 801 kB: /init (pid 1)
                 796 kB: debuggerd64 (pid 1594)
                 693 kB: adbd (pid 3315)
                 624 kB: lmkd (pid 1588)
                 604 kB: netshared (pid 1602)
                 582 kB: dhcpcd (pid 20747)
                 576 kB: healthd (pid 1587)
                 524 kB: dumpsys (pid 750)
                 472 kB: ueventd (pid 1106)
                 456 kB: coocaa_guard (pid 1608)
                 450 kB: teecd (pid 1614)
                 444 kB: logcat (pid 1820)
                 415 kB: sh (pid 6351)
                 390 kB: installd (pid 1597)
                 386 kB: sh (pid 1742)
                 371 kB: sh (pid 1745)
                 356 kB: debuggerd (pid 1593)
                 349 kB: sh (pid 1632)
                 331 kB: servicemanager (pid 1589)
                 320 kB: sh (pid 1806)
                 271 kB: hidrawd (pid 1609)
                 237 kB: smobsd (pid 2018)
                   0 kB: busybox (pid 752)
    84934 kB: System
               84934 kB: system (pid 2213)
    86875 kB: Persistent
               69435 kB: com.android.systemui (pid 2448)
               10290 kB: com.skyworth.android.skyRMService (pid 2581)
                7150 kB: com.hisilicon.android.hiRMService (pid 2561)
    12935 kB: Persistent Service
               12935 kB: com.android.bluetooth (pid 5003)
   502131 kB: Foreground
              225992 kB: com.tianci.movieplatform (pid 22425 / activities)
               99848 kB: com.skyworth.angel.voice (pid 5347)
               56781 kB: com.tianci.de (pid 20913)
               51876 kB: com.tianci.system (pid 2506)
               36389 kB: com.tianci.push (pid 2970)
               31245 kB: com.coocaa.sysreport (pid 32738)
    39505 kB: Visible
               39505 kB: com.coocaa.os.ccosservice (pid 5242)
    40638 kB: Perceptible
               27125 kB: com.coocaa.os.softsettings.provider (pid 20958)
               13513 kB: com.skyworth.tianciime (pid 9961)
   134658 kB: Cached
               63364 kB: com.skyworth.setting (pid 9660)
               30025 kB: com.tianci.user (pid 372)
               11066 kB: com.bajintech.karaok (pid 5033)
               10366 kB: android.process.media (pid 3532)
                7870 kB: com.android.defcontainer (pid 9718)
                7242 kB: com.android.externalstorage (pid 12828)
                4725 kB: com.coocaa.messageprovider (pid 10697)

Total PSS by category:
   307732 kB: .dex mmap
   274923 kB: Dalvik
   145618 kB: Native
   110422 kB: .so mmap
    84959 kB: .oat mmap
    35213 kB: .art mmap
    19560 kB: Other mmap
    10997 kB: .apk mmap
    10307 kB: .ttf mmap
    10085 kB: Dalvik Other
     8532 kB: Stack
     6434 kB: Unknown
      245 kB: Other dev
      128 kB: Ashmem
        8 kB: .jar mmap
        4 kB: Cursor
        0 kB: Gfx dev
        0 kB: EGL mtrack
        0 kB: GL mtrack
        0 kB: Other mtrack

Total RAM: 1880788 kB (status moderate)
 Free RAM: 665554 kB (134658 cached pss + 99612 cached kernel + 431284 free)
 Used RAM: 1862189 kB (890509 used pss + 971680 kernel)
 Lost RAM: -646955 kB
   Tuning: 192 (large 384), oom 65536 kB, restore limit 21845 kB (high-end-gfx)
Applications Memory Usage (kB):
Uptime: 2999411 Realtime: 2999412

Total PSS by process:
   215780 kB: com.tianci.movieplatform (pid 22425 / activities)
    99556 kB: com.skyworth.angel.voice (pid 5347)
    84500 kB: system (pid 2213)
    69436 kB: com.android.systemui (pid 2448)
    63364 kB: com.skyworth.setting (pid 9660)
    56781 kB: com.tianci.de (pid 20913)
    51876 kB: com.tianci.system (pid 2506)
    39505 kB: com.coocaa.os.ccosservice (pid 5242)
    36389 kB: com.tianci.push (pid 2970)
    31425 kB: com.coocaa.sysreport (pid 32738)
    30025 kB: com.tianci.user (pid 372)
    27125 kB: com.coocaa.os.softsettings.provider (pid 20958)
    23466 kB: zygote64 (pid 1610)
    16824 kB: logd (pid 1586)
    14508 kB: zygote (pid 1611)
    13513 kB: com.skyworth.tianciime (pid 9961)
    12935 kB: com.android.bluetooth (pid 5003)
    12076 kB: mediaserver (pid 1596)
    11066 kB: com.bajintech.karaok (pid 5033)
    10370 kB: android.process.media (pid 3532)
    10288 kB: com.skyworth.android.skyRMService (pid 2581)
     9752 kB: surfaceflinger (pid 1591)
     7872 kB: com.android.defcontainer (pid 9718)
     7243 kB: com.android.externalstorage (pid 12828)
     7150 kB: com.hisilicon.android.hiRMService (pid 2561)
     6486 kB: displaysetting (pid 1603)
     6226 kB: tvserver (pid 1604)
     4725 kB: com.coocaa.messageprovider (pid 10697)
     4130 kB: hiaoservice (pid 1599)
     3852 kB: hisysmanager (pid 1600)
     2826 kB: wpa_supplicant (pid 5211)
     2211 kB: stbserver (pid 1709)
     2144 kB: drmserver (pid 1595)
     1593 kB: vold (pid 1590)
     1242 kB: keystore (pid 1598)
     1140 kB: netd (pid 1592)
     1110 kB: android_ir_user (pid 1613)
     1090 kB: VirtualEvent (pid 2013)
      859 kB: dtvloaderserver (pid 1605)
      856 kB: hikaraokeservice (pid 1601)
      808 kB: virtualkeypad (pid 1606)
      801 kB: /init (pid 1)
      800 kB: debuggerd64 (pid 1594)
      693 kB: adbd (pid 3315)
      623 kB: lmkd (pid 1588)
      604 kB: netshared (pid 1602)
      582 kB: dhcpcd (pid 20747)
      576 kB: healthd (pid 1587)
      472 kB: ueventd (pid 1106)
      456 kB: coocaa_guard (pid 1608)
      450 kB: teecd (pid 1614)
      444 kB: logcat (pid 1820)
      415 kB: sh (pid 6351)
      392 kB: installd (pid 1597)
      387 kB: sh (pid 1742)
      371 kB: sh (pid 1745)
      356 kB: debuggerd (pid 1593)
      349 kB: sh (pid 1632)
      335 kB: servicemanager (pid 1589)
      320 kB: sh (pid 1806)
      271 kB: hidrawd (pid 1609)
      237 kB: smobsd (pid 2018)
        0 kB: dumpsys (pid 750)
        0 kB: busybox (pid 752)

Total PSS by OOM adjustment:
   123133 kB: Native
               23466 kB: zygote64 (pid 1610)
               16824 kB: logd (pid 1586)
               14508 kB: zygote (pid 1611)
               12076 kB: mediaserver (pid 1596)
                9752 kB: surfaceflinger (pid 1591)
                6486 kB: displaysetting (pid 1603)
                6226 kB: tvserver (pid 1604)
                4130 kB: hiaoservice (pid 1599)
                3852 kB: hisysmanager (pid 1600)
                2826 kB: wpa_supplicant (pid 5211)
                2211 kB: stbserver (pid 1709)
                2144 kB: drmserver (pid 1595)
                1593 kB: vold (pid 1590)
                1242 kB: keystore (pid 1598)
                1140 kB: netd (pid 1592)
                1110 kB: android_ir_user (pid 1613)
                1090 kB: VirtualEvent (pid 2013)
                 859 kB: dtvloaderserver (pid 1605)
                 856 kB: hikaraokeservice (pid 1601)
                 808 kB: virtualkeypad (pid 1606)
                 801 kB: /init (pid 1)
                 800 kB: debuggerd64 (pid 1594)
                 693 kB: adbd (pid 3315)
                 623 kB: lmkd (pid 1588)
                 604 kB: netshared (pid 1602)
                 582 kB: dhcpcd (pid 20747)
                 576 kB: healthd (pid 1587)
                 472 kB: ueventd (pid 1106)
                 456 kB: coocaa_guard (pid 1608)
                 450 kB: teecd (pid 1614)
                 444 kB: logcat (pid 1820)
                 415 kB: sh (pid 6351)
                 392 kB: installd (pid 1597)
                 387 kB: sh (pid 1742)
                 371 kB: sh (pid 1745)
                 356 kB: debuggerd (pid 1593)
                 349 kB: sh (pid 1632)
                 335 kB: servicemanager (pid 1589)
                 320 kB: sh (pid 1806)
                 271 kB: hidrawd (pid 1609)
                 237 kB: smobsd (pid 2018)
                   0 kB: dumpsys (pid 750)
                   0 kB: busybox (pid 752)
    84500 kB: System
               84500 kB: system (pid 2213)
    86874 kB: Persistent
               69436 kB: com.android.systemui (pid 2448)
               10288 kB: com.skyworth.android.skyRMService (pid 2581)
                7150 kB: com.hisilicon.android.hiRMService (pid 2561)
    12935 kB: Persistent Service
               12935 kB: com.android.bluetooth (pid 5003)
   499887 kB: Foreground
              215780 kB: com.tianci.movieplatform (pid 22425 / activities)
               99556 kB: com.skyworth.angel.voice (pid 5347)
               56781 kB: com.tianci.de (pid 20913)
               51876 kB: com.tianci.system (pid 2506)
               39505 kB: com.coocaa.os.ccosservice (pid 5242)
               36389 kB: com.tianci.push (pid 2970)
    40638 kB: Perceptible
               27125 kB: com.coocaa.os.softsettings.provider (pid 20958)
               13513 kB: com.skyworth.tianciime (pid 9961)
   166090 kB: Cached
               63364 kB: com.skyworth.setting (pid 9660)
               31425 kB: com.coocaa.sysreport (pid 32738)
               30025 kB: com.tianci.user (pid 372)
               11066 kB: com.bajintech.karaok (pid 5033)
               10370 kB: android.process.media (pid 3532)
                7872 kB: com.android.defcontainer (pid 9718)
                7243 kB: com.android.externalstorage (pid 12828)
                4725 kB: com.coocaa.messageprovider (pid 10697)

Total PSS by category:
   307732 kB: .dex mmap
   264403 kB: Dalvik
   145710 kB: Native
   110231 kB: .so mmap
    84959 kB: .oat mmap
    35213 kB: .art mmap
    19534 kB: Other mmap
    10997 kB: .apk mmap
    10307 kB: .ttf mmap
     9693 kB: Dalvik Other
     8520 kB: Stack
     6378 kB: Unknown
      240 kB: Other dev
      128 kB: Ashmem
        8 kB: .jar mmap
        4 kB: Cursor
        0 kB: Gfx dev
        0 kB: EGL mtrack
        0 kB: GL mtrack
        0 kB: Other mtrack

Total RAM: 1880788 kB (status moderate)
 Free RAM: 692274 kB (166090 cached pss + 102816 cached kernel + 423368 free)
 Used RAM: 1819715 kB (847967 used pss + 971748 kernel)
 Lost RAM: -631201 kB
   Tuning: 192 (large 384), oom 65536 kB, restore limit 21845 kB (high-end-gfx)
Applications Memory Usage (kB):
Uptime: 3003444 Realtime: 3003444

Total PSS by process:
   212652 kB: com.tianci.movieplatform (pid 22425 / activities)
    99888 kB: com.skyworth.angel.voice (pid 5347)
    85236 kB: system (pid 2213)
    69436 kB: com.android.systemui (pid 2448)
    63364 kB: com.skyworth.setting (pid 9660)
    56785 kB: com.tianci.de (pid 20913)
    51876 kB: com.tianci.system (pid 2506)
    39505 kB: com.coocaa.os.ccosservice (pid 5242)
    36389 kB: com.tianci.push (pid 2970)
    31855 kB: com.coocaa.sysreport (pid 32738)
    30025 kB: com.tianci.user (pid 372)
    27125 kB: com.coocaa.os.softsettings.provider (pid 20958)
    23466 kB: zygote64 (pid 1610)
    16842 kB: logd (pid 1586)
    14508 kB: zygote (pid 1611)
    13513 kB: com.skyworth.tianciime (pid 9961)
    12935 kB: com.android.bluetooth (pid 5003)
    12076 kB: mediaserver (pid 1596)
    11066 kB: com.bajintech.karaok (pid 5033)
    10372 kB: android.process.media (pid 3532)
    10290 kB: com.skyworth.android.skyRMService (pid 2581)
     9771 kB: surfaceflinger (pid 1591)
     7870 kB: com.android.defcontainer (pid 9718)
     7241 kB: com.android.externalstorage (pid 12828)
     7150 kB: com.hisilicon.android.hiRMService (pid 2561)
     6492 kB: displaysetting (pid 1603)
     6226 kB: tvserver (pid 1604)
     4725 kB: com.coocaa.messageprovider (pid 10697)
     4130 kB: hiaoservice (pid 1599)
     3852 kB: hisysmanager (pid 1600)
     2824 kB: wpa_supplicant (pid 5211)
     2211 kB: stbserver (pid 1709)
     2144 kB: drmserver (pid 1595)
     1592 kB: vold (pid 1590)
     1242 kB: keystore (pid 1598)
     1140 kB: netd (pid 1592)
     1125 kB: busybox (pid 884)
     1110 kB: android_ir_user (pid 1613)
     1090 kB: VirtualEvent (pid 2013)
      859 kB: dtvloaderserver (pid 1605)
      856 kB: hikaraokeservice (pid 1601)
      808 kB: virtualkeypad (pid 1606)
      801 kB: /init (pid 1)
      800 kB: debuggerd64 (pid 1594)
      693 kB: adbd (pid 3315)
      626 kB: lmkd (pid 1588)
      604 kB: netshared (pid 1602)
      582 kB: dhcpcd (pid 20747)
      576 kB: healthd (pid 1587)
      521 kB: dumpsys (pid 882)
      472 kB: ueventd (pid 1106)
      456 kB: coocaa_guard (pid 1608)
      450 kB: teecd (pid 1614)
      444 kB: logcat (pid 1820)
      415 kB: sh (pid 6351)
      392 kB: installd (pid 1597)
      387 kB: sh (pid 1742)
      371 kB: sh (pid 1745)
      356 kB: debuggerd (pid 1593)
      349 kB: sh (pid 1632)
      335 kB: servicemanager (pid 1589)
      320 kB: sh (pid 1806)
      271 kB: hidrawd (pid 1609)
      237 kB: smobsd (pid 2018)

Total PSS by OOM adjustment:
   124822 kB: Native
               23466 kB: zygote64 (pid 1610)
               16842 kB: logd (pid 1586)
               14508 kB: zygote (pid 1611)
               12076 kB: mediaserver (pid 1596)
                9771 kB: surfaceflinger (pid 1591)
                6492 kB: displaysetting (pid 1603)
                6226 kB: tvserver (pid 1604)
                4130 kB: hiaoservice (pid 1599)
                3852 kB: hisysmanager (pid 1600)
                2824 kB: wpa_supplicant (pid 5211)
                2211 kB: stbserver (pid 1709)
                2144 kB: drmserver (pid 1595)
                1592 kB: vold (pid 1590)
                1242 kB: keystore (pid 1598)
                1140 kB: netd (pid 1592)
                1125 kB: busybox (pid 884)
                1110 kB: android_ir_user (pid 1613)
                1090 kB: VirtualEvent (pid 2013)
                 859 kB: dtvloaderserver (pid 1605)
                 856 kB: hikaraokeservice (pid 1601)
                 808 kB: virtualkeypad (pid 1606)
                 801 kB: /init (pid 1)
                 800 kB: debuggerd64 (pid 1594)
                 693 kB: adbd (pid 3315)
                 626 kB: lmkd (pid 1588)
                 604 kB: netshared (pid 1602)
                 582 kB: dhcpcd (pid 20747)
                 576 kB: healthd (pid 1587)
                 521 kB: dumpsys (pid 882)
                 472 kB: ueventd (pid 1106)
                 456 kB: coocaa_guard (pid 1608)
                 450 kB: teecd (pid 1614)
                 444 kB: logcat (pid 1820)
                 415 kB: sh (pid 6351)
                 392 kB: installd (pid 1597)
                 387 kB: sh (pid 1742)
                 371 kB: sh (pid 1745)
                 356 kB: debuggerd (pid 1593)
                 349 kB: sh (pid 1632)
                 335 kB: servicemanager (pid 1589)
                 320 kB: sh (pid 1806)
                 271 kB: hidrawd (pid 1609)
                 237 kB: smobsd (pid 2018)
    85236 kB: System
               85236 kB: system (pid 2213)
    86876 kB: Persistent
               69436 kB: com.android.systemui (pid 2448)
               10290 kB: com.skyworth.android.skyRMService (pid 2581)
                7150 kB: com.hisilicon.android.hiRMService (pid 2561)
    12935 kB: Persistent Service
               12935 kB: com.android.bluetooth (pid 5003)
   497095 kB: Foreground
              212652 kB: com.tianci.movieplatform (pid 22425 / activities)
               99888 kB: com.skyworth.angel.voice (pid 5347)
               56785 kB: com.tianci.de (pid 20913)
               51876 kB: com.tianci.system (pid 2506)
               39505 kB: com.coocaa.os.ccosservice (pid 5242)
               36389 kB: com.tianci.push (pid 2970)
    40638 kB: Perceptible
               27125 kB: com.coocaa.os.softsettings.provider (pid 20958)
               13513 kB: com.skyworth.tianciime (pid 9961)
   166518 kB: Cached
               63364 kB: com.skyworth.setting (pid 9660)
               31855 kB: com.coocaa.sysreport (pid 32738)
               30025 kB: com.tianci.user (pid 372)
               11066 kB: com.bajintech.karaok (pid 5033)
               10372 kB: android.process.media (pid 3532)
                7870 kB: com.android.defcontainer (pid 9718)
                7241 kB: com.android.externalstorage (pid 12828)
                4725 kB: com.coocaa.messageprovider (pid 10697)

Total PSS by category:
   307732 kB: .dex mmap
   263203 kB: Dalvik
   145306 kB: Native
   110522 kB: .so mmap
    84959 kB: .oat mmap
    35213 kB: .art mmap
    20625 kB: Other mmap
    10997 kB: .apk mmap
    10307 kB: .ttf mmap
     9893 kB: Dalvik Other
     8532 kB: Stack
     6450 kB: Unknown
      241 kB: Other dev
      128 kB: Ashmem
        8 kB: .jar mmap
        4 kB: Cursor
        0 kB: Gfx dev
        0 kB: EGL mtrack
        0 kB: GL mtrack
        0 kB: Other mtrack

Total RAM: 1880788 kB (status moderate)
 Free RAM: 689822 kB (166518 cached pss + 105052 cached kernel + 418252 free)
 Used RAM: 1819294 kB (847602 used pss + 971692 kernel)
 Lost RAM: -628328 kB
   Tuning: 192 (large 384), oom 65536 kB, restore limit 21845 kB (high-end-gfx)
Applications Memory Usage (kB):
Uptime: 3007404 Realtime: 3007404

Total PSS by process:
   216224 kB: com.tianci.movieplatform (pid 22425 / activities)
    99216 kB: com.skyworth.angel.voice (pid 5347)
    85867 kB: system (pid 2213)
    69436 kB: com.android.systemui (pid 2448)
    63364 kB: com.skyworth.setting (pid 9660)
    56785 kB: com.tianci.de (pid 20913)
    51876 kB: com.tianci.system (pid 2506)
    39505 kB: com.coocaa.os.ccosservice (pid 5242)
    36389 kB: com.tianci.push (pid 2970)
    32329 kB: com.coocaa.sysreport (pid 32738)
    30025 kB: com.tianci.user (pid 372)
    27125 kB: com.coocaa.os.softsettings.provider (pid 20958)
    23466 kB: zygote64 (pid 1610)
    16840 kB: logd (pid 1586)
    14507 kB: zygote (pid 1611)
    13513 kB: com.skyworth.tianciime (pid 9961)
    12935 kB: com.android.bluetooth (pid 5003)
    12076 kB: mediaserver (pid 1596)
    11066 kB: com.bajintech.karaok (pid 5033)
    10378 kB: android.process.media (pid 3532)
    10290 kB: com.skyworth.android.skyRMService (pid 2581)
     9752 kB: surfaceflinger (pid 1591)
     7872 kB: com.android.defcontainer (pid 9718)
     7243 kB: com.android.externalstorage (pid 12828)
     7150 kB: com.hisilicon.android.hiRMService (pid 2561)
     6486 kB: displaysetting (pid 1603)
     6226 kB: tvserver (pid 1604)
     4725 kB: com.coocaa.messageprovider (pid 10697)
     4130 kB: hiaoservice (pid 1599)
     3852 kB: hisysmanager (pid 1600)
     2817 kB: wpa_supplicant (pid 5211)
     2211 kB: stbserver (pid 1709)
     2144 kB: drmserver (pid 1595)
     1593 kB: vold (pid 1590)
     1242 kB: keystore (pid 1598)
     1141 kB: netd (pid 1592)
     1110 kB: android_ir_user (pid 1613)
     1090 kB: VirtualEvent (pid 2013)
      859 kB: dtvloaderserver (pid 1605)
      856 kB: hikaraokeservice (pid 1601)
      808 kB: virtualkeypad (pid 1606)
      801 kB: /init (pid 1)
      800 kB: debuggerd64 (pid 1594)
      697 kB: adbd (pid 3315)
      623 kB: lmkd (pid 1588)
      604 kB: netshared (pid 1602)
      580 kB: dhcpcd (pid 20747)
      576 kB: healthd (pid 1587)
      472 kB: ueventd (pid 1106)
      456 kB: coocaa_guard (pid 1608)
      449 kB: teecd (pid 1614)
      443 kB: logcat (pid 1820)
      402 kB: sh (pid 6351)
      392 kB: installd (pid 1597)
      369 kB: sh (pid 1742)
      362 kB: sh (pid 1745)
      356 kB: debuggerd (pid 1593)
      340 kB: sh (pid 1632)
      335 kB: servicemanager (pid 1589)
      311 kB: sh (pid 1806)
      271 kB: hidrawd (pid 1609)
      237 kB: smobsd (pid 2018)
        0 kB: dumpsys (pid 882)
        0 kB: busybox (pid 884)

Total PSS by OOM adjustment:
   123082 kB: Native
               23466 kB: zygote64 (pid 1610)
               16840 kB: logd (pid 1586)
               14507 kB: zygote (pid 1611)
               12076 kB: mediaserver (pid 1596)
                9752 kB: surfaceflinger (pid 1591)
                6486 kB: displaysetting (pid 1603)
                6226 kB: tvserver (pid 1604)
                4130 kB: hiaoservice (pid 1599)
                3852 kB: hisysmanager (pid 1600)
                2817 kB: wpa_supplicant (pid 5211)
                2211 kB: stbserver (pid 1709)
                2144 kB: drmserver (pid 1595)
                1593 kB: vold (pid 1590)
                1242 kB: keystore (pid 1598)
                1141 kB: netd (pid 1592)
                1110 kB: android_ir_user (pid 1613)
                1090 kB: VirtualEvent (pid 2013)
                 859 kB: dtvloaderserver (pid 1605)
                 856 kB: hikaraokeservice (pid 1601)
                 808 kB: virtualkeypad (pid 1606)
                 801 kB: /init (pid 1)
                 800 kB: debuggerd64 (pid 1594)
                 697 kB: adbd (pid 3315)
                 623 kB: lmkd (pid 1588)
                 604 kB: netshared (pid 1602)
                 580 kB: dhcpcd (pid 20747)
                 576 kB: healthd (pid 1587)
                 472 kB: ueventd (pid 1106)
                 456 kB: coocaa_guard (pid 1608)
                 449 kB: teecd (pid 1614)
                 443 kB: logcat (pid 1820)
                 402 kB: sh (pid 6351)
                 392 kB: installd (pid 1597)
                 369 kB: sh (pid 1742)
                 362 kB: sh (pid 1745)
                 356 kB: debuggerd (pid 1593)
                 340 kB: sh (pid 1632)
                 335 kB: servicemanager (pid 1589)
                 311 kB: sh (pid 1806)
                 271 kB: hidrawd (pid 1609)
                 237 kB: smobsd (pid 2018)
                   0 kB: dumpsys (pid 882)
                   0 kB: busybox (pid 884)
    85867 kB: System
               85867 kB: system (pid 2213)
    86876 kB: Persistent
               69436 kB: com.android.systemui (pid 2448)
               10290 kB: com.skyworth.android.skyRMService (pid 2581)
                7150 kB: com.hisilicon.android.hiRMService (pid 2561)
    12935 kB: Persistent Service
               12935 kB: com.android.bluetooth (pid 5003)
   460490 kB: Foreground
              216224 kB: com.tianci.movieplatform (pid 22425 / activities)
               99216 kB: com.skyworth.angel.voice (pid 5347)
               56785 kB: com.tianci.de (pid 20913)
               51876 kB: com.tianci.system (pid 2506)
               36389 kB: com.tianci.push (pid 2970)
    39505 kB: Visible
               39505 kB: com.coocaa.os.ccosservice (pid 5242)
    40638 kB: Perceptible
               27125 kB: com.coocaa.os.softsettings.provider (pid 20958)
               13513 kB: com.skyworth.tianciime (pid 9961)
   167002 kB: Cached
               63364 kB: com.skyworth.setting (pid 9660)
               32329 kB: com.coocaa.sysreport (pid 32738)
               30025 kB: com.tianci.user (pid 372)
               11066 kB: com.bajintech.karaok (pid 5033)
               10378 kB: android.process.media (pid 3532)
                7872 kB: com.android.defcontainer (pid 9718)
                7243 kB: com.android.externalstorage (pid 12828)
                4725 kB: com.coocaa.messageprovider (pid 10697)

Total PSS by category:
   307732 kB: .dex mmap
   264011 kB: Dalvik
   148458 kB: Native
   110210 kB: .so mmap
    84959 kB: .oat mmap
    35213 kB: .art mmap
    19482 kB: Other mmap
    10997 kB: .apk mmap
    10307 kB: .ttf mmap
     9785 kB: Dalvik Other
     8488 kB: Stack
     6378 kB: Unknown
      235 kB: Other dev
      128 kB: Ashmem
        8 kB: .jar mmap
        4 kB: Cursor
        0 kB: Gfx dev
        0 kB: EGL mtrack
        0 kB: GL mtrack
        0 kB: Other mtrack

Total RAM: 1880788 kB (status moderate)
 Free RAM: 696070 kB (167002 cached pss + 105500 cached kernel + 423568 free)
 Used RAM: 1821029 kB (849393 used pss + 971636 kernel)
 Lost RAM: -636311 kB
   Tuning: 192 (large 384), oom 65536 kB, restore limit 21845 kB (high-end-gfx)
Applications Memory Usage (kB):
Uptime: 3011259 Realtime: 3011259

Total PSS by process:
   220032 kB: com.tianci.movieplatform (pid 22425 / activities)
    99732 kB: com.skyworth.angel.voice (pid 5347)
    84782 kB: system (pid 2213)
    69440 kB: com.android.systemui (pid 2448)
    63364 kB: com.skyworth.setting (pid 9660)
    56785 kB: com.tianci.de (pid 20913)
    52237 kB: com.tianci.system (pid 2506)
    39505 kB: com.coocaa.os.ccosservice (pid 5242)
    36385 kB: com.tianci.push (pid 2970)
    32065 kB: com.coocaa.sysreport (pid 32738)
    29925 kB: com.tianci.user (pid 372)
    27125 kB: com.coocaa.os.softsettings.provider (pid 20958)
    23471 kB: zygote64 (pid 1610)
    16742 kB: logd (pid 1586)
    14909 kB: zygote (pid 1611)
    13513 kB: com.skyworth.tianciime (pid 9961)
    13188 kB: com.android.bluetooth (pid 5003)
    12081 kB: mediaserver (pid 1596)
    11066 kB: com.bajintech.karaok (pid 5033)
    10384 kB: android.process.media (pid 3532)
    10291 kB: com.skyworth.android.skyRMService (pid 2581)
     9652 kB: surfaceflinger (pid 1591)
     7873 kB: com.android.defcontainer (pid 9718)
     7408 kB: com.hisilicon.android.hiRMService (pid 2561)
     7248 kB: com.android.externalstorage (pid 12828)
     6492 kB: displaysetting (pid 1603)
     6232 kB: tvserver (pid 1604)
     4943 kB: com.coocaa.messageprovider (pid 10697)
     4135 kB: hiaoservice (pid 1599)
     3856 kB: hisysmanager (pid 1600)
     2825 kB: wpa_supplicant (pid 5211)
     2215 kB: stbserver (pid 1709)
     2149 kB: drmserver (pid 1595)
     1593 kB: vold (pid 1590)
     1239 kB: keystore (pid 1598)
     1140 kB: netd (pid 1592)
     1110 kB: android_ir_user (pid 1613)
     1091 kB: VirtualEvent (pid 2013)
      860 kB: dtvloaderserver (pid 1605)
      857 kB: hikaraokeservice (pid 1601)
      809 kB: virtualkeypad (pid 1606)
      801 kB: /init (pid 1)
      800 kB: debuggerd64 (pid 1594)
      693 kB: adbd (pid 3315)
      626 kB: lmkd (pid 1588)
      604 kB: netshared (pid 1602)
      582 kB: dhcpcd (pid 20747)
      576 kB: healthd (pid 1587)
      518 kB: dumpsys (pid 1040)
      472 kB: ueventd (pid 1106)
      457 kB: coocaa_guard (pid 1608)
      450 kB: teecd (pid 1614)
      445 kB: logcat (pid 1820)
      415 kB: sh (pid 6351)
      392 kB: installd (pid 1597)
      387 kB: sh (pid 1742)
      371 kB: sh (pid 1745)
      357 kB: debuggerd (pid 1593)
      349 kB: sh (pid 1632)
      335 kB: servicemanager (pid 1589)
      320 kB: sh (pid 1806)
      272 kB: hidrawd (pid 1609)
      237 kB: smobsd (pid 2018)

Total PSS by OOM adjustment:
   123917 kB: Native
               23471 kB: zygote64 (pid 1610)
               16742 kB: logd (pid 1586)
               14909 kB: zygote (pid 1611)
               12081 kB: mediaserver (pid 1596)
                9652 kB: surfaceflinger (pid 1591)
                6492 kB: displaysetting (pid 1603)
                6232 kB: tvserver (pid 1604)
                4135 kB: hiaoservice (pid 1599)
                3856 kB: hisysmanager (pid 1600)
                2825 kB: wpa_supplicant (pid 5211)
                2215 kB: stbserver (pid 1709)
                2149 kB: drmserver (pid 1595)
                1593 kB: vold (pid 1590)
                1239 kB: keystore (pid 1598)
                1140 kB: netd (pid 1592)
                1110 kB: android_ir_user (pid 1613)
                1091 kB: VirtualEvent (pid 2013)
                 860 kB: dtvloaderserver (pid 1605)
                 857 kB: hikaraokeservice (pid 1601)
                 809 kB: virtualkeypad (pid 1606)
                 801 kB: /init (pid 1)
                 800 kB: debuggerd64 (pid 1594)
                 693 kB: adbd (pid 3315)
                 626 kB: lmkd (pid 1588)
                 604 kB: netshared (pid 1602)
                 582 kB: dhcpcd (pid 20747)
                 576 kB: healthd (pid 1587)
                 518 kB: dumpsys (pid 1040)
                 472 kB: ueventd (pid 1106)
                 457 kB: coocaa_guard (pid 1608)
                 450 kB: teecd (pid 1614)
                 445 kB: logcat (pid 1820)
                 415 kB: sh (pid 6351)
                 392 kB: installd (pid 1597)
                 387 kB: sh (pid 1742)
                 371 kB: sh (pid 1745)
                 357 kB: debuggerd (pid 1593)
                 349 kB: sh (pid 1632)
                 335 kB: servicemanager (pid 1589)
                 320 kB: sh (pid 1806)
                 272 kB: hidrawd (pid 1609)
                 237 kB: smobsd (pid 2018)
    84782 kB: System
               84782 kB: system (pid 2213)
    87139 kB: Persistent
               69440 kB: com.android.systemui (pid 2448)
               10291 kB: com.skyworth.android.skyRMService (pid 2581)
                7408 kB: com.hisilicon.android.hiRMService (pid 2561)
    13188 kB: Persistent Service
               13188 kB: com.android.bluetooth (pid 5003)
   465171 kB: Foreground
              220032 kB: com.tianci.movieplatform (pid 22425 / activities)
               99732 kB: com.skyworth.angel.voice (pid 5347)
               56785 kB: com.tianci.de (pid 20913)
               52237 kB: com.tianci.system (pid 2506)
               36385 kB: com.tianci.push (pid 2970)
    39505 kB: Visible
               39505 kB: com.coocaa.os.ccosservice (pid 5242)
    40638 kB: Perceptible
               27125 kB: com.coocaa.os.softsettings.provider (pid 20958)
               13513 kB: com.skyworth.tianciime (pid 9961)
   166868 kB: Cached
               63364 kB: com.skyworth.setting (pid 9660)
               32065 kB: com.coocaa.sysreport (pid 32738)
               29925 kB: com.tianci.user (pid 372)
               11066 kB: com.bajintech.karaok (pid 5033)
               10384 kB: android.process.media (pid 3532)
                7873 kB: com.android.defcontainer (pid 9718)
                7248 kB: com.android.externalstorage (pid 12828)
                4943 kB: com.coocaa.messageprovider (pid 10697)

Total PSS by category:
   307732 kB: .dex mmap
   272356 kB: Dalvik
   143252 kB: Native
   110794 kB: .so mmap
    85631 kB: .oat mmap
    35472 kB: .art mmap
    19572 kB: Other mmap
    11017 kB: .apk mmap
    10307 kB: .ttf mmap
     9781 kB: Dalvik Other
     8472 kB: Stack
     6441 kB: Unknown
      241 kB: Other dev
      128 kB: Ashmem
        8 kB: .jar mmap
        4 kB: Cursor
        0 kB: Gfx dev
        0 kB: EGL mtrack
        0 kB: GL mtrack
        0 kB: Other mtrack

Total RAM: 1880788 kB (status moderate)
 Free RAM: 720316 kB (166868 cached pss + 125720 cached kernel + 427728 free)
 Used RAM: 1823864 kB (854340 used pss + 969524 kernel)
 Lost RAM: -663392 kB
   Tuning: 192 (large 384), oom 65536 kB, restore limit 21845 kB (high-end-gfx)
Applications Memory Usage (kB):
Uptime: 3015345 Realtime: 3015345

