Applications Memory Usage (kB):
Uptime: 1656479 Realtime: 1656479

Total PSS by process:
    75153 kB: com.tianci.movieplatform (pid 2534 / activities)
    17827 kB: com.tianci.user (pid 28857)
    16073 kB: system (pid 1348)
    14418 kB: com.tianci.movieplatform:daemon (pid 11395)
    10951 kB: com.tianci.system (pid 1587)
    10721 kB: mediaserver (pid 746)
    10227 kB: com.tianci.de (pid 2455)
     9776 kB: com.coocaa.os.ccosservice (pid 1872)
     7944 kB: com.coocaa.sysreport (pid 2763)
     7811 kB: com.tianci.ad (pid 28997)
     7083 kB: com.tianci.push (pid 1722)
     6513 kB: com.dunn.instrument (pid 1572)
     5114 kB: com.coocaa.os.softsettings.provider (pid 2265)
     3135 kB: com.skyworth.android.skyRMService (pid 1581)
     2814 kB: android.process.media (pid 2636)
     1223 kB: surfaceflinger (pid 742)
     1167 kB: logcat (pid 2087)
      845 kB: zygote (pid 744)
      839 kB: TvServer (pid 1114)
      407 kB: app_process (pid 1796)
      382 kB: sdcard (pid 757)
      376 kB: wpa_supplicant (pid 1501)
      251 kB: netd (pid 740)
      231 kB: /init (pid 1)
      206 kB: dumpsys (pid 29059)
      200 kB: adbd (pid 1436)
      142 kB: debuggerd (pid 741)
      111 kB: vold (pid 736)
      108 kB: healthd (pid 733)
       80 kB: FileDesc_server (pid 749)
       75 kB: coocaa_guard (pid 754)
       72 kB: ueventd (pid 512)
       49 kB: servicemanager (pid 735)
       48 kB: RootApp (pid 1106)
       41 kB: logwrapper (pid 1075)
       40 kB: sh (pid 734)
       40 kB: busybox (pid 1638)
       24 kB: keypad (pid 739)
       24 kB: VirtualEvent (pid 1232)
        8 kB: drmserver (pid 745)
        8 kB: keystore (pid 748)
        4 kB: hardwared (pid 737)
        4 kB: installd (pid 747)
        4 kB: smobsd (pid 1258)
        4 kB: sh (pid 1707)
        4 kB: dhcpcd (pid 1861)

Total PSS by OOM adjustment:
    17738 kB: Native
               10721 kB: mediaserver (pid 746)
                1223 kB: surfaceflinger (pid 742)
                1167 kB: logcat (pid 2087)
                 845 kB: zygote (pid 744)
                 839 kB: TvServer (pid 1114)
                 407 kB: app_process (pid 1796)
                 382 kB: sdcard (pid 757)
                 376 kB: wpa_supplicant (pid 1501)
                 251 kB: netd (pid 740)
                 231 kB: /init (pid 1)
                 206 kB: dumpsys (pid 29059)
                 200 kB: adbd (pid 1436)
                 142 kB: debuggerd (pid 741)
                 111 kB: vold (pid 736)
                 108 kB: healthd (pid 733)
                  80 kB: FileDesc_server (pid 749)
                  75 kB: coocaa_guard (pid 754)
                  72 kB: ueventd (pid 512)
                  49 kB: servicemanager (pid 735)
                  48 kB: RootApp (pid 1106)
                  41 kB: logwrapper (pid 1075)
                  40 kB: sh (pid 734)
                  40 kB: busybox (pid 1638)
                  24 kB: keypad (pid 739)
                  24 kB: VirtualEvent (pid 1232)
                   8 kB: drmserver (pid 745)
                   8 kB: keystore (pid 748)
                   4 kB: hardwared (pid 737)
                   4 kB: installd (pid 747)
                   4 kB: smobsd (pid 1258)
                   4 kB: sh (pid 1707)
                   4 kB: dhcpcd (pid 1861)
    16073 kB: System
               16073 kB: system (pid 1348)
     9648 kB: Persistent
                6513 kB: com.dunn.instrument (pid 1572)
                3135 kB: com.skyworth.android.skyRMService (pid 1581)
   121118 kB: Foreground
               75153 kB: com.tianci.movieplatform (pid 2534 / activities)
               10951 kB: com.tianci.system (pid 1587)
               10227 kB: com.tianci.de (pid 2455)
                9776 kB: com.coocaa.os.ccosservice (pid 1872)
                7083 kB: com.tianci.push (pid 1722)
                5114 kB: com.coocaa.os.softsettings.provider (pid 2265)
                2814 kB: android.process.media (pid 2636)
    14418 kB: A Services
               14418 kB: com.tianci.movieplatform:daemon (pid 11395)
     7944 kB: B Services
                7944 kB: com.coocaa.sysreport (pid 2763)
    25638 kB: Cached
               17827 kB: com.tianci.user (pid 28857)
                7811 kB: com.tianci.ad (pid 28997)

Total PSS by category:
    53496 kB: Dalvik
    51805 kB: Unknown
    42860 kB: Dalvik Other
    20077 kB: .dex mmap
    16863 kB: .so mmap
    10872 kB: Native
     6433 kB: Other dev
     3944 kB: Stack
     3460 kB: Ashmem
     2243 kB: Other mmap
      512 kB: .apk mmap
        8 kB: .jar mmap
        4 kB: .ttf mmap
        0 kB: Cursor
        0 kB: code mmap
        0 kB: image mmap
        0 kB: Graphics
        0 kB: GL
        0 kB: Memtrack

Total RAM: 463128 kB
 Free RAM: 111662 kB (25638 cached pss + 54124 cached + 31900 free)
 Used RAM: 212811 kB (186939 used pss + 908 buffers + 268 shmem + 24696 slab)
 Lost RAM: 138655 kB
     ZRAM: 23928 kB physical used for 59144 kB in swap (98300 kB total swap)
   Tuning: 48 (large 128), oom 108462 kB, restore limit 36154 kB (low-ram)
Applications Memory Usage (kB):
Uptime: 1660577 Realtime: 1660577

Total PSS by process:
    75179 kB: com.tianci.movieplatform (pid 2534 / activities)
    16073 kB: system (pid 1348)
    15500 kB: com.tianci.ad (pid 28997)
    14403 kB: com.tianci.movieplatform:daemon (pid 11395)
    10917 kB: com.tianci.system (pid 1587)
    10629 kB: mediaserver (pid 746)
    10292 kB: com.tianci.de (pid 2455)
    10231 kB: com.coocaa.os.ccosservice (pid 1872)
     7749 kB: com.coocaa.sysreport (pid 2763)
     7735 kB: com.tianci.push (pid 1722)
     6505 kB: com.dunn.instrument (pid 1572)
     5161 kB: com.coocaa.os.softsettings.provider (pid 2265)
     3201 kB: com.skyworth.android.skyRMService (pid 1581)
     2865 kB: android.process.media (pid 2636)
     1160 kB: logcat (pid 2087)
      957 kB: surfaceflinger (pid 742)
      883 kB: zygote (pid 744)
      732 kB: TvServer (pid 1114)
      410 kB: app_process (pid 1796)
      376 kB: sdcard (pid 757)
      272 kB: wpa_supplicant (pid 1501)
      249 kB: netd (pid 740)
      231 kB: /init (pid 1)
      196 kB: adbd (pid 1436)
      142 kB: debuggerd (pid 741)
      111 kB: vold (pid 736)
      108 kB: healthd (pid 733)
       80 kB: FileDesc_server (pid 749)
       75 kB: coocaa_guard (pid 754)
       72 kB: ueventd (pid 512)
       49 kB: servicemanager (pid 735)
       48 kB: RootApp (pid 1106)
       40 kB: busybox (pid 1638)
       38 kB: sh (pid 734)
       33 kB: logwrapper (pid 1075)
       24 kB: keypad (pid 739)
       24 kB: VirtualEvent (pid 1232)
        8 kB: drmserver (pid 745)
        8 kB: keystore (pid 748)
        4 kB: hardwared (pid 737)
        4 kB: installd (pid 747)
        4 kB: smobsd (pid 1258)
        4 kB: sh (pid 1707)
        4 kB: dhcpcd (pid 1861)
        0 kB: com.tianci.user (pid 28857)
        0 kB: dumpsys (pid 29059)

Total PSS by OOM adjustment:
    16975 kB: Native
               10629 kB: mediaserver (pid 746)
                1160 kB: logcat (pid 2087)
                 957 kB: surfaceflinger (pid 742)
                 883 kB: zygote (pid 744)
                 732 kB: TvServer (pid 1114)
                 410 kB: app_process (pid 1796)
                 376 kB: sdcard (pid 757)
                 272 kB: wpa_supplicant (pid 1501)
                 249 kB: netd (pid 740)
                 231 kB: /init (pid 1)
                 196 kB: adbd (pid 1436)
                 142 kB: debuggerd (pid 741)
                 111 kB: vold (pid 736)
                 108 kB: healthd (pid 733)
                  80 kB: FileDesc_server (pid 749)
                  75 kB: coocaa_guard (pid 754)
                  72 kB: ueventd (pid 512)
                  49 kB: servicemanager (pid 735)
                  48 kB: RootApp (pid 1106)
                  40 kB: busybox (pid 1638)
                  38 kB: sh (pid 734)
                  33 kB: logwrapper (pid 1075)
                  24 kB: keypad (pid 739)
                  24 kB: VirtualEvent (pid 1232)
                   8 kB: drmserver (pid 745)
                   8 kB: keystore (pid 748)
                   4 kB: hardwared (pid 737)
                   4 kB: installd (pid 747)
                   4 kB: smobsd (pid 1258)
                   4 kB: sh (pid 1707)
                   4 kB: dhcpcd (pid 1861)
                   0 kB: com.tianci.user (pid 28857)
                   0 kB: dumpsys (pid 29059)
    16073 kB: System
               16073 kB: system (pid 1348)
     9706 kB: Persistent
                6505 kB: com.dunn.instrument (pid 1572)
                3201 kB: com.skyworth.android.skyRMService (pid 1581)
   122380 kB: Foreground
               75179 kB: com.tianci.movieplatform (pid 2534 / activities)
               10917 kB: com.tianci.system (pid 1587)
               10292 kB: com.tianci.de (pid 2455)
               10231 kB: com.coocaa.os.ccosservice (pid 1872)
                7735 kB: com.tianci.push (pid 1722)
                5161 kB: com.coocaa.os.softsettings.provider (pid 2265)
                2865 kB: android.process.media (pid 2636)
    29903 kB: A Services
               15500 kB: com.tianci.ad (pid 28997)
               14403 kB: com.tianci.movieplatform:daemon (pid 11395)
     7749 kB: B Services
                7749 kB: com.coocaa.sysreport (pid 2763)

Total PSS by category:
    51589 kB: Dalvik
    50422 kB: Unknown
    40834 kB: Dalvik Other
    19227 kB: .dex mmap
    14906 kB: .so mmap
    10500 kB: Native
     6425 kB: Other dev
     3636 kB: Stack
     3160 kB: Ashmem
     1858 kB: Other mmap
      217 kB: .apk mmap
        8 kB: .jar mmap
        4 kB: .ttf mmap
        0 kB: Cursor
        0 kB: code mmap
        0 kB: image mmap
        0 kB: Graphics
        0 kB: GL
        0 kB: Memtrack

Total RAM: 463128 kB
 Free RAM: 95140 kB (0 cached pss + 43120 cached + 52020 free)
 Used RAM: 228126 kB (202786 used pss + 320 buffers + 268 shmem + 24752 slab)
 Lost RAM: 139862 kB
     ZRAM: 24048 kB physical used for 59420 kB in swap (98300 kB total swap)
   Tuning: 48 (large 128), oom 108462 kB, restore limit 36154 kB (low-ram)
Applications Memory Usage (kB):
Uptime: 1663774 Realtime: 1663774

Total PSS by process:
    76236 kB: com.tianci.movieplatform (pid 2534 / activities)
    15748 kB: system (pid 1348)
    15041 kB: com.tianci.ad (pid 28997)
    14398 kB: com.tianci.movieplatform:daemon (pid 11395)
    10914 kB: com.tianci.system (pid 1587)
    10626 kB: mediaserver (pid 746)
    10289 kB: com.tianci.de (pid 2455)
    10223 kB: com.coocaa.os.ccosservice (pid 1872)
     7739 kB: com.coocaa.sysreport (pid 2763)
     7677 kB: com.tianci.push (pid 1722)
     6521 kB: com.dunn.instrument (pid 1572)
     5161 kB: com.coocaa.os.softsettings.provider (pid 2265)
     3199 kB: com.skyworth.android.skyRMService (pid 1581)
     2865 kB: android.process.media (pid 2636)
     1160 kB: logcat (pid 2087)
      951 kB: surfaceflinger (pid 742)
      882 kB: zygote (pid 744)
      732 kB: TvServer (pid 1114)
      410 kB: app_process (pid 1796)
      376 kB: sdcard (pid 757)
      249 kB: dumpsys (pid 29282)
      237 kB: netd (pid 740)
      231 kB: /init (pid 1)
      196 kB: adbd (pid 1436)
      142 kB: debuggerd (pid 741)
      140 kB: wpa_supplicant (pid 1501)
      111 kB: vold (pid 736)
      108 kB: healthd (pid 733)
       80 kB: FileDesc_server (pid 749)
       75 kB: coocaa_guard (pid 754)
       72 kB: ueventd (pid 512)
       49 kB: servicemanager (pid 735)
       48 kB: RootApp (pid 1106)
       40 kB: busybox (pid 1638)
       38 kB: sh (pid 734)
       33 kB: logwrapper (pid 1075)
       24 kB: keypad (pid 739)
       24 kB: VirtualEvent (pid 1232)
        8 kB: drmserver (pid 745)
        8 kB: keystore (pid 748)
        4 kB: hardwared (pid 737)
        4 kB: installd (pid 747)
        4 kB: smobsd (pid 1258)
        4 kB: sh (pid 1707)
        4 kB: dhcpcd (pid 1861)

Total PSS by OOM adjustment:
    17070 kB: Native
               10626 kB: mediaserver (pid 746)
                1160 kB: logcat (pid 2087)
                 951 kB: surfaceflinger (pid 742)
                 882 kB: zygote (pid 744)
                 732 kB: TvServer (pid 1114)
                 410 kB: app_process (pid 1796)
                 376 kB: sdcard (pid 757)
                 249 kB: dumpsys (pid 29282)
                 237 kB: netd (pid 740)
                 231 kB: /init (pid 1)
                 196 kB: adbd (pid 1436)
                 142 kB: debuggerd (pid 741)
                 140 kB: wpa_supplicant (pid 1501)
                 111 kB: vold (pid 736)
                 108 kB: healthd (pid 733)
                  80 kB: FileDesc_server (pid 749)
                  75 kB: coocaa_guard (pid 754)
                  72 kB: ueventd (pid 512)
                  49 kB: servicemanager (pid 735)
                  48 kB: RootApp (pid 1106)
                  40 kB: busybox (pid 1638)
                  38 kB: sh (pid 734)
                  33 kB: logwrapper (pid 1075)
                  24 kB: keypad (pid 739)
                  24 kB: VirtualEvent (pid 1232)
                   8 kB: drmserver (pid 745)
                   8 kB: keystore (pid 748)
                   4 kB: hardwared (pid 737)
                   4 kB: installd (pid 747)
                   4 kB: smobsd (pid 1258)
                   4 kB: sh (pid 1707)
                   4 kB: dhcpcd (pid 1861)
    15748 kB: System
               15748 kB: system (pid 1348)
     9720 kB: Persistent
                6521 kB: com.dunn.instrument (pid 1572)
                3199 kB: com.skyworth.android.skyRMService (pid 1581)
   123365 kB: Foreground
               76236 kB: com.tianci.movieplatform (pid 2534 / activities)
               10914 kB: com.tianci.system (pid 1587)
               10289 kB: com.tianci.de (pid 2455)
               10223 kB: com.coocaa.os.ccosservice (pid 1872)
                7677 kB: com.tianci.push (pid 1722)
                5161 kB: com.coocaa.os.softsettings.provider (pid 2265)
                2865 kB: android.process.media (pid 2636)
    29439 kB: A Services
               15041 kB: com.tianci.ad (pid 28997)
               14398 kB: com.tianci.movieplatform:daemon (pid 11395)
     7739 kB: B Services
                7739 kB: com.coocaa.sysreport (pid 2763)

Total PSS by category:
    51545 kB: Dalvik
    51076 kB: Unknown
    40826 kB: Dalvik Other
    19024 kB: .dex mmap
    15220 kB: .so mmap
    10504 kB: Native
     6429 kB: Other dev
     3632 kB: Stack
     3160 kB: Ashmem
     1436 kB: Other mmap
      217 kB: .apk mmap
        8 kB: .jar mmap
        4 kB: .ttf mmap
        0 kB: Cursor
        0 kB: code mmap
        0 kB: image mmap
        0 kB: Graphics
        0 kB: GL
        0 kB: Memtrack

Total RAM: 463128 kB
 Free RAM: 94984 kB (0 cached pss + 42380 cached + 52604 free)
 Used RAM: 228393 kB (203081 used pss + 296 buffers + 268 shmem + 24748 slab)
 Lost RAM: 139751 kB
     ZRAM: 24048 kB physical used for 59420 kB in swap (98300 kB total swap)
   Tuning: 48 (large 128), oom 108462 kB, restore limit 36154 kB (low-ram)
Applications Memory Usage (kB):
Uptime: 1666940 Realtime: 1666940

Total PSS by process:
    76643 kB: com.tianci.movieplatform (pid 2534 / activities)
    15890 kB: system (pid 1348)
    14333 kB: com.tianci.movieplatform:daemon (pid 11395)
    13349 kB: com.tianci.ad (pid 28997)
    11126 kB: com.tianci.system (pid 1587)
    10626 kB: mediaserver (pid 746)
    10287 kB: com.tianci.de (pid 2455)
    10237 kB: com.coocaa.os.ccosservice (pid 1872)
     7962 kB: com.coocaa.sysreport (pid 2763)
     7674 kB: com.tianci.push (pid 1722)
     6513 kB: com.dunn.instrument (pid 1572)
     5134 kB: com.coocaa.os.softsettings.provider (pid 2265)
     3199 kB: com.skyworth.android.skyRMService (pid 1581)
     2865 kB: android.process.media (pid 2636)
     1160 kB: logcat (pid 2087)
      951 kB: surfaceflinger (pid 742)
      880 kB: zygote (pid 744)
      732 kB: TvServer (pid 1114)
      410 kB: app_process (pid 1796)
      376 kB: sdcard (pid 757)
      376 kB: wpa_supplicant (pid 1501)
      249 kB: netd (pid 740)
      231 kB: /init (pid 1)
      196 kB: adbd (pid 1436)
      142 kB: debuggerd (pid 741)
      111 kB: vold (pid 736)
      108 kB: healthd (pid 733)
       80 kB: FileDesc_server (pid 749)
       75 kB: coocaa_guard (pid 754)
       72 kB: ueventd (pid 512)
       49 kB: servicemanager (pid 735)
       48 kB: RootApp (pid 1106)
       40 kB: busybox (pid 1638)
       38 kB: sh (pid 734)
       33 kB: logwrapper (pid 1075)
       24 kB: keypad (pid 739)
       24 kB: VirtualEvent (pid 1232)
        8 kB: drmserver (pid 745)
        8 kB: keystore (pid 748)
        4 kB: hardwared (pid 737)
        4 kB: installd (pid 747)
        4 kB: smobsd (pid 1258)
        4 kB: sh (pid 1707)
        4 kB: dhcpcd (pid 1861)
        0 kB: dumpsys (pid 29282)

Total PSS by OOM adjustment:
    17067 kB: Native
               10626 kB: mediaserver (pid 746)
                1160 kB: logcat (pid 2087)
                 951 kB: surfaceflinger (pid 742)
                 880 kB: zygote (pid 744)
                 732 kB: TvServer (pid 1114)
                 410 kB: app_process (pid 1796)
                 376 kB: sdcard (pid 757)
                 376 kB: wpa_supplicant (pid 1501)
                 249 kB: netd (pid 740)
                 231 kB: /init (pid 1)
                 196 kB: adbd (pid 1436)
                 142 kB: debuggerd (pid 741)
                 111 kB: vold (pid 736)
                 108 kB: healthd (pid 733)
                  80 kB: FileDesc_server (pid 749)
                  75 kB: coocaa_guard (pid 754)
                  72 kB: ueventd (pid 512)
                  49 kB: servicemanager (pid 735)
                  48 kB: RootApp (pid 1106)
                  40 kB: busybox (pid 1638)
                  38 kB: sh (pid 734)
                  33 kB: logwrapper (pid 1075)
                  24 kB: keypad (pid 739)
                  24 kB: VirtualEvent (pid 1232)
                   8 kB: drmserver (pid 745)
                   8 kB: keystore (pid 748)
                   4 kB: hardwared (pid 737)
                   4 kB: installd (pid 747)
                   4 kB: smobsd (pid 1258)
                   4 kB: sh (pid 1707)
                   4 kB: dhcpcd (pid 1861)
                   0 kB: dumpsys (pid 29282)
    15890 kB: System
               15890 kB: system (pid 1348)
     9712 kB: Persistent
                6513 kB: com.dunn.instrument (pid 1572)
                3199 kB: com.skyworth.android.skyRMService (pid 1581)
   123966 kB: Foreground
               76643 kB: com.tianci.movieplatform (pid 2534 / activities)
               11126 kB: com.tianci.system (pid 1587)
               10287 kB: com.tianci.de (pid 2455)
               10237 kB: com.coocaa.os.ccosservice (pid 1872)
                7674 kB: com.tianci.push (pid 1722)
                5134 kB: com.coocaa.os.softsettings.provider (pid 2265)
                2865 kB: android.process.media (pid 2636)
    27682 kB: A Services
               14333 kB: com.tianci.movieplatform:daemon (pid 11395)
               13349 kB: com.tianci.ad (pid 28997)
     7962 kB: B Services
                7962 kB: com.coocaa.sysreport (pid 2763)

Total PSS by category:
    51613 kB: Dalvik
    51052 kB: Unknown
    40830 kB: Dalvik Other
    17761 kB: .dex mmap
    15138 kB: .so mmap
    10500 kB: Native
     6425 kB: Other dev
     3632 kB: Stack
     3160 kB: Ashmem
     1656 kB: Other mmap
      504 kB: .apk mmap
        4 kB: .jar mmap
        4 kB: .ttf mmap
        0 kB: Cursor
        0 kB: code mmap
        0 kB: image mmap
        0 kB: Graphics
        0 kB: GL
        0 kB: Memtrack

Total RAM: 463128 kB
 Free RAM: 95296 kB (0 cached pss + 47008 cached + 48288 free)
 Used RAM: 227675 kB (202279 used pss + 392 buffers + 268 shmem + 24736 slab)
 Lost RAM: 140157 kB
     ZRAM: 23856 kB physical used for 58988 kB in swap (98300 kB total swap)
   Tuning: 48 (large 128), oom 108462 kB, restore limit 36154 kB (low-ram)
Applications Memory Usage (kB):
Uptime: 1669766 Realtime: 1669766

Total PSS by process:
    75279 kB: com.tianci.movieplatform (pid 2534 / activities)
    16299 kB: system (pid 1348)
    14521 kB: com.tianci.movieplatform:daemon (pid 11395)
    11232 kB: com.tianci.system (pid 1587)
    10853 kB: com.coocaa.os.ccosservice (pid 1872)
    10636 kB: mediaserver (pid 746)
    10311 kB: com.tianci.de (pid 2455)
     8068 kB: com.coocaa.sysreport (pid 2763)
     7694 kB: com.tianci.push (pid 1722)
     6385 kB: com.dunn.instrument (pid 1572)
     5157 kB: com.coocaa.os.softsettings.provider (pid 2265)
     3233 kB: com.skyworth.android.skyRMService (pid 1581)
     2897 kB: android.process.media (pid 2636)
     1160 kB: logcat (pid 2087)
      955 kB: surfaceflinger (pid 742)
      947 kB: zygote (pid 744)
      732 kB: TvServer (pid 1114)
      419 kB: app_process (pid 1796)
      376 kB: wpa_supplicant (pid 1501)
      375 kB: sdcard (pid 757)
      255 kB: dumpsys (pid 29423)
      249 kB: netd (pid 740)
      231 kB: /init (pid 1)
      196 kB: adbd (pid 1436)
      143 kB: debuggerd (pid 741)
      111 kB: vold (pid 736)
      108 kB: healthd (pid 733)
       80 kB: FileDesc_server (pid 749)
       75 kB: coocaa_guard (pid 754)
       72 kB: ueventd (pid 512)
       49 kB: servicemanager (pid 735)
       48 kB: RootApp (pid 1106)
       40 kB: busybox (pid 1638)
       39 kB: sh (pid 734)
       33 kB: logwrapper (pid 1075)
       24 kB: keypad (pid 739)
       24 kB: VirtualEvent (pid 1232)
        8 kB: drmserver (pid 745)
        8 kB: keystore (pid 748)
        4 kB: hardwared (pid 737)
        4 kB: installd (pid 747)
        4 kB: smobsd (pid 1258)
        4 kB: sh (pid 1707)
        4 kB: dhcpcd (pid 1861)

Total PSS by OOM adjustment:
    17413 kB: Native
               10636 kB: mediaserver (pid 746)
                1160 kB: logcat (pid 2087)
                 955 kB: surfaceflinger (pid 742)
                 947 kB: zygote (pid 744)
                 732 kB: TvServer (pid 1114)
                 419 kB: app_process (pid 1796)
                 376 kB: wpa_supplicant (pid 1501)
                 375 kB: sdcard (pid 757)
                 255 kB: dumpsys (pid 29423)
                 249 kB: netd (pid 740)
                 231 kB: /init (pid 1)
                 196 kB: adbd (pid 1436)
                 143 kB: debuggerd (pid 741)
                 111 kB: vold (pid 736)
                 108 kB: healthd (pid 733)
                  80 kB: FileDesc_server (pid 749)
                  75 kB: coocaa_guard (pid 754)
                  72 kB: ueventd (pid 512)
                  49 kB: servicemanager (pid 735)
                  48 kB: RootApp (pid 1106)
                  40 kB: busybox (pid 1638)
                  39 kB: sh (pid 734)
                  33 kB: logwrapper (pid 1075)
                  24 kB: keypad (pid 739)
                  24 kB: VirtualEvent (pid 1232)
                   8 kB: drmserver (pid 745)
                   8 kB: keystore (pid 748)
                   4 kB: hardwared (pid 737)
                   4 kB: installd (pid 747)
                   4 kB: smobsd (pid 1258)
                   4 kB: sh (pid 1707)
                   4 kB: dhcpcd (pid 1861)
    16299 kB: System
               16299 kB: system (pid 1348)
     9618 kB: Persistent
                6385 kB: com.dunn.instrument (pid 1572)
                3233 kB: com.skyworth.android.skyRMService (pid 1581)
   123423 kB: Foreground
               75279 kB: com.tianci.movieplatform (pid 2534 / activities)
               11232 kB: com.tianci.system (pid 1587)
               10853 kB: com.coocaa.os.ccosservice (pid 1872)
               10311 kB: com.tianci.de (pid 2455)
                7694 kB: com.tianci.push (pid 1722)
                5157 kB: com.coocaa.os.softsettings.provider (pid 2265)
                2897 kB: android.process.media (pid 2636)
    14521 kB: A Services
               14521 kB: com.tianci.movieplatform:daemon (pid 11395)
     8068 kB: B Services
                8068 kB: com.coocaa.sysreport (pid 2763)

Total PSS by category:
    49687 kB: Dalvik
    49073 kB: Unknown
    38281 kB: Dalvik Other
    14256 kB: .so mmap
    12325 kB: .dex mmap
    10484 kB: Native
     6424 kB: Other dev
     3558 kB: Stack
     3160 kB: Ashmem
     1632 kB: Other mmap
      458 kB: .apk mmap
        4 kB: .ttf mmap
        0 kB: Cursor
        0 kB: .jar mmap
        0 kB: code mmap
        0 kB: image mmap
        0 kB: Graphics
        0 kB: GL
        0 kB: Memtrack

Total RAM: 463128 kB
 Free RAM: 101360 kB (0 cached pss + 48928 cached + 52432 free)
 Used RAM: 214750 kB (189342 used pss + 408 buffers + 268 shmem + 24732 slab)
 Lost RAM: 147018 kB
     ZRAM: 23856 kB physical used for 58956 kB in swap (98300 kB total swap)
   Tuning: 48 (large 128), oom 108462 kB, restore limit 36154 kB (low-ram)
Applications Memory Usage (kB):
Uptime: 1673046 Realtime: 1673046

Total PSS by process:
    77288 kB: com.tianci.movieplatform (pid 2534 / activities)
    16429 kB: system (pid 1348)
    14516 kB: com.tianci.movieplatform:daemon (pid 11395)
    11232 kB: com.tianci.system (pid 1587)
    10853 kB: com.coocaa.os.ccosservice (pid 1872)
    10636 kB: mediaserver (pid 746)
    10311 kB: com.tianci.de (pid 2455)
     8068 kB: com.coocaa.sysreport (pid 2763)
     7694 kB: com.tianci.push (pid 1722)
     6575 kB: com.dunn.instrument (pid 1572)
     5157 kB: com.coocaa.os.softsettings.provider (pid 2265)
     3233 kB: com.skyworth.android.skyRMService (pid 1581)
     2897 kB: android.process.media (pid 2636)
     1160 kB: logcat (pid 2087)
      962 kB: surfaceflinger (pid 742)
      948 kB: zygote (pid 744)
      733 kB: TvServer (pid 1114)
      419 kB: app_process (pid 1796)
      376 kB: wpa_supplicant (pid 1501)
      375 kB: sdcard (pid 757)
      249 kB: netd (pid 740)
      231 kB: /init (pid 1)
      196 kB: adbd (pid 1436)
      143 kB: debuggerd (pid 741)
      111 kB: vold (pid 736)
      108 kB: healthd (pid 733)
       80 kB: FileDesc_server (pid 749)
       75 kB: coocaa_guard (pid 754)
       72 kB: ueventd (pid 512)
       49 kB: servicemanager (pid 735)
       48 kB: RootApp (pid 1106)
       40 kB: busybox (pid 1638)
       39 kB: sh (pid 734)
       33 kB: logwrapper (pid 1075)
       24 kB: keypad (pid 739)
       24 kB: VirtualEvent (pid 1232)
        8 kB: drmserver (pid 745)
        8 kB: keystore (pid 748)
        4 kB: hardwared (pid 737)
        4 kB: installd (pid 747)
        4 kB: smobsd (pid 1258)
        4 kB: sh (pid 1707)
        4 kB: dhcpcd (pid 1861)
        0 kB: dumpsys (pid 29423)

Total PSS by OOM adjustment:
    17167 kB: Native
               10636 kB: mediaserver (pid 746)
                1160 kB: logcat (pid 2087)
                 962 kB: surfaceflinger (pid 742)
                 948 kB: zygote (pid 744)
                 733 kB: TvServer (pid 1114)
                 419 kB: app_process (pid 1796)
                 376 kB: wpa_supplicant (pid 1501)
                 375 kB: sdcard (pid 757)
                 249 kB: netd (pid 740)
                 231 kB: /init (pid 1)
                 196 kB: adbd (pid 1436)
                 143 kB: debuggerd (pid 741)
                 111 kB: vold (pid 736)
                 108 kB: healthd (pid 733)
                  80 kB: FileDesc_server (pid 749)
                  75 kB: coocaa_guard (pid 754)
                  72 kB: ueventd (pid 512)
                  49 kB: servicemanager (pid 735)
                  48 kB: RootApp (pid 1106)
                  40 kB: busybox (pid 1638)
                  39 kB: sh (pid 734)
                  33 kB: logwrapper (pid 1075)
                  24 kB: keypad (pid 739)
                  24 kB: VirtualEvent (pid 1232)
                   8 kB: drmserver (pid 745)
                   8 kB: keystore (pid 748)
                   4 kB: hardwared (pid 737)
                   4 kB: installd (pid 747)
                   4 kB: smobsd (pid 1258)
                   4 kB: sh (pid 1707)
                   4 kB: dhcpcd (pid 1861)
                   0 kB: dumpsys (pid 29423)
    16429 kB: System
               16429 kB: system (pid 1348)
     9808 kB: Persistent
                6575 kB: com.dunn.instrument (pid 1572)
                3233 kB: com.skyworth.android.skyRMService (pid 1581)
   125432 kB: Foreground
               77288 kB: com.tianci.movieplatform (pid 2534 / activities)
               11232 kB: com.tianci.system (pid 1587)
               10853 kB: com.coocaa.os.ccosservice (pid 1872)
               10311 kB: com.tianci.de (pid 2455)
                7694 kB: com.tianci.push (pid 1722)
                5157 kB: com.coocaa.os.softsettings.provider (pid 2265)
                2897 kB: android.process.media (pid 2636)
    14516 kB: A Services
               14516 kB: com.tianci.movieplatform:daemon (pid 11395)
     8068 kB: B Services
                8068 kB: com.coocaa.sysreport (pid 2763)

Total PSS by category:
    50117 kB: Unknown
    49767 kB: Dalvik
    38308 kB: Dalvik Other
    14175 kB: .so mmap
    13310 kB: .dex mmap
    10480 kB: Native
     6420 kB: Other dev
     3620 kB: Stack
     3160 kB: Ashmem
     1601 kB: Other mmap
      458 kB: .apk mmap
        4 kB: .ttf mmap
        0 kB: Cursor
        0 kB: .jar mmap
        0 kB: code mmap
        0 kB: image mmap
        0 kB: Graphics
        0 kB: GL
        0 kB: Memtrack

Total RAM: 463128 kB
 Free RAM: 100816 kB (0 cached pss + 58624 cached + 42192 free)
 Used RAM: 216864 kB (191420 used pss + 432 buffers + 268 shmem + 24744 slab)
 Lost RAM: 145448 kB
     ZRAM: 23856 kB physical used for 58936 kB in swap (98300 kB total swap)
   Tuning: 48 (large 128), oom 108462 kB, restore limit 36154 kB (low-ram)
Applications Memory Usage (kB):
Uptime: 1676363 Realtime: 1676363

Total PSS by process:
    80112 kB: com.tianci.movieplatform (pid 2534 / activities)
    15903 kB: system (pid 1348)
    14619 kB: com.tianci.movieplatform:daemon (pid 11395)
    11230 kB: com.tianci.system (pid 1587)
    10872 kB: com.coocaa.os.ccosservice (pid 1872)
    10636 kB: mediaserver (pid 746)
    10311 kB: com.tianci.de (pid 2455)
     8068 kB: com.coocaa.sysreport (pid 2763)
     7694 kB: com.tianci.push (pid 1722)
     6583 kB: com.dunn.instrument (pid 1572)
     5157 kB: com.coocaa.os.softsettings.provider (pid 2265)
     3267 kB: com.skyworth.android.skyRMService (pid 1581)
     2897 kB: android.process.media (pid 2636)
     1160 kB: logcat (pid 2087)
      962 kB: surfaceflinger (pid 742)
      948 kB: zygote (pid 744)
      733 kB: TvServer (pid 1114)
      419 kB: app_process (pid 1796)
      376 kB: sdcard (pid 757)
      376 kB: wpa_supplicant (pid 1501)
      255 kB: dumpsys (pid 29588)
      248 kB: netd (pid 740)
      231 kB: /init (pid 1)
      196 kB: adbd (pid 1436)
      142 kB: debuggerd (pid 741)
      111 kB: vold (pid 736)
      108 kB: healthd (pid 733)
       80 kB: FileDesc_server (pid 749)
       75 kB: coocaa_guard (pid 754)
       72 kB: ueventd (pid 512)
       49 kB: servicemanager (pid 735)
       48 kB: RootApp (pid 1106)
       40 kB: busybox (pid 1638)
       39 kB: sh (pid 734)
       33 kB: logwrapper (pid 1075)
       24 kB: keypad (pid 739)
       24 kB: VirtualEvent (pid 1232)
        8 kB: drmserver (pid 745)
        8 kB: keystore (pid 748)
        4 kB: hardwared (pid 737)
        4 kB: installd (pid 747)
        4 kB: smobsd (pid 1258)
        4 kB: sh (pid 1707)
        4 kB: dhcpcd (pid 1861)

Total PSS by OOM adjustment:
    17421 kB: Native
               10636 kB: mediaserver (pid 746)
                1160 kB: logcat (pid 2087)
                 962 kB: surfaceflinger (pid 742)
                 948 kB: zygote (pid 744)
                 733 kB: TvServer (pid 1114)
                 419 kB: app_process (pid 1796)
                 376 kB: sdcard (pid 757)
                 376 kB: wpa_supplicant (pid 1501)
                 255 kB: dumpsys (pid 29588)
                 248 kB: netd (pid 740)
                 231 kB: /init (pid 1)
                 196 kB: adbd (pid 1436)
                 142 kB: debuggerd (pid 741)
                 111 kB: vold (pid 736)
                 108 kB: healthd (pid 733)
                  80 kB: FileDesc_server (pid 749)
                  75 kB: coocaa_guard (pid 754)
                  72 kB: ueventd (pid 512)
                  49 kB: servicemanager (pid 735)
                  48 kB: RootApp (pid 1106)
                  40 kB: busybox (pid 1638)
                  39 kB: sh (pid 734)
                  33 kB: logwrapper (pid 1075)
                  24 kB: keypad (pid 739)
                  24 kB: VirtualEvent (pid 1232)
                   8 kB: drmserver (pid 745)
                   8 kB: keystore (pid 748)
                   4 kB: hardwared (pid 737)
                   4 kB: installd (pid 747)
                   4 kB: smobsd (pid 1258)
                   4 kB: sh (pid 1707)
                   4 kB: dhcpcd (pid 1861)
    15903 kB: System
               15903 kB: system (pid 1348)
     9850 kB: Persistent
                6583 kB: com.dunn.instrument (pid 1572)
                3267 kB: com.skyworth.android.skyRMService (pid 1581)
   128273 kB: Foreground
               80112 kB: com.tianci.movieplatform (pid 2534 / activities)
               11230 kB: com.tianci.system (pid 1587)
               10872 kB: com.coocaa.os.ccosservice (pid 1872)
               10311 kB: com.tianci.de (pid 2455)
                7694 kB: com.tianci.push (pid 1722)
                5157 kB: com.coocaa.os.softsettings.provider (pid 2265)
                2897 kB: android.process.media (pid 2636)
    14619 kB: A Services
               14619 kB: com.tianci.movieplatform:daemon (pid 11395)
     8068 kB: B Services
                8068 kB: com.coocaa.sysreport (pid 2763)

Total PSS by category:
    50969 kB: Unknown
    49655 kB: Dalvik
    38316 kB: Dalvik Other
    14857 kB: .so mmap
    14247 kB: .dex mmap
    10484 kB: Native
     6464 kB: Other dev
     3596 kB: Stack
     3160 kB: Ashmem
     1640 kB: Other mmap
      606 kB: .apk mmap
      140 kB: .ttf mmap
        0 kB: Cursor
        0 kB: .jar mmap
        0 kB: code mmap
        0 kB: image mmap
        0 kB: Graphics
        0 kB: GL
        0 kB: Memtrack

Total RAM: 463128 kB
 Free RAM: 99928 kB (0 cached pss + 59216 cached + 40712 free)
 Used RAM: 219718 kB (194134 used pss + 552 buffers + 268 shmem + 24764 slab)
 Lost RAM: 143482 kB
     ZRAM: 23856 kB physical used for 58932 kB in swap (98300 kB total swap)
   Tuning: 48 (large 128), oom 108462 kB, restore limit 36154 kB (low-ram)
Applications Memory Usage (kB):
Uptime: 1679249 Realtime: 1679249

Total PSS by process:
    80230 kB: com.tianci.movieplatform (pid 2534 / activities)
    16043 kB: system (pid 1348)
    14619 kB: com.tianci.movieplatform:daemon (pid 11395)
    11230 kB: com.tianci.system (pid 1587)
    10864 kB: com.coocaa.os.ccosservice (pid 1872)
    10616 kB: mediaserver (pid 746)
    10315 kB: com.tianci.de (pid 2455)
     8068 kB: com.coocaa.sysreport (pid 2763)
     7694 kB: com.tianci.push (pid 1722)
     6579 kB: com.dunn.instrument (pid 1572)
     5157 kB: com.coocaa.os.softsettings.provider (pid 2265)
     3191 kB: com.skyworth.android.skyRMService (pid 1581)
     2897 kB: android.process.media (pid 2636)
     1160 kB: logcat (pid 2087)
      958 kB: surfaceflinger (pid 742)
      948 kB: zygote (pid 744)
      733 kB: TvServer (pid 1114)
      419 kB: app_process (pid 1796)
      376 kB: sdcard (pid 757)
      376 kB: wpa_supplicant (pid 1501)
      251 kB: netd (pid 740)
      231 kB: /init (pid 1)
      196 kB: adbd (pid 1436)
      143 kB: debuggerd (pid 741)
      111 kB: vold (pid 736)
      108 kB: healthd (pid 733)
       80 kB: FileDesc_server (pid 749)
       75 kB: coocaa_guard (pid 754)
       72 kB: ueventd (pid 512)
       49 kB: servicemanager (pid 735)
       48 kB: RootApp (pid 1106)
       40 kB: busybox (pid 1638)
       39 kB: sh (pid 734)
       33 kB: logwrapper (pid 1075)
       24 kB: keypad (pid 739)
       24 kB: VirtualEvent (pid 1232)
        8 kB: drmserver (pid 745)
        8 kB: keystore (pid 748)
        4 kB: hardwared (pid 737)
        4 kB: installd (pid 747)
        4 kB: smobsd (pid 1258)
        4 kB: sh (pid 1707)
        4 kB: dhcpcd (pid 1861)
        0 kB: dumpsys (pid 29588)

Total PSS by OOM adjustment:
    17146 kB: Native
               10616 kB: mediaserver (pid 746)
                1160 kB: logcat (pid 2087)
                 958 kB: surfaceflinger (pid 742)
                 948 kB: zygote (pid 744)
                 733 kB: TvServer (pid 1114)
                 419 kB: app_process (pid 1796)
                 376 kB: sdcard (pid 757)
                 376 kB: wpa_supplicant (pid 1501)
                 251 kB: netd (pid 740)
                 231 kB: /init (pid 1)
                 196 kB: adbd (pid 1436)
                 143 kB: debuggerd (pid 741)
                 111 kB: vold (pid 736)
                 108 kB: healthd (pid 733)
                  80 kB: FileDesc_server (pid 749)
                  75 kB: coocaa_guard (pid 754)
                  72 kB: ueventd (pid 512)
                  49 kB: servicemanager (pid 735)
                  48 kB: RootApp (pid 1106)
                  40 kB: busybox (pid 1638)
                  39 kB: sh (pid 734)
                  33 kB: logwrapper (pid 1075)
                  24 kB: keypad (pid 739)
                  24 kB: VirtualEvent (pid 1232)
                   8 kB: drmserver (pid 745)
                   8 kB: keystore (pid 748)
                   4 kB: hardwared (pid 737)
                   4 kB: installd (pid 747)
                   4 kB: smobsd (pid 1258)
                   4 kB: sh (pid 1707)
                   4 kB: dhcpcd (pid 1861)
                   0 kB: dumpsys (pid 29588)
    16043 kB: System
               16043 kB: system (pid 1348)
     9770 kB: Persistent
                6579 kB: com.dunn.instrument (pid 1572)
                3191 kB: com.skyworth.android.skyRMService (pid 1581)
   128387 kB: Foreground
               80230 kB: com.tianci.movieplatform (pid 2534 / activities)
               11230 kB: com.tianci.system (pid 1587)
               10864 kB: com.coocaa.os.ccosservice (pid 1872)
               10315 kB: com.tianci.de (pid 2455)
                7694 kB: com.tianci.push (pid 1722)
                5157 kB: com.coocaa.os.softsettings.provider (pid 2265)
                2897 kB: android.process.media (pid 2636)
    14619 kB: A Services
               14619 kB: com.tianci.movieplatform:daemon (pid 11395)
     8068 kB: B Services
                8068 kB: com.coocaa.sysreport (pid 2763)

Total PSS by category:
    51041 kB: Unknown
    49711 kB: Dalvik
    38328 kB: Dalvik Other
    14689 kB: .so mmap
    14251 kB: .dex mmap
    10480 kB: Native
     6440 kB: Other dev
     3584 kB: Stack
     3160 kB: Ashmem
     1603 kB: Other mmap
      606 kB: .apk mmap
      140 kB: .ttf mmap
        0 kB: Cursor
        0 kB: .jar mmap
        0 kB: code mmap
        0 kB: image mmap
        0 kB: Graphics
        0 kB: GL
        0 kB: Memtrack

Total RAM: 463128 kB
 Free RAM: 99760 kB (0 cached pss + 59768 cached + 39992 free)
 Used RAM: 219629 kB (194033 used pss + 568 buffers + 268 shmem + 24760 slab)
 Lost RAM: 143739 kB
     ZRAM: 23856 kB physical used for 58924 kB in swap (98300 kB total swap)
   Tuning: 48 (large 128), oom 108462 kB, restore limit 36154 kB (low-ram)
Applications Memory Usage (kB):
Uptime: 1682034 Realtime: 1682034

Total PSS by process:
    80229 kB: com.tianci.movieplatform (pid 2534 / activities)
    16288 kB: system (pid 1348)
    14619 kB: com.tianci.movieplatform:daemon (pid 11395)
    11302 kB: com.tianci.system (pid 1587)
    10876 kB: com.coocaa.os.ccosservice (pid 1872)
    10636 kB: mediaserver (pid 746)
    10315 kB: com.tianci.de (pid 2455)
     8068 kB: com.coocaa.sysreport (pid 2763)
     7694 kB: com.tianci.push (pid 1722)
     6803 kB: com.dunn.instrument (pid 1572)
     5157 kB: com.coocaa.os.softsettings.provider (pid 2265)
     3191 kB: com.skyworth.android.skyRMService (pid 1581)
     2897 kB: android.process.media (pid 2636)
     1160 kB: logcat (pid 2087)
      956 kB: surfaceflinger (pid 742)
      941 kB: zygote (pid 744)
      733 kB: TvServer (pid 1114)
      419 kB: app_process (pid 1796)
      376 kB: sdcard (pid 757)
      376 kB: wpa_supplicant (pid 1501)
      251 kB: netd (pid 740)
      244 kB: dumpsys (pid 29710)
      231 kB: /init (pid 1)
      196 kB: adbd (pid 1436)
      143 kB: debuggerd (pid 741)
      111 kB: vold (pid 736)
      108 kB: healthd (pid 733)
       80 kB: FileDesc_server (pid 749)
       75 kB: coocaa_guard (pid 754)
       72 kB: ueventd (pid 512)
       49 kB: servicemanager (pid 735)
       48 kB: RootApp (pid 1106)
       40 kB: busybox (pid 1638)
       39 kB: sh (pid 734)
       33 kB: logwrapper (pid 1075)
       24 kB: keypad (pid 739)
       24 kB: VirtualEvent (pid 1232)
        8 kB: drmserver (pid 745)
        8 kB: keystore (pid 748)
        4 kB: hardwared (pid 737)
        4 kB: installd (pid 747)
        4 kB: smobsd (pid 1258)
        4 kB: sh (pid 1707)
        4 kB: dhcpcd (pid 1861)

Total PSS by OOM adjustment:
    17401 kB: Native
               10636 kB: mediaserver (pid 746)
                1160 kB: logcat (pid 2087)
                 956 kB: surfaceflinger (pid 742)
                 941 kB: zygote (pid 744)
                 733 kB: TvServer (pid 1114)
                 419 kB: app_process (pid 1796)
                 376 kB: sdcard (pid 757)
                 376 kB: wpa_supplicant (pid 1501)
                 251 kB: netd (pid 740)
                 244 kB: dumpsys (pid 29710)
                 231 kB: /init (pid 1)
                 196 kB: adbd (pid 1436)
                 143 kB: debuggerd (pid 741)
                 111 kB: vold (pid 736)
                 108 kB: healthd (pid 733)
                  80 kB: FileDesc_server (pid 749)
                  75 kB: coocaa_guard (pid 754)
                  72 kB: ueventd (pid 512)
                  49 kB: servicemanager (pid 735)
                  48 kB: RootApp (pid 1106)
                  40 kB: busybox (pid 1638)
                  39 kB: sh (pid 734)
                  33 kB: logwrapper (pid 1075)
                  24 kB: keypad (pid 739)
                  24 kB: VirtualEvent (pid 1232)
                   8 kB: drmserver (pid 745)
                   8 kB: keystore (pid 748)
                   4 kB: hardwared (pid 737)
                   4 kB: installd (pid 747)
                   4 kB: smobsd (pid 1258)
                   4 kB: sh (pid 1707)
                   4 kB: dhcpcd (pid 1861)
    16288 kB: System
               16288 kB: system (pid 1348)
     9994 kB: Persistent
                6803 kB: com.dunn.instrument (pid 1572)
                3191 kB: com.skyworth.android.skyRMService (pid 1581)
   128470 kB: Foreground
               80229 kB: com.tianci.movieplatform (pid 2534 / activities)
               11302 kB: com.tianci.system (pid 1587)
               10876 kB: com.coocaa.os.ccosservice (pid 1872)
               10315 kB: com.tianci.de (pid 2455)
                7694 kB: com.tianci.push (pid 1722)
                5157 kB: com.coocaa.os.softsettings.provider (pid 2265)
                2897 kB: android.process.media (pid 2636)
    14619 kB: A Services
               14619 kB: com.tianci.movieplatform:daemon (pid 11395)
     8068 kB: B Services
                8068 kB: com.coocaa.sysreport (pid 2763)

Total PSS by category:
    51277 kB: Unknown
    49799 kB: Dalvik
    38328 kB: Dalvik Other
    15042 kB: .so mmap
    14267 kB: .dex mmap
    10484 kB: Native
     6444 kB: Other dev
     3592 kB: Stack
     3160 kB: Ashmem
     1637 kB: Other mmap
      606 kB: .apk mmap
      204 kB: .ttf mmap
        0 kB: Cursor
        0 kB: .jar mmap
        0 kB: code mmap
        0 kB: image mmap
        0 kB: Graphics
        0 kB: GL
        0 kB: Memtrack

Total RAM: 463128 kB
 Free RAM: 102408 kB (0 cached pss + 60540 cached + 41868 free)
 Used RAM: 220432 kB (194840 used pss + 568 buffers + 268 shmem + 24756 slab)
 Lost RAM: 140288 kB
     ZRAM: 23852 kB physical used for 58908 kB in swap (98300 kB total swap)
   Tuning: 48 (large 128), oom 108462 kB, restore limit 36154 kB (low-ram)
Applications Memory Usage (kB):
Uptime: 1685356 Realtime: 1685357

Total PSS by process:
    77930 kB: com.tianci.movieplatform (pid 2534 / activities)
    16177 kB: system (pid 1348)
    14831 kB: com.tianci.movieplatform:daemon (pid 11395)
    11290 kB: com.tianci.system (pid 1587)
    11033 kB: mediaserver (pid 746)
    10876 kB: com.coocaa.os.ccosservice (pid 1872)
    10315 kB: com.tianci.de (pid 2455)
     8066 kB: com.coocaa.sysreport (pid 2763)
     7694 kB: com.tianci.push (pid 1722)
     6794 kB: com.dunn.instrument (pid 1572)
     5157 kB: com.coocaa.os.softsettings.provider (pid 2265)
     3191 kB: com.skyworth.android.skyRMService (pid 1581)
     2897 kB: android.process.media (pid 2636)
     1160 kB: logcat (pid 2087)
      970 kB: surfaceflinger (pid 742)
      948 kB: zygote (pid 744)
      745 kB: TvServer (pid 1114)
      419 kB: app_process (pid 1796)
      375 kB: sdcard (pid 757)
      372 kB: wpa_supplicant (pid 1501)
      251 kB: netd (pid 740)
      231 kB: /init (pid 1)
      196 kB: adbd (pid 1436)
      143 kB: debuggerd (pid 741)
      111 kB: vold (pid 736)
      108 kB: healthd (pid 733)
       80 kB: FileDesc_server (pid 749)
       75 kB: coocaa_guard (pid 754)
       72 kB: ueventd (pid 512)
       49 kB: servicemanager (pid 735)
       48 kB: RootApp (pid 1106)
       41 kB: logwrapper (pid 1075)
       40 kB: busybox (pid 1638)
       39 kB: sh (pid 734)
       24 kB: keypad (pid 739)
       24 kB: VirtualEvent (pid 1232)
        8 kB: drmserver (pid 745)
        8 kB: keystore (pid 748)
        4 kB: hardwared (pid 737)
        4 kB: installd (pid 747)
        4 kB: smobsd (pid 1258)
        4 kB: sh (pid 1707)
        4 kB: dhcpcd (pid 1861)
        0 kB: dumpsys (pid 29710)

Total PSS by OOM adjustment:
    17590 kB: Native
               11033 kB: mediaserver (pid 746)
                1160 kB: logcat (pid 2087)
                 970 kB: surfaceflinger (pid 742)
                 948 kB: zygote (pid 744)
                 745 kB: TvServer (pid 1114)
                 419 kB: app_process (pid 1796)
                 375 kB: sdcard (pid 757)
                 372 kB: wpa_supplicant (pid 1501)
                 251 kB: netd (pid 740)
                 231 kB: /init (pid 1)
                 196 kB: adbd (pid 1436)
                 143 kB: debuggerd (pid 741)
                 111 kB: vold (pid 736)
                 108 kB: healthd (pid 733)
                  80 kB: FileDesc_server (pid 749)
                  75 kB: coocaa_guard (pid 754)
                  72 kB: ueventd (pid 512)
                  49 kB: servicemanager (pid 735)
                  48 kB: RootApp (pid 1106)
                  41 kB: logwrapper (pid 1075)
                  40 kB: busybox (pid 1638)
                  39 kB: sh (pid 734)
                  24 kB: keypad (pid 739)
                  24 kB: VirtualEvent (pid 1232)
                   8 kB: drmserver (pid 745)
                   8 kB: keystore (pid 748)
                   4 kB: hardwared (pid 737)
                   4 kB: installd (pid 747)
                   4 kB: smobsd (pid 1258)
                   4 kB: sh (pid 1707)
                   4 kB: dhcpcd (pid 1861)
                   0 kB: dumpsys (pid 29710)
    16177 kB: System
               16177 kB: system (pid 1348)
     9985 kB: Persistent
                6794 kB: com.dunn.instrument (pid 1572)
                3191 kB: com.skyworth.android.skyRMService (pid 1581)
   126159 kB: Foreground
               77930 kB: com.tianci.movieplatform (pid 2534 / activities)
               11290 kB: com.tianci.system (pid 1587)
               10876 kB: com.coocaa.os.ccosservice (pid 1872)
               10315 kB: com.tianci.de (pid 2455)
                7694 kB: com.tianci.push (pid 1722)
                5157 kB: com.coocaa.os.softsettings.provider (pid 2265)
                2897 kB: android.process.media (pid 2636)
    14831 kB: A Services
               14831 kB: com.tianci.movieplatform:daemon (pid 11395)
     8066 kB: B Services
                8066 kB: com.coocaa.sysreport (pid 2763)

Total PSS by category:
    49843 kB: Dalvik
    48395 kB: Unknown
    38328 kB: Dalvik Other
    15136 kB: .so mmap
    14998 kB: .dex mmap
    10480 kB: Native
     6456 kB: Other dev
     3584 kB: Stack
     3108 kB: Ashmem
     1670 kB: Other mmap
      606 kB: .apk mmap
      204 kB: .ttf mmap
        0 kB: Cursor
        0 kB: .jar mmap
        0 kB: code mmap
        0 kB: image mmap
        0 kB: Graphics
        0 kB: GL
        0 kB: Memtrack

Total RAM: 463128 kB
 Free RAM: 93432 kB (0 cached pss + 66120 cached + 27312 free)
 Used RAM: 218592 kB (192808 used pss + 824 buffers + 224 shmem + 24736 slab)
 Lost RAM: 151104 kB
     ZRAM: 23852 kB physical used for 58900 kB in swap (98300 kB total swap)
   Tuning: 48 (large 128), oom 108462 kB, restore limit 36154 kB (low-ram)
Applications Memory Usage (kB):
Uptime: 1689125 Realtime: 1689125

Total PSS by process:
    80482 kB: com.tianci.movieplatform (pid 2534 / activities)
    15775 kB: system (pid 1348)
    15664 kB: mediaserver (pid 746)
    14457 kB: com.tianci.movieplatform:daemon (pid 11395)
    10701 kB: com.coocaa.os.ccosservice (pid 1872)
    10116 kB: com.tianci.de (pid 2455)
     7701 kB: com.tianci.system (pid 1587)
     7694 kB: com.coocaa.sysreport (pid 2763)
     7327 kB: com.tianci.push (pid 1722)
     6689 kB: com.dunn.instrument (pid 1572)
     5076 kB: com.coocaa.os.softsettings.provider (pid 2265)
     3170 kB: com.skyworth.android.skyRMService (pid 1581)
     2884 kB: android.process.media (pid 2636)
     1024 kB: logcat (pid 2087)
      968 kB: surfaceflinger (pid 742)
      910 kB: zygote (pid 744)
      741 kB: TvServer (pid 1114)
      417 kB: app_process (pid 1796)
      376 kB: sdcard (pid 757)
      372 kB: wpa_supplicant (pid 1501)
      259 kB: dumpsys (pid 29924)
      251 kB: netd (pid 740)
      231 kB: /init (pid 1)
      196 kB: adbd (pid 1436)
      108 kB: healthd (pid 733)
      107 kB: debuggerd (pid 741)
       80 kB: FileDesc_server (pid 749)
       75 kB: vold (pid 736)
       75 kB: coocaa_guard (pid 754)
       72 kB: ueventd (pid 512)
       49 kB: servicemanager (pid 735)
       48 kB: RootApp (pid 1106)
       41 kB: logwrapper (pid 1075)
       40 kB: busybox (pid 1638)
       39 kB: sh (pid 734)
       24 kB: keypad (pid 739)
       24 kB: VirtualEvent (pid 1232)
        8 kB: drmserver (pid 745)
        8 kB: keystore (pid 748)
        4 kB: hardwared (pid 737)
        4 kB: installd (pid 747)
        4 kB: smobsd (pid 1258)
        4 kB: sh (pid 1707)
        4 kB: dhcpcd (pid 1861)

Total PSS by OOM adjustment:
    22227 kB: Native
               15664 kB: mediaserver (pid 746)
                1024 kB: logcat (pid 2087)
                 968 kB: surfaceflinger (pid 742)
                 910 kB: zygote (pid 744)
                 741 kB: TvServer (pid 1114)
                 417 kB: app_process (pid 1796)
                 376 kB: sdcard (pid 757)
                 372 kB: wpa_supplicant (pid 1501)
                 259 kB: dumpsys (pid 29924)
                 251 kB: netd (pid 740)
                 231 kB: /init (pid 1)
                 196 kB: adbd (pid 1436)
                 108 kB: healthd (pid 733)
                 107 kB: debuggerd (pid 741)
                  80 kB: FileDesc_server (pid 749)
                  75 kB: vold (pid 736)
                  75 kB: coocaa_guard (pid 754)
                  72 kB: ueventd (pid 512)
                  49 kB: servicemanager (pid 735)
                  48 kB: RootApp (pid 1106)
                  41 kB: logwrapper (pid 1075)
                  40 kB: busybox (pid 1638)
                  39 kB: sh (pid 734)
                  24 kB: keypad (pid 739)
                  24 kB: VirtualEvent (pid 1232)
                   8 kB: drmserver (pid 745)
                   8 kB: keystore (pid 748)
                   4 kB: hardwared (pid 737)
                   4 kB: installd (pid 747)
                   4 kB: smobsd (pid 1258)
                   4 kB: sh (pid 1707)
                   4 kB: dhcpcd (pid 1861)
    15775 kB: System
               15775 kB: system (pid 1348)
     9859 kB: Persistent
                6689 kB: com.dunn.instrument (pid 1572)
                3170 kB: com.skyworth.android.skyRMService (pid 1581)
   124287 kB: Foreground
               80482 kB: com.tianci.movieplatform (pid 2534 / activities)
               10701 kB: com.coocaa.os.ccosservice (pid 1872)
               10116 kB: com.tianci.de (pid 2455)
                7701 kB: com.tianci.system (pid 1587)
                7327 kB: com.tianci.push (pid 1722)
                5076 kB: com.coocaa.os.softsettings.provider (pid 2265)
                2884 kB: android.process.media (pid 2636)
    14457 kB: A Services
               14457 kB: com.tianci.movieplatform:daemon (pid 11395)
     7694 kB: B Services
                7694 kB: com.coocaa.sysreport (pid 2763)

Total PSS by category:
    56929 kB: Unknown
    48504 kB: Dalvik
    37320 kB: Dalvik Other
    15746 kB: .so mmap
    10843 kB: .dex mmap
    10332 kB: Native
     6440 kB: Other dev
     3476 kB: Stack
     3112 kB: Ashmem
     1569 kB: Other mmap
       16 kB: .apk mmap
       12 kB: .ttf mmap
        0 kB: Cursor
        0 kB: .jar mmap
        0 kB: code mmap
        0 kB: image mmap
        0 kB: Graphics
        0 kB: GL
        0 kB: Memtrack

Total RAM: 463128 kB
 Free RAM: 97968 kB (0 cached pss + 29040 cached + 68928 free)
 Used RAM: 219479 kB (194299 used pss + 240 buffers + 228 shmem + 24712 slab)
 Lost RAM: 145681 kB
     ZRAM: 24116 kB physical used for 63656 kB in swap (98300 kB total swap)
   Tuning: 48 (large 128), oom 108462 kB, restore limit 36154 kB (low-ram)
Applications Memory Usage (kB):
Uptime: 1692626 Realtime: 1692626

Total PSS by process:
    79493 kB: com.tianci.movieplatform (pid 2534 / activities)
    15616 kB: system (pid 1348)
    14625 kB: com.tianci.movieplatform:daemon (pid 11395)
    11074 kB: mediaserver (pid 746)
    10688 kB: com.coocaa.os.ccosservice (pid 1872)
     9809 kB: com.tianci.de (pid 2455)
     7613 kB: com.coocaa.sysreport (pid 2763)
     7293 kB: com.tianci.push (pid 1722)
     7060 kB: com.tianci.system (pid 1587)
     6693 kB: com.dunn.instrument (pid 1572)
     5075 kB: com.coocaa.os.softsettings.provider (pid 2265)
     3171 kB: com.skyworth.android.skyRMService (pid 1581)
     2883 kB: android.process.media (pid 2636)
     1024 kB: logcat (pid 2087)
      968 kB: surfaceflinger (pid 742)
      908 kB: zygote (pid 744)
      741 kB: TvServer (pid 1114)
      417 kB: app_process (pid 1796)
      376 kB: sdcard (pid 757)
      372 kB: wpa_supplicant (pid 1501)
      251 kB: netd (pid 740)
      231 kB: /init (pid 1)
      196 kB: adbd (pid 1436)
      108 kB: healthd (pid 733)
      107 kB: debuggerd (pid 741)
       80 kB: FileDesc_server (pid 749)
       75 kB: vold (pid 736)
       75 kB: coocaa_guard (pid 754)
       72 kB: ueventd (pid 512)
       49 kB: servicemanager (pid 735)
       48 kB: RootApp (pid 1106)
       41 kB: logwrapper (pid 1075)
       40 kB: busybox (pid 1638)
       39 kB: sh (pid 734)
       24 kB: keypad (pid 739)
       24 kB: VirtualEvent (pid 1232)
        8 kB: drmserver (pid 745)
        8 kB: keystore (pid 748)
        4 kB: hardwared (pid 737)
        4 kB: installd (pid 747)
        4 kB: smobsd (pid 1258)
        4 kB: sh (pid 1707)
        4 kB: dhcpcd (pid 1861)
        0 kB: dumpsys (pid 29924)

Total PSS by OOM adjustment:
    17376 kB: Native
               11074 kB: mediaserver (pid 746)
                1024 kB: logcat (pid 2087)
                 968 kB: surfaceflinger (pid 742)
                 908 kB: zygote (pid 744)
                 741 kB: TvServer (pid 1114)
                 417 kB: app_process (pid 1796)
                 376 kB: sdcard (pid 757)
                 372 kB: wpa_supplicant (pid 1501)
                 251 kB: netd (pid 740)
                 231 kB: /init (pid 1)
                 196 kB: adbd (pid 1436)
                 108 kB: healthd (pid 733)
                 107 kB: debuggerd (pid 741)
                  80 kB: FileDesc_server (pid 749)
                  75 kB: vold (pid 736)
                  75 kB: coocaa_guard (pid 754)
                  72 kB: ueventd (pid 512)
                  49 kB: servicemanager (pid 735)
                  48 kB: RootApp (pid 1106)
                  41 kB: logwrapper (pid 1075)
                  40 kB: busybox (pid 1638)
                  39 kB: sh (pid 734)
                  24 kB: keypad (pid 739)
                  24 kB: VirtualEvent (pid 1232)
                   8 kB: drmserver (pid 745)
                   8 kB: keystore (pid 748)
                   4 kB: hardwared (pid 737)
                   4 kB: installd (pid 747)
                   4 kB: smobsd (pid 1258)
                   4 kB: sh (pid 1707)
                   4 kB: dhcpcd (pid 1861)
                   0 kB: dumpsys (pid 29924)
    15616 kB: System
               15616 kB: system (pid 1348)
     9864 kB: Persistent
                6693 kB: com.dunn.instrument (pid 1572)
                3171 kB: com.skyworth.android.skyRMService (pid 1581)
   122301 kB: Foreground
               79493 kB: com.tianci.movieplatform (pid 2534 / activities)
               10688 kB: com.coocaa.os.ccosservice (pid 1872)
                9809 kB: com.tianci.de (pid 2455)
                7293 kB: com.tianci.push (pid 1722)
                7060 kB: com.tianci.system (pid 1587)
                5075 kB: com.coocaa.os.softsettings.provider (pid 2265)
                2883 kB: android.process.media (pid 2636)
    14625 kB: A Services
               14625 kB: com.tianci.movieplatform:daemon (pid 11395)
     7613 kB: B Services
                7613 kB: com.coocaa.sysreport (pid 2763)

Total PSS by category:
    52044 kB: Unknown
    48191 kB: Dalvik
    36740 kB: Dalvik Other
    15289 kB: .so mmap
    10324 kB: Native
    10244 kB: .dex mmap
     6436 kB: Other dev
     3456 kB: Stack
     3120 kB: Ashmem
     1535 kB: Other mmap
       12 kB: .ttf mmap
        4 kB: .apk mmap
        0 kB: Cursor
        0 kB: .jar mmap
        0 kB: code mmap
        0 kB: image mmap
        0 kB: Graphics
        0 kB: GL
        0 kB: Memtrack

Total RAM: 463128 kB
 Free RAM: 105580 kB (0 cached pss + 31944 cached + 73636 free)
 Used RAM: 212591 kB (187395 used pss + 248 buffers + 236 shmem + 24712 slab)
 Lost RAM: 144957 kB
     ZRAM: 24228 kB physical used for 64344 kB in swap (98300 kB total swap)
   Tuning: 48 (large 128), oom 108462 kB, restore limit 36154 kB (low-ram)
Applications Memory Usage (kB):
Uptime: 1696090 Realtime: 1696090

Total PSS by process:
    76097 kB: com.tianci.movieplatform (pid 2534 / activities)
    15825 kB: system (pid 1348)
    14601 kB: com.tianci.movieplatform:daemon (pid 11395)
    11074 kB: mediaserver (pid 746)
    10709 kB: com.coocaa.os.ccosservice (pid 1872)
     9645 kB: com.tianci.de (pid 2455)
     7614 kB: com.coocaa.sysreport (pid 2763)
     7293 kB: com.tianci.push (pid 1722)
     7020 kB: com.tianci.system (pid 1587)
     6679 kB: com.dunn.instrument (pid 1572)
     5071 kB: com.coocaa.os.softsettings.provider (pid 2265)
     3170 kB: com.skyworth.android.skyRMService (pid 1581)
     2883 kB: android.process.media (pid 2636)
     1024 kB: logcat (pid 2087)
      968 kB: surfaceflinger (pid 742)
      908 kB: zygote (pid 744)
      741 kB: TvServer (pid 1114)
      417 kB: app_process (pid 1796)
      376 kB: sdcard (pid 757)
      376 kB: wpa_supplicant (pid 1501)
      258 kB: dumpsys (pid 30119)
      251 kB: netd (pid 740)
      231 kB: /init (pid 1)
      200 kB: adbd (pid 1436)
      108 kB: healthd (pid 733)
      107 kB: debuggerd (pid 741)
       80 kB: FileDesc_server (pid 749)
       75 kB: vold (pid 736)
       75 kB: coocaa_guard (pid 754)
       72 kB: ueventd (pid 512)
       49 kB: servicemanager (pid 735)
       48 kB: RootApp (pid 1106)
       41 kB: logwrapper (pid 1075)
       40 kB: busybox (pid 1638)
       39 kB: sh (pid 734)
       24 kB: keypad (pid 739)
       24 kB: VirtualEvent (pid 1232)
        8 kB: drmserver (pid 745)
        8 kB: keystore (pid 748)
        4 kB: hardwared (pid 737)
        4 kB: installd (pid 747)
        4 kB: smobsd (pid 1258)
        4 kB: sh (pid 1707)
        4 kB: dhcpcd (pid 1861)

Total PSS by OOM adjustment:
    17642 kB: Native
               11074 kB: mediaserver (pid 746)
                1024 kB: logcat (pid 2087)
                 968 kB: surfaceflinger (pid 742)
                 908 kB: zygote (pid 744)
                 741 kB: TvServer (pid 1114)
                 417 kB: app_process (pid 1796)
                 376 kB: sdcard (pid 757)
                 376 kB: wpa_supplicant (pid 1501)
                 258 kB: dumpsys (pid 30119)
                 251 kB: netd (pid 740)
                 231 kB: /init (pid 1)
                 200 kB: adbd (pid 1436)
                 108 kB: healthd (pid 733)
                 107 kB: debuggerd (pid 741)
                  80 kB: FileDesc_server (pid 749)
                  75 kB: vold (pid 736)
                  75 kB: coocaa_guard (pid 754)
                  72 kB: ueventd (pid 512)
                  49 kB: servicemanager (pid 735)
                  48 kB: RootApp (pid 1106)
                  41 kB: logwrapper (pid 1075)
                  40 kB: busybox (pid 1638)
                  39 kB: sh (pid 734)
                  24 kB: keypad (pid 739)
                  24 kB: VirtualEvent (pid 1232)
                   8 kB: drmserver (pid 745)
                   8 kB: keystore (pid 748)
                   4 kB: hardwared (pid 737)
                   4 kB: installd (pid 747)
                   4 kB: smobsd (pid 1258)
                   4 kB: sh (pid 1707)
                   4 kB: dhcpcd (pid 1861)
    15825 kB: System
               15825 kB: system (pid 1348)
     9849 kB: Persistent
                6679 kB: com.dunn.instrument (pid 1572)
                3170 kB: com.skyworth.android.skyRMService (pid 1581)
   118718 kB: Foreground
               76097 kB: com.tianci.movieplatform (pid 2534 / activities)
               10709 kB: com.coocaa.os.ccosservice (pid 1872)
                9645 kB: com.tianci.de (pid 2455)
                7293 kB: com.tianci.push (pid 1722)
                7020 kB: com.tianci.system (pid 1587)
                5071 kB: com.coocaa.os.softsettings.provider (pid 2265)
                2883 kB: android.process.media (pid 2636)
    14601 kB: A Services
               14601 kB: com.tianci.movieplatform:daemon (pid 11395)
     7614 kB: B Services
                7614 kB: com.coocaa.sysreport (pid 2763)

Total PSS by category:
    48697 kB: Unknown
    48063 kB: Dalvik
    36672 kB: Dalvik Other
    15460 kB: .so mmap
    10431 kB: .dex mmap
    10328 kB: Native
     6440 kB: Other dev
     3448 kB: Stack
     3120 kB: Ashmem
     1574 kB: Other mmap
       12 kB: .ttf mmap
        4 kB: .apk mmap
        0 kB: Cursor
        0 kB: .jar mmap
        0 kB: code mmap
        0 kB: image mmap
        0 kB: Graphics
        0 kB: GL
        0 kB: Memtrack

Total RAM: 463128 kB
 Free RAM: 101936 kB (0 cached pss + 37284 cached + 64652 free)
 Used RAM: 209565 kB (184249 used pss + 368 buffers + 236 shmem + 24712 slab)
 Lost RAM: 151627 kB
     ZRAM: 24096 kB physical used for 61112 kB in swap (98300 kB total swap)
   Tuning: 48 (large 128), oom 108462 kB, restore limit 36154 kB (low-ram)
Applications Memory Usage (kB):
Uptime: 1699466 Realtime: 1699466

Total PSS by process:
    76076 kB: com.tianci.movieplatform (pid 2534 / activities)
    15577 kB: system (pid 1348)
    14743 kB: com.tianci.movieplatform:daemon (pid 11395)
    11078 kB: mediaserver (pid 746)
    11012 kB: com.tianci.system (pid 1587)
    10709 kB: com.coocaa.os.ccosservice (pid 1872)
     9645 kB: com.tianci.de (pid 2455)
     7614 kB: com.coocaa.sysreport (pid 2763)
     7293 kB: com.tianci.push (pid 1722)
     6676 kB: com.dunn.instrument (pid 1572)
     5071 kB: com.coocaa.os.softsettings.provider (pid 2265)
     3170 kB: com.skyworth.android.skyRMService (pid 1581)
     2883 kB: android.process.media (pid 2636)
     1024 kB: logcat (pid 2087)
      968 kB: surfaceflinger (pid 742)
      908 kB: zygote (pid 744)
      741 kB: TvServer (pid 1114)
      417 kB: app_process (pid 1796)
      376 kB: sdcard (pid 757)
      376 kB: wpa_supplicant (pid 1501)
      251 kB: netd (pid 740)
      231 kB: /init (pid 1)
      196 kB: adbd (pid 1436)
      108 kB: healthd (pid 733)
      107 kB: debuggerd (pid 741)
       80 kB: FileDesc_server (pid 749)
       75 kB: vold (pid 736)
       75 kB: coocaa_guard (pid 754)
       72 kB: ueventd (pid 512)
       49 kB: servicemanager (pid 735)
       48 kB: RootApp (pid 1106)
       41 kB: logwrapper (pid 1075)
       40 kB: busybox (pid 1638)
       39 kB: sh (pid 734)
       24 kB: keypad (pid 739)
       24 kB: VirtualEvent (pid 1232)
        8 kB: drmserver (pid 745)
        8 kB: keystore (pid 748)
        4 kB: hardwared (pid 737)
        4 kB: installd (pid 747)
        4 kB: smobsd (pid 1258)
        4 kB: sh (pid 1707)
        4 kB: dhcpcd (pid 1861)
        0 kB: dumpsys (pid 30119)

Total PSS by OOM adjustment:
    17384 kB: Native
               11078 kB: mediaserver (pid 746)
                1024 kB: logcat (pid 2087)
                 968 kB: surfaceflinger (pid 742)
                 908 kB: zygote (pid 744)
                 741 kB: TvServer (pid 1114)
                 417 kB: app_process (pid 1796)
                 376 kB: sdcard (pid 757)
                 376 kB: wpa_supplicant (pid 1501)
                 251 kB: netd (pid 740)
                 231 kB: /init (pid 1)
                 196 kB: adbd (pid 1436)
                 108 kB: healthd (pid 733)
                 107 kB: debuggerd (pid 741)
                  80 kB: FileDesc_server (pid 749)
                  75 kB: vold (pid 736)
                  75 kB: coocaa_guard (pid 754)
                  72 kB: ueventd (pid 512)
                  49 kB: servicemanager (pid 735)
                  48 kB: RootApp (pid 1106)
                  41 kB: logwrapper (pid 1075)
                  40 kB: busybox (pid 1638)
                  39 kB: sh (pid 734)
                  24 kB: keypad (pid 739)
                  24 kB: VirtualEvent (pid 1232)
                   8 kB: drmserver (pid 745)
                   8 kB: keystore (pid 748)
                   4 kB: hardwared (pid 737)
                   4 kB: installd (pid 747)
                   4 kB: smobsd (pid 1258)
                   4 kB: sh (pid 1707)
                   4 kB: dhcpcd (pid 1861)
                   0 kB: dumpsys (pid 30119)
    15577 kB: System
               15577 kB: system (pid 1348)
     9846 kB: Persistent
                6676 kB: com.dunn.instrument (pid 1572)
                3170 kB: com.skyworth.android.skyRMService (pid 1581)
   122689 kB: Foreground
               76076 kB: com.tianci.movieplatform (pid 2534 / activities)
               11012 kB: com.tianci.system (pid 1587)
               10709 kB: com.coocaa.os.ccosservice (pid 1872)
                9645 kB: com.tianci.de (pid 2455)
                7293 kB: com.tianci.push (pid 1722)
                5071 kB: com.coocaa.os.softsettings.provider (pid 2265)
                2883 kB: android.process.media (pid 2636)
    14743 kB: A Services
               14743 kB: com.tianci.movieplatform:daemon (pid 11395)
     7614 kB: B Services
                7614 kB: com.coocaa.sysreport (pid 2763)

Total PSS by category:
    49647 kB: Dalvik
    48949 kB: Unknown
    37912 kB: Dalvik Other
    15289 kB: .so mmap
    11201 kB: .dex mmap
    10324 kB: Native
     6436 kB: Other dev
     3412 kB: Stack
     3124 kB: Ashmem
     1543 kB: Other mmap
       12 kB: .ttf mmap
        4 kB: .apk mmap
        0 kB: Cursor
        0 kB: .jar mmap
        0 kB: code mmap
        0 kB: image mmap
        0 kB: Graphics
        0 kB: GL
        0 kB: Memtrack

Total RAM: 463128 kB
 Free RAM: 101904 kB (0 cached pss + 38208 cached + 63696 free)
 Used RAM: 213265 kB (187853 used pss + 456 buffers + 240 shmem + 24716 slab)
 Lost RAM: 147959 kB
     ZRAM: 24096 kB physical used for 61108 kB in swap (98300 kB total swap)
   Tuning: 48 (large 128), oom 108462 kB, restore limit 36154 kB (low-ram)
Applications Memory Usage (kB):
Uptime: 1702485 Realtime: 1702485

Total PSS by process:
    76511 kB: com.tianci.movieplatform (pid 2534 / activities)
    15801 kB: system (pid 1348)
    14740 kB: com.tianci.movieplatform:daemon (pid 11395)
    11332 kB: com.tianci.system (pid 1587)
    11102 kB: mediaserver (pid 746)
    10709 kB: com.coocaa.os.ccosservice (pid 1872)
     9646 kB: com.tianci.de (pid 2455)
     7615 kB: com.coocaa.sysreport (pid 2763)
     7293 kB: com.tianci.push (pid 1722)
     6672 kB: com.dunn.instrument (pid 1572)
     5071 kB: com.coocaa.os.softsettings.provider (pid 2265)
     3170 kB: com.skyworth.android.skyRMService (pid 1581)
     2883 kB: android.process.media (pid 2636)
     1024 kB: logcat (pid 2087)
      968 kB: surfaceflinger (pid 742)
      908 kB: zygote (pid 744)
      741 kB: TvServer (pid 1114)
      417 kB: app_process (pid 1796)
      376 kB: sdcard (pid 757)
      376 kB: wpa_supplicant (pid 1501)
      251 kB: netd (pid 740)
      236 kB: dumpsys (pid 30278)
      231 kB: /init (pid 1)
      196 kB: adbd (pid 1436)
      108 kB: healthd (pid 733)
      107 kB: debuggerd (pid 741)
       80 kB: FileDesc_server (pid 749)
       75 kB: vold (pid 736)
       75 kB: coocaa_guard (pid 754)
       72 kB: ueventd (pid 512)
       49 kB: servicemanager (pid 735)
       48 kB: RootApp (pid 1106)
       41 kB: logwrapper (pid 1075)
       40 kB: busybox (pid 1638)
       39 kB: sh (pid 734)
       24 kB: keypad (pid 739)
       24 kB: VirtualEvent (pid 1232)
        8 kB: drmserver (pid 745)
        8 kB: keystore (pid 748)
        4 kB: hardwared (pid 737)
        4 kB: installd (pid 747)
        4 kB: smobsd (pid 1258)
        4 kB: sh (pid 1707)
        4 kB: dhcpcd (pid 1861)

Total PSS by OOM adjustment:
    17644 kB: Native
               11102 kB: mediaserver (pid 746)
                1024 kB: logcat (pid 2087)
                 968 kB: surfaceflinger (pid 742)
                 908 kB: zygote (pid 744)
                 741 kB: TvServer (pid 1114)
                 417 kB: app_process (pid 1796)
                 376 kB: sdcard (pid 757)
                 376 kB: wpa_supplicant (pid 1501)
                 251 kB: netd (pid 740)
                 236 kB: dumpsys (pid 30278)
                 231 kB: /init (pid 1)
                 196 kB: adbd (pid 1436)
                 108 kB: healthd (pid 733)
                 107 kB: debuggerd (pid 741)
                  80 kB: FileDesc_server (pid 749)
                  75 kB: vold (pid 736)
                  75 kB: coocaa_guard (pid 754)
                  72 kB: ueventd (pid 512)
                  49 kB: servicemanager (pid 735)
                  48 kB: RootApp (pid 1106)
                  41 kB: logwrapper (pid 1075)
                  40 kB: busybox (pid 1638)
                  39 kB: sh (pid 734)
                  24 kB: keypad (pid 739)
                  24 kB: VirtualEvent (pid 1232)
                   8 kB: drmserver (pid 745)
                   8 kB: keystore (pid 748)
                   4 kB: hardwared (pid 737)
                   4 kB: installd (pid 747)
                   4 kB: smobsd (pid 1258)
                   4 kB: sh (pid 1707)
                   4 kB: dhcpcd (pid 1861)
    15801 kB: System
               15801 kB: system (pid 1348)
     9842 kB: Persistent
                6672 kB: com.dunn.instrument (pid 1572)
                3170 kB: com.skyworth.android.skyRMService (pid 1581)
   123445 kB: Foreground
               76511 kB: com.tianci.movieplatform (pid 2534 / activities)
               11332 kB: com.tianci.system (pid 1587)
               10709 kB: com.coocaa.os.ccosservice (pid 1872)
                9646 kB: com.tianci.de (pid 2455)
                7293 kB: com.tianci.push (pid 1722)
                5071 kB: com.coocaa.os.softsettings.provider (pid 2265)
                2883 kB: android.process.media (pid 2636)
    14740 kB: A Services
               14740 kB: com.tianci.movieplatform:daemon (pid 11395)
     7615 kB: B Services
                7615 kB: com.coocaa.sysreport (pid 2763)

Total PSS by category:
    49845 kB: Unknown
    49363 kB: Dalvik
    37914 kB: Dalvik Other
    15590 kB: .so mmap
    11393 kB: .dex mmap
    10328 kB: Native
     6440 kB: Other dev
     3468 kB: Stack
     3148 kB: Ashmem
     1582 kB: Other mmap
       12 kB: .ttf mmap
        4 kB: .apk mmap
        0 kB: Cursor
        0 kB: .jar mmap
        0 kB: code mmap
        0 kB: image mmap
        0 kB: Graphics
        0 kB: GL
        0 kB: Memtrack

Total RAM: 463128 kB
 Free RAM: 101056 kB (0 cached pss + 39516 cached + 61540 free)
 Used RAM: 214683 kB (189087 used pss + 612 buffers + 264 shmem + 24720 slab)
 Lost RAM: 147389 kB
     ZRAM: 24032 kB physical used for 60500 kB in swap (98300 kB total swap)
   Tuning: 48 (large 128), oom 108462 kB, restore limit 36154 kB (low-ram)
Applications Memory Usage (kB):
Uptime: 1705419 Realtime: 1705419

Total PSS by process:
    76486 kB: com.tianci.movieplatform (pid 2534 / activities)
    15591 kB: system (pid 1348)
    14741 kB: com.tianci.movieplatform:daemon (pid 11395)
    11327 kB: com.tianci.system (pid 1587)
    11106 kB: mediaserver (pid 746)
    10709 kB: com.coocaa.os.ccosservice (pid 1872)
     9646 kB: com.tianci.de (pid 2455)
     7614 kB: com.coocaa.sysreport (pid 2763)
     7293 kB: com.tianci.push (pid 1722)
     6664 kB: com.dunn.instrument (pid 1572)
     5071 kB: com.coocaa.os.softsettings.provider (pid 2265)
     3198 kB: com.skyworth.android.skyRMService (pid 1581)
     2881 kB: android.process.media (pid 2636)
     1024 kB: logcat (pid 2087)
      968 kB: surfaceflinger (pid 742)
      908 kB: zygote (pid 744)
      741 kB: TvServer (pid 1114)
      417 kB: app_process (pid 1796)
      376 kB: sdcard (pid 757)
      376 kB: wpa_supplicant (pid 1501)
      251 kB: netd (pid 740)
      231 kB: /init (pid 1)
      200 kB: adbd (pid 1436)
      108 kB: healthd (pid 733)
      107 kB: debuggerd (pid 741)
       80 kB: FileDesc_server (pid 749)
       75 kB: vold (pid 736)
       75 kB: coocaa_guard (pid 754)
       72 kB: ueventd (pid 512)
       49 kB: servicemanager (pid 735)
       48 kB: RootApp (pid 1106)
       41 kB: logwrapper (pid 1075)
       40 kB: busybox (pid 1638)
       39 kB: sh (pid 734)
       24 kB: keypad (pid 739)
       24 kB: VirtualEvent (pid 1232)
        8 kB: drmserver (pid 745)
        8 kB: keystore (pid 748)
        4 kB: hardwared (pid 737)
        4 kB: installd (pid 747)
        4 kB: smobsd (pid 1258)
        4 kB: sh (pid 1707)
        4 kB: dhcpcd (pid 1861)
        0 kB: dumpsys (pid 30278)

Total PSS by OOM adjustment:
    17416 kB: Native
               11106 kB: mediaserver (pid 746)
                1024 kB: logcat (pid 2087)
                 968 kB: surfaceflinger (pid 742)
                 908 kB: zygote (pid 744)
                 741 kB: TvServer (pid 1114)
                 417 kB: app_process (pid 1796)
                 376 kB: sdcard (pid 757)
                 376 kB: wpa_supplicant (pid 1501)
                 251 kB: netd (pid 740)
                 231 kB: /init (pid 1)
                 200 kB: adbd (pid 1436)
                 108 kB: healthd (pid 733)
                 107 kB: debuggerd (pid 741)
                  80 kB: FileDesc_server (pid 749)
                  75 kB: vold (pid 736)
                  75 kB: coocaa_guard (pid 754)
                  72 kB: ueventd (pid 512)
                  49 kB: servicemanager (pid 735)
                  48 kB: RootApp (pid 1106)
                  41 kB: logwrapper (pid 1075)
                  40 kB: busybox (pid 1638)
                  39 kB: sh (pid 734)
                  24 kB: keypad (pid 739)
                  24 kB: VirtualEvent (pid 1232)
                   8 kB: drmserver (pid 745)
                   8 kB: keystore (pid 748)
                   4 kB: hardwared (pid 737)
                   4 kB: installd (pid 747)
                   4 kB: smobsd (pid 1258)
                   4 kB: sh (pid 1707)
                   4 kB: dhcpcd (pid 1861)
                   0 kB: dumpsys (pid 30278)
    15591 kB: System
               15591 kB: system (pid 1348)
     9862 kB: Persistent
                6664 kB: com.dunn.instrument (pid 1572)
                3198 kB: com.skyworth.android.skyRMService (pid 1581)
   123413 kB: Foreground
               76486 kB: com.tianci.movieplatform (pid 2534 / activities)
               11327 kB: com.tianci.system (pid 1587)
               10709 kB: com.coocaa.os.ccosservice (pid 1872)
                9646 kB: com.tianci.de (pid 2455)
                7293 kB: com.tianci.push (pid 1722)
                5071 kB: com.coocaa.os.softsettings.provider (pid 2265)
                2881 kB: android.process.media (pid 2636)
    14741 kB: A Services
               14741 kB: com.tianci.movieplatform:daemon (pid 11395)
     7614 kB: B Services
                7614 kB: com.coocaa.sysreport (pid 2763)

Total PSS by category:
    49625 kB: Unknown
    49375 kB: Dalvik
    37925 kB: Dalvik Other
    15416 kB: .so mmap
    11401 kB: .dex mmap
    10328 kB: Native
     6436 kB: Other dev
     3416 kB: Stack
     3148 kB: Ashmem
     1551 kB: Other mmap
       12 kB: .ttf mmap
        4 kB: .apk mmap
        0 kB: Cursor
        0 kB: .jar mmap
        0 kB: code mmap
        0 kB: image mmap
        0 kB: Graphics
        0 kB: GL
        0 kB: Memtrack

Total RAM: 463128 kB
 Free RAM: 101416 kB (0 cached pss + 39576 cached + 61840 free)
 Used RAM: 214249 kB (188637 used pss + 628 buffers + 264 shmem + 24720 slab)
 Lost RAM: 147463 kB
     ZRAM: 24032 kB physical used for 60496 kB in swap (98300 kB total swap)
   Tuning: 48 (large 128), oom 108462 kB, restore limit 36154 kB (low-ram)
Applications Memory Usage (kB):
Uptime: 1708423 Realtime: 1708423

Total PSS by process:
    76570 kB: com.tianci.movieplatform (pid 2534 / activities)
    15847 kB: system (pid 1348)
    14739 kB: com.tianci.movieplatform:daemon (pid 11395)
    11336 kB: com.tianci.system (pid 1587)
    11098 kB: mediaserver (pid 746)
    10720 kB: com.coocaa.os.ccosservice (pid 1872)
     9650 kB: com.tianci.de (pid 2455)
     7615 kB: com.coocaa.sysreport (pid 2763)
     7293 kB: com.tianci.push (pid 1722)
     6664 kB: com.dunn.instrument (pid 1572)
     5071 kB: com.coocaa.os.softsettings.provider (pid 2265)
     3198 kB: com.skyworth.android.skyRMService (pid 1581)
     2881 kB: android.process.media (pid 2636)
     1024 kB: logcat (pid 2087)
      968 kB: surfaceflinger (pid 742)
      908 kB: zygote (pid 744)
      741 kB: TvServer (pid 1114)
      417 kB: app_process (pid 1796)
      376 kB: wpa_supplicant (pid 1501)
      375 kB: sdcard (pid 757)
      259 kB: dumpsys (pid 30421)
      251 kB: netd (pid 740)
      231 kB: /init (pid 1)
      200 kB: adbd (pid 1436)
      108 kB: healthd (pid 733)
      107 kB: debuggerd (pid 741)
       80 kB: FileDesc_server (pid 749)
       75 kB: vold (pid 736)
       75 kB: coocaa_guard (pid 754)
       72 kB: ueventd (pid 512)
       49 kB: servicemanager (pid 735)
       48 kB: RootApp (pid 1106)
       41 kB: logwrapper (pid 1075)
       40 kB: busybox (pid 1638)
       39 kB: sh (pid 734)
       24 kB: keypad (pid 739)
       24 kB: VirtualEvent (pid 1232)
        8 kB: drmserver (pid 745)
        8 kB: keystore (pid 748)
        4 kB: hardwared (pid 737)
        4 kB: installd (pid 747)
        4 kB: smobsd (pid 1258)
        4 kB: sh (pid 1707)
        4 kB: dhcpcd (pid 1861)

Total PSS by OOM adjustment:
    17666 kB: Native
               11098 kB: mediaserver (pid 746)
                1024 kB: logcat (pid 2087)
                 968 kB: surfaceflinger (pid 742)
                 908 kB: zygote (pid 744)
                 741 kB: TvServer (pid 1114)
                 417 kB: app_process (pid 1796)
                 376 kB: wpa_supplicant (pid 1501)
                 375 kB: sdcard (pid 757)
                 259 kB: dumpsys (pid 30421)
                 251 kB: netd (pid 740)
                 231 kB: /init (pid 1)
                 200 kB: adbd (pid 1436)
                 108 kB: healthd (pid 733)
                 107 kB: debuggerd (pid 741)
                  80 kB: FileDesc_server (pid 749)
                  75 kB: vold (pid 736)
                  75 kB: coocaa_guard (pid 754)
                  72 kB: ueventd (pid 512)
                  49 kB: servicemanager (pid 735)
                  48 kB: RootApp (pid 1106)
                  41 kB: logwrapper (pid 1075)
                  40 kB: busybox (pid 1638)
                  39 kB: sh (pid 734)
                  24 kB: keypad (pid 739)
                  24 kB: VirtualEvent (pid 1232)
                   8 kB: drmserver (pid 745)
                   8 kB: keystore (pid 748)
                   4 kB: hardwared (pid 737)
                   4 kB: installd (pid 747)
                   4 kB: smobsd (pid 1258)
                   4 kB: sh (pid 1707)
                   4 kB: dhcpcd (pid 1861)
    15847 kB: System
               15847 kB: system (pid 1348)
     9862 kB: Persistent
                6664 kB: com.dunn.instrument (pid 1572)
                3198 kB: com.skyworth.android.skyRMService (pid 1581)
   123521 kB: Foreground
               76570 kB: com.tianci.movieplatform (pid 2534 / activities)
               11336 kB: com.tianci.system (pid 1587)
               10720 kB: com.coocaa.os.ccosservice (pid 1872)
                9650 kB: com.tianci.de (pid 2455)
                7293 kB: com.tianci.push (pid 1722)
                5071 kB: com.coocaa.os.softsettings.provider (pid 2265)
                2881 kB: android.process.media (pid 2636)
    14739 kB: A Services
               14739 kB: com.tianci.movieplatform:daemon (pid 11395)
     7615 kB: B Services
                7615 kB: com.coocaa.sysreport (pid 2763)

Total PSS by category:
    49937 kB: Unknown
    49467 kB: Dalvik
    37921 kB: Dalvik Other
    15533 kB: .so mmap
    11434 kB: .dex mmap
    10332 kB: Native
     6440 kB: Other dev
     3436 kB: Stack
     3148 kB: Ashmem
     1586 kB: Other mmap
       12 kB: .ttf mmap
        4 kB: .apk mmap
        0 kB: Cursor
        0 kB: .jar mmap
        0 kB: code mmap
        0 kB: image mmap
        0 kB: Graphics
        0 kB: GL
        0 kB: Memtrack

Total RAM: 463128 kB
 Free RAM: 101224 kB (0 cached pss + 39992 cached + 61232 free)
 Used RAM: 214858 kB (189250 used pss + 652 buffers + 264 shmem + 24692 slab)
 Lost RAM: 147046 kB
     ZRAM: 24032 kB physical used for 60492 kB in swap (98300 kB total swap)
   Tuning: 48 (large 128), oom 108462 kB, restore limit 36154 kB (low-ram)
Applications Memory Usage (kB):
Uptime: 1711547 Realtime: 1711547

Total PSS by process:
    76690 kB: com.tianci.movieplatform (pid 2534 / activities)
    15551 kB: system (pid 1348)
    14739 kB: com.tianci.movieplatform:daemon (pid 11395)
    11634 kB: com.tianci.system (pid 1587)
    11106 kB: mediaserver (pid 746)
    10728 kB: com.coocaa.os.ccosservice (pid 1872)
     9650 kB: com.tianci.de (pid 2455)
     7615 kB: com.coocaa.sysreport (pid 2763)
     7292 kB: com.tianci.push (pid 1722)
     6664 kB: com.dunn.instrument (pid 1572)
     5071 kB: com.coocaa.os.softsettings.provider (pid 2265)
     3198 kB: com.skyworth.android.skyRMService (pid 1581)
     2881 kB: android.process.media (pid 2636)
     1024 kB: logcat (pid 2087)
      968 kB: surfaceflinger (pid 742)
      908 kB: zygote (pid 744)
      741 kB: TvServer (pid 1114)
      417 kB: app_process (pid 1796)
      376 kB: sdcard (pid 757)
      376 kB: wpa_supplicant (pid 1501)
      251 kB: netd (pid 740)
      231 kB: /init (pid 1)
      200 kB: adbd (pid 1436)
      108 kB: healthd (pid 733)
      107 kB: debuggerd (pid 741)
       80 kB: FileDesc_server (pid 749)
       75 kB: vold (pid 736)
       75 kB: coocaa_guard (pid 754)
       72 kB: ueventd (pid 512)
       49 kB: servicemanager (pid 735)
       48 kB: RootApp (pid 1106)
       41 kB: logwrapper (pid 1075)
       40 kB: busybox (pid 1638)
       39 kB: sh (pid 734)
       24 kB: keypad (pid 739)
       24 kB: VirtualEvent (pid 1232)
        8 kB: drmserver (pid 745)
        8 kB: keystore (pid 748)
        4 kB: hardwared (pid 737)
        4 kB: installd (pid 747)
        4 kB: smobsd (pid 1258)
        4 kB: sh (pid 1707)
        4 kB: dhcpcd (pid 1861)
        0 kB: dumpsys (pid 30421)

Total PSS by OOM adjustment:
    17416 kB: Native
               11106 kB: mediaserver (pid 746)
                1024 kB: logcat (pid 2087)
                 968 kB: surfaceflinger (pid 742)
                 908 kB: zygote (pid 744)
                 741 kB: TvServer (pid 1114)
                 417 kB: app_process (pid 1796)
                 376 kB: sdcard (pid 757)
                 376 kB: wpa_supplicant (pid 1501)
                 251 kB: netd (pid 740)
                 231 kB: /init (pid 1)
                 200 kB: adbd (pid 1436)
                 108 kB: healthd (pid 733)
                 107 kB: debuggerd (pid 741)
                  80 kB: FileDesc_server (pid 749)
                  75 kB: vold (pid 736)
                  75 kB: coocaa_guard (pid 754)
                  72 kB: ueventd (pid 512)
                  49 kB: servicemanager (pid 735)
                  48 kB: RootApp (pid 1106)
                  41 kB: logwrapper (pid 1075)
                  40 kB: busybox (pid 1638)
                  39 kB: sh (pid 734)
                  24 kB: keypad (pid 739)
                  24 kB: VirtualEvent (pid 1232)
                   8 kB: drmserver (pid 745)
                   8 kB: keystore (pid 748)
                   4 kB: hardwared (pid 737)
                   4 kB: installd (pid 747)
                   4 kB: smobsd (pid 1258)
                   4 kB: sh (pid 1707)
                   4 kB: dhcpcd (pid 1861)
                   0 kB: dumpsys (pid 30421)
    15551 kB: System
               15551 kB: system (pid 1348)
     9862 kB: Persistent
                6664 kB: com.dunn.instrument (pid 1572)
                3198 kB: com.skyworth.android.skyRMService (pid 1581)
   123946 kB: Foreground
               76690 kB: com.tianci.movieplatform (pid 2534 / activities)
               11634 kB: com.tianci.system (pid 1587)
               10728 kB: com.coocaa.os.ccosservice (pid 1872)
                9650 kB: com.tianci.de (pid 2455)
                7292 kB: com.tianci.push (pid 1722)
                5071 kB: com.coocaa.os.softsettings.provider (pid 2265)
                2881 kB: android.process.media (pid 2636)
    14739 kB: A Services
               14739 kB: com.tianci.movieplatform:daemon (pid 11395)
     7615 kB: B Services
                7615 kB: com.coocaa.sysreport (pid 2763)

Total PSS by category:
    49685 kB: Unknown
    49495 kB: Dalvik
    37929 kB: Dalvik Other
    15421 kB: .so mmap
    11704 kB: .dex mmap
    10328 kB: Native
     6436 kB: Other dev
     3412 kB: Stack
     3148 kB: Ashmem
     1555 kB: Other mmap
       12 kB: .ttf mmap
        4 kB: .apk mmap
        0 kB: Cursor
        0 kB: .jar mmap
        0 kB: code mmap
        0 kB: image mmap
        0 kB: Graphics
        0 kB: GL
        0 kB: Memtrack

Total RAM: 463128 kB
 Free RAM: 101076 kB (0 cached pss + 40376 cached + 60700 free)
 Used RAM: 214721 kB (189129 used pss + 652 buffers + 264 shmem + 24676 slab)
 Lost RAM: 147331 kB
     ZRAM: 24032 kB physical used for 60492 kB in swap (98300 kB total swap)
   Tuning: 48 (large 128), oom 108462 kB, restore limit 36154 kB (low-ram)
Applications Memory Usage (kB):
Uptime: 1714518 Realtime: 1714518

Total PSS by process:
    76474 kB: com.tianci.movieplatform (pid 2534 / activities)
    15625 kB: system (pid 1348)
    14760 kB: com.tianci.movieplatform:daemon (pid 11395)
    11634 kB: com.tianci.system (pid 1587)
    11106 kB: mediaserver (pid 746)
    10728 kB: com.coocaa.os.ccosservice (pid 1872)
     9650 kB: com.tianci.de (pid 2455)
     7615 kB: com.coocaa.sysreport (pid 2763)
     7301 kB: com.tianci.push (pid 1722)
     6664 kB: com.dunn.instrument (pid 1572)
     5071 kB: com.coocaa.os.softsettings.provider (pid 2265)
     3197 kB: com.skyworth.android.skyRMService (pid 1581)
     2881 kB: android.process.media (pid 2636)
     1024 kB: logcat (pid 2087)
      968 kB: surfaceflinger (pid 742)
      908 kB: zygote (pid 744)
      741 kB: TvServer (pid 1114)
      417 kB: app_process (pid 1796)
      376 kB: sdcard (pid 757)
      376 kB: wpa_supplicant (pid 1501)
      251 kB: netd (pid 740)
      231 kB: /init (pid 1)
      224 kB: dumpsys (pid 30549)
      200 kB: adbd (pid 1436)
      108 kB: healthd (pid 733)
      107 kB: debuggerd (pid 741)
       80 kB: FileDesc_server (pid 749)
       75 kB: vold (pid 736)
       75 kB: coocaa_guard (pid 754)
       72 kB: ueventd (pid 512)
       49 kB: servicemanager (pid 735)
       48 kB: RootApp (pid 1106)
       41 kB: logwrapper (pid 1075)
       40 kB: busybox (pid 1638)
       39 kB: sh (pid 734)
       24 kB: keypad (pid 739)
       24 kB: VirtualEvent (pid 1232)
        8 kB: drmserver (pid 745)
        8 kB: keystore (pid 748)
        4 kB: hardwared (pid 737)
        4 kB: installd (pid 747)
        4 kB: smobsd (pid 1258)
        4 kB: sh (pid 1707)
        4 kB: dhcpcd (pid 1861)

Total PSS by OOM adjustment:
    17640 kB: Native
               11106 kB: mediaserver (pid 746)
                1024 kB: logcat (pid 2087)
                 968 kB: surfaceflinger (pid 742)
                 908 kB: zygote (pid 744)
                 741 kB: TvServer (pid 1114)
                 417 kB: app_process (pid 1796)
                 376 kB: sdcard (pid 757)
                 376 kB: wpa_supplicant (pid 1501)
                 251 kB: netd (pid 740)
                 231 kB: /init (pid 1)
                 224 kB: dumpsys (pid 30549)
                 200 kB: adbd (pid 1436)
                 108 kB: healthd (pid 733)
                 107 kB: debuggerd (pid 741)
                  80 kB: FileDesc_server (pid 749)
                  75 kB: vold (pid 736)
                  75 kB: coocaa_guard (pid 754)
                  72 kB: ueventd (pid 512)
                  49 kB: servicemanager (pid 735)
                  48 kB: RootApp (pid 1106)
                  41 kB: logwrapper (pid 1075)
                  40 kB: busybox (pid 1638)
                  39 kB: sh (pid 734)
                  24 kB: keypad (pid 739)
                  24 kB: VirtualEvent (pid 1232)
                   8 kB: drmserver (pid 745)
                   8 kB: keystore (pid 748)
                   4 kB: hardwared (pid 737)
                   4 kB: installd (pid 747)
                   4 kB: smobsd (pid 1258)
                   4 kB: sh (pid 1707)
                   4 kB: dhcpcd (pid 1861)
    15625 kB: System
               15625 kB: system (pid 1348)
     9861 kB: Persistent
                6664 kB: com.dunn.instrument (pid 1572)
                3197 kB: com.skyworth.android.skyRMService (pid 1581)
   123739 kB: Foreground
               76474 kB: com.tianci.movieplatform (pid 2534 / activities)
               11634 kB: com.tianci.system (pid 1587)
               10728 kB: com.coocaa.os.ccosservice (pid 1872)
                9650 kB: com.tianci.de (pid 2455)
                7301 kB: com.tianci.push (pid 1722)
                5071 kB: com.coocaa.os.softsettings.provider (pid 2265)
                2881 kB: android.process.media (pid 2636)
    14760 kB: A Services
               14760 kB: com.tianci.movieplatform:daemon (pid 11395)
     7615 kB: B Services
                7615 kB: com.coocaa.sysreport (pid 2763)

Total PSS by category:
    49589 kB: Unknown
    49468 kB: Dalvik
    37926 kB: Dalvik Other
    15610 kB: .so mmap
    11714 kB: .dex mmap
    10332 kB: Native
     6440 kB: Other dev
     3416 kB: Stack
     3148 kB: Ashmem
     1581 kB: Other mmap
       12 kB: .ttf mmap
        4 kB: .apk mmap
        0 kB: Cursor
        0 kB: .jar mmap
        0 kB: code mmap
        0 kB: image mmap
        0 kB: Graphics
        0 kB: GL
        0 kB: Memtrack

Total RAM: 463128 kB
 Free RAM: 101388 kB (0 cached pss + 40884 cached + 60504 free)
 Used RAM: 214840 kB (189240 used pss + 668 buffers + 264 shmem + 24668 slab)
 Lost RAM: 146900 kB
     ZRAM: 24032 kB physical used for 60488 kB in swap (98300 kB total swap)
   Tuning: 48 (large 128), oom 108462 kB, restore limit 36154 kB (low-ram)
Applications Memory Usage (kB):
Uptime: 1717388 Realtime: 1717388

Total PSS by process:
    77234 kB: com.tianci.movieplatform (pid 2534 / activities)
    15554 kB: system (pid 1348)
    14766 kB: com.tianci.movieplatform:daemon (pid 11395)
    11620 kB: com.tianci.system (pid 1587)
    10727 kB: com.coocaa.os.ccosservice (pid 1872)
    10675 kB: com.tianci.de (pid 2455)
    10589 kB: mediaserver (pid 746)
     7615 kB: com.coocaa.sysreport (pid 2763)
     7321 kB: com.tianci.push (pid 1722)
     6666 kB: com.dunn.instrument (pid 1572)
     5071 kB: com.coocaa.os.softsettings.provider (pid 2265)
     3198 kB: com.skyworth.android.skyRMService (pid 1581)
     2881 kB: android.process.media (pid 2636)
     1024 kB: logcat (pid 2087)
      968 kB: surfaceflinger (pid 742)
      908 kB: zygote (pid 744)
      741 kB: TvServer (pid 1114)
      417 kB: app_process (pid 1796)
      376 kB: sdcard (pid 757)
      376 kB: wpa_supplicant (pid 1501)
      250 kB: netd (pid 740)
      231 kB: /init (pid 1)
      200 kB: adbd (pid 1436)
      108 kB: healthd (pid 733)
      106 kB: debuggerd (pid 741)
       80 kB: FileDesc_server (pid 749)
       75 kB: vold (pid 736)
       75 kB: coocaa_guard (pid 754)
       72 kB: ueventd (pid 512)
       49 kB: servicemanager (pid 735)
       48 kB: RootApp (pid 1106)
       41 kB: logwrapper (pid 1075)
       40 kB: busybox (pid 1638)
       24 kB: keypad (pid 739)
       24 kB: VirtualEvent (pid 1232)
       16 kB: sh (pid 734)
        8 kB: drmserver (pid 745)
        8 kB: keystore (pid 748)
        4 kB: hardwared (pid 737)
        4 kB: installd (pid 747)
        4 kB: smobsd (pid 1258)
        4 kB: sh (pid 1707)
        4 kB: dhcpcd (pid 1861)
        0 kB: dumpsys (pid 30549)

Total PSS by OOM adjustment:
    16874 kB: Native
               10589 kB: mediaserver (pid 746)
                1024 kB: logcat (pid 2087)
                 968 kB: surfaceflinger (pid 742)
                 908 kB: zygote (pid 744)
                 741 kB: TvServer (pid 1114)
                 417 kB: app_process (pid 1796)
                 376 kB: sdcard (pid 757)
                 376 kB: wpa_supplicant (pid 1501)
                 250 kB: netd (pid 740)
                 231 kB: /init (pid 1)
                 200 kB: adbd (pid 1436)
                 108 kB: healthd (pid 733)
                 106 kB: debuggerd (pid 741)
                  80 kB: FileDesc_server (pid 749)
                  75 kB: vold (pid 736)
                  75 kB: coocaa_guard (pid 754)
                  72 kB: ueventd (pid 512)
                  49 kB: servicemanager (pid 735)
                  48 kB: RootApp (pid 1106)
                  41 kB: logwrapper (pid 1075)
                  40 kB: busybox (pid 1638)
                  24 kB: keypad (pid 739)
                  24 kB: VirtualEvent (pid 1232)
                  16 kB: sh (pid 734)
                   8 kB: drmserver (pid 745)
                   8 kB: keystore (pid 748)
                   4 kB: hardwared (pid 737)
                   4 kB: installd (pid 747)
                   4 kB: smobsd (pid 1258)
                   4 kB: sh (pid 1707)
                   4 kB: dhcpcd (pid 1861)
                   0 kB: dumpsys (pid 30549)
    15554 kB: System
               15554 kB: system (pid 1348)
     9864 kB: Persistent
                6666 kB: com.dunn.instrument (pid 1572)
                3198 kB: com.skyworth.android.skyRMService (pid 1581)
   125529 kB: Foreground
               77234 kB: com.tianci.movieplatform (pid 2534 / activities)
               11620 kB: com.tianci.system (pid 1587)
               10727 kB: com.coocaa.os.ccosservice (pid 1872)
               10675 kB: com.tianci.de (pid 2455)
                7321 kB: com.tianci.push (pid 1722)
                5071 kB: com.coocaa.os.softsettings.provider (pid 2265)
                2881 kB: android.process.media (pid 2636)
    14766 kB: A Services
               14766 kB: com.tianci.movieplatform:daemon (pid 11395)
     7615 kB: B Services
                7615 kB: com.coocaa.sysreport (pid 2763)

Total PSS by category:
    49767 kB: Unknown
    49596 kB: Dalvik
    38420 kB: Dalvik Other
    15233 kB: .so mmap
    12603 kB: .dex mmap
    10328 kB: Native
     6436 kB: Other dev
     3332 kB: Stack
     2936 kB: Ashmem
     1535 kB: Other mmap
       12 kB: .ttf mmap
        4 kB: .apk mmap
        0 kB: Cursor
        0 kB: .jar mmap
        0 kB: code mmap
        0 kB: image mmap
        0 kB: Graphics
        0 kB: GL
        0 kB: Memtrack

Total RAM: 463128 kB
 Free RAM: 152988 kB (0 cached pss + 51872 cached + 101116 free)
 Used RAM: 215734 kB (190202 used pss + 756 buffers + 52 shmem + 24724 slab)
 Lost RAM: 94406 kB
     ZRAM: 23932 kB physical used for 59992 kB in swap (98300 kB total swap)
   Tuning: 48 (large 128), oom 108462 kB, restore limit 36154 kB (low-ram)
Applications Memory Usage (kB):
Uptime: 1720555 Realtime: 1720555

Total PSS by process:
    82118 kB: com.tianci.movieplatform (pid 2534 / activities)
    15983 kB: system (pid 1348)
    14749 kB: com.tianci.movieplatform:daemon (pid 11395)
    11610 kB: com.tianci.system (pid 1587)
    11074 kB: mediaserver (pid 746)
    10727 kB: com.coocaa.os.ccosservice (pid 1872)
    10639 kB: com.tianci.de (pid 2455)
     7615 kB: com.coocaa.sysreport (pid 2763)
     7321 kB: com.tianci.push (pid 1722)
     6660 kB: com.dunn.instrument (pid 1572)
     5071 kB: com.coocaa.os.softsettings.provider (pid 2265)
     3192 kB: com.skyworth.android.skyRMService (pid 1581)
     2881 kB: android.process.media (pid 2636)
     1024 kB: logcat (pid 2087)
      974 kB: surfaceflinger (pid 742)
      908 kB: zygote (pid 744)
      745 kB: TvServer (pid 1114)
      421 kB: app_process (pid 1796)
      376 kB: sdcard (pid 757)
      376 kB: wpa_supplicant (pid 1501)
      259 kB: dumpsys (pid 30719)
      251 kB: netd (pid 740)
      231 kB: /init (pid 1)
      204 kB: adbd (pid 1436)
      108 kB: healthd (pid 733)
      107 kB: debuggerd (pid 741)
       80 kB: FileDesc_server (pid 749)
       75 kB: vold (pid 736)
       75 kB: coocaa_guard (pid 754)
       72 kB: ueventd (pid 512)
       49 kB: servicemanager (pid 735)
       48 kB: RootApp (pid 1106)
       41 kB: logwrapper (pid 1075)
       40 kB: busybox (pid 1638)
       39 kB: sh (pid 734)
       24 kB: keypad (pid 739)
       24 kB: VirtualEvent (pid 1232)
        8 kB: drmserver (pid 745)
        8 kB: keystore (pid 748)
        4 kB: hardwared (pid 737)
        4 kB: installd (pid 747)
        4 kB: smobsd (pid 1258)
        4 kB: sh (pid 1707)
        4 kB: dhcpcd (pid 1861)

Total PSS by OOM adjustment:
    17661 kB: Native
               11074 kB: mediaserver (pid 746)
                1024 kB: logcat (pid 2087)
                 974 kB: surfaceflinger (pid 742)
                 908 kB: zygote (pid 744)
                 745 kB: TvServer (pid 1114)
                 421 kB: app_process (pid 1796)
                 376 kB: sdcard (pid 757)
                 376 kB: wpa_supplicant (pid 1501)
                 259 kB: dumpsys (pid 30719)
                 251 kB: netd (pid 740)
                 231 kB: /init (pid 1)
                 204 kB: adbd (pid 1436)
                 108 kB: healthd (pid 733)
                 107 kB: debuggerd (pid 741)
                  80 kB: FileDesc_server (pid 749)
                  75 kB: vold (pid 736)
