Applications Memory Usage (kB):
Uptime: 394653 Realtime: 394653

Total PSS by process:
    90068 kB: com.tianci.movieplatform (pid 2896 / activities)
    17229 kB: com.coocaa.os.ccosservice (pid 2474)
    17139 kB: system (pid 1347)
    16479 kB: com.tianci.movieplatform:daemon (pid 4955)
    14739 kB: mediaserver (pid 746)
    12422 kB: com.tianci.system (pid 1595)
    11664 kB: com.tianci.de (pid 2849)
    10111 kB: com.tianci.push (pid 1736)
     9980 kB: com.tianci.user (pid 3901)
     9105 kB: com.coocaa.sysreport (pid 3951)
     4711 kB: android.process.media (pid 3037)
     3632 kB: com.coocaa.os.softsettings.provider (pid 1876)
     3544 kB: com.skyworth.android.skyRMService (pid 1584)
     3296 kB: com.dunn.instrument (pid 1575)
     1817 kB: TvServer (pid 1149)
     1765 kB: zygote (pid 743)
     1293 kB: surfaceflinger (pid 742)
     1282 kB: logcat (pid 2014)
     1261 kB: app_process (pid 1775)
      449 kB: wpa_supplicant (pid 1503)
      374 kB: sdcard (pid 756)
      267 kB: netd (pid 740)
      244 kB: keystore (pid 748)
      239 kB: /init (pid 1)
      228 kB: dumpsys (pid 6696)
      216 kB: adbd (pid 1439)
      132 kB: vold (pid 736)
      126 kB: FileDesc_server (pid 749)
      108 kB: healthd (pid 733)
       91 kB: sh (pid 734)
       78 kB: coocaa_guard (pid 752)
       72 kB: ueventd (pid 512)
       53 kB: servicemanager (pid 735)
       52 kB: drmserver (pid 745)
       48 kB: RootApp (pid 1130)
       45 kB: logwrapper (pid 1126)
       40 kB: busybox (pid 1636)
       37 kB: keypad (pid 739)
       32 kB: VirtualEvent (pid 1246)
       27 kB: sh (pid 1682)
       19 kB: hardwared (pid 737)
       11 kB: dhcpcd (pid 1846)
       10 kB: installd (pid 747)
        8 kB: debuggerd (pid 741)
        7 kB: smobsd (pid 1249)

Total PSS by OOM adjustment:
    25170 kB: Native
               14739 kB: mediaserver (pid 746)
                1817 kB: TvServer (pid 1149)
                1765 kB: zygote (pid 743)
                1293 kB: surfaceflinger (pid 742)
                1282 kB: logcat (pid 2014)
                1261 kB: app_process (pid 1775)
                 449 kB: wpa_supplicant (pid 1503)
                 374 kB: sdcard (pid 756)
                 267 kB: netd (pid 740)
                 244 kB: keystore (pid 748)
                 239 kB: /init (pid 1)
                 228 kB: dumpsys (pid 6696)
                 216 kB: adbd (pid 1439)
                 132 kB: vold (pid 736)
                 126 kB: FileDesc_server (pid 749)
                 108 kB: healthd (pid 733)
                  91 kB: sh (pid 734)
                  78 kB: coocaa_guard (pid 752)
                  72 kB: ueventd (pid 512)
                  53 kB: servicemanager (pid 735)
                  52 kB: drmserver (pid 745)
                  48 kB: RootApp (pid 1130)
                  45 kB: logwrapper (pid 1126)
                  40 kB: busybox (pid 1636)
                  37 kB: keypad (pid 739)
                  32 kB: VirtualEvent (pid 1246)
                  27 kB: sh (pid 1682)
                  19 kB: hardwared (pid 737)
                  11 kB: dhcpcd (pid 1846)
                  10 kB: installd (pid 747)
                   8 kB: debuggerd (pid 741)
                   7 kB: smobsd (pid 1249)
    17139 kB: System
               17139 kB: system (pid 1347)
     6840 kB: Persistent
                3544 kB: com.skyworth.android.skyRMService (pid 1584)
                3296 kB: com.dunn.instrument (pid 1575)
   158942 kB: Foreground
               90068 kB: com.tianci.movieplatform (pid 2896 / activities)
               17229 kB: com.coocaa.os.ccosservice (pid 2474)
               12422 kB: com.tianci.system (pid 1595)
               11664 kB: com.tianci.de (pid 2849)
               10111 kB: com.tianci.push (pid 1736)
                9105 kB: com.coocaa.sysreport (pid 3951)
                4711 kB: android.process.media (pid 3037)
                3632 kB: com.coocaa.os.softsettings.provider (pid 1876)
    16479 kB: A Services
               16479 kB: com.tianci.movieplatform:daemon (pid 4955)
     9980 kB: Cached
                9980 kB: com.tianci.user (pid 3901)

Total PSS by category:
    48858 kB: Dalvik
    46175 kB: Dalvik Other
    45314 kB: Unknown
    36784 kB: .dex mmap
    23934 kB: .so mmap
    12728 kB: Native
     6024 kB: Other dev
     4580 kB: Stack
     4560 kB: Ashmem
     2752 kB: Other mmap
     2506 kB: .apk mmap
      331 kB: .ttf mmap
        4 kB: .jar mmap
        0 kB: Cursor
        0 kB: code mmap
        0 kB: image mmap
        0 kB: Graphics
        0 kB: GL
        0 kB: Memtrack

Total RAM: 463128 kB
 Free RAM: 121992 kB (9980 cached pss + 108144 cached + 3868 free)
 Used RAM: 252906 kB (224570 used pss + 5984 buffers + 320 shmem + 22032 slab)
 Lost RAM: 88230 kB
     ZRAM: 10064 kB physical used for 28856 kB in swap (98300 kB total swap)
   Tuning: 48 (large 128), oom 108462 kB, restore limit 36154 kB (low-ram)
Applications Memory Usage (kB):
Uptime: 397486 Realtime: 397486

Total PSS by process:
    89910 kB: com.tianci.movieplatform (pid 2896 / activities)
    17319 kB: system (pid 1347)
    17210 kB: com.coocaa.os.ccosservice (pid 2474)
    16475 kB: com.tianci.movieplatform:daemon (pid 4955)
    14739 kB: mediaserver (pid 746)
    12420 kB: com.tianci.system (pid 1595)
    11632 kB: com.tianci.de (pid 2849)
    10110 kB: com.tianci.push (pid 1736)
     9979 kB: com.tianci.user (pid 3901)
     9104 kB: com.coocaa.sysreport (pid 3951)
     4711 kB: android.process.media (pid 3037)
     3632 kB: com.coocaa.os.softsettings.provider (pid 1876)
     3544 kB: com.skyworth.android.skyRMService (pid 1584)
     3296 kB: com.dunn.instrument (pid 1575)
     1817 kB: TvServer (pid 1149)
     1765 kB: zygote (pid 743)
     1297 kB: surfaceflinger (pid 742)
     1282 kB: logcat (pid 2014)
     1261 kB: app_process (pid 1775)
      449 kB: wpa_supplicant (pid 1503)
      374 kB: sdcard (pid 756)
      267 kB: netd (pid 740)
      244 kB: keystore (pid 748)
      239 kB: /init (pid 1)
      216 kB: adbd (pid 1439)
      132 kB: vold (pid 736)
      126 kB: FileDesc_server (pid 749)
      108 kB: healthd (pid 733)
       91 kB: sh (pid 734)
       78 kB: coocaa_guard (pid 752)
       72 kB: ueventd (pid 512)
       53 kB: servicemanager (pid 735)
       52 kB: drmserver (pid 745)
       48 kB: RootApp (pid 1130)
       45 kB: logwrapper (pid 1126)
       40 kB: busybox (pid 1636)
       37 kB: keypad (pid 739)
       32 kB: VirtualEvent (pid 1246)
       27 kB: sh (pid 1682)
       19 kB: hardwared (pid 737)
       11 kB: dhcpcd (pid 1846)
       10 kB: installd (pid 747)
        8 kB: debuggerd (pid 741)
        7 kB: smobsd (pid 1249)
        0 kB: dumpsys (pid 6696)

Total PSS by OOM adjustment:
    24946 kB: Native
               14739 kB: mediaserver (pid 746)
                1817 kB: TvServer (pid 1149)
                1765 kB: zygote (pid 743)
                1297 kB: surfaceflinger (pid 742)
                1282 kB: logcat (pid 2014)
                1261 kB: app_process (pid 1775)
                 449 kB: wpa_supplicant (pid 1503)
                 374 kB: sdcard (pid 756)
                 267 kB: netd (pid 740)
                 244 kB: keystore (pid 748)
                 239 kB: /init (pid 1)
                 216 kB: adbd (pid 1439)
                 132 kB: vold (pid 736)
                 126 kB: FileDesc_server (pid 749)
                 108 kB: healthd (pid 733)
                  91 kB: sh (pid 734)
                  78 kB: coocaa_guard (pid 752)
                  72 kB: ueventd (pid 512)
                  53 kB: servicemanager (pid 735)
                  52 kB: drmserver (pid 745)
                  48 kB: RootApp (pid 1130)
                  45 kB: logwrapper (pid 1126)
                  40 kB: busybox (pid 1636)
                  37 kB: keypad (pid 739)
                  32 kB: VirtualEvent (pid 1246)
                  27 kB: sh (pid 1682)
                  19 kB: hardwared (pid 737)
                  11 kB: dhcpcd (pid 1846)
                  10 kB: installd (pid 747)
                   8 kB: debuggerd (pid 741)
                   7 kB: smobsd (pid 1249)
                   0 kB: dumpsys (pid 6696)
    17319 kB: System
               17319 kB: system (pid 1347)
     6840 kB: Persistent
                3544 kB: com.skyworth.android.skyRMService (pid 1584)
                3296 kB: com.dunn.instrument (pid 1575)
   158729 kB: Foreground
               89910 kB: com.tianci.movieplatform (pid 2896 / activities)
               17210 kB: com.coocaa.os.ccosservice (pid 2474)
               12420 kB: com.tianci.system (pid 1595)
               11632 kB: com.tianci.de (pid 2849)
               10110 kB: com.tianci.push (pid 1736)
                9104 kB: com.coocaa.sysreport (pid 3951)
                4711 kB: android.process.media (pid 3037)
                3632 kB: com.coocaa.os.softsettings.provider (pid 1876)
    16475 kB: A Services
               16475 kB: com.tianci.movieplatform:daemon (pid 4955)
     9979 kB: Cached
                9979 kB: com.tianci.user (pid 3901)

Total PSS by category:
    48855 kB: Dalvik
    46183 kB: Dalvik Other
    45246 kB: Unknown
    36829 kB: .dex mmap
    23723 kB: .so mmap
    12724 kB: Native
     6020 kB: Other dev
     4576 kB: Stack
     4560 kB: Ashmem
     2731 kB: Other mmap
     2506 kB: .apk mmap
      331 kB: .ttf mmap
        4 kB: .jar mmap
        0 kB: Cursor
        0 kB: code mmap
        0 kB: image mmap
        0 kB: Graphics
        0 kB: GL
        0 kB: Memtrack

Total RAM: 463128 kB
 Free RAM: 121719 kB (9979 cached pss + 106644 cached + 5096 free)
 Used RAM: 252517 kB (224309 used pss + 5796 buffers + 320 shmem + 22092 slab)
 Lost RAM: 88892 kB
     ZRAM: 10080 kB physical used for 28908 kB in swap (98300 kB total swap)
   Tuning: 48 (large 128), oom 108462 kB, restore limit 36154 kB (low-ram)
Applications Memory Usage (kB):
Uptime: 400146 Realtime: 400146

Total PSS by process:
    89910 kB: com.tianci.movieplatform (pid 2896 / activities)
    17235 kB: system (pid 1347)
    17174 kB: com.coocaa.os.ccosservice (pid 2474)
    16477 kB: com.tianci.movieplatform:daemon (pid 4955)
    14743 kB: mediaserver (pid 746)
    12420 kB: com.tianci.system (pid 1595)
    11592 kB: com.tianci.de (pid 2849)
    10074 kB: com.tianci.push (pid 1736)
     9979 kB: com.tianci.user (pid 3901)
     9104 kB: com.coocaa.sysreport (pid 3951)
     4711 kB: android.process.media (pid 3037)
     3632 kB: com.coocaa.os.softsettings.provider (pid 1876)
     3544 kB: com.skyworth.android.skyRMService (pid 1584)
     3296 kB: com.dunn.instrument (pid 1575)
     1817 kB: TvServer (pid 1149)
     1765 kB: zygote (pid 743)
     1293 kB: surfaceflinger (pid 742)
     1282 kB: logcat (pid 2014)
     1261 kB: app_process (pid 1775)
      449 kB: wpa_supplicant (pid 1503)
      374 kB: sdcard (pid 756)
      267 kB: netd (pid 740)
      244 kB: keystore (pid 748)
      239 kB: /init (pid 1)
      228 kB: dumpsys (pid 6808)
      216 kB: adbd (pid 1439)
      132 kB: vold (pid 736)
      126 kB: FileDesc_server (pid 749)
      108 kB: healthd (pid 733)
       91 kB: sh (pid 734)
       78 kB: coocaa_guard (pid 752)
       72 kB: ueventd (pid 512)
       53 kB: servicemanager (pid 735)
       52 kB: drmserver (pid 745)
       48 kB: RootApp (pid 1130)
       45 kB: logwrapper (pid 1126)
       40 kB: busybox (pid 1636)
       37 kB: keypad (pid 739)
       32 kB: VirtualEvent (pid 1246)
       27 kB: sh (pid 1682)
       19 kB: hardwared (pid 737)
       11 kB: dhcpcd (pid 1846)
       10 kB: installd (pid 747)
        8 kB: debuggerd (pid 741)
        7 kB: smobsd (pid 1249)

Total PSS by OOM adjustment:
    25174 kB: Native
               14743 kB: mediaserver (pid 746)
                1817 kB: TvServer (pid 1149)
                1765 kB: zygote (pid 743)
                1293 kB: surfaceflinger (pid 742)
                1282 kB: logcat (pid 2014)
                1261 kB: app_process (pid 1775)
                 449 kB: wpa_supplicant (pid 1503)
                 374 kB: sdcard (pid 756)
                 267 kB: netd (pid 740)
                 244 kB: keystore (pid 748)
                 239 kB: /init (pid 1)
                 228 kB: dumpsys (pid 6808)
                 216 kB: adbd (pid 1439)
                 132 kB: vold (pid 736)
                 126 kB: FileDesc_server (pid 749)
                 108 kB: healthd (pid 733)
                  91 kB: sh (pid 734)
                  78 kB: coocaa_guard (pid 752)
                  72 kB: ueventd (pid 512)
                  53 kB: servicemanager (pid 735)
                  52 kB: drmserver (pid 745)
                  48 kB: RootApp (pid 1130)
                  45 kB: logwrapper (pid 1126)
                  40 kB: busybox (pid 1636)
                  37 kB: keypad (pid 739)
                  32 kB: VirtualEvent (pid 1246)
                  27 kB: sh (pid 1682)
                  19 kB: hardwared (pid 737)
                  11 kB: dhcpcd (pid 1846)
                  10 kB: installd (pid 747)
                   8 kB: debuggerd (pid 741)
                   7 kB: smobsd (pid 1249)
    17235 kB: System
               17235 kB: system (pid 1347)
     6840 kB: Persistent
                3544 kB: com.skyworth.android.skyRMService (pid 1584)
                3296 kB: com.dunn.instrument (pid 1575)
   158617 kB: Foreground
               89910 kB: com.tianci.movieplatform (pid 2896 / activities)
               17174 kB: com.coocaa.os.ccosservice (pid 2474)
               12420 kB: com.tianci.system (pid 1595)
               11592 kB: com.tianci.de (pid 2849)
               10074 kB: com.tianci.push (pid 1736)
                9104 kB: com.coocaa.sysreport (pid 3951)
                4711 kB: android.process.media (pid 3037)
                3632 kB: com.coocaa.os.softsettings.provider (pid 1876)
    16477 kB: A Services
               16477 kB: com.tianci.movieplatform:daemon (pid 4955)
     9979 kB: Cached
                9979 kB: com.tianci.user (pid 3901)

Total PSS by category:
    48967 kB: Dalvik
    46179 kB: Dalvik Other
    45042 kB: Unknown
    36765 kB: .dex mmap
    23900 kB: .so mmap
    12728 kB: Native
     6024 kB: Other dev
     4564 kB: Ashmem
     4560 kB: Stack
     2752 kB: Other mmap
     2506 kB: .apk mmap
      331 kB: .ttf mmap
        4 kB: .jar mmap
        0 kB: Cursor
        0 kB: code mmap
        0 kB: image mmap
        0 kB: Graphics
        0 kB: GL
        0 kB: Memtrack

Total RAM: 463128 kB
 Free RAM: 121783 kB (9979 cached pss + 105460 cached + 6344 free)
 Used RAM: 252399 kB (224343 used pss + 5588 buffers + 324 shmem + 22144 slab)
 Lost RAM: 88946 kB
     ZRAM: 10092 kB physical used for 28996 kB in swap (98300 kB total swap)
   Tuning: 48 (large 128), oom 108462 kB, restore limit 36154 kB (low-ram)
Applications Memory Usage (kB):
Uptime: 402896 Realtime: 402896

Total PSS by process:
    90202 kB: com.tianci.movieplatform (pid 2896 / activities)
    17355 kB: system (pid 1347)
    17086 kB: com.coocaa.os.ccosservice (pid 2474)
    16477 kB: com.tianci.movieplatform:daemon (pid 4955)
    14743 kB: mediaserver (pid 746)
    12420 kB: com.tianci.system (pid 1595)
    11560 kB: com.tianci.de (pid 2849)
    10074 kB: com.tianci.push (pid 1736)
     9979 kB: com.tianci.user (pid 3901)
     9104 kB: com.coocaa.sysreport (pid 3951)
     4711 kB: android.process.media (pid 3037)
     3632 kB: com.coocaa.os.softsettings.provider (pid 1876)
     3552 kB: com.skyworth.android.skyRMService (pid 1584)
     3296 kB: com.dunn.instrument (pid 1575)
     1817 kB: TvServer (pid 1149)
     1764 kB: zygote (pid 743)
     1293 kB: surfaceflinger (pid 742)
     1282 kB: logcat (pid 2014)
     1261 kB: app_process (pid 1775)
      449 kB: wpa_supplicant (pid 1503)
      374 kB: sdcard (pid 756)
      267 kB: netd (pid 740)
      244 kB: keystore (pid 748)
      239 kB: /init (pid 1)
      216 kB: adbd (pid 1439)
      132 kB: vold (pid 736)
      126 kB: FileDesc_server (pid 749)
      108 kB: healthd (pid 733)
       91 kB: sh (pid 734)
       78 kB: coocaa_guard (pid 752)
       72 kB: ueventd (pid 512)
       53 kB: servicemanager (pid 735)
       52 kB: drmserver (pid 745)
       48 kB: RootApp (pid 1130)
       45 kB: logwrapper (pid 1126)
       40 kB: busybox (pid 1636)
       37 kB: keypad (pid 739)
       32 kB: VirtualEvent (pid 1246)
       27 kB: sh (pid 1682)
       19 kB: hardwared (pid 737)
       11 kB: dhcpcd (pid 1846)
       10 kB: installd (pid 747)
        8 kB: debuggerd (pid 741)
        7 kB: smobsd (pid 1249)
        0 kB: dumpsys (pid 6808)

Total PSS by OOM adjustment:
    24945 kB: Native
               14743 kB: mediaserver (pid 746)
                1817 kB: TvServer (pid 1149)
                1764 kB: zygote (pid 743)
                1293 kB: surfaceflinger (pid 742)
                1282 kB: logcat (pid 2014)
                1261 kB: app_process (pid 1775)
                 449 kB: wpa_supplicant (pid 1503)
                 374 kB: sdcard (pid 756)
                 267 kB: netd (pid 740)
                 244 kB: keystore (pid 748)
                 239 kB: /init (pid 1)
                 216 kB: adbd (pid 1439)
                 132 kB: vold (pid 736)
                 126 kB: FileDesc_server (pid 749)
                 108 kB: healthd (pid 733)
                  91 kB: sh (pid 734)
                  78 kB: coocaa_guard (pid 752)
                  72 kB: ueventd (pid 512)
                  53 kB: servicemanager (pid 735)
                  52 kB: drmserver (pid 745)
                  48 kB: RootApp (pid 1130)
                  45 kB: logwrapper (pid 1126)
                  40 kB: busybox (pid 1636)
                  37 kB: keypad (pid 739)
                  32 kB: VirtualEvent (pid 1246)
                  27 kB: sh (pid 1682)
                  19 kB: hardwared (pid 737)
                  11 kB: dhcpcd (pid 1846)
                  10 kB: installd (pid 747)
                   8 kB: debuggerd (pid 741)
                   7 kB: smobsd (pid 1249)
                   0 kB: dumpsys (pid 6808)
    17355 kB: System
               17355 kB: system (pid 1347)
     6848 kB: Persistent
                3552 kB: com.skyworth.android.skyRMService (pid 1584)
                3296 kB: com.dunn.instrument (pid 1575)
   158789 kB: Foreground
               90202 kB: com.tianci.movieplatform (pid 2896 / activities)
               17086 kB: com.coocaa.os.ccosservice (pid 2474)
               12420 kB: com.tianci.system (pid 1595)
               11560 kB: com.tianci.de (pid 2849)
               10074 kB: com.tianci.push (pid 1736)
                9104 kB: com.coocaa.sysreport (pid 3951)
                4711 kB: android.process.media (pid 3037)
                3632 kB: com.coocaa.os.softsettings.provider (pid 1876)
    16477 kB: A Services
               16477 kB: com.tianci.movieplatform:daemon (pid 4955)
     9979 kB: Cached
                9979 kB: com.tianci.user (pid 3901)

Total PSS by category:
    49047 kB: Dalvik
    46159 kB: Dalvik Other
    45690 kB: Unknown
    36673 kB: .dex mmap
    23360 kB: .so mmap
    12724 kB: Native
     6020 kB: Other dev
     4584 kB: Stack
     4564 kB: Ashmem
     2731 kB: Other mmap
     2506 kB: .apk mmap
      331 kB: .ttf mmap
        4 kB: .jar mmap
        0 kB: Cursor
        0 kB: code mmap
        0 kB: image mmap
        0 kB: Graphics
        0 kB: GL
        0 kB: Memtrack

Total RAM: 463128 kB
 Free RAM: 120283 kB (9979 cached pss + 104736 cached + 5568 free)
 Used RAM: 252462 kB (224414 used pss + 5556 buffers + 324 shmem + 22168 slab)
 Lost RAM: 90383 kB
     ZRAM: 10092 kB physical used for 29020 kB in swap (98300 kB total swap)
   Tuning: 48 (large 128), oom 108462 kB, restore limit 36154 kB (low-ram)
Applications Memory Usage (kB):
Uptime: 405825 Realtime: 405825

Total PSS by process:
    91950 kB: com.tianci.movieplatform (pid 2896 / activities)
    17450 kB: system (pid 1347)
    17078 kB: com.coocaa.os.ccosservice (pid 2474)
    16477 kB: com.tianci.movieplatform:daemon (pid 4955)
    14743 kB: mediaserver (pid 746)
    12428 kB: com.tianci.system (pid 1595)
    11512 kB: com.tianci.de (pid 2849)
    10074 kB: com.tianci.push (pid 1736)
     9979 kB: com.tianci.user (pid 3901)
     9104 kB: com.coocaa.sysreport (pid 3951)
     4711 kB: android.process.media (pid 3037)
     3632 kB: com.coocaa.os.softsettings.provider (pid 1876)
     3552 kB: com.skyworth.android.skyRMService (pid 1584)
     3297 kB: com.dunn.instrument (pid 1575)
     1817 kB: TvServer (pid 1149)
     1765 kB: zygote (pid 743)
     1293 kB: surfaceflinger (pid 742)
     1282 kB: logcat (pid 2014)
     1261 kB: app_process (pid 1775)
      449 kB: wpa_supplicant (pid 1503)
      374 kB: sdcard (pid 756)
      265 kB: netd (pid 740)
      244 kB: keystore (pid 748)
      239 kB: /init (pid 1)
      228 kB: dumpsys (pid 6941)
      220 kB: adbd (pid 1439)
      132 kB: vold (pid 736)
      126 kB: FileDesc_server (pid 749)
      108 kB: healthd (pid 733)
       91 kB: sh (pid 734)
       78 kB: coocaa_guard (pid 752)
       72 kB: ueventd (pid 512)
       53 kB: servicemanager (pid 735)
       52 kB: drmserver (pid 745)
       48 kB: RootApp (pid 1130)
       45 kB: logwrapper (pid 1126)
       40 kB: busybox (pid 1636)
       37 kB: keypad (pid 739)
       32 kB: VirtualEvent (pid 1246)
       27 kB: sh (pid 1682)
       19 kB: hardwared (pid 737)
       11 kB: dhcpcd (pid 1846)
       10 kB: installd (pid 747)
        8 kB: debuggerd (pid 741)
        7 kB: smobsd (pid 1249)

Total PSS by OOM adjustment:
    25176 kB: Native
               14743 kB: mediaserver (pid 746)
                1817 kB: TvServer (pid 1149)
                1765 kB: zygote (pid 743)
                1293 kB: surfaceflinger (pid 742)
                1282 kB: logcat (pid 2014)
                1261 kB: app_process (pid 1775)
                 449 kB: wpa_supplicant (pid 1503)
                 374 kB: sdcard (pid 756)
                 265 kB: netd (pid 740)
                 244 kB: keystore (pid 748)
                 239 kB: /init (pid 1)
                 228 kB: dumpsys (pid 6941)
                 220 kB: adbd (pid 1439)
                 132 kB: vold (pid 736)
                 126 kB: FileDesc_server (pid 749)
                 108 kB: healthd (pid 733)
                  91 kB: sh (pid 734)
                  78 kB: coocaa_guard (pid 752)
                  72 kB: ueventd (pid 512)
                  53 kB: servicemanager (pid 735)
                  52 kB: drmserver (pid 745)
                  48 kB: RootApp (pid 1130)
                  45 kB: logwrapper (pid 1126)
                  40 kB: busybox (pid 1636)
                  37 kB: keypad (pid 739)
                  32 kB: VirtualEvent (pid 1246)
                  27 kB: sh (pid 1682)
                  19 kB: hardwared (pid 737)
                  11 kB: dhcpcd (pid 1846)
                  10 kB: installd (pid 747)
                   8 kB: debuggerd (pid 741)
                   7 kB: smobsd (pid 1249)
    17450 kB: System
               17450 kB: system (pid 1347)
     6849 kB: Persistent
                3552 kB: com.skyworth.android.skyRMService (pid 1584)
                3297 kB: com.dunn.instrument (pid 1575)
   160489 kB: Foreground
               91950 kB: com.tianci.movieplatform (pid 2896 / activities)
               17078 kB: com.coocaa.os.ccosservice (pid 2474)
               12428 kB: com.tianci.system (pid 1595)
               11512 kB: com.tianci.de (pid 2849)
               10074 kB: com.tianci.push (pid 1736)
                9104 kB: com.coocaa.sysreport (pid 3951)
                4711 kB: android.process.media (pid 3037)
                3632 kB: com.coocaa.os.softsettings.provider (pid 1876)
    16477 kB: A Services
               16477 kB: com.tianci.movieplatform:daemon (pid 4955)
     9979 kB: Cached
                9979 kB: com.tianci.user (pid 3901)

Total PSS by category:
    49183 kB: Dalvik
    47110 kB: Unknown
    46134 kB: Dalvik Other
    36654 kB: .dex mmap
    23866 kB: .so mmap
    12728 kB: Native
     6024 kB: Other dev
     4564 kB: Stack
     4564 kB: Ashmem
     2752 kB: Other mmap
     2506 kB: .apk mmap
      331 kB: .ttf mmap
        4 kB: .jar mmap
        0 kB: Cursor
        0 kB: code mmap
        0 kB: image mmap
        0 kB: Graphics
        0 kB: GL
        0 kB: Memtrack

Total RAM: 463128 kB
 Free RAM: 119655 kB (9979 cached pss + 102248 cached + 7428 free)
 Used RAM: 254405 kB (226441 used pss + 5472 buffers + 324 shmem + 22168 slab)
 Lost RAM: 89068 kB
     ZRAM: 10104 kB physical used for 29064 kB in swap (98300 kB total swap)
   Tuning: 48 (large 128), oom 108462 kB, restore limit 36154 kB (low-ram)
Applications Memory Usage (kB):
Uptime: 408587 Realtime: 408587

Total PSS by process:
    91804 kB: com.tianci.movieplatform (pid 2896 / activities)
    17454 kB: system (pid 1347)
    17078 kB: com.coocaa.os.ccosservice (pid 2474)
    16477 kB: com.tianci.movieplatform:daemon (pid 4955)
    14743 kB: mediaserver (pid 746)
    12428 kB: com.tianci.system (pid 1595)
    11488 kB: com.tianci.de (pid 2849)
    10074 kB: com.tianci.push (pid 1736)
     9979 kB: com.tianci.user (pid 3901)
     9104 kB: com.coocaa.sysreport (pid 3951)
     4711 kB: android.process.media (pid 3037)
     3632 kB: com.coocaa.os.softsettings.provider (pid 1876)
     3552 kB: com.skyworth.android.skyRMService (pid 1584)
     3297 kB: com.dunn.instrument (pid 1575)
     1817 kB: TvServer (pid 1149)
     1765 kB: zygote (pid 743)
     1293 kB: surfaceflinger (pid 742)
     1282 kB: logcat (pid 2014)
     1261 kB: app_process (pid 1775)
      449 kB: wpa_supplicant (pid 1503)
      374 kB: sdcard (pid 756)
      265 kB: netd (pid 740)
      244 kB: keystore (pid 748)
      239 kB: /init (pid 1)
      216 kB: adbd (pid 1439)
      132 kB: vold (pid 736)
      126 kB: FileDesc_server (pid 749)
      108 kB: healthd (pid 733)
       91 kB: sh (pid 734)
       78 kB: coocaa_guard (pid 752)
       72 kB: ueventd (pid 512)
       53 kB: servicemanager (pid 735)
       52 kB: drmserver (pid 745)
       48 kB: RootApp (pid 1130)
       45 kB: logwrapper (pid 1126)
       40 kB: busybox (pid 1636)
       37 kB: keypad (pid 739)
       32 kB: VirtualEvent (pid 1246)
       27 kB: sh (pid 1682)
       19 kB: hardwared (pid 737)
       11 kB: dhcpcd (pid 1846)
       10 kB: installd (pid 747)
        8 kB: debuggerd (pid 741)
        7 kB: smobsd (pid 1249)
        0 kB: dumpsys (pid 6941)

Total PSS by OOM adjustment:
    24944 kB: Native
               14743 kB: mediaserver (pid 746)
                1817 kB: TvServer (pid 1149)
                1765 kB: zygote (pid 743)
                1293 kB: surfaceflinger (pid 742)
                1282 kB: logcat (pid 2014)
                1261 kB: app_process (pid 1775)
                 449 kB: wpa_supplicant (pid 1503)
                 374 kB: sdcard (pid 756)
                 265 kB: netd (pid 740)
                 244 kB: keystore (pid 748)
                 239 kB: /init (pid 1)
                 216 kB: adbd (pid 1439)
                 132 kB: vold (pid 736)
                 126 kB: FileDesc_server (pid 749)
                 108 kB: healthd (pid 733)
                  91 kB: sh (pid 734)
                  78 kB: coocaa_guard (pid 752)
                  72 kB: ueventd (pid 512)
                  53 kB: servicemanager (pid 735)
                  52 kB: drmserver (pid 745)
                  48 kB: RootApp (pid 1130)
                  45 kB: logwrapper (pid 1126)
                  40 kB: busybox (pid 1636)
                  37 kB: keypad (pid 739)
                  32 kB: VirtualEvent (pid 1246)
                  27 kB: sh (pid 1682)
                  19 kB: hardwared (pid 737)
                  11 kB: dhcpcd (pid 1846)
                  10 kB: installd (pid 747)
                   8 kB: debuggerd (pid 741)
                   7 kB: smobsd (pid 1249)
                   0 kB: dumpsys (pid 6941)
    17454 kB: System
               17454 kB: system (pid 1347)
     6849 kB: Persistent
                3552 kB: com.skyworth.android.skyRMService (pid 1584)
                3297 kB: com.dunn.instrument (pid 1575)
   160319 kB: Foreground
               91804 kB: com.tianci.movieplatform (pid 2896 / activities)
               17078 kB: com.coocaa.os.ccosservice (pid 2474)
               12428 kB: com.tianci.system (pid 1595)
               11488 kB: com.tianci.de (pid 2849)
               10074 kB: com.tianci.push (pid 1736)
                9104 kB: com.coocaa.sysreport (pid 3951)
                4711 kB: android.process.media (pid 3037)
                3632 kB: com.coocaa.os.softsettings.provider (pid 1876)
    16477 kB: A Services
               16477 kB: com.tianci.movieplatform:daemon (pid 4955)
     9979 kB: Cached
                9979 kB: com.tianci.user (pid 3901)

Total PSS by category:
    49079 kB: Dalvik
    47050 kB: Unknown
    46122 kB: Dalvik Other
    36650 kB: .dex mmap
    23685 kB: .so mmap
    12724 kB: Native
     6020 kB: Other dev
     4564 kB: Ashmem
     4556 kB: Stack
     2731 kB: Other mmap
     2506 kB: .apk mmap
      331 kB: .ttf mmap
        4 kB: .jar mmap
        0 kB: Cursor
        0 kB: code mmap
        0 kB: image mmap
        0 kB: Graphics
        0 kB: GL
        0 kB: Memtrack

Total RAM: 463128 kB
 Free RAM: 119975 kB (9979 cached pss + 102184 cached + 7812 free)
 Used RAM: 254015 kB (226043 used pss + 5472 buffers + 324 shmem + 22176 slab)
 Lost RAM: 89138 kB
     ZRAM: 10104 kB physical used for 29068 kB in swap (98300 kB total swap)
   Tuning: 48 (large 128), oom 108462 kB, restore limit 36154 kB (low-ram)
Applications Memory Usage (kB):
Uptime: 411174 Realtime: 411174

Total PSS by process:
    91844 kB: com.tianci.movieplatform (pid 2896 / activities)
    17170 kB: system (pid 1347)
    17078 kB: com.coocaa.os.ccosservice (pid 2474)
    16477 kB: com.tianci.movieplatform:daemon (pid 4955)
    14743 kB: mediaserver (pid 746)
    12428 kB: com.tianci.system (pid 1595)
    11500 kB: com.tianci.de (pid 2849)
    10074 kB: com.tianci.push (pid 1736)
     9979 kB: com.tianci.user (pid 3901)
     9104 kB: com.coocaa.sysreport (pid 3951)
     4710 kB: android.process.media (pid 3037)
     3632 kB: com.coocaa.os.softsettings.provider (pid 1876)
     3564 kB: com.skyworth.android.skyRMService (pid 1584)
     3297 kB: com.dunn.instrument (pid 1575)
     1817 kB: TvServer (pid 1149)
     1765 kB: zygote (pid 743)
     1293 kB: surfaceflinger (pid 742)
     1282 kB: logcat (pid 2014)
     1261 kB: app_process (pid 1775)
      449 kB: wpa_supplicant (pid 1503)
      374 kB: sdcard (pid 756)
      265 kB: netd (pid 740)
      244 kB: keystore (pid 748)
      239 kB: /init (pid 1)
      228 kB: dumpsys (pid 7055)
      216 kB: adbd (pid 1439)
      132 kB: vold (pid 736)
      126 kB: FileDesc_server (pid 749)
      108 kB: healthd (pid 733)
       91 kB: sh (pid 734)
       78 kB: coocaa_guard (pid 752)
       72 kB: ueventd (pid 512)
       53 kB: servicemanager (pid 735)
       52 kB: drmserver (pid 745)
       48 kB: RootApp (pid 1130)
       45 kB: logwrapper (pid 1126)
       40 kB: busybox (pid 1636)
       37 kB: keypad (pid 739)
       32 kB: VirtualEvent (pid 1246)
       27 kB: sh (pid 1682)
       19 kB: hardwared (pid 737)
       11 kB: dhcpcd (pid 1846)
       10 kB: installd (pid 747)
        8 kB: debuggerd (pid 741)
        7 kB: smobsd (pid 1249)

Total PSS by OOM adjustment:
    25172 kB: Native
               14743 kB: mediaserver (pid 746)
                1817 kB: TvServer (pid 1149)
                1765 kB: zygote (pid 743)
                1293 kB: surfaceflinger (pid 742)
                1282 kB: logcat (pid 2014)
                1261 kB: app_process (pid 1775)
                 449 kB: wpa_supplicant (pid 1503)
                 374 kB: sdcard (pid 756)
                 265 kB: netd (pid 740)
                 244 kB: keystore (pid 748)
                 239 kB: /init (pid 1)
                 228 kB: dumpsys (pid 7055)
                 216 kB: adbd (pid 1439)
                 132 kB: vold (pid 736)
                 126 kB: FileDesc_server (pid 749)
                 108 kB: healthd (pid 733)
                  91 kB: sh (pid 734)
                  78 kB: coocaa_guard (pid 752)
                  72 kB: ueventd (pid 512)
                  53 kB: servicemanager (pid 735)
                  52 kB: drmserver (pid 745)
                  48 kB: RootApp (pid 1130)
                  45 kB: logwrapper (pid 1126)
                  40 kB: busybox (pid 1636)
                  37 kB: keypad (pid 739)
                  32 kB: VirtualEvent (pid 1246)
                  27 kB: sh (pid 1682)
                  19 kB: hardwared (pid 737)
                  11 kB: dhcpcd (pid 1846)
                  10 kB: installd (pid 747)
                   8 kB: debuggerd (pid 741)
                   7 kB: smobsd (pid 1249)
    17170 kB: System
               17170 kB: system (pid 1347)
     6861 kB: Persistent
                3564 kB: com.skyworth.android.skyRMService (pid 1584)
                3297 kB: com.dunn.instrument (pid 1575)
   160370 kB: Foreground
               91844 kB: com.tianci.movieplatform (pid 2896 / activities)
               17078 kB: com.coocaa.os.ccosservice (pid 2474)
               12428 kB: com.tianci.system (pid 1595)
               11500 kB: com.tianci.de (pid 2849)
               10074 kB: com.tianci.push (pid 1736)
                9104 kB: com.coocaa.sysreport (pid 3951)
                4710 kB: android.process.media (pid 3037)
                3632 kB: com.coocaa.os.softsettings.provider (pid 1876)
    16477 kB: A Services
               16477 kB: com.tianci.movieplatform:daemon (pid 4955)
     9979 kB: Cached
                9979 kB: com.tianci.user (pid 3901)

Total PSS by category:
    48971 kB: Dalvik
    46942 kB: Unknown
    46122 kB: Dalvik Other
    36654 kB: .dex mmap
    23867 kB: .so mmap
    12728 kB: Native
     6024 kB: Other dev
     4564 kB: Stack
     4564 kB: Ashmem
     2752 kB: Other mmap
     2506 kB: .apk mmap
      331 kB: .ttf mmap
        4 kB: .jar mmap
        0 kB: Cursor
        0 kB: code mmap
        0 kB: image mmap
        0 kB: Graphics
        0 kB: GL
        0 kB: Memtrack

Total RAM: 463128 kB
 Free RAM: 120195 kB (9979 cached pss + 102184 cached + 8032 free)
 Used RAM: 254046 kB (226050 used pss + 5488 buffers + 324 shmem + 22184 slab)
 Lost RAM: 88887 kB
     ZRAM: 10104 kB physical used for 29068 kB in swap (98300 kB total swap)
   Tuning: 48 (large 128), oom 108462 kB, restore limit 36154 kB (low-ram)
Applications Memory Usage (kB):
Uptime: 413841 Realtime: 413841

Total PSS by process:
    92264 kB: com.tianci.movieplatform (pid 2896 / activities)
    17382 kB: system (pid 1347)
    17078 kB: com.coocaa.os.ccosservice (pid 2474)
    16477 kB: com.tianci.movieplatform:daemon (pid 4955)
    14819 kB: mediaserver (pid 746)
    12428 kB: com.tianci.system (pid 1595)
    11476 kB: com.tianci.de (pid 2849)
    10074 kB: com.tianci.push (pid 1736)
     9979 kB: com.tianci.user (pid 3901)
     9104 kB: com.coocaa.sysreport (pid 3951)
     4711 kB: android.process.media (pid 3037)
     3632 kB: com.coocaa.os.softsettings.provider (pid 1876)
     3564 kB: com.skyworth.android.skyRMService (pid 1584)
     3297 kB: com.dunn.instrument (pid 1575)
     1817 kB: TvServer (pid 1149)
     1765 kB: zygote (pid 743)
     1293 kB: surfaceflinger (pid 742)
     1282 kB: logcat (pid 2014)
     1261 kB: app_process (pid 1775)
      449 kB: wpa_supplicant (pid 1503)
      374 kB: sdcard (pid 756)
      265 kB: netd (pid 740)
      244 kB: keystore (pid 748)
      239 kB: /init (pid 1)
      216 kB: adbd (pid 1439)
      132 kB: vold (pid 736)
      126 kB: FileDesc_server (pid 749)
      108 kB: healthd (pid 733)
       91 kB: sh (pid 734)
       78 kB: coocaa_guard (pid 752)
       72 kB: ueventd (pid 512)
       53 kB: servicemanager (pid 735)
       52 kB: drmserver (pid 745)
       48 kB: RootApp (pid 1130)
       45 kB: logwrapper (pid 1126)
       40 kB: busybox (pid 1636)
       37 kB: keypad (pid 739)
       32 kB: VirtualEvent (pid 1246)
       27 kB: sh (pid 1682)
       19 kB: hardwared (pid 737)
       11 kB: dhcpcd (pid 1846)
       10 kB: installd (pid 747)
        8 kB: debuggerd (pid 741)
        7 kB: smobsd (pid 1249)
        0 kB: dumpsys (pid 7055)

Total PSS by OOM adjustment:
    25020 kB: Native
               14819 kB: mediaserver (pid 746)
                1817 kB: TvServer (pid 1149)
                1765 kB: zygote (pid 743)
                1293 kB: surfaceflinger (pid 742)
                1282 kB: logcat (pid 2014)
                1261 kB: app_process (pid 1775)
                 449 kB: wpa_supplicant (pid 1503)
                 374 kB: sdcard (pid 756)
                 265 kB: netd (pid 740)
                 244 kB: keystore (pid 748)
                 239 kB: /init (pid 1)
                 216 kB: adbd (pid 1439)
                 132 kB: vold (pid 736)
                 126 kB: FileDesc_server (pid 749)
                 108 kB: healthd (pid 733)
                  91 kB: sh (pid 734)
                  78 kB: coocaa_guard (pid 752)
                  72 kB: ueventd (pid 512)
                  53 kB: servicemanager (pid 735)
                  52 kB: drmserver (pid 745)
                  48 kB: RootApp (pid 1130)
                  45 kB: logwrapper (pid 1126)
                  40 kB: busybox (pid 1636)
                  37 kB: keypad (pid 739)
                  32 kB: VirtualEvent (pid 1246)
                  27 kB: sh (pid 1682)
                  19 kB: hardwared (pid 737)
                  11 kB: dhcpcd (pid 1846)
                  10 kB: installd (pid 747)
                   8 kB: debuggerd (pid 741)
                   7 kB: smobsd (pid 1249)
                   0 kB: dumpsys (pid 7055)
    17382 kB: System
               17382 kB: system (pid 1347)
     6861 kB: Persistent
                3564 kB: com.skyworth.android.skyRMService (pid 1584)
                3297 kB: com.dunn.instrument (pid 1575)
   160767 kB: Foreground
               92264 kB: com.tianci.movieplatform (pid 2896 / activities)
               17078 kB: com.coocaa.os.ccosservice (pid 2474)
               12428 kB: com.tianci.system (pid 1595)
               11476 kB: com.tianci.de (pid 2849)
               10074 kB: com.tianci.push (pid 1736)
                9104 kB: com.coocaa.sysreport (pid 3951)
                4711 kB: android.process.media (pid 3037)
                3632 kB: com.coocaa.os.softsettings.provider (pid 1876)
    16477 kB: A Services
               16477 kB: com.tianci.movieplatform:daemon (pid 4955)
     9979 kB: Cached
                9979 kB: com.tianci.user (pid 3901)

Total PSS by category:
    49043 kB: Dalvik
    47450 kB: Unknown
    46106 kB: Dalvik Other
    36654 kB: .dex mmap
    23685 kB: .so mmap
    12724 kB: Native
     6024 kB: Other dev
     4640 kB: Ashmem
     4588 kB: Stack
     2731 kB: Other mmap
     2506 kB: .apk mmap
      331 kB: .ttf mmap
        4 kB: .jar mmap
        0 kB: Cursor
        0 kB: code mmap
        0 kB: image mmap
        0 kB: Graphics
        0 kB: GL
        0 kB: Memtrack

Total RAM: 463128 kB
 Free RAM: 118535 kB (9979 cached pss + 101012 cached + 7544 free)
 Used RAM: 254559 kB (226507 used pss + 5456 buffers + 400 shmem + 22196 slab)
 Lost RAM: 90034 kB
     ZRAM: 10104 kB physical used for 29096 kB in swap (98300 kB total swap)
   Tuning: 48 (large 128), oom 108462 kB, restore limit 36154 kB (low-ram)
Applications Memory Usage (kB):
Uptime: 416723 Realtime: 416723

Total PSS by process:
    93698 kB: com.tianci.movieplatform (pid 2896 / activities)
    17453 kB: system (pid 1347)
    17070 kB: com.coocaa.os.ccosservice (pid 2474)
    16477 kB: com.tianci.movieplatform:daemon (pid 4955)
    14819 kB: mediaserver (pid 746)
    12424 kB: com.tianci.system (pid 1595)
    11424 kB: com.tianci.de (pid 2849)
    10074 kB: com.tianci.push (pid 1736)
     9979 kB: com.tianci.user (pid 3901)
     9104 kB: com.coocaa.sysreport (pid 3951)
     4711 kB: android.process.media (pid 3037)
     3632 kB: com.coocaa.os.softsettings.provider (pid 1876)
     3564 kB: com.skyworth.android.skyRMService (pid 1584)
     3297 kB: com.dunn.instrument (pid 1575)
     1817 kB: TvServer (pid 1149)
     1764 kB: zygote (pid 743)
     1293 kB: surfaceflinger (pid 742)
     1282 kB: logcat (pid 2014)
     1261 kB: app_process (pid 1775)
      449 kB: wpa_supplicant (pid 1503)
      373 kB: sdcard (pid 756)
      265 kB: netd (pid 740)
      244 kB: keystore (pid 748)
      239 kB: /init (pid 1)
      228 kB: dumpsys (pid 7163)
      216 kB: adbd (pid 1439)
      132 kB: vold (pid 736)
      126 kB: FileDesc_server (pid 749)
      108 kB: healthd (pid 733)
       91 kB: sh (pid 734)
       77 kB: coocaa_guard (pid 752)
       72 kB: ueventd (pid 512)
       53 kB: servicemanager (pid 735)
       52 kB: drmserver (pid 745)
       48 kB: RootApp (pid 1130)
       45 kB: logwrapper (pid 1126)
       40 kB: busybox (pid 1636)
       37 kB: keypad (pid 739)
       32 kB: VirtualEvent (pid 1246)
       27 kB: sh (pid 1682)
       19 kB: hardwared (pid 737)
       11 kB: dhcpcd (pid 1846)
       10 kB: installd (pid 747)
        8 kB: debuggerd (pid 741)
        7 kB: smobsd (pid 1249)
        0 kB: busybox (pid 7172)

Total PSS by OOM adjustment:
    25245 kB: Native
               14819 kB: mediaserver (pid 746)
                1817 kB: TvServer (pid 1149)
                1764 kB: zygote (pid 743)
                1293 kB: surfaceflinger (pid 742)
                1282 kB: logcat (pid 2014)
                1261 kB: app_process (pid 1775)
                 449 kB: wpa_supplicant (pid 1503)
                 373 kB: sdcard (pid 756)
                 265 kB: netd (pid 740)
                 244 kB: keystore (pid 748)
                 239 kB: /init (pid 1)
                 228 kB: dumpsys (pid 7163)
                 216 kB: adbd (pid 1439)
                 132 kB: vold (pid 736)
                 126 kB: FileDesc_server (pid 749)
                 108 kB: healthd (pid 733)
                  91 kB: sh (pid 734)
                  77 kB: coocaa_guard (pid 752)
                  72 kB: ueventd (pid 512)
                  53 kB: servicemanager (pid 735)
                  52 kB: drmserver (pid 745)
                  48 kB: RootApp (pid 1130)
                  45 kB: logwrapper (pid 1126)
                  40 kB: busybox (pid 1636)
                  37 kB: keypad (pid 739)
                  32 kB: VirtualEvent (pid 1246)
                  27 kB: sh (pid 1682)
                  19 kB: hardwared (pid 737)
                  11 kB: dhcpcd (pid 1846)
                  10 kB: installd (pid 747)
                   8 kB: debuggerd (pid 741)
                   7 kB: smobsd (pid 1249)
                   0 kB: busybox (pid 7172)
    17453 kB: System
               17453 kB: system (pid 1347)
     6861 kB: Persistent
                3564 kB: com.skyworth.android.skyRMService (pid 1584)
                3297 kB: com.dunn.instrument (pid 1575)
   162137 kB: Foreground
               93698 kB: com.tianci.movieplatform (pid 2896 / activities)
               17070 kB: com.coocaa.os.ccosservice (pid 2474)
               12424 kB: com.tianci.system (pid 1595)
               11424 kB: com.tianci.de (pid 2849)
               10074 kB: com.tianci.push (pid 1736)
                9104 kB: com.coocaa.sysreport (pid 3951)
                4711 kB: android.process.media (pid 3037)
                3632 kB: com.coocaa.os.softsettings.provider (pid 1876)
    16477 kB: A Services
               16477 kB: com.tianci.movieplatform:daemon (pid 4955)
     9979 kB: Cached
                9979 kB: com.tianci.user (pid 3901)

Total PSS by category:
    49270 kB: Unknown
    49127 kB: Dalvik
    46066 kB: Dalvik Other
    36635 kB: .dex mmap
    23521 kB: .so mmap
    12728 kB: Native
     6024 kB: Other dev
     4640 kB: Ashmem
     4548 kB: Stack
     2752 kB: Other mmap
     2506 kB: .apk mmap
      331 kB: .ttf mmap
        4 kB: .jar mmap
        0 kB: Cursor
        0 kB: code mmap
        0 kB: image mmap
        0 kB: Graphics
        0 kB: GL
        0 kB: Memtrack

Total RAM: 463128 kB
 Free RAM: 117879 kB (9979 cached pss + 97036 cached + 10864 free)
 Used RAM: 256185 kB (228173 used pss + 5416 buffers + 400 shmem + 22196 slab)
 Lost RAM: 89064 kB
     ZRAM: 10124 kB physical used for 29168 kB in swap (98300 kB total swap)
   Tuning: 48 (large 128), oom 108462 kB, restore limit 36154 kB (low-ram)
Applications Memory Usage (kB):
Uptime: 419335 Realtime: 419335

Total PSS by process:
    91926 kB: com.tianci.movieplatform (pid 2896 / activities)
    17465 kB: system (pid 1347)
    16954 kB: com.coocaa.os.ccosservice (pid 2474)
    16449 kB: com.tianci.movieplatform:daemon (pid 4955)
    14819 kB: mediaserver (pid 746)
    12424 kB: com.tianci.system (pid 1595)
    11416 kB: com.tianci.de (pid 2849)
    10074 kB: com.tianci.push (pid 1736)
     9979 kB: com.tianci.user (pid 3901)
     9104 kB: com.coocaa.sysreport (pid 3951)
     4711 kB: android.process.media (pid 3037)
     3632 kB: com.coocaa.os.softsettings.provider (pid 1876)
     3576 kB: com.skyworth.android.skyRMService (pid 1584)
     3297 kB: com.dunn.instrument (pid 1575)
     1817 kB: TvServer (pid 1149)
     1765 kB: zygote (pid 743)
     1293 kB: surfaceflinger (pid 742)
     1282 kB: logcat (pid 2014)
     1261 kB: app_process (pid 1775)
      449 kB: wpa_supplicant (pid 1503)
      374 kB: sdcard (pid 756)
      265 kB: netd (pid 740)
      244 kB: keystore (pid 748)
      239 kB: /init (pid 1)
      216 kB: adbd (pid 1439)
      132 kB: vold (pid 736)
      126 kB: FileDesc_server (pid 749)
      108 kB: healthd (pid 733)
       91 kB: sh (pid 734)
       78 kB: coocaa_guard (pid 752)
       72 kB: ueventd (pid 512)
       53 kB: servicemanager (pid 735)
       52 kB: drmserver (pid 745)
       48 kB: RootApp (pid 1130)
       45 kB: logwrapper (pid 1126)
       40 kB: busybox (pid 1636)
       37 kB: keypad (pid 739)
       32 kB: VirtualEvent (pid 1246)
       27 kB: sh (pid 1682)
       19 kB: hardwared (pid 737)
       11 kB: dhcpcd (pid 1846)
       10 kB: installd (pid 747)
        8 kB: debuggerd (pid 741)
        7 kB: smobsd (pid 1249)
        0 kB: dumpsys (pid 7163)
        0 kB: busybox (pid 7172)

Total PSS by OOM adjustment:
    25020 kB: Native
               14819 kB: mediaserver (pid 746)
                1817 kB: TvServer (pid 1149)
                1765 kB: zygote (pid 743)
                1293 kB: surfaceflinger (pid 742)
                1282 kB: logcat (pid 2014)
                1261 kB: app_process (pid 1775)
                 449 kB: wpa_supplicant (pid 1503)
                 374 kB: sdcard (pid 756)
                 265 kB: netd (pid 740)
                 244 kB: keystore (pid 748)
                 239 kB: /init (pid 1)
                 216 kB: adbd (pid 1439)
                 132 kB: vold (pid 736)
                 126 kB: FileDesc_server (pid 749)
                 108 kB: healthd (pid 733)
                  91 kB: sh (pid 734)
                  78 kB: coocaa_guard (pid 752)
                  72 kB: ueventd (pid 512)
                  53 kB: servicemanager (pid 735)
                  52 kB: drmserver (pid 745)
                  48 kB: RootApp (pid 1130)
                  45 kB: logwrapper (pid 1126)
                  40 kB: busybox (pid 1636)
                  37 kB: keypad (pid 739)
                  32 kB: VirtualEvent (pid 1246)
                  27 kB: sh (pid 1682)
                  19 kB: hardwared (pid 737)
                  11 kB: dhcpcd (pid 1846)
                  10 kB: installd (pid 747)
                   8 kB: debuggerd (pid 741)
                   7 kB: smobsd (pid 1249)
                   0 kB: dumpsys (pid 7163)
                   0 kB: busybox (pid 7172)
    17465 kB: System
               17465 kB: system (pid 1347)
     6873 kB: Persistent
                3576 kB: com.skyworth.android.skyRMService (pid 1584)
                3297 kB: com.dunn.instrument (pid 1575)
   160241 kB: Foreground
               91926 kB: com.tianci.movieplatform (pid 2896 / activities)
               16954 kB: com.coocaa.os.ccosservice (pid 2474)
               12424 kB: com.tianci.system (pid 1595)
               11416 kB: com.tianci.de (pid 2849)
               10074 kB: com.tianci.push (pid 1736)
                9104 kB: com.coocaa.sysreport (pid 3951)
                4711 kB: android.process.media (pid 3037)
                3632 kB: com.coocaa.os.softsettings.provider (pid 1876)
    16449 kB: A Services
               16449 kB: com.tianci.movieplatform:daemon (pid 4955)
     9979 kB: Cached
                9979 kB: com.tianci.user (pid 3901)

Total PSS by category:
    49059 kB: Dalvik
    47302 kB: Unknown
    46070 kB: Dalvik Other
    36431 kB: .dex mmap
    23685 kB: .so mmap
    12724 kB: Native
     6020 kB: Other dev
     4640 kB: Ashmem
     4524 kB: Stack
     2731 kB: Other mmap
     2506 kB: .apk mmap
      331 kB: .ttf mmap
        4 kB: .jar mmap
        0 kB: Cursor
        0 kB: code mmap
        0 kB: image mmap
        0 kB: Graphics
        0 kB: GL
        0 kB: Memtrack

Total RAM: 463128 kB
 Free RAM: 119655 kB (9979 cached pss + 95652 cached + 14024 free)
 Used RAM: 254016 kB (226048 used pss + 5408 buffers + 400 shmem + 22160 slab)
 Lost RAM: 89457 kB
     ZRAM: 10136 kB physical used for 29204 kB in swap (98300 kB total swap)
   Tuning: 48 (large 128), oom 108462 kB, restore limit 36154 kB (low-ram)
Applications Memory Usage (kB):
Uptime: 421962 Realtime: 421963

Total PSS by process:
    92037 kB: com.tianci.movieplatform (pid 2896 / activities)
    17192 kB: system (pid 1347)
    16953 kB: com.coocaa.os.ccosservice (pid 2474)
    16445 kB: com.tianci.movieplatform:daemon (pid 4955)
    14819 kB: mediaserver (pid 746)
    12741 kB: com.tianci.de (pid 2849)
    12417 kB: com.tianci.system (pid 1595)
    10064 kB: com.tianci.push (pid 1736)
     9978 kB: com.tianci.user (pid 3901)
     9103 kB: com.coocaa.sysreport (pid 3951)
     4711 kB: android.process.media (pid 3037)
     3632 kB: com.coocaa.os.softsettings.provider (pid 1876)
     3575 kB: com.skyworth.android.skyRMService (pid 1584)
     3296 kB: com.dunn.instrument (pid 1575)
     1817 kB: TvServer (pid 1149)
     1765 kB: zygote (pid 743)
     1297 kB: surfaceflinger (pid 742)
     1282 kB: logcat (pid 2014)
     1260 kB: app_process (pid 1775)
      449 kB: wpa_supplicant (pid 1503)
      374 kB: sdcard (pid 756)
      265 kB: netd (pid 740)
      244 kB: keystore (pid 748)
      239 kB: /init (pid 1)
      228 kB: dumpsys (pid 7263)
      216 kB: adbd (pid 1439)
      132 kB: vold (pid 736)
      126 kB: FileDesc_server (pid 749)
      108 kB: healthd (pid 733)
       91 kB: sh (pid 734)
       78 kB: coocaa_guard (pid 752)
       72 kB: ueventd (pid 512)
       53 kB: servicemanager (pid 735)
       52 kB: drmserver (pid 745)
       48 kB: RootApp (pid 1130)
       45 kB: logwrapper (pid 1126)
       40 kB: busybox (pid 1636)
       37 kB: keypad (pid 739)
       32 kB: VirtualEvent (pid 1246)
       27 kB: sh (pid 1682)
       19 kB: hardwared (pid 737)
       11 kB: dhcpcd (pid 1846)
       10 kB: installd (pid 747)
        8 kB: debuggerd (pid 741)
        7 kB: smobsd (pid 1249)

Total PSS by OOM adjustment:
    25251 kB: Native
               14819 kB: mediaserver (pid 746)
                1817 kB: TvServer (pid 1149)
                1765 kB: zygote (pid 743)
                1297 kB: surfaceflinger (pid 742)
                1282 kB: logcat (pid 2014)
                1260 kB: app_process (pid 1775)
                 449 kB: wpa_supplicant (pid 1503)
                 374 kB: sdcard (pid 756)
                 265 kB: netd (pid 740)
                 244 kB: keystore (pid 748)
                 239 kB: /init (pid 1)
                 228 kB: dumpsys (pid 7263)
                 216 kB: adbd (pid 1439)
                 132 kB: vold (pid 736)
                 126 kB: FileDesc_server (pid 749)
                 108 kB: healthd (pid 733)
                  91 kB: sh (pid 734)
                  78 kB: coocaa_guard (pid 752)
                  72 kB: ueventd (pid 512)
                  53 kB: servicemanager (pid 735)
                  52 kB: drmserver (pid 745)
                  48 kB: RootApp (pid 1130)
                  45 kB: logwrapper (pid 1126)
                  40 kB: busybox (pid 1636)
                  37 kB: keypad (pid 739)
                  32 kB: VirtualEvent (pid 1246)
                  27 kB: sh (pid 1682)
                  19 kB: hardwared (pid 737)
                  11 kB: dhcpcd (pid 1846)
                  10 kB: installd (pid 747)
                   8 kB: debuggerd (pid 741)
                   7 kB: smobsd (pid 1249)
    17192 kB: System
               17192 kB: system (pid 1347)
     6871 kB: Persistent
                3575 kB: com.skyworth.android.skyRMService (pid 1584)
                3296 kB: com.dunn.instrument (pid 1575)
   161658 kB: Foreground
               92037 kB: com.tianci.movieplatform (pid 2896 / activities)
               16953 kB: com.coocaa.os.ccosservice (pid 2474)
               12741 kB: com.tianci.de (pid 2849)
               12417 kB: com.tianci.system (pid 1595)
               10064 kB: com.tianci.push (pid 1736)
                9103 kB: com.coocaa.sysreport (pid 3951)
                4711 kB: android.process.media (pid 3037)
                3632 kB: com.coocaa.os.softsettings.provider (pid 1876)
    16445 kB: A Services
               16445 kB: com.tianci.movieplatform:daemon (pid 4955)
     9978 kB: Cached
                9978 kB: com.tianci.user (pid 3901)

Total PSS by category:
    48939 kB: Dalvik
    47350 kB: Unknown
    46474 kB: Dalvik Other
    37166 kB: .dex mmap
    23917 kB: .so mmap
    12728 kB: Native
     6024 kB: Other dev
     4640 kB: Ashmem
     4564 kB: Stack
     2752 kB: Other mmap
     2506 kB: .apk mmap
      331 kB: .ttf mmap
        4 kB: .jar mmap
        0 kB: Cursor
        0 kB: code mmap
        0 kB: image mmap
        0 kB: Graphics
        0 kB: GL
        0 kB: Memtrack

Total RAM: 463128 kB
 Free RAM: 120506 kB (9978 cached pss + 98284 cached + 12244 free)
 Used RAM: 254717 kB (227417 used pss + 4696 buffers + 400 shmem + 22204 slab)
 Lost RAM: 87905 kB
     ZRAM: 10128 kB physical used for 29104 kB in swap (98300 kB total swap)
   Tuning: 48 (large 128), oom 108462 kB, restore limit 36154 kB (low-ram)
Applications Memory Usage (kB):
Uptime: 424732 Realtime: 424732

Total PSS by process:
    92314 kB: com.tianci.movieplatform (pid 2896 / activities)
    17407 kB: system (pid 1347)
    16909 kB: com.coocaa.os.ccosservice (pid 2474)
    16430 kB: com.tianci.movieplatform:daemon (pid 4955)
    14863 kB: mediaserver (pid 746)
    13778 kB: com.tianci.de (pid 2849)
    12415 kB: com.tianci.system (pid 1595)
    10039 kB: com.tianci.push (pid 1736)
     9972 kB: com.tianci.user (pid 3901)
     9090 kB: com.coocaa.sysreport (pid 3951)
     4711 kB: android.process.media (pid 3037)
     3632 kB: com.coocaa.os.softsettings.provider (pid 1876)
     3575 kB: com.skyworth.android.skyRMService (pid 1584)
     3296 kB: com.dunn.instrument (pid 1575)
     1817 kB: TvServer (pid 1149)
     1765 kB: zygote (pid 743)
     1293 kB: surfaceflinger (pid 742)
     1282 kB: logcat (pid 2014)
     1260 kB: app_process (pid 1775)
      449 kB: wpa_supplicant (pid 1503)
      374 kB: sdcard (pid 756)
      265 kB: netd (pid 740)
      244 kB: keystore (pid 748)
      239 kB: /init (pid 1)
      216 kB: adbd (pid 1439)
      132 kB: vold (pid 736)
      126 kB: FileDesc_server (pid 749)
      108 kB: healthd (pid 733)
       91 kB: sh (pid 734)
       78 kB: coocaa_guard (pid 752)
       72 kB: ueventd (pid 512)
       53 kB: servicemanager (pid 735)
       52 kB: drmserver (pid 745)
       48 kB: RootApp (pid 1130)
       45 kB: logwrapper (pid 1126)
       40 kB: busybox (pid 1636)
       37 kB: keypad (pid 739)
       32 kB: VirtualEvent (pid 1246)
       27 kB: sh (pid 1682)
       19 kB: hardwared (pid 737)
       11 kB: dhcpcd (pid 1846)
       10 kB: installd (pid 747)
        8 kB: debuggerd (pid 741)
        7 kB: smobsd (pid 1249)
        0 kB: dumpsys (pid 7263)

Total PSS by OOM adjustment:
    25063 kB: Native
               14863 kB: mediaserver (pid 746)
                1817 kB: TvServer (pid 1149)
                1765 kB: zygote (pid 743)
                1293 kB: surfaceflinger (pid 742)
                1282 kB: logcat (pid 2014)
                1260 kB: app_process (pid 1775)
                 449 kB: wpa_supplicant (pid 1503)
                 374 kB: sdcard (pid 756)
                 265 kB: netd (pid 740)
                 244 kB: keystore (pid 748)
                 239 kB: /init (pid 1)
                 216 kB: adbd (pid 1439)
                 132 kB: vold (pid 736)
                 126 kB: FileDesc_server (pid 749)
                 108 kB: healthd (pid 733)
                  91 kB: sh (pid 734)
                  78 kB: coocaa_guard (pid 752)
                  72 kB: ueventd (pid 512)
                  53 kB: servicemanager (pid 735)
                  52 kB: drmserver (pid 745)
                  48 kB: RootApp (pid 1130)
                  45 kB: logwrapper (pid 1126)
                  40 kB: busybox (pid 1636)
                  37 kB: keypad (pid 739)
                  32 kB: VirtualEvent (pid 1246)
                  27 kB: sh (pid 1682)
                  19 kB: hardwared (pid 737)
                  11 kB: dhcpcd (pid 1846)
                  10 kB: installd (pid 747)
                   8 kB: debuggerd (pid 741)
                   7 kB: smobsd (pid 1249)
                   0 kB: dumpsys (pid 7263)
    17407 kB: System
               17407 kB: system (pid 1347)
     6871 kB: Persistent
                3575 kB: com.skyworth.android.skyRMService (pid 1584)
                3296 kB: com.dunn.instrument (pid 1575)
   162888 kB: Foreground
               92314 kB: com.tianci.movieplatform (pid 2896 / activities)
               16909 kB: com.coocaa.os.ccosservice (pid 2474)
               13778 kB: com.tianci.de (pid 2849)
               12415 kB: com.tianci.system (pid 1595)
               10039 kB: com.tianci.push (pid 1736)
                9090 kB: com.coocaa.sysreport (pid 3951)
                4711 kB: android.process.media (pid 3037)
                3632 kB: com.coocaa.os.softsettings.provider (pid 1876)
    16430 kB: A Services
               16430 kB: com.tianci.movieplatform:daemon (pid 4955)
     9972 kB: Cached
                9972 kB: com.tianci.user (pid 3901)

Total PSS by category:
    49175 kB: Dalvik
    47818 kB: Unknown
    46674 kB: Dalvik Other
    37670 kB: .dex mmap
    23724 kB: .so mmap
    12724 kB: Native
     6020 kB: Other dev
     4684 kB: Ashmem
     4572 kB: Stack
     2729 kB: Other mmap
     2506 kB: .apk mmap
      331 kB: .ttf mmap
        4 kB: .jar mmap
        0 kB: Cursor
        0 kB: code mmap
        0 kB: image mmap
        0 kB: Graphics
        0 kB: GL
        0 kB: Memtrack

Total RAM: 463128 kB
 Free RAM: 119804 kB (9972 cached pss + 97336 cached + 12496 free)
 Used RAM: 253379 kB (228659 used pss + 2088 buffers + 444 shmem + 22188 slab)
 Lost RAM: 89945 kB
     ZRAM: 10128 kB physical used for 29108 kB in swap (98300 kB total swap)
   Tuning: 48 (large 128), oom 108462 kB, restore limit 36154 kB (low-ram)
Applications Memory Usage (kB):
Uptime: 427713 Realtime: 427713

Total PSS by process:
    94406 kB: com.tianci.movieplatform (pid 2896 / activities)
    17399 kB: system (pid 1347)
    16909 kB: com.coocaa.os.ccosservice (pid 2474)
    16430 kB: com.tianci.movieplatform:daemon (pid 4955)
    14863 kB: mediaserver (pid 746)
    13750 kB: com.tianci.de (pid 2849)
    12415 kB: com.tianci.system (pid 1595)
    10039 kB: com.tianci.push (pid 1736)
     9972 kB: com.tianci.user (pid 3901)
     9090 kB: com.coocaa.sysreport (pid 3951)
     4711 kB: android.process.media (pid 3037)
     3632 kB: com.coocaa.os.softsettings.provider (pid 1876)
     3595 kB: com.skyworth.android.skyRMService (pid 1584)
     3296 kB: com.dunn.instrument (pid 1575)
     1817 kB: TvServer (pid 1149)
     1765 kB: zygote (pid 743)
     1293 kB: surfaceflinger (pid 742)
     1282 kB: logcat (pid 2014)
     1260 kB: app_process (pid 1775)
      449 kB: wpa_supplicant (pid 1503)
      374 kB: sdcard (pid 756)
      265 kB: netd (pid 740)
      244 kB: keystore (pid 748)
      239 kB: /init (pid 1)
      228 kB: dumpsys (pid 7381)
      216 kB: adbd (pid 1439)
      132 kB: vold (pid 736)
      126 kB: FileDesc_server (pid 749)
      108 kB: healthd (pid 733)
       91 kB: sh (pid 734)
       78 kB: coocaa_guard (pid 752)
       72 kB: ueventd (pid 512)
       53 kB: servicemanager (pid 735)
       52 kB: drmserver (pid 745)
       48 kB: RootApp (pid 1130)
       45 kB: logwrapper (pid 1126)
       40 kB: busybox (pid 1636)
       37 kB: keypad (pid 739)
       32 kB: VirtualEvent (pid 1246)
       27 kB: sh (pid 1682)
       19 kB: hardwared (pid 737)
       11 kB: dhcpcd (pid 1846)
       10 kB: installd (pid 747)
        8 kB: debuggerd (pid 741)
        7 kB: smobsd (pid 1249)

Total PSS by OOM adjustment:
    25291 kB: Native
               14863 kB: mediaserver (pid 746)
                1817 kB: TvServer (pid 1149)
                1765 kB: zygote (pid 743)
                1293 kB: surfaceflinger (pid 742)
                1282 kB: logcat (pid 2014)
                1260 kB: app_process (pid 1775)
                 449 kB: wpa_supplicant (pid 1503)
                 374 kB: sdcard (pid 756)
                 265 kB: netd (pid 740)
                 244 kB: keystore (pid 748)
                 239 kB: /init (pid 1)
                 228 kB: dumpsys (pid 7381)
                 216 kB: adbd (pid 1439)
                 132 kB: vold (pid 736)
                 126 kB: FileDesc_server (pid 749)
                 108 kB: healthd (pid 733)
                  91 kB: sh (pid 734)
                  78 kB: coocaa_guard (pid 752)
                  72 kB: ueventd (pid 512)
                  53 kB: servicemanager (pid 735)
                  52 kB: drmserver (pid 745)
                  48 kB: RootApp (pid 1130)
                  45 kB: logwrapper (pid 1126)
                  40 kB: busybox (pid 1636)
                  37 kB: keypad (pid 739)
                  32 kB: VirtualEvent (pid 1246)
                  27 kB: sh (pid 1682)
                  19 kB: hardwared (pid 737)
                  11 kB: dhcpcd (pid 1846)
                  10 kB: installd (pid 747)
                   8 kB: debuggerd (pid 741)
                   7 kB: smobsd (pid 1249)
    17399 kB: System
               17399 kB: system (pid 1347)
     6891 kB: Persistent
                3595 kB: com.skyworth.android.skyRMService (pid 1584)
                3296 kB: com.dunn.instrument (pid 1575)
   164952 kB: Foreground
               94406 kB: com.tianci.movieplatform (pid 2896 / activities)
               16909 kB: com.coocaa.os.ccosservice (pid 2474)
               13750 kB: com.tianci.de (pid 2849)
               12415 kB: com.tianci.system (pid 1595)
               10039 kB: com.tianci.push (pid 1736)
                9090 kB: com.coocaa.sysreport (pid 3951)
                4711 kB: android.process.media (pid 3037)
                3632 kB: com.coocaa.os.softsettings.provider (pid 1876)
    16430 kB: A Services
               16430 kB: com.tianci.movieplatform:daemon (pid 4955)
     9972 kB: Cached
                9972 kB: com.tianci.user (pid 3901)

Total PSS by category:
    49886 kB: Unknown
    49199 kB: Dalvik
    46670 kB: Dalvik Other
    37666 kB: .dex mmap
    23907 kB: .so mmap
    12728 kB: Native
     6024 kB: Other dev
     4684 kB: Ashmem
     4580 kB: Stack
     2750 kB: Other mmap
     2506 kB: .apk mmap
      331 kB: .ttf mmap
        4 kB: .jar mmap
        0 kB: Cursor
        0 kB: code mmap
        0 kB: image mmap
        0 kB: Graphics
        0 kB: GL
        0 kB: Memtrack

Total RAM: 463128 kB
 Free RAM: 119748 kB (9972 cached pss + 96928 cached + 12848 free)
 Used RAM: 255699 kB (230963 used pss + 2104 buffers + 444 shmem + 22188 slab)
 Lost RAM: 87681 kB
     ZRAM: 10128 kB physical used for 29108 kB in swap (98300 kB total swap)
   Tuning: 48 (large 128), oom 108462 kB, restore limit 36154 kB (low-ram)
Applications Memory Usage (kB):
Uptime: 430495 Realtime: 430495

Total PSS by process:
    94753 kB: com.tianci.movieplatform (pid 2896 / activities)
    17889 kB: system (pid 1347)
    16809 kB: com.coocaa.os.ccosservice (pid 2474)
    16346 kB: com.tianci.movieplatform:daemon (pid 4955)
    14863 kB: mediaserver (pid 746)
    13697 kB: com.tianci.de (pid 2849)
    12376 kB: com.tianci.system (pid 1595)
     9989 kB: com.tianci.push (pid 1736)
     9928 kB: com.tianci.user (pid 3901)
     9059 kB: com.coocaa.sysreport (pid 3951)
     4679 kB: android.process.media (pid 3037)
     3610 kB: com.coocaa.os.softsettings.provider (pid 1876)
     3550 kB: com.skyworth.android.skyRMService (pid 1584)
     3242 kB: com.dunn.instrument (pid 1575)
     1817 kB: TvServer (pid 1149)
     1683 kB: zygote (pid 743)
     1297 kB: surfaceflinger (pid 742)
     1282 kB: logcat (pid 2014)
     1243 kB: app_process (pid 1775)
      449 kB: wpa_supplicant (pid 1503)
      373 kB: sdcard (pid 756)
      264 kB: netd (pid 740)
      244 kB: keystore (pid 748)
      239 kB: /init (pid 1)
      216 kB: adbd (pid 1439)
      131 kB: vold (pid 736)
      126 kB: FileDesc_server (pid 749)
      108 kB: healthd (pid 733)
       91 kB: sh (pid 734)
       77 kB: coocaa_guard (pid 752)
       72 kB: ueventd (pid 512)
       52 kB: servicemanager (pid 735)
       51 kB: drmserver (pid 745)
       48 kB: RootApp (pid 1130)
       45 kB: logwrapper (pid 1126)
       40 kB: busybox (pid 1636)
       37 kB: keypad (pid 739)
       31 kB: VirtualEvent (pid 1246)
       27 kB: sh (pid 1682)
       19 kB: hardwared (pid 737)
       11 kB: dhcpcd (pid 1846)
       10 kB: installd (pid 747)
        8 kB: debuggerd (pid 741)
        7 kB: smobsd (pid 1249)
        0 kB: dumpsys (pid 7381)

Total PSS by OOM adjustment:
    24961 kB: Native
               14863 kB: mediaserver (pid 746)
                1817 kB: TvServer (pid 1149)
                1683 kB: zygote (pid 743)
                1297 kB: surfaceflinger (pid 742)
                1282 kB: logcat (pid 2014)
                1243 kB: app_process (pid 1775)
                 449 kB: wpa_supplicant (pid 1503)
                 373 kB: sdcard (pid 756)
                 264 kB: netd (pid 740)
                 244 kB: keystore (pid 748)
                 239 kB: /init (pid 1)
                 216 kB: adbd (pid 1439)
                 131 kB: vold (pid 736)
                 126 kB: FileDesc_server (pid 749)
                 108 kB: healthd (pid 733)
                  91 kB: sh (pid 734)
                  77 kB: coocaa_guard (pid 752)
                  72 kB: ueventd (pid 512)
                  52 kB: servicemanager (pid 735)
                  51 kB: drmserver (pid 745)
                  48 kB: RootApp (pid 1130)
                  45 kB: logwrapper (pid 1126)
                  40 kB: busybox (pid 1636)
                  37 kB: keypad (pid 739)
                  31 kB: VirtualEvent (pid 1246)
                  27 kB: sh (pid 1682)
                  19 kB: hardwared (pid 737)
                  11 kB: dhcpcd (pid 1846)
                  10 kB: installd (pid 747)
                   8 kB: debuggerd (pid 741)
                   7 kB: smobsd (pid 1249)
                   0 kB: dumpsys (pid 7381)
    17889 kB: System
               17889 kB: system (pid 1347)
     6792 kB: Persistent
                3550 kB: com.skyworth.android.skyRMService (pid 1584)
                3242 kB: com.dunn.instrument (pid 1575)
   164972 kB: Foreground
               94753 kB: com.tianci.movieplatform (pid 2896 / activities)
               16809 kB: com.coocaa.os.ccosservice (pid 2474)
               13697 kB: com.tianci.de (pid 2849)
               12376 kB: com.tianci.system (pid 1595)
                9989 kB: com.tianci.push (pid 1736)
                9059 kB: com.coocaa.sysreport (pid 3951)
                4679 kB: android.process.media (pid 3037)
                3610 kB: com.coocaa.os.softsettings.provider (pid 1876)
    16346 kB: A Services
               16346 kB: com.tianci.movieplatform:daemon (pid 4955)
     9928 kB: Cached
                9928 kB: com.tianci.user (pid 3901)

Total PSS by category:
    49751 kB: Unknown
    48982 kB: Dalvik
    46779 kB: Dalvik Other
    37152 kB: .dex mmap
    23671 kB: .so mmap
    12724 kB: Native
     6020 kB: Other dev
     4684 kB: Ashmem
     4580 kB: Stack
     3482 kB: .apk mmap
     2728 kB: Other mmap
      331 kB: .ttf mmap
        4 kB: .jar mmap
        0 kB: Cursor
        0 kB: code mmap
        0 kB: image mmap
        0 kB: Graphics
        0 kB: GL
        0 kB: Memtrack

Total RAM: 463128 kB
 Free RAM: 117996 kB (9928 cached pss + 103312 cached + 4756 free)
 Used RAM: 255740 kB (230960 used pss + 2096 buffers + 444 shmem + 22240 slab)
 Lost RAM: 89392 kB
     ZRAM: 10132 kB physical used for 29168 kB in swap (98300 kB total swap)
   Tuning: 48 (large 128), oom 108462 kB, restore limit 36154 kB (low-ram)
Applications Memory Usage (kB):
Uptime: 433596 Realtime: 433596

Total PSS by process:
    93164 kB: com.tianci.movieplatform (pid 2896 / activities)
    17963 kB: system (pid 1347)
    16519 kB: com.coocaa.os.ccosservice (pid 2474)
    15744 kB: com.tianci.movieplatform:daemon (pid 4955)
    15551 kB: com.coocaa.screensaver (pid 7448)
    14856 kB: mediaserver (pid 746)
    13533 kB: com.tianci.de (pid 2849)
    12286 kB: com.tianci.system (pid 1595)
     9947 kB: com.tianci.push (pid 1736)
     9307 kB: com.tianci.user (pid 3901)
     8903 kB: com.coocaa.sysreport (pid 3951)
     4662 kB: android.process.media (pid 3037)
     3614 kB: com.coocaa.os.softsettings.provider (pid 1876)
     3545 kB: com.skyworth.android.skyRMService (pid 1584)
     3254 kB: com.dunn.instrument (pid 1575)
     1815 kB: TvServer (pid 1149)
     1708 kB: zygote (pid 743)
     1284 kB: surfaceflinger (pid 742)
     1282 kB: logcat (pid 2014)
     1236 kB: app_process (pid 1775)
      446 kB: wpa_supplicant (pid 1503)
      373 kB: sdcard (pid 756)
      263 kB: netd (pid 740)
      242 kB: keystore (pid 748)
      239 kB: /init (pid 1)
      228 kB: dumpsys (pid 7522)
      216 kB: adbd (pid 1439)
      130 kB: vold (pid 736)
      125 kB: FileDesc_server (pid 749)
      108 kB: healthd (pid 733)
       91 kB: sh (pid 734)
       77 kB: coocaa_guard (pid 752)
       72 kB: ueventd (pid 512)
       52 kB: servicemanager (pid 735)
       50 kB: drmserver (pid 745)
       48 kB: RootApp (pid 1130)
       45 kB: logwrapper (pid 1126)
       40 kB: busybox (pid 1636)
       37 kB: keypad (pid 739)
       31 kB: VirtualEvent (pid 1246)
       27 kB: sh (pid 1682)
       18 kB: hardwared (pid 737)
       11 kB: dhcpcd (pid 1846)
       10 kB: installd (pid 747)
        8 kB: debuggerd (pid 741)
        7 kB: smobsd (pid 1249)

Total PSS by OOM adjustment:
    25175 kB: Native
               14856 kB: mediaserver (pid 746)
                1815 kB: TvServer (pid 1149)
                1708 kB: zygote (pid 743)
                1284 kB: surfaceflinger (pid 742)
                1282 kB: logcat (pid 2014)
                1236 kB: app_process (pid 1775)
                 446 kB: wpa_supplicant (pid 1503)
                 373 kB: sdcard (pid 756)
                 263 kB: netd (pid 740)
                 242 kB: keystore (pid 748)
                 239 kB: /init (pid 1)
                 228 kB: dumpsys (pid 7522)
                 216 kB: adbd (pid 1439)
                 130 kB: vold (pid 736)
                 125 kB: FileDesc_server (pid 749)
                 108 kB: healthd (pid 733)
                  91 kB: sh (pid 734)
                  77 kB: coocaa_guard (pid 752)
                  72 kB: ueventd (pid 512)
                  52 kB: servicemanager (pid 735)
                  50 kB: drmserver (pid 745)
                  48 kB: RootApp (pid 1130)
                  45 kB: logwrapper (pid 1126)
                  40 kB: busybox (pid 1636)
                  37 kB: keypad (pid 739)
                  31 kB: VirtualEvent (pid 1246)
                  27 kB: sh (pid 1682)
                  18 kB: hardwared (pid 737)
                  11 kB: dhcpcd (pid 1846)
                  10 kB: installd (pid 747)
                   8 kB: debuggerd (pid 741)
                   7 kB: smobsd (pid 1249)
    17963 kB: System
               17963 kB: system (pid 1347)
     6799 kB: Persistent
                3545 kB: com.skyworth.android.skyRMService (pid 1584)
                3254 kB: com.dunn.instrument (pid 1575)
   187486 kB: Foreground
               93164 kB: com.tianci.movieplatform (pid 2896 / activities)
               16519 kB: com.coocaa.os.ccosservice (pid 2474)
               15551 kB: com.coocaa.screensaver (pid 7448)
               13533 kB: com.tianci.de (pid 2849)
               12286 kB: com.tianci.system (pid 1595)
                9947 kB: com.tianci.push (pid 1736)
                9307 kB: com.tianci.user (pid 3901)
                8903 kB: com.coocaa.sysreport (pid 3951)
                4662 kB: android.process.media (pid 3037)
                3614 kB: com.coocaa.os.softsettings.provider (pid 1876)
    15744 kB: A Services
               15744 kB: com.tianci.movieplatform:daemon (pid 4955)

Total PSS by category:
    51861 kB: Dalvik
    50945 kB: Unknown
    49793 kB: Dalvik Other
    41631 kB: .dex mmap
    23793 kB: .so mmap
    12728 kB: Native
     6069 kB: Other dev
     4696 kB: Stack
     4684 kB: Ashmem
     3824 kB: .apk mmap
     2800 kB: Other mmap
      331 kB: .ttf mmap
        8 kB: .jar mmap
        4 kB: Cursor
        0 kB: code mmap
        0 kB: image mmap
        0 kB: Graphics
        0 kB: GL
        0 kB: Memtrack

Total RAM: 463128 kB
 Free RAM: 102548 kB (0 cached pss + 97424 cached + 5124 free)
 Used RAM: 277723 kB (253167 used pss + 1816 buffers + 444 shmem + 22296 slab)
 Lost RAM: 82857 kB
     ZRAM: 10180 kB physical used for 29368 kB in swap (98300 kB total swap)
   Tuning: 48 (large 128), oom 108462 kB, restore limit 36154 kB (low-ram)
Applications Memory Usage (kB):
Uptime: 436895 Realtime: 436896

Total PSS by process:
    90757 kB: com.tianci.movieplatform (pid 2896 / activities)
    17413 kB: system (pid 1347)
    16552 kB: com.coocaa.os.ccosservice (pid 2474)
    15758 kB: com.tianci.movieplatform:daemon (pid 4955)
    14856 kB: mediaserver (pid 746)
    13549 kB: com.tianci.de (pid 2849)
    12357 kB: com.tianci.system (pid 1595)
     9968 kB: com.tianci.push (pid 1736)
     9327 kB: com.tianci.user (pid 3901)
     8928 kB: com.coocaa.sysreport (pid 3951)
     7181 kB: com.tianci.ad (pid 7580)
     4671 kB: android.process.media (pid 3037)
     3627 kB: com.coocaa.os.softsettings.provider (pid 1876)
     3579 kB: com.skyworth.android.skyRMService (pid 1584)
     3251 kB: com.dunn.instrument (pid 1575)
     1808 kB: TvServer (pid 1149)
     1697 kB: zygote (pid 743)
     1282 kB: surfaceflinger (pid 742)
     1282 kB: logcat (pid 2014)
     1239 kB: app_process (pid 1775)
      447 kB: wpa_supplicant (pid 1503)
      373 kB: sdcard (pid 756)
      263 kB: netd (pid 740)
      242 kB: keystore (pid 748)
      239 kB: /init (pid 1)
      216 kB: adbd (pid 1439)
      130 kB: vold (pid 736)
      125 kB: FileDesc_server (pid 749)
      108 kB: healthd (pid 733)
       91 kB: sh (pid 734)
       77 kB: coocaa_guard (pid 752)
       72 kB: ueventd (pid 512)
       52 kB: servicemanager (pid 735)
       50 kB: drmserver (pid 745)
       48 kB: RootApp (pid 1130)
       45 kB: logwrapper (pid 1126)
       40 kB: busybox (pid 1636)
       37 kB: keypad (pid 739)
       31 kB: VirtualEvent (pid 1246)
       27 kB: sh (pid 1682)
       18 kB: hardwared (pid 737)
       11 kB: dhcpcd (pid 1846)
       10 kB: installd (pid 747)
        8 kB: debuggerd (pid 741)
        7 kB: smobsd (pid 1249)
        0 kB: com.coocaa.screensaver (pid 7448)
        0 kB: dumpsys (pid 7522)

Total PSS by OOM adjustment:
    24931 kB: Native
               14856 kB: mediaserver (pid 746)
                1808 kB: TvServer (pid 1149)
                1697 kB: zygote (pid 743)
                1282 kB: surfaceflinger (pid 742)
                1282 kB: logcat (pid 2014)
                1239 kB: app_process (pid 1775)
                 447 kB: wpa_supplicant (pid 1503)
                 373 kB: sdcard (pid 756)
                 263 kB: netd (pid 740)
                 242 kB: keystore (pid 748)
                 239 kB: /init (pid 1)
                 216 kB: adbd (pid 1439)
                 130 kB: vold (pid 736)
                 125 kB: FileDesc_server (pid 749)
                 108 kB: healthd (pid 733)
                  91 kB: sh (pid 734)
                  77 kB: coocaa_guard (pid 752)
                  72 kB: ueventd (pid 512)
                  52 kB: servicemanager (pid 735)
                  50 kB: drmserver (pid 745)
                  48 kB: RootApp (pid 1130)
                  45 kB: logwrapper (pid 1126)
                  40 kB: busybox (pid 1636)
                  37 kB: keypad (pid 739)
                  31 kB: VirtualEvent (pid 1246)
                  27 kB: sh (pid 1682)
                  18 kB: hardwared (pid 737)
                  11 kB: dhcpcd (pid 1846)
                  10 kB: installd (pid 747)
                   8 kB: debuggerd (pid 741)
                   7 kB: smobsd (pid 1249)
                   0 kB: com.coocaa.screensaver (pid 7448)
                   0 kB: dumpsys (pid 7522)
    17413 kB: System
               17413 kB: system (pid 1347)
     6830 kB: Persistent
                3579 kB: com.skyworth.android.skyRMService (pid 1584)
                3251 kB: com.dunn.instrument (pid 1575)
   160409 kB: Foreground
               90757 kB: com.tianci.movieplatform (pid 2896 / activities)
               16552 kB: com.coocaa.os.ccosservice (pid 2474)
               13549 kB: com.tianci.de (pid 2849)
               12357 kB: com.tianci.system (pid 1595)
                9968 kB: com.tianci.push (pid 1736)
                8928 kB: com.coocaa.sysreport (pid 3951)
                4671 kB: android.process.media (pid 3037)
                3627 kB: com.coocaa.os.softsettings.provider (pid 1876)
    15758 kB: A Services
               15758 kB: com.tianci.movieplatform:daemon (pid 4955)
    16508 kB: Cached
                9327 kB: com.tianci.user (pid 3901)
                7181 kB: com.tianci.ad (pid 7580)

Total PSS by category:
    50372 kB: Dalvik
    48976 kB: Unknown
    48241 kB: Dalvik Other
    36626 kB: .dex mmap
    23640 kB: .so mmap
    12724 kB: Native
     6113 kB: Other dev
     4688 kB: Ashmem
     4616 kB: Stack
     2899 kB: .apk mmap
     2611 kB: Other mmap
      331 kB: .ttf mmap
       12 kB: .jar mmap
        0 kB: Cursor
        0 kB: code mmap
        0 kB: image mmap
        0 kB: Graphics
        0 kB: GL
        0 kB: Memtrack

Total RAM: 463128 kB
 Free RAM: 122548 kB (16508 cached pss + 99828 cached + 6212 free)
 Used RAM: 249465 kB (225341 used pss + 1348 buffers + 448 shmem + 22328 slab)
 Lost RAM: 91115 kB
     ZRAM: 10188 kB physical used for 29408 kB in swap (98300 kB total swap)
   Tuning: 48 (large 128), oom 108462 kB, restore limit 36154 kB (low-ram)
Applications Memory Usage (kB):
Uptime: 440224 Realtime: 440224

Total PSS by process:
    89047 kB: com.tianci.movieplatform (pid 2896 / activities)
    17107 kB: system (pid 1347)
    16191 kB: com.coocaa.os.ccosservice (pid 2474)
    14856 kB: mediaserver (pid 746)
    14799 kB: com.tianci.movieplatform:daemon (pid 4955)
    13512 kB: com.tianci.de (pid 2849)
    12353 kB: com.tianci.system (pid 1595)
    12135 kB: com.tianci.ad (pid 7580)
    10173 kB: com.tianci.push (pid 1736)
     8910 kB: com.coocaa.sysreport (pid 3951)
     8909 kB: com.tianci.user (pid 3901)
     4668 kB: android.process.media (pid 3037)
     3620 kB: com.coocaa.os.softsettings.provider (pid 1876)
     3485 kB: com.skyworth.android.skyRMService (pid 1584)
     3247 kB: com.dunn.instrument (pid 1575)
     1807 kB: TvServer (pid 1149)
     1698 kB: zygote (pid 743)
     1282 kB: surfaceflinger (pid 742)
     1282 kB: logcat (pid 2014)
     1239 kB: app_process (pid 1775)
      447 kB: wpa_supplicant (pid 1503)
      373 kB: sdcard (pid 756)
      263 kB: netd (pid 740)
      242 kB: keystore (pid 748)
      239 kB: /init (pid 1)
      228 kB: dumpsys (pid 7712)
      216 kB: adbd (pid 1439)
      130 kB: vold (pid 736)
      125 kB: FileDesc_server (pid 749)
      108 kB: healthd (pid 733)
       91 kB: sh (pid 734)
       77 kB: coocaa_guard (pid 752)
       72 kB: ueventd (pid 512)
       52 kB: servicemanager (pid 735)
       50 kB: drmserver (pid 745)
       48 kB: RootApp (pid 1130)
       45 kB: logwrapper (pid 1126)
       40 kB: busybox (pid 1636)
       37 kB: keypad (pid 739)
       31 kB: VirtualEvent (pid 1246)
       27 kB: sh (pid 1682)
       18 kB: hardwared (pid 737)
       11 kB: dhcpcd (pid 1846)
       10 kB: installd (pid 747)
        8 kB: debuggerd (pid 741)
        7 kB: smobsd (pid 1249)

Total PSS by OOM adjustment:
    25159 kB: Native
               14856 kB: mediaserver (pid 746)
                1807 kB: TvServer (pid 1149)
                1698 kB: zygote (pid 743)
                1282 kB: surfaceflinger (pid 742)
                1282 kB: logcat (pid 2014)
                1239 kB: app_process (pid 1775)
                 447 kB: wpa_supplicant (pid 1503)
                 373 kB: sdcard (pid 756)
                 263 kB: netd (pid 740)
                 242 kB: keystore (pid 748)
                 239 kB: /init (pid 1)
                 228 kB: dumpsys (pid 7712)
                 216 kB: adbd (pid 1439)
                 130 kB: vold (pid 736)
                 125 kB: FileDesc_server (pid 749)
                 108 kB: healthd (pid 733)
                  91 kB: sh (pid 734)
                  77 kB: coocaa_guard (pid 752)
                  72 kB: ueventd (pid 512)
                  52 kB: servicemanager (pid 735)
                  50 kB: drmserver (pid 745)
                  48 kB: RootApp (pid 1130)
                  45 kB: logwrapper (pid 1126)
                  40 kB: busybox (pid 1636)
                  37 kB: keypad (pid 739)
                  31 kB: VirtualEvent (pid 1246)
                  27 kB: sh (pid 1682)
                  18 kB: hardwared (pid 737)
                  11 kB: dhcpcd (pid 1846)
                  10 kB: installd (pid 747)
                   8 kB: debuggerd (pid 741)
                   7 kB: smobsd (pid 1249)
    17107 kB: System
               17107 kB: system (pid 1347)
     6732 kB: Persistent
                3485 kB: com.skyworth.android.skyRMService (pid 1584)
                3247 kB: com.dunn.instrument (pid 1575)
   158474 kB: Foreground
               89047 kB: com.tianci.movieplatform (pid 2896 / activities)
               16191 kB: com.coocaa.os.ccosservice (pid 2474)
               13512 kB: com.tianci.de (pid 2849)
               12353 kB: com.tianci.system (pid 1595)
               10173 kB: com.tianci.push (pid 1736)
                8910 kB: com.coocaa.sysreport (pid 3951)
                4668 kB: android.process.media (pid 3037)
                3620 kB: com.coocaa.os.softsettings.provider (pid 1876)
    26934 kB: A Services
               14799 kB: com.tianci.movieplatform:daemon (pid 4955)
               12135 kB: com.tianci.ad (pid 7580)
     8909 kB: Cached
                8909 kB: com.tianci.user (pid 3901)

Total PSS by category:
    50870 kB: Dalvik
    49403 kB: Unknown
    49155 kB: Dalvik Other
    36431 kB: .dex mmap
    23964 kB: .so mmap
    12728 kB: Native
     6029 kB: Other dev
     4688 kB: Ashmem
     4668 kB: Stack
     2787 kB: Other mmap
     2341 kB: .apk mmap
      239 kB: .ttf mmap
       12 kB: .jar mmap
        0 kB: Cursor
        0 kB: code mmap
        0 kB: image mmap
        0 kB: Graphics
        0 kB: GL
        0 kB: Memtrack

Total RAM: 463128 kB
 Free RAM: 115025 kB (8909 cached pss + 96860 cached + 9256 free)
 Used RAM: 258474 kB (234406 used pss + 1284 buffers + 448 shmem + 22336 slab)
 Lost RAM: 89629 kB
     ZRAM: 10188 kB physical used for 29444 kB in swap (98300 kB total swap)
   Tuning: 48 (large 128), oom 108462 kB, restore limit 36154 kB (low-ram)
Applications Memory Usage (kB):
Uptime: 442840 Realtime: 442840

Total PSS by process:
    89047 kB: com.tianci.movieplatform (pid 2896 / activities)
    17167 kB: system (pid 1347)
    16191 kB: com.coocaa.os.ccosservice (pid 2474)
    14855 kB: mediaserver (pid 746)
    14799 kB: com.tianci.movieplatform:daemon (pid 4955)
    13516 kB: com.tianci.de (pid 2849)
    12353 kB: com.tianci.system (pid 1595)
    12135 kB: com.tianci.ad (pid 7580)
    10335 kB: com.tianci.push (pid 1736)
     8910 kB: com.coocaa.sysreport (pid 3951)
     8908 kB: com.tianci.user (pid 3901)
     4668 kB: android.process.media (pid 3037)
     3620 kB: com.coocaa.os.softsettings.provider (pid 1876)
     3489 kB: com.skyworth.android.skyRMService (pid 1584)
     3247 kB: com.dunn.instrument (pid 1575)
     1807 kB: TvServer (pid 1149)
     1698 kB: zygote (pid 743)
     1282 kB: surfaceflinger (pid 742)
     1282 kB: logcat (pid 2014)
     1239 kB: app_process (pid 1775)
      447 kB: wpa_supplicant (pid 1503)
      373 kB: sdcard (pid 756)
      263 kB: netd (pid 740)
      242 kB: keystore (pid 748)
      239 kB: /init (pid 1)
      216 kB: adbd (pid 1439)
      130 kB: vold (pid 736)
      125 kB: FileDesc_server (pid 749)
      108 kB: healthd (pid 733)
       91 kB: sh (pid 734)
       77 kB: coocaa_guard (pid 752)
       72 kB: ueventd (pid 512)
       52 kB: servicemanager (pid 735)
       50 kB: drmserver (pid 745)
       48 kB: RootApp (pid 1130)
       45 kB: logwrapper (pid 1126)
       40 kB: busybox (pid 1636)
       37 kB: keypad (pid 739)
       31 kB: VirtualEvent (pid 1246)
       27 kB: sh (pid 1682)
       18 kB: hardwared (pid 737)
       10 kB: installd (pid 747)
       10 kB: dhcpcd (pid 1846)
        8 kB: debuggerd (pid 741)
        7 kB: smobsd (pid 1249)
        0 kB: dumpsys (pid 7712)

Total PSS by OOM adjustment:
    24929 kB: Native
               14855 kB: mediaserver (pid 746)
                1807 kB: TvServer (pid 1149)
                1698 kB: zygote (pid 743)
                1282 kB: surfaceflinger (pid 742)
                1282 kB: logcat (pid 2014)
                1239 kB: app_process (pid 1775)
                 447 kB: wpa_supplicant (pid 1503)
                 373 kB: sdcard (pid 756)
                 263 kB: netd (pid 740)
                 242 kB: keystore (pid 748)
                 239 kB: /init (pid 1)
                 216 kB: adbd (pid 1439)
                 130 kB: vold (pid 736)
                 125 kB: FileDesc_server (pid 749)
                 108 kB: healthd (pid 733)
                  91 kB: sh (pid 734)
                  77 kB: coocaa_guard (pid 752)
                  72 kB: ueventd (pid 512)
                  52 kB: servicemanager (pid 735)
                  50 kB: drmserver (pid 745)
                  48 kB: RootApp (pid 1130)
                  45 kB: logwrapper (pid 1126)
                  40 kB: busybox (pid 1636)
                  37 kB: keypad (pid 739)
                  31 kB: VirtualEvent (pid 1246)
                  27 kB: sh (pid 1682)
                  18 kB: hardwared (pid 737)
                  10 kB: installd (pid 747)
                  10 kB: dhcpcd (pid 1846)
                   8 kB: debuggerd (pid 741)
                   7 kB: smobsd (pid 1249)
                   0 kB: dumpsys (pid 7712)
    17167 kB: System
               17167 kB: system (pid 1347)
     6736 kB: Persistent
                3489 kB: com.skyworth.android.skyRMService (pid 1584)
                3247 kB: com.dunn.instrument (pid 1575)
   158640 kB: Foreground
               89047 kB: com.tianci.movieplatform (pid 2896 / activities)
               16191 kB: com.coocaa.os.ccosservice (pid 2474)
               13516 kB: com.tianci.de (pid 2849)
               12353 kB: com.tianci.system (pid 1595)
               10335 kB: com.tianci.push (pid 1736)
                8910 kB: com.coocaa.sysreport (pid 3951)
                4668 kB: android.process.media (pid 3037)
                3620 kB: com.coocaa.os.softsettings.provider (pid 1876)
    12135 kB: A Services
               12135 kB: com.tianci.ad (pid 7580)
    14799 kB: B Services
               14799 kB: com.tianci.movieplatform:daemon (pid 4955)
     8908 kB: Cached
                8908 kB: com.tianci.user (pid 3901)

Total PSS by category:
    50938 kB: Dalvik
    49391 kB: Unknown
    49151 kB: Dalvik Other
    36592 kB: .dex mmap
    23780 kB: .so mmap
    12724 kB: Native
     6024 kB: Other dev
     4688 kB: Ashmem
     4668 kB: Stack
     2766 kB: Other mmap
     2341 kB: .apk mmap
      239 kB: .ttf mmap
       12 kB: .jar mmap
        0 kB: Cursor
        0 kB: code mmap
        0 kB: image mmap
        0 kB: Graphics
        0 kB: GL
        0 kB: Memtrack

Total RAM: 463128 kB
 Free RAM: 115264 kB (8908 cached pss + 96860 cached + 9496 free)
 Used RAM: 258482 kB (234406 used pss + 1300 buffers + 448 shmem + 22328 slab)
 Lost RAM: 89382 kB
     ZRAM: 10188 kB physical used for 29444 kB in swap (98300 kB total swap)
   Tuning: 48 (large 128), oom 108462 kB, restore limit 36154 kB (low-ram)
Applications Memory Usage (kB):
Uptime: 445491 Realtime: 445491

Total PSS by process:
    89047 kB: com.tianci.movieplatform (pid 2896 / activities)
    17187 kB: system (pid 1347)
    16191 kB: com.coocaa.os.ccosservice (pid 2474)
    14856 kB: mediaserver (pid 746)
    14799 kB: com.tianci.movieplatform:daemon (pid 4955)
    13512 kB: com.tianci.de (pid 2849)
    12353 kB: com.tianci.system (pid 1595)
    12051 kB: com.tianci.ad (pid 7580)
    10335 kB: com.tianci.push (pid 1736)
     8910 kB: com.coocaa.sysreport (pid 3951)
     8908 kB: com.tianci.user (pid 3901)
     4668 kB: android.process.media (pid 3037)
     3620 kB: com.coocaa.os.softsettings.provider (pid 1876)
     3489 kB: com.skyworth.android.skyRMService (pid 1584)
     3247 kB: com.dunn.instrument (pid 1575)
     1807 kB: TvServer (pid 1149)
     1698 kB: zygote (pid 743)
     1282 kB: surfaceflinger (pid 742)
     1282 kB: logcat (pid 2014)
     1239 kB: app_process (pid 1775)
      447 kB: wpa_supplicant (pid 1503)
      373 kB: sdcard (pid 756)
      263 kB: netd (pid 740)
      242 kB: keystore (pid 748)
      239 kB: /init (pid 1)
      228 kB: dumpsys (pid 7809)
      220 kB: adbd (pid 1439)
      130 kB: vold (pid 736)
      125 kB: FileDesc_server (pid 749)
      108 kB: healthd (pid 733)
       91 kB: sh (pid 734)
       77 kB: coocaa_guard (pid 752)
       72 kB: ueventd (pid 512)
       52 kB: servicemanager (pid 735)
       50 kB: drmserver (pid 745)
       48 kB: RootApp (pid 1130)
       45 kB: logwrapper (pid 1126)
       40 kB: busybox (pid 1636)
       37 kB: keypad (pid 739)
       31 kB: VirtualEvent (pid 1246)
       27 kB: sh (pid 1682)
       18 kB: hardwared (pid 737)
       11 kB: dhcpcd (pid 1846)
       10 kB: installd (pid 747)
        8 kB: debuggerd (pid 741)
        7 kB: smobsd (pid 1249)

Total PSS by OOM adjustment:
    25163 kB: Native
               14856 kB: mediaserver (pid 746)
                1807 kB: TvServer (pid 1149)
                1698 kB: zygote (pid 743)
                1282 kB: surfaceflinger (pid 742)
                1282 kB: logcat (pid 2014)
                1239 kB: app_process (pid 1775)
                 447 kB: wpa_supplicant (pid 1503)
                 373 kB: sdcard (pid 756)
                 263 kB: netd (pid 740)
                 242 kB: keystore (pid 748)
                 239 kB: /init (pid 1)
                 228 kB: dumpsys (pid 7809)
                 220 kB: adbd (pid 1439)
                 130 kB: vold (pid 736)
                 125 kB: FileDesc_server (pid 749)
                 108 kB: healthd (pid 733)
                  91 kB: sh (pid 734)
                  77 kB: coocaa_guard (pid 752)
                  72 kB: ueventd (pid 512)
                  52 kB: servicemanager (pid 735)
                  50 kB: drmserver (pid 745)
                  48 kB: RootApp (pid 1130)
                  45 kB: logwrapper (pid 1126)
                  40 kB: busybox (pid 1636)
                  37 kB: keypad (pid 739)
                  31 kB: VirtualEvent (pid 1246)
                  27 kB: sh (pid 1682)
                  18 kB: hardwared (pid 737)
                  11 kB: dhcpcd (pid 1846)
                  10 kB: installd (pid 747)
                   8 kB: debuggerd (pid 741)
                   7 kB: smobsd (pid 1249)
    17187 kB: System
               17187 kB: system (pid 1347)
     6736 kB: Persistent
                3489 kB: com.skyworth.android.skyRMService (pid 1584)
                3247 kB: com.dunn.instrument (pid 1575)
   158636 kB: Foreground
               89047 kB: com.tianci.movieplatform (pid 2896 / activities)
               16191 kB: com.coocaa.os.ccosservice (pid 2474)
               13512 kB: com.tianci.de (pid 2849)
               12353 kB: com.tianci.system (pid 1595)
               10335 kB: com.tianci.push (pid 1736)
                8910 kB: com.coocaa.sysreport (pid 3951)
                4668 kB: android.process.media (pid 3037)
                3620 kB: com.coocaa.os.softsettings.provider (pid 1876)
    12051 kB: A Services
               12051 kB: com.tianci.ad (pid 7580)
    14799 kB: B Services
               14799 kB: com.tianci.movieplatform:daemon (pid 4955)
     8908 kB: Cached
                8908 kB: com.tianci.user (pid 3901)

Total PSS by category:
    50898 kB: Dalvik
    49375 kB: Unknown
    49151 kB: Dalvik Other
    36596 kB: .dex mmap
    23964 kB: .so mmap
    12728 kB: Native
     6029 kB: Other dev
     4688 kB: Ashmem
     4672 kB: Stack
     2787 kB: Other mmap
     2341 kB: .apk mmap
      239 kB: .ttf mmap
       12 kB: .jar mmap
        0 kB: Cursor
        0 kB: code mmap
        0 kB: image mmap
        0 kB: Graphics
        0 kB: GL
        0 kB: Memtrack

Total RAM: 463128 kB
 Free RAM: 114784 kB (8908 cached pss + 96876 cached + 9000 free)
 Used RAM: 258628 kB (234572 used pss + 1316 buffers + 448 shmem + 22292 slab)
 Lost RAM: 89716 kB
     ZRAM: 10188 kB physical used for 29444 kB in swap (98300 kB total swap)
   Tuning: 48 (large 128), oom 108462 kB, restore limit 36154 kB (low-ram)
Applications Memory Usage (kB):
Uptime: 448275 Realtime: 448275

Total PSS by process:
    87871 kB: com.tianci.movieplatform (pid 2896 / activities)
    17285 kB: system (pid 1347)
    16183 kB: com.coocaa.os.ccosservice (pid 2474)
    14960 kB: com.tianci.movieplatform:daemon (pid 4955)
    14858 kB: mediaserver (pid 746)
    13591 kB: com.tianci.de (pid 2849)
    12421 kB: com.tianci.system (pid 1595)
    10405 kB: com.tianci.push (pid 1736)
     9007 kB: com.tianci.user (pid 3901)
     8982 kB: com.coocaa.sysreport (pid 3951)
     4711 kB: android.process.media (pid 3037)
     3679 kB: com.coocaa.os.softsettings.provider (pid 1876)
     3530 kB: com.skyworth.android.skyRMService (pid 1584)
     3297 kB: com.dunn.instrument (pid 1575)
     1809 kB: zygote (pid 743)
     1809 kB: TvServer (pid 1149)
     1287 kB: surfaceflinger (pid 742)
     1282 kB: logcat (pid 2014)
     1255 kB: app_process (pid 1775)
      449 kB: wpa_supplicant (pid 1503)
      374 kB: sdcard (pid 756)
      265 kB: netd (pid 740)
      244 kB: keystore (pid 748)
      239 kB: /init (pid 1)
      220 kB: adbd (pid 1439)
      132 kB: vold (pid 736)
      126 kB: FileDesc_server (pid 749)
      108 kB: healthd (pid 733)
       91 kB: sh (pid 734)
       78 kB: coocaa_guard (pid 752)
       72 kB: ueventd (pid 512)
       64 kB: com.tianci.ad (pid 7580)
       53 kB: servicemanager (pid 735)
       52 kB: drmserver (pid 745)
       48 kB: RootApp (pid 1130)
       45 kB: logwrapper (pid 1126)
       40 kB: busybox (pid 1636)
       37 kB: keypad (pid 739)
       32 kB: VirtualEvent (pid 1246)
       22 kB: sh (pid 1682)
       19 kB: hardwared (pid 737)
       11 kB: dhcpcd (pid 1846)
       10 kB: installd (pid 747)
        8 kB: debuggerd (pid 741)
        7 kB: smobsd (pid 1249)
        0 kB: dumpsys (pid 7809)

Total PSS by OOM adjustment:
    25082 kB: Native
               14858 kB: mediaserver (pid 746)
                1809 kB: zygote (pid 743)
                1809 kB: TvServer (pid 1149)
                1287 kB: surfaceflinger (pid 742)
                1282 kB: logcat (pid 2014)
                1255 kB: app_process (pid 1775)
                 449 kB: wpa_supplicant (pid 1503)
                 374 kB: sdcard (pid 756)
                 265 kB: netd (pid 740)
                 244 kB: keystore (pid 748)
                 239 kB: /init (pid 1)
                 220 kB: adbd (pid 1439)
                 132 kB: vold (pid 736)
                 126 kB: FileDesc_server (pid 749)
                 108 kB: healthd (pid 733)
                  91 kB: sh (pid 734)
                  78 kB: coocaa_guard (pid 752)
                  72 kB: ueventd (pid 512)
                  53 kB: servicemanager (pid 735)
                  52 kB: drmserver (pid 745)
                  48 kB: RootApp (pid 1130)
                  45 kB: logwrapper (pid 1126)
                  40 kB: busybox (pid 1636)
                  37 kB: keypad (pid 739)
                  32 kB: VirtualEvent (pid 1246)
                  22 kB: sh (pid 1682)
                  19 kB: hardwared (pid 737)
                  11 kB: dhcpcd (pid 1846)
                  10 kB: installd (pid 747)
                   8 kB: debuggerd (pid 741)
                   7 kB: smobsd (pid 1249)
                   0 kB: dumpsys (pid 7809)
    17285 kB: System
               17285 kB: system (pid 1347)
     6827 kB: Persistent
                3530 kB: com.skyworth.android.skyRMService (pid 1584)
                3297 kB: com.dunn.instrument (pid 1575)
   157843 kB: Foreground
               87871 kB: com.tianci.movieplatform (pid 2896 / activities)
               16183 kB: com.coocaa.os.ccosservice (pid 2474)
               13591 kB: com.tianci.de (pid 2849)
               12421 kB: com.tianci.system (pid 1595)
               10405 kB: com.tianci.push (pid 1736)
                8982 kB: com.coocaa.sysreport (pid 3951)
                4711 kB: android.process.media (pid 3037)
                3679 kB: com.coocaa.os.softsettings.provider (pid 1876)
    15024 kB: A Services
               14960 kB: com.tianci.movieplatform:daemon (pid 4955)
                  64 kB: com.tianci.ad (pid 7580)
     9007 kB: Cached
                9007 kB: com.tianci.user (pid 3901)

Total PSS by category:
    49013 kB: Dalvik
    48246 kB: Unknown
    46595 kB: Dalvik Other
    30921 kB: .dex mmap
    23190 kB: .so mmap
    12724 kB: Native
     6020 kB: Other dev
     4688 kB: Ashmem
     4576 kB: Stack
     2599 kB: Other mmap
     2253 kB: .apk mmap
      239 kB: .ttf mmap
        4 kB: .jar mmap
        0 kB: Cursor
        0 kB: code mmap
        0 kB: image mmap
        0 kB: Graphics
        0 kB: GL
        0 kB: Memtrack

Total RAM: 463128 kB
 Free RAM: 121995 kB (9007 cached pss + 97912 cached + 15076 free)
 Used RAM: 246265 kB (222061 used pss + 1448 buffers + 448 shmem + 22308 slab)
 Lost RAM: 94868 kB
     ZRAM: 10188 kB physical used for 29444 kB in swap (98300 kB total swap)
   Tuning: 48 (large 128), oom 108462 kB, restore limit 36154 kB (low-ram)
Applications Memory Usage (kB):
Uptime: 451494 Realtime: 451494

Total PSS by process:
    87985 kB: com.tianci.movieplatform (pid 2896 / activities)
    17405 kB: system (pid 1347)
    16410 kB: com.coocaa.os.ccosservice (pid 2474)
    14960 kB: com.tianci.movieplatform:daemon (pid 4955)
    14858 kB: mediaserver (pid 746)
    13591 kB: com.tianci.de (pid 2849)
    12618 kB: com.tianci.system (pid 1595)
    10405 kB: com.tianci.push (pid 1736)
     9007 kB: com.tianci.user (pid 3901)
     8982 kB: com.coocaa.sysreport (pid 3951)
