Applications Memory Usage (kB):
Uptime: 378046 Realtime: 378046

Total PSS by process:
    77109 kB: com.ccos.tv.homepage (pid 2143 / activities)
    32699 kB: com.tianci.movieplatform (pid 2560)
    19745 kB: com.coocaa.os.ccosservice (pid 1867)
    17489 kB: system (pid 1349)
    16595 kB: com.tianci.de (pid 2460)
    14618 kB: com.tianci.ad (pid 2726)
    14523 kB: com.tianci.system (pid 1590)
    11036 kB: com.tianci.ad:adUpgrade (pid 3333)
    10036 kB: com.tianci.user (pid 2828)
     9953 kB: com.tianci.push (pid 1720)
     9277 kB: com.coocaa.sysreport (pid 2327)
     8723 kB: com.coocaa.os.softsettings.provider (pid 2298)
     7720 kB: app_process (pid 1799)
     5092 kB: android.process.media (pid 2647)
     3791 kB: zygote (pid 744)
     3416 kB: com.dunn.instrument (pid 1581)
     1752 kB: mediaserver (pid 746)
     1642 kB: TvServer (pid 1118)
     1486 kB: logcat (pid 2093)
     1379 kB: surfaceflinger (pid 743)
      437 kB: wpa_supplicant (pid 1505)
      336 kB: drmserver (pid 745)
      318 kB: /init (pid 1)
      249 kB: keystore (pid 748)
      247 kB: netd (pid 741)
      227 kB: dhcpcd (pid 1878)
      204 kB: adbd (pid 1439)
      185 kB: dumpsys (pid 6756)
      127 kB: vold (pid 737)
      120 kB: sh (pid 1706)
      117 kB: sdcard (pid 757)
      108 kB: healthd (pid 733)
       96 kB: FileDesc_server (pid 749)
       92 kB: VirtualEvent (pid 1263)
       81 kB: coocaa_guard (pid 753)
       72 kB: ueventd (pid 512)
       56 kB: busybox (pid 1635)
       52 kB: servicemanager (pid 735)
       48 kB: RootApp (pid 1111)
       45 kB: logwrapper (pid 1106)
       36 kB: keypad (pid 740)
       28 kB: sh (pid 734)
       24 kB: hardwared (pid 738)
       10 kB: installd (pid 747)
        8 kB: debuggerd (pid 742)
        7 kB: smobsd (pid 1266)

Total PSS by OOM adjustment:
    21100 kB: Native
                7720 kB: app_process (pid 1799)
                3791 kB: zygote (pid 744)
                1752 kB: mediaserver (pid 746)
                1642 kB: TvServer (pid 1118)
                1486 kB: logcat (pid 2093)
                1379 kB: surfaceflinger (pid 743)
                 437 kB: wpa_supplicant (pid 1505)
                 336 kB: drmserver (pid 745)
                 318 kB: /init (pid 1)
                 249 kB: keystore (pid 748)
                 247 kB: netd (pid 741)
                 227 kB: dhcpcd (pid 1878)
                 204 kB: adbd (pid 1439)
                 185 kB: dumpsys (pid 6756)
                 127 kB: vold (pid 737)
                 120 kB: sh (pid 1706)
                 117 kB: sdcard (pid 757)
                 108 kB: healthd (pid 733)
                  96 kB: FileDesc_server (pid 749)
                  92 kB: VirtualEvent (pid 1263)
                  81 kB: coocaa_guard (pid 753)
                  72 kB: ueventd (pid 512)
                  56 kB: busybox (pid 1635)
                  52 kB: servicemanager (pid 735)
                  48 kB: RootApp (pid 1111)
                  45 kB: logwrapper (pid 1106)
                  36 kB: keypad (pid 740)
                  28 kB: sh (pid 734)
                  24 kB: hardwared (pid 738)
                  10 kB: installd (pid 747)
                   8 kB: debuggerd (pid 742)
                   7 kB: smobsd (pid 1266)
    17489 kB: System
               17489 kB: system (pid 1349)
     3416 kB: Persistent
                3416 kB: com.dunn.instrument (pid 1581)
   166358 kB: Foreground
               77109 kB: com.ccos.tv.homepage (pid 2143 / activities)
               19745 kB: com.coocaa.os.ccosservice (pid 1867)
               16595 kB: com.tianci.de (pid 2460)
               14618 kB: com.tianci.ad (pid 2726)
               14523 kB: com.tianci.system (pid 1590)
                9953 kB: com.tianci.push (pid 1720)
                8723 kB: com.coocaa.os.softsettings.provider (pid 2298)
                5092 kB: android.process.media (pid 2647)
    32699 kB: Visible
               32699 kB: com.tianci.movieplatform (pid 2560)
     9277 kB: A Services
                9277 kB: com.coocaa.sysreport (pid 2327)
    11036 kB: B Services
               11036 kB: com.tianci.ad:adUpgrade (pid 3333)
    10036 kB: Cached
               10036 kB: com.tianci.user (pid 2828)

Total PSS by category:
    67047 kB: Dalvik
    60323 kB: Dalvik Other
    51226 kB: .dex mmap
    31521 kB: Unknown
    28748 kB: .so mmap
    12152 kB: Ashmem
     5428 kB: .apk mmap
     4593 kB: Other dev
     3652 kB: Stack
     2996 kB: Native
     2934 kB: Other mmap
      783 kB: .ttf mmap
        4 kB: Cursor
        4 kB: .jar mmap
        0 kB: code mmap
        0 kB: image mmap
        0 kB: Graphics
        0 kB: GL
        0 kB: Memtrack

Total RAM: 463128 kB
 Free RAM: 168280 kB (10036 cached pss + 148200 cached + 10044 free)
 Used RAM: 284995 kB (261375 used pss + 2708 buffers + 228 shmem + 20684 slab)
 Lost RAM: 9853 kB
     ZRAM: 8980 kB physical used for 17756 kB in swap (98300 kB total swap)
   Tuning: 48 (large 128), oom 108462 kB, restore limit 36154 kB (low-ram)
Applications Memory Usage (kB):
Uptime: 380715 Realtime: 380715

Total PSS by process:
    82176 kB: com.ccos.tv.homepage (pid 2143 / activities)
    32671 kB: com.tianci.movieplatform (pid 2560)
    19739 kB: com.coocaa.os.ccosservice (pid 1867)
    17541 kB: system (pid 1349)
    16755 kB: com.tianci.de (pid 2460)
    14618 kB: com.tianci.ad (pid 2726)
    14143 kB: com.tianci.system (pid 1590)
    11002 kB: com.tianci.ad:adUpgrade (pid 3333)
    10036 kB: com.tianci.user (pid 2828)
     9953 kB: com.tianci.push (pid 1720)
     9277 kB: com.coocaa.sysreport (pid 2327)
     8723 kB: com.coocaa.os.softsettings.provider (pid 2298)
     7719 kB: app_process (pid 1799)
     5090 kB: android.process.media (pid 2647)
     3790 kB: zygote (pid 744)
     3416 kB: com.dunn.instrument (pid 1581)
     1752 kB: mediaserver (pid 746)
     1642 kB: TvServer (pid 1118)
     1494 kB: logcat (pid 2093)
     1379 kB: surfaceflinger (pid 743)
      437 kB: wpa_supplicant (pid 1505)
      336 kB: drmserver (pid 745)
      318 kB: /init (pid 1)
      249 kB: keystore (pid 748)
      247 kB: netd (pid 741)
      227 kB: dhcpcd (pid 1878)
      204 kB: adbd (pid 1439)
      127 kB: vold (pid 737)
      120 kB: sh (pid 1706)
      117 kB: sdcard (pid 757)
      108 kB: healthd (pid 733)
       96 kB: FileDesc_server (pid 749)
       92 kB: VirtualEvent (pid 1263)
       81 kB: coocaa_guard (pid 753)
       72 kB: ueventd (pid 512)
       56 kB: busybox (pid 1635)
       52 kB: servicemanager (pid 735)
       48 kB: RootApp (pid 1111)
       45 kB: logwrapper (pid 1106)
       36 kB: keypad (pid 740)
       28 kB: sh (pid 734)
       24 kB: hardwared (pid 738)
       10 kB: installd (pid 747)
        8 kB: debuggerd (pid 742)
        7 kB: smobsd (pid 1266)
        0 kB: dumpsys (pid 6756)

Total PSS by OOM adjustment:
    20921 kB: Native
                7719 kB: app_process (pid 1799)
                3790 kB: zygote (pid 744)
                1752 kB: mediaserver (pid 746)
                1642 kB: TvServer (pid 1118)
                1494 kB: logcat (pid 2093)
                1379 kB: surfaceflinger (pid 743)
                 437 kB: wpa_supplicant (pid 1505)
                 336 kB: drmserver (pid 745)
                 318 kB: /init (pid 1)
                 249 kB: keystore (pid 748)
                 247 kB: netd (pid 741)
                 227 kB: dhcpcd (pid 1878)
                 204 kB: adbd (pid 1439)
                 127 kB: vold (pid 737)
                 120 kB: sh (pid 1706)
                 117 kB: sdcard (pid 757)
                 108 kB: healthd (pid 733)
                  96 kB: FileDesc_server (pid 749)
                  92 kB: VirtualEvent (pid 1263)
                  81 kB: coocaa_guard (pid 753)
                  72 kB: ueventd (pid 512)
                  56 kB: busybox (pid 1635)
                  52 kB: servicemanager (pid 735)
                  48 kB: RootApp (pid 1111)
                  45 kB: logwrapper (pid 1106)
                  36 kB: keypad (pid 740)
                  28 kB: sh (pid 734)
                  24 kB: hardwared (pid 738)
                  10 kB: installd (pid 747)
                   8 kB: debuggerd (pid 742)
                   7 kB: smobsd (pid 1266)
                   0 kB: dumpsys (pid 6756)
    17541 kB: System
               17541 kB: system (pid 1349)
     3416 kB: Persistent
                3416 kB: com.dunn.instrument (pid 1581)
   171197 kB: Foreground
               82176 kB: com.ccos.tv.homepage (pid 2143 / activities)
               19739 kB: com.coocaa.os.ccosservice (pid 1867)
               16755 kB: com.tianci.de (pid 2460)
               14618 kB: com.tianci.ad (pid 2726)
               14143 kB: com.tianci.system (pid 1590)
                9953 kB: com.tianci.push (pid 1720)
                8723 kB: com.coocaa.os.softsettings.provider (pid 2298)
                5090 kB: android.process.media (pid 2647)
    32671 kB: Visible
               32671 kB: com.tianci.movieplatform (pid 2560)
     9277 kB: A Services
                9277 kB: com.coocaa.sysreport (pid 2327)
    11002 kB: B Services
               11002 kB: com.tianci.ad:adUpgrade (pid 3333)
    10036 kB: Cached
               10036 kB: com.tianci.user (pid 2828)

Total PSS by category:
    66795 kB: Dalvik
    60583 kB: Dalvik Other
    52399 kB: .dex mmap
    30389 kB: Unknown
    28648 kB: .so mmap
    16776 kB: Ashmem
     5434 kB: .apk mmap
     4497 kB: Other dev
     3708 kB: Stack
     3000 kB: Native
     2913 kB: Other mmap
      911 kB: .ttf mmap
        4 kB: Cursor
        4 kB: .jar mmap
        0 kB: code mmap
        0 kB: image mmap
        0 kB: Graphics
        0 kB: GL
        0 kB: Memtrack

Total RAM: 463128 kB
 Free RAM: 158136 kB (10036 cached pss + 142784 cached + 5316 free)
 Used RAM: 289645 kB (266025 used pss + 2612 buffers + 228 shmem + 20780 slab)
 Lost RAM: 15347 kB
     ZRAM: 8980 kB physical used for 17756 kB in swap (98300 kB total swap)
   Tuning: 48 (large 128), oom 108462 kB, restore limit 36154 kB (low-ram)
Applications Memory Usage (kB):
Uptime: 383649 Realtime: 383649

Total PSS by process:
    92833 kB: com.ccos.tv.homepage (pid 2143 / activities)
    30171 kB: com.tianci.movieplatform (pid 2560)
    19649 kB: com.coocaa.os.ccosservice (pid 1867)
    17820 kB: system (pid 1349)
    16639 kB: com.tianci.de (pid 2460)
    14616 kB: com.tianci.ad (pid 2726)
    14059 kB: com.tianci.system (pid 1590)
    10954 kB: com.tianci.ad:adUpgrade (pid 3333)
    10028 kB: com.tianci.user (pid 2828)
     9925 kB: com.tianci.push (pid 1720)
     9273 kB: com.coocaa.sysreport (pid 2327)
     8687 kB: com.coocaa.os.softsettings.provider (pid 2298)
     7719 kB: app_process (pid 1799)
     5064 kB: android.process.media (pid 2647)
     3790 kB: zygote (pid 744)
     3416 kB: com.dunn.instrument (pid 1581)
     1752 kB: mediaserver (pid 746)
     1642 kB: TvServer (pid 1118)
     1494 kB: logcat (pid 2093)
     1379 kB: surfaceflinger (pid 743)
      437 kB: wpa_supplicant (pid 1505)
      336 kB: drmserver (pid 745)
      318 kB: /init (pid 1)
      249 kB: keystore (pid 748)
      247 kB: netd (pid 741)
      227 kB: dhcpcd (pid 1878)
      204 kB: adbd (pid 1439)
      185 kB: dumpsys (pid 6870)
      127 kB: vold (pid 737)
      120 kB: sh (pid 1706)
      117 kB: sdcard (pid 757)
      108 kB: healthd (pid 733)
       96 kB: FileDesc_server (pid 749)
       92 kB: VirtualEvent (pid 1263)
       81 kB: coocaa_guard (pid 753)
       72 kB: ueventd (pid 512)
       56 kB: busybox (pid 1635)
       52 kB: servicemanager (pid 735)
       48 kB: RootApp (pid 1111)
       45 kB: logwrapper (pid 1106)
       36 kB: keypad (pid 740)
       28 kB: sh (pid 734)
       24 kB: hardwared (pid 738)
       10 kB: installd (pid 747)
        8 kB: debuggerd (pid 742)
        7 kB: smobsd (pid 1266)

Total PSS by OOM adjustment:
    21106 kB: Native
                7719 kB: app_process (pid 1799)
                3790 kB: zygote (pid 744)
                1752 kB: mediaserver (pid 746)
                1642 kB: TvServer (pid 1118)
                1494 kB: logcat (pid 2093)
                1379 kB: surfaceflinger (pid 743)
                 437 kB: wpa_supplicant (pid 1505)
                 336 kB: drmserver (pid 745)
                 318 kB: /init (pid 1)
                 249 kB: keystore (pid 748)
                 247 kB: netd (pid 741)
                 227 kB: dhcpcd (pid 1878)
                 204 kB: adbd (pid 1439)
                 185 kB: dumpsys (pid 6870)
                 127 kB: vold (pid 737)
                 120 kB: sh (pid 1706)
                 117 kB: sdcard (pid 757)
                 108 kB: healthd (pid 733)
                  96 kB: FileDesc_server (pid 749)
                  92 kB: VirtualEvent (pid 1263)
                  81 kB: coocaa_guard (pid 753)
                  72 kB: ueventd (pid 512)
                  56 kB: busybox (pid 1635)
                  52 kB: servicemanager (pid 735)
                  48 kB: RootApp (pid 1111)
                  45 kB: logwrapper (pid 1106)
                  36 kB: keypad (pid 740)
                  28 kB: sh (pid 734)
                  24 kB: hardwared (pid 738)
                  10 kB: installd (pid 747)
                   8 kB: debuggerd (pid 742)
                   7 kB: smobsd (pid 1266)
    17820 kB: System
               17820 kB: system (pid 1349)
     3416 kB: Persistent
                3416 kB: com.dunn.instrument (pid 1581)
   181472 kB: Foreground
               92833 kB: com.ccos.tv.homepage (pid 2143 / activities)
               19649 kB: com.coocaa.os.ccosservice (pid 1867)
               16639 kB: com.tianci.de (pid 2460)
               14616 kB: com.tianci.ad (pid 2726)
               14059 kB: com.tianci.system (pid 1590)
                9925 kB: com.tianci.push (pid 1720)
                8687 kB: com.coocaa.os.softsettings.provider (pid 2298)
                5064 kB: android.process.media (pid 2647)
    30171 kB: Visible
               30171 kB: com.tianci.movieplatform (pid 2560)
     9273 kB: A Services
                9273 kB: com.coocaa.sysreport (pid 2327)
    10954 kB: B Services
               10954 kB: com.tianci.ad:adUpgrade (pid 3333)
    10028 kB: Cached
               10028 kB: com.tianci.user (pid 2828)

Total PSS by category:
    66851 kB: Dalvik
    60770 kB: Dalvik Other
    49361 kB: .dex mmap
    33861 kB: Unknown
    28752 kB: .so mmap
    20000 kB: Ashmem
     9253 kB: Other dev
     5100 kB: .apk mmap
     3680 kB: Stack
     3004 kB: Native
     2937 kB: Other mmap
      663 kB: .ttf mmap
        4 kB: Cursor
        4 kB: .jar mmap
        0 kB: code mmap
        0 kB: image mmap
        0 kB: Graphics
        0 kB: GL
        0 kB: Memtrack

Total RAM: 463128 kB
 Free RAM: 153444 kB (10028 cached pss + 130032 cached + 13384 free)
 Used RAM: 296896 kB (274212 used pss + 1656 buffers + 228 shmem + 20800 slab)
 Lost RAM: 12788 kB
     ZRAM: 8984 kB physical used for 17772 kB in swap (98300 kB total swap)
   Tuning: 48 (large 128), oom 108462 kB, restore limit 36154 kB (low-ram)
Applications Memory Usage (kB):
Uptime: 386323 Realtime: 386323

Total PSS by process:
    95394 kB: com.ccos.tv.homepage (pid 2143 / activities)
    29349 kB: com.tianci.movieplatform (pid 2560)
    19474 kB: com.coocaa.os.ccosservice (pid 1867)
    17656 kB: system (pid 1349)
    16571 kB: com.tianci.de (pid 2460)
    14416 kB: com.tianci.ad (pid 2726)
    14023 kB: com.tianci.system (pid 1590)
    10818 kB: com.tianci.ad:adUpgrade (pid 3333)
    10024 kB: com.tianci.user (pid 2828)
     9924 kB: com.tianci.push (pid 1720)
     9273 kB: com.coocaa.sysreport (pid 2327)
     8679 kB: com.coocaa.os.softsettings.provider (pid 2298)
     7361 kB: app_process (pid 1799)
     5064 kB: android.process.media (pid 2647)
     3664 kB: zygote (pid 744)
     3416 kB: com.dunn.instrument (pid 1581)
     1752 kB: mediaserver (pid 746)
     1494 kB: logcat (pid 2093)
     1466 kB: TvServer (pid 1118)
     1383 kB: surfaceflinger (pid 743)
      437 kB: wpa_supplicant (pid 1505)
      336 kB: drmserver (pid 745)
      318 kB: /init (pid 1)
      247 kB: netd (pid 741)
      247 kB: keystore (pid 748)
      223 kB: dhcpcd (pid 1878)
      204 kB: adbd (pid 1439)
      127 kB: vold (pid 737)
      120 kB: sh (pid 1706)
      117 kB: sdcard (pid 757)
      108 kB: healthd (pid 733)
       96 kB: FileDesc_server (pid 749)
       92 kB: VirtualEvent (pid 1263)
       81 kB: coocaa_guard (pid 753)
       72 kB: ueventd (pid 512)
       56 kB: busybox (pid 1635)
       52 kB: servicemanager (pid 735)
       48 kB: RootApp (pid 1111)
       45 kB: logwrapper (pid 1106)
       36 kB: keypad (pid 740)
       28 kB: sh (pid 734)
       24 kB: hardwared (pid 738)
        9 kB: installd (pid 747)
        8 kB: debuggerd (pid 742)
        7 kB: smobsd (pid 1266)
        0 kB: dumpsys (pid 6870)

Total PSS by OOM adjustment:
    20258 kB: Native
                7361 kB: app_process (pid 1799)
                3664 kB: zygote (pid 744)
                1752 kB: mediaserver (pid 746)
                1494 kB: logcat (pid 2093)
                1466 kB: TvServer (pid 1118)
                1383 kB: surfaceflinger (pid 743)
                 437 kB: wpa_supplicant (pid 1505)
                 336 kB: drmserver (pid 745)
                 318 kB: /init (pid 1)
                 247 kB: netd (pid 741)
                 247 kB: keystore (pid 748)
                 223 kB: dhcpcd (pid 1878)
                 204 kB: adbd (pid 1439)
                 127 kB: vold (pid 737)
                 120 kB: sh (pid 1706)
                 117 kB: sdcard (pid 757)
                 108 kB: healthd (pid 733)
                  96 kB: FileDesc_server (pid 749)
                  92 kB: VirtualEvent (pid 1263)
                  81 kB: coocaa_guard (pid 753)
                  72 kB: ueventd (pid 512)
                  56 kB: busybox (pid 1635)
                  52 kB: servicemanager (pid 735)
                  48 kB: RootApp (pid 1111)
                  45 kB: logwrapper (pid 1106)
                  36 kB: keypad (pid 740)
                  28 kB: sh (pid 734)
                  24 kB: hardwared (pid 738)
                   9 kB: installd (pid 747)
                   8 kB: debuggerd (pid 742)
                   7 kB: smobsd (pid 1266)
                   0 kB: dumpsys (pid 6870)
    17656 kB: System
               17656 kB: system (pid 1349)
     3416 kB: Persistent
                3416 kB: com.dunn.instrument (pid 1581)
   183545 kB: Foreground
               95394 kB: com.ccos.tv.homepage (pid 2143 / activities)
               19474 kB: com.coocaa.os.ccosservice (pid 1867)
               16571 kB: com.tianci.de (pid 2460)
               14416 kB: com.tianci.ad (pid 2726)
               14023 kB: com.tianci.system (pid 1590)
                9924 kB: com.tianci.push (pid 1720)
                8679 kB: com.coocaa.os.softsettings.provider (pid 2298)
                5064 kB: android.process.media (pid 2647)
    29349 kB: Visible
               29349 kB: com.tianci.movieplatform (pid 2560)
     9273 kB: A Services
                9273 kB: com.coocaa.sysreport (pid 2327)
    10818 kB: B Services
               10818 kB: com.tianci.ad:adUpgrade (pid 3333)
    10024 kB: Cached
               10024 kB: com.tianci.user (pid 2828)

Total PSS by category:
    67187 kB: Dalvik
    60578 kB: Dalvik Other
    48304 kB: .dex mmap
    34785 kB: Unknown
    28118 kB: .so mmap
    19912 kB: Ashmem
    10497 kB: Other dev
     4715 kB: .apk mmap
     3680 kB: Stack
     3000 kB: Native
     2736 kB: Other mmap
      819 kB: .ttf mmap
        4 kB: Cursor
        4 kB: .jar mmap
        0 kB: code mmap
        0 kB: image mmap
        0 kB: Graphics
        0 kB: GL
        0 kB: Memtrack

Total RAM: 463128 kB
 Free RAM: 148120 kB (10024 cached pss + 130468 cached + 7628 free)
 Used RAM: 297075 kB (274315 used pss + 1688 buffers + 228 shmem + 20844 slab)
 Lost RAM: 17933 kB
     ZRAM: 8984 kB physical used for 17776 kB in swap (98300 kB total swap)
   Tuning: 48 (large 128), oom 108462 kB, restore limit 36154 kB (low-ram)
Applications Memory Usage (kB):
Uptime: 389122 Realtime: 389122

Total PSS by process:
    98565 kB: com.ccos.tv.homepage (pid 2143 / activities)
    29342 kB: com.tianci.movieplatform (pid 2560)
    19451 kB: com.coocaa.os.ccosservice (pid 1867)
    17502 kB: system (pid 1349)
    16562 kB: com.tianci.de (pid 2460)
    14416 kB: com.tianci.ad (pid 2726)
    14015 kB: com.tianci.system (pid 1590)
    10818 kB: com.tianci.ad:adUpgrade (pid 3333)
    10006 kB: com.tianci.user (pid 2828)
     9924 kB: com.tianci.push (pid 1720)
     9255 kB: com.coocaa.sysreport (pid 2327)
     8327 kB: com.coocaa.os.softsettings.provider (pid 2298)
     6655 kB: app_process (pid 1799)
     5064 kB: android.process.media (pid 2647)
     3416 kB: com.dunn.instrument (pid 1581)
     2726 kB: zygote (pid 744)
     1741 kB: mediaserver (pid 746)
     1522 kB: logcat (pid 2093)
     1466 kB: TvServer (pid 1118)
     1378 kB: surfaceflinger (pid 743)
      441 kB: wpa_supplicant (pid 1505)
      325 kB: drmserver (pid 745)
      318 kB: /init (pid 1)
      247 kB: netd (pid 741)
      247 kB: keystore (pid 748)
      223 kB: dhcpcd (pid 1878)
      204 kB: adbd (pid 1439)
      185 kB: dumpsys (pid 6981)
      127 kB: vold (pid 737)
      120 kB: sh (pid 1706)
      117 kB: sdcard (pid 757)
      108 kB: healthd (pid 733)
       95 kB: FileDesc_server (pid 749)
       92 kB: VirtualEvent (pid 1263)
       81 kB: coocaa_guard (pid 753)
       72 kB: ueventd (pid 512)
       56 kB: busybox (pid 1635)
       52 kB: servicemanager (pid 735)
       48 kB: RootApp (pid 1111)
       45 kB: logwrapper (pid 1106)
       36 kB: keypad (pid 740)
       28 kB: sh (pid 734)
       24 kB: hardwared (pid 738)
        9 kB: installd (pid 747)
        8 kB: debuggerd (pid 742)
        7 kB: smobsd (pid 1266)

Total PSS by OOM adjustment:
    18803 kB: Native
                6655 kB: app_process (pid 1799)
                2726 kB: zygote (pid 744)
                1741 kB: mediaserver (pid 746)
                1522 kB: logcat (pid 2093)
                1466 kB: TvServer (pid 1118)
                1378 kB: surfaceflinger (pid 743)
                 441 kB: wpa_supplicant (pid 1505)
                 325 kB: drmserver (pid 745)
                 318 kB: /init (pid 1)
                 247 kB: netd (pid 741)
                 247 kB: keystore (pid 748)
                 223 kB: dhcpcd (pid 1878)
                 204 kB: adbd (pid 1439)
                 185 kB: dumpsys (pid 6981)
                 127 kB: vold (pid 737)
                 120 kB: sh (pid 1706)
                 117 kB: sdcard (pid 757)
                 108 kB: healthd (pid 733)
                  95 kB: FileDesc_server (pid 749)
                  92 kB: VirtualEvent (pid 1263)
                  81 kB: coocaa_guard (pid 753)
                  72 kB: ueventd (pid 512)
                  56 kB: busybox (pid 1635)
                  52 kB: servicemanager (pid 735)
                  48 kB: RootApp (pid 1111)
                  45 kB: logwrapper (pid 1106)
                  36 kB: keypad (pid 740)
                  28 kB: sh (pid 734)
                  24 kB: hardwared (pid 738)
                   9 kB: installd (pid 747)
                   8 kB: debuggerd (pid 742)
                   7 kB: smobsd (pid 1266)
    17502 kB: System
               17502 kB: system (pid 1349)
     3416 kB: Persistent
                3416 kB: com.dunn.instrument (pid 1581)
   186324 kB: Foreground
               98565 kB: com.ccos.tv.homepage (pid 2143 / activities)
               19451 kB: com.coocaa.os.ccosservice (pid 1867)
               16562 kB: com.tianci.de (pid 2460)
               14416 kB: com.tianci.ad (pid 2726)
               14015 kB: com.tianci.system (pid 1590)
                9924 kB: com.tianci.push (pid 1720)
                8327 kB: com.coocaa.os.softsettings.provider (pid 2298)
                5064 kB: android.process.media (pid 2647)
    29342 kB: Visible
               29342 kB: com.tianci.movieplatform (pid 2560)
     9255 kB: A Services
                9255 kB: com.coocaa.sysreport (pid 2327)
    10818 kB: B Services
               10818 kB: com.tianci.ad:adUpgrade (pid 3333)
    10006 kB: Cached
               10006 kB: com.tianci.user (pid 2828)

Total PSS by category:
    67744 kB: Dalvik
    60606 kB: Dalvik Other
    48088 kB: .dex mmap
    37233 kB: Unknown
    26527 kB: .so mmap
    19712 kB: Ashmem
    10501 kB: Other dev
     4715 kB: .apk mmap
     3680 kB: Stack
     3036 kB: Native
     2757 kB: Other mmap
      859 kB: .ttf mmap
        4 kB: Cursor
        4 kB: .jar mmap
        0 kB: code mmap
        0 kB: image mmap
        0 kB: Graphics
        0 kB: GL
        0 kB: Memtrack

Total RAM: 463128 kB
 Free RAM: 147266 kB (10006 cached pss + 130688 cached + 6572 free)
 Used RAM: 298316 kB (275460 used pss + 1696 buffers + 228 shmem + 20932 slab)
 Lost RAM: 17546 kB
     ZRAM: 8984 kB physical used for 17784 kB in swap (98300 kB total swap)
   Tuning: 48 (large 128), oom 108462 kB, restore limit 36154 kB (low-ram)
Applications Memory Usage (kB):
Uptime: 392003 Realtime: 392003

Total PSS by process:
    99541 kB: com.ccos.tv.homepage (pid 2143 / activities)
    29346 kB: com.tianci.movieplatform (pid 2560)
    19451 kB: com.coocaa.os.ccosservice (pid 1867)
    17613 kB: system (pid 1349)
    16499 kB: com.tianci.de (pid 2460)
    14416 kB: com.tianci.ad (pid 2726)
    14131 kB: com.tianci.system (pid 1590)
    10818 kB: com.tianci.ad:adUpgrade (pid 3333)
    10006 kB: com.tianci.user (pid 2828)
     9924 kB: com.tianci.push (pid 1720)
     9255 kB: com.coocaa.sysreport (pid 2327)
     8327 kB: com.coocaa.os.softsettings.provider (pid 2298)
     6501 kB: app_process (pid 1799)
     5064 kB: android.process.media (pid 2647)
     3416 kB: com.dunn.instrument (pid 1581)
     2573 kB: zygote (pid 744)
     1593 kB: mediaserver (pid 746)
     1465 kB: TvServer (pid 1118)
     1377 kB: surfaceflinger (pid 743)
      439 kB: wpa_supplicant (pid 1505)
      318 kB: /init (pid 1)
      249 kB: keystore (pid 748)
      247 kB: netd (pid 741)
      223 kB: dhcpcd (pid 1878)
      208 kB: adbd (pid 1439)
      177 kB: drmserver (pid 745)
      142 kB: logcat (pid 2093)
      127 kB: vold (pid 737)
      120 kB: sh (pid 1706)
      117 kB: sdcard (pid 757)
      108 kB: healthd (pid 733)
       96 kB: FileDesc_server (pid 749)
       92 kB: VirtualEvent (pid 1263)
       81 kB: coocaa_guard (pid 753)
       72 kB: ueventd (pid 512)
       56 kB: busybox (pid 1635)
       52 kB: servicemanager (pid 735)
       48 kB: RootApp (pid 1111)
       45 kB: logwrapper (pid 1106)
       36 kB: keypad (pid 740)
       28 kB: sh (pid 734)
       24 kB: hardwared (pid 738)
       10 kB: installd (pid 747)
        8 kB: debuggerd (pid 742)
        7 kB: smobsd (pid 1266)
        0 kB: dumpsys (pid 6981)

Total PSS by OOM adjustment:
    16639 kB: Native
                6501 kB: app_process (pid 1799)
                2573 kB: zygote (pid 744)
                1593 kB: mediaserver (pid 746)
                1465 kB: TvServer (pid 1118)
                1377 kB: surfaceflinger (pid 743)
                 439 kB: wpa_supplicant (pid 1505)
                 318 kB: /init (pid 1)
                 249 kB: keystore (pid 748)
                 247 kB: netd (pid 741)
                 223 kB: dhcpcd (pid 1878)
                 208 kB: adbd (pid 1439)
                 177 kB: drmserver (pid 745)
                 142 kB: logcat (pid 2093)
                 127 kB: vold (pid 737)
                 120 kB: sh (pid 1706)
                 117 kB: sdcard (pid 757)
                 108 kB: healthd (pid 733)
                  96 kB: FileDesc_server (pid 749)
                  92 kB: VirtualEvent (pid 1263)
                  81 kB: coocaa_guard (pid 753)
                  72 kB: ueventd (pid 512)
                  56 kB: busybox (pid 1635)
                  52 kB: servicemanager (pid 735)
                  48 kB: RootApp (pid 1111)
                  45 kB: logwrapper (pid 1106)
                  36 kB: keypad (pid 740)
                  28 kB: sh (pid 734)
                  24 kB: hardwared (pid 738)
                  10 kB: installd (pid 747)
                   8 kB: debuggerd (pid 742)
                   7 kB: smobsd (pid 1266)
                   0 kB: dumpsys (pid 6981)
    17613 kB: System
               17613 kB: system (pid 1349)
     3416 kB: Persistent
                3416 kB: com.dunn.instrument (pid 1581)
   187353 kB: Foreground
               99541 kB: com.ccos.tv.homepage (pid 2143 / activities)
               19451 kB: com.coocaa.os.ccosservice (pid 1867)
               16499 kB: com.tianci.de (pid 2460)
               14416 kB: com.tianci.ad (pid 2726)
               14131 kB: com.tianci.system (pid 1590)
                9924 kB: com.tianci.push (pid 1720)
                8327 kB: com.coocaa.os.softsettings.provider (pid 2298)
                5064 kB: android.process.media (pid 2647)
    29346 kB: Visible
               29346 kB: com.tianci.movieplatform (pid 2560)
     9255 kB: A Services
                9255 kB: com.coocaa.sysreport (pid 2327)
    10818 kB: B Services
               10818 kB: com.tianci.ad:adUpgrade (pid 3333)
    10006 kB: Cached
               10006 kB: com.tianci.user (pid 2828)

Total PSS by category:
    68432 kB: Dalvik
    60610 kB: Dalvik Other
    48072 kB: .dex mmap
    37045 kB: Unknown
    25704 kB: .so mmap
    19684 kB: Ashmem
    11189 kB: Other dev
     4727 kB: .apk mmap
     3680 kB: Stack
     2736 kB: Other mmap
     1652 kB: Native
      907 kB: .ttf mmap
        4 kB: Cursor
        4 kB: .jar mmap
        0 kB: code mmap
        0 kB: image mmap
        0 kB: Graphics
        0 kB: GL
        0 kB: Memtrack

Total RAM: 463128 kB
 Free RAM: 143970 kB (10006 cached pss + 129520 cached + 4444 free)
 Used RAM: 298092 kB (274440 used pss + 2420 buffers + 228 shmem + 21004 slab)
 Lost RAM: 21066 kB
     ZRAM: 9000 kB physical used for 17796 kB in swap (98300 kB total swap)
   Tuning: 48 (large 128), oom 108462 kB, restore limit 36154 kB (low-ram)
Applications Memory Usage (kB):
Uptime: 394631 Realtime: 394631

Total PSS by process:
    98249 kB: com.ccos.tv.homepage (pid 2143 / activities)
    29147 kB: com.tianci.movieplatform (pid 2560)
    17589 kB: system (pid 1349)
    16373 kB: com.tianci.de (pid 2460)
    15306 kB: com.coocaa.os.ccosservice (pid 1867)
    14384 kB: com.tianci.ad (pid 2726)
    13963 kB: com.tianci.system (pid 1590)
    11152 kB: com.tianci.push (pid 1720)
    10818 kB: com.tianci.ad:adUpgrade (pid 3333)
     9985 kB: com.tianci.user (pid 2828)
     9234 kB: com.coocaa.sysreport (pid 2327)
     8307 kB: com.coocaa.os.softsettings.provider (pid 2298)
     6228 kB: app_process (pid 1799)
     5064 kB: android.process.media (pid 2647)
     3412 kB: com.dunn.instrument (pid 1581)
     2300 kB: zygote (pid 744)
     1487 kB: mediaserver (pid 746)
     1459 kB: TvServer (pid 1118)
     1327 kB: surfaceflinger (pid 743)
      439 kB: wpa_supplicant (pid 1505)
      366 kB: logcat (pid 2093)
      318 kB: /init (pid 1)
      249 kB: keystore (pid 748)
      241 kB: netd (pid 741)
      223 kB: dhcpcd (pid 1878)
      204 kB: adbd (pid 1439)
      185 kB: dumpsys (pid 7098)
      121 kB: vold (pid 737)
      117 kB: sdcard (pid 757)
      108 kB: healthd (pid 733)
       92 kB: VirtualEvent (pid 1263)
       81 kB: coocaa_guard (pid 753)
       72 kB: ueventd (pid 512)
       72 kB: drmserver (pid 745)
       52 kB: servicemanager (pid 735)
       48 kB: RootApp (pid 1111)
       46 kB: FileDesc_server (pid 749)
       45 kB: logwrapper (pid 1106)
       44 kB: busybox (pid 1635)
       36 kB: keypad (pid 740)
       28 kB: sh (pid 734)
       28 kB: sh (pid 1706)
       18 kB: hardwared (pid 738)
       10 kB: installd (pid 747)
        8 kB: debuggerd (pid 742)
        7 kB: smobsd (pid 1266)

Total PSS by OOM adjustment:
    16059 kB: Native
                6228 kB: app_process (pid 1799)
                2300 kB: zygote (pid 744)
                1487 kB: mediaserver (pid 746)
                1459 kB: TvServer (pid 1118)
                1327 kB: surfaceflinger (pid 743)
                 439 kB: wpa_supplicant (pid 1505)
                 366 kB: logcat (pid 2093)
                 318 kB: /init (pid 1)
                 249 kB: keystore (pid 748)
                 241 kB: netd (pid 741)
                 223 kB: dhcpcd (pid 1878)
                 204 kB: adbd (pid 1439)
                 185 kB: dumpsys (pid 7098)
                 121 kB: vold (pid 737)
                 117 kB: sdcard (pid 757)
                 108 kB: healthd (pid 733)
                  92 kB: VirtualEvent (pid 1263)
                  81 kB: coocaa_guard (pid 753)
                  72 kB: ueventd (pid 512)
                  72 kB: drmserver (pid 745)
                  52 kB: servicemanager (pid 735)
                  48 kB: RootApp (pid 1111)
                  46 kB: FileDesc_server (pid 749)
                  45 kB: logwrapper (pid 1106)
                  44 kB: busybox (pid 1635)
                  36 kB: keypad (pid 740)
                  28 kB: sh (pid 734)
                  28 kB: sh (pid 1706)
                  18 kB: hardwared (pid 738)
                  10 kB: installd (pid 747)
                   8 kB: debuggerd (pid 742)
                   7 kB: smobsd (pid 1266)
    17589 kB: System
               17589 kB: system (pid 1349)
     3412 kB: Persistent
                3412 kB: com.dunn.instrument (pid 1581)
   182798 kB: Foreground
               98249 kB: com.ccos.tv.homepage (pid 2143 / activities)
               16373 kB: com.tianci.de (pid 2460)
               15306 kB: com.coocaa.os.ccosservice (pid 1867)
               14384 kB: com.tianci.ad (pid 2726)
               13963 kB: com.tianci.system (pid 1590)
               11152 kB: com.tianci.push (pid 1720)
                8307 kB: com.coocaa.os.softsettings.provider (pid 2298)
                5064 kB: android.process.media (pid 2647)
    29147 kB: Visible
               29147 kB: com.tianci.movieplatform (pid 2560)
     9234 kB: A Services
                9234 kB: com.coocaa.sysreport (pid 2327)
    10818 kB: B Services
               10818 kB: com.tianci.ad:adUpgrade (pid 3333)
     9985 kB: Cached
                9985 kB: com.tianci.user (pid 2828)

Total PSS by category:
    69356 kB: Dalvik
    60918 kB: Dalvik Other
    46680 kB: .dex mmap
    38581 kB: Unknown
    24431 kB: .so mmap
    19796 kB: Ashmem
     6869 kB: Other dev
     3636 kB: Stack
     3243 kB: .apk mmap
     2745 kB: Other mmap
     1852 kB: Native
      927 kB: .ttf mmap
        4 kB: Cursor
        4 kB: .jar mmap
        0 kB: code mmap
        0 kB: image mmap
        0 kB: Graphics
        0 kB: GL
        0 kB: Memtrack

Total RAM: 463128 kB
 Free RAM: 147865 kB (9985 cached pss + 106448 cached + 31432 free)
 Used RAM: 293661 kB (269057 used pss + 3064 buffers + 228 shmem + 21312 slab)
 Lost RAM: 21602 kB
     ZRAM: 9116 kB physical used for 18088 kB in swap (98300 kB total swap)
   Tuning: 48 (large 128), oom 108462 kB, restore limit 36154 kB (low-ram)
Applications Memory Usage (kB):
Uptime: 397225 Realtime: 397225

Total PSS by process:
    98000 kB: com.ccos.tv.homepage (pid 2143 / activities)
    29147 kB: com.tianci.movieplatform (pid 2560)
    17601 kB: system (pid 1349)
    16373 kB: com.tianci.de (pid 2460)
    15307 kB: com.coocaa.os.ccosservice (pid 1867)
    14384 kB: com.tianci.ad (pid 2726)
    13963 kB: com.tianci.system (pid 1590)
    11155 kB: com.tianci.push (pid 1720)
    10819 kB: com.tianci.ad:adUpgrade (pid 3333)
     9985 kB: com.tianci.user (pid 2828)
     9234 kB: com.coocaa.sysreport (pid 2327)
     8307 kB: com.coocaa.os.softsettings.provider (pid 2298)
     6228 kB: app_process (pid 1799)
     5064 kB: android.process.media (pid 2647)
     3412 kB: com.dunn.instrument (pid 1581)
     2300 kB: zygote (pid 744)
     1598 kB: logcat (pid 2093)
     1487 kB: mediaserver (pid 746)
     1459 kB: TvServer (pid 1118)
     1327 kB: surfaceflinger (pid 743)
      439 kB: wpa_supplicant (pid 1505)
      318 kB: /init (pid 1)
      249 kB: keystore (pid 748)
      241 kB: netd (pid 741)
      223 kB: dhcpcd (pid 1878)
      204 kB: adbd (pid 1439)
      121 kB: vold (pid 737)
      117 kB: sdcard (pid 757)
      108 kB: healthd (pid 733)
       92 kB: VirtualEvent (pid 1263)
       81 kB: coocaa_guard (pid 753)
       72 kB: ueventd (pid 512)
       72 kB: drmserver (pid 745)
       52 kB: servicemanager (pid 735)
       48 kB: RootApp (pid 1111)
       46 kB: FileDesc_server (pid 749)
       45 kB: logwrapper (pid 1106)
       44 kB: busybox (pid 1635)
       36 kB: keypad (pid 740)
       28 kB: sh (pid 734)
       28 kB: sh (pid 1706)
       18 kB: hardwared (pid 738)
       10 kB: installd (pid 747)
        8 kB: debuggerd (pid 742)
        7 kB: smobsd (pid 1266)
        0 kB: dumpsys (pid 7098)

Total PSS by OOM adjustment:
    17106 kB: Native
                6228 kB: app_process (pid 1799)
                2300 kB: zygote (pid 744)
                1598 kB: logcat (pid 2093)
                1487 kB: mediaserver (pid 746)
                1459 kB: TvServer (pid 1118)
                1327 kB: surfaceflinger (pid 743)
                 439 kB: wpa_supplicant (pid 1505)
                 318 kB: /init (pid 1)
                 249 kB: keystore (pid 748)
                 241 kB: netd (pid 741)
                 223 kB: dhcpcd (pid 1878)
                 204 kB: adbd (pid 1439)
                 121 kB: vold (pid 737)
                 117 kB: sdcard (pid 757)
                 108 kB: healthd (pid 733)
                  92 kB: VirtualEvent (pid 1263)
                  81 kB: coocaa_guard (pid 753)
                  72 kB: ueventd (pid 512)
                  72 kB: drmserver (pid 745)
                  52 kB: servicemanager (pid 735)
                  48 kB: RootApp (pid 1111)
                  46 kB: FileDesc_server (pid 749)
                  45 kB: logwrapper (pid 1106)
                  44 kB: busybox (pid 1635)
                  36 kB: keypad (pid 740)
                  28 kB: sh (pid 734)
                  28 kB: sh (pid 1706)
                  18 kB: hardwared (pid 738)
                  10 kB: installd (pid 747)
                   8 kB: debuggerd (pid 742)
                   7 kB: smobsd (pid 1266)
                   0 kB: dumpsys (pid 7098)
    17601 kB: System
               17601 kB: system (pid 1349)
     3412 kB: Persistent
                3412 kB: com.dunn.instrument (pid 1581)
   182553 kB: Foreground
               98000 kB: com.ccos.tv.homepage (pid 2143 / activities)
               16373 kB: com.tianci.de (pid 2460)
               15307 kB: com.coocaa.os.ccosservice (pid 1867)
               14384 kB: com.tianci.ad (pid 2726)
               13963 kB: com.tianci.system (pid 1590)
               11155 kB: com.tianci.push (pid 1720)
                8307 kB: com.coocaa.os.softsettings.provider (pid 2298)
                5064 kB: android.process.media (pid 2647)
    29147 kB: Visible
               29147 kB: com.tianci.movieplatform (pid 2560)
     9234 kB: A Services
                9234 kB: com.coocaa.sysreport (pid 2327)
    10819 kB: B Services
               10819 kB: com.tianci.ad:adUpgrade (pid 3333)
     9985 kB: Cached
                9985 kB: com.tianci.user (pid 2828)

Total PSS by category:
    69485 kB: Dalvik
    60849 kB: Dalvik Other
    46692 kB: .dex mmap
    38449 kB: Unknown
    24291 kB: .so mmap
    19796 kB: Ashmem
     6681 kB: Other dev
     3632 kB: Stack
     3243 kB: .apk mmap
     3080 kB: Native
     2724 kB: Other mmap
      927 kB: .ttf mmap
        4 kB: Cursor
        4 kB: .jar mmap
        0 kB: code mmap
        0 kB: image mmap
        0 kB: Graphics
        0 kB: GL
        0 kB: Memtrack

Total RAM: 463128 kB
 Free RAM: 146081 kB (9985 cached pss + 108068 cached + 28028 free)
 Used RAM: 294476 kB (269872 used pss + 3064 buffers + 228 shmem + 21312 slab)
 Lost RAM: 22571 kB
     ZRAM: 9116 kB physical used for 18088 kB in swap (98300 kB total swap)
   Tuning: 48 (large 128), oom 108462 kB, restore limit 36154 kB (low-ram)
Applications Memory Usage (kB):
Uptime: 399973 Realtime: 399974

Total PSS by process:
    95424 kB: com.ccos.tv.homepage (pid 2143 / activities)
    29147 kB: com.tianci.movieplatform (pid 2560)
    17429 kB: system (pid 1349)
    16373 kB: com.tianci.de (pid 2460)
    15303 kB: com.coocaa.os.ccosservice (pid 1867)
    14384 kB: com.tianci.ad (pid 2726)
    13963 kB: com.tianci.system (pid 1590)
    11156 kB: com.tianci.push (pid 1720)
    10819 kB: com.tianci.ad:adUpgrade (pid 3333)
     9985 kB: com.tianci.user (pid 2828)
     9234 kB: com.coocaa.sysreport (pid 2327)
     8299 kB: com.coocaa.os.softsettings.provider (pid 2298)
     6228 kB: app_process (pid 1799)
     5064 kB: android.process.media (pid 2647)
     3412 kB: com.dunn.instrument (pid 1581)
     2299 kB: zygote (pid 744)
     1598 kB: logcat (pid 2093)
     1487 kB: mediaserver (pid 746)
     1459 kB: TvServer (pid 1118)
     1327 kB: surfaceflinger (pid 743)
      439 kB: wpa_supplicant (pid 1505)
      318 kB: /init (pid 1)
      249 kB: keystore (pid 748)
      241 kB: netd (pid 741)
      223 kB: dhcpcd (pid 1878)
      204 kB: adbd (pid 1439)
      185 kB: dumpsys (pid 7188)
      121 kB: vold (pid 737)
      117 kB: sdcard (pid 757)
      108 kB: healthd (pid 733)
       92 kB: VirtualEvent (pid 1263)
       81 kB: coocaa_guard (pid 753)
       72 kB: ueventd (pid 512)
       72 kB: drmserver (pid 745)
       52 kB: servicemanager (pid 735)
       48 kB: RootApp (pid 1111)
       46 kB: FileDesc_server (pid 749)
       45 kB: logwrapper (pid 1106)
       44 kB: busybox (pid 1635)
       36 kB: keypad (pid 740)
       28 kB: sh (pid 734)
       28 kB: sh (pid 1706)
       18 kB: hardwared (pid 738)
       10 kB: installd (pid 747)
        8 kB: debuggerd (pid 742)
        7 kB: smobsd (pid 1266)
        0 kB: sh (pid 7199)

Total PSS by OOM adjustment:
    17290 kB: Native
                6228 kB: app_process (pid 1799)
                2299 kB: zygote (pid 744)
                1598 kB: logcat (pid 2093)
                1487 kB: mediaserver (pid 746)
                1459 kB: TvServer (pid 1118)
                1327 kB: surfaceflinger (pid 743)
                 439 kB: wpa_supplicant (pid 1505)
                 318 kB: /init (pid 1)
                 249 kB: keystore (pid 748)
                 241 kB: netd (pid 741)
                 223 kB: dhcpcd (pid 1878)
                 204 kB: adbd (pid 1439)
                 185 kB: dumpsys (pid 7188)
                 121 kB: vold (pid 737)
                 117 kB: sdcard (pid 757)
                 108 kB: healthd (pid 733)
                  92 kB: VirtualEvent (pid 1263)
                  81 kB: coocaa_guard (pid 753)
                  72 kB: ueventd (pid 512)
                  72 kB: drmserver (pid 745)
                  52 kB: servicemanager (pid 735)
                  48 kB: RootApp (pid 1111)
                  46 kB: FileDesc_server (pid 749)
                  45 kB: logwrapper (pid 1106)
                  44 kB: busybox (pid 1635)
                  36 kB: keypad (pid 740)
                  28 kB: sh (pid 734)
                  28 kB: sh (pid 1706)
                  18 kB: hardwared (pid 738)
                  10 kB: installd (pid 747)
                   8 kB: debuggerd (pid 742)
                   7 kB: smobsd (pid 1266)
                   0 kB: sh (pid 7199)
    17429 kB: System
               17429 kB: system (pid 1349)
     3412 kB: Persistent
                3412 kB: com.dunn.instrument (pid 1581)
   179966 kB: Foreground
               95424 kB: com.ccos.tv.homepage (pid 2143 / activities)
               16373 kB: com.tianci.de (pid 2460)
               15303 kB: com.coocaa.os.ccosservice (pid 1867)
               14384 kB: com.tianci.ad (pid 2726)
               13963 kB: com.tianci.system (pid 1590)
               11156 kB: com.tianci.push (pid 1720)
                8299 kB: com.coocaa.os.softsettings.provider (pid 2298)
                5064 kB: android.process.media (pid 2647)
    29147 kB: Visible
               29147 kB: com.tianci.movieplatform (pid 2560)
     9234 kB: A Services
                9234 kB: com.coocaa.sysreport (pid 2327)
    10819 kB: B Services
               10819 kB: com.tianci.ad:adUpgrade (pid 3333)
     9985 kB: Cached
                9985 kB: com.tianci.user (pid 2828)

Total PSS by category:
    69445 kB: Dalvik
    60786 kB: Dalvik Other
    46868 kB: .dex mmap
    36653 kB: Unknown
    24431 kB: .so mmap
    19960 kB: Ashmem
     5488 kB: Other dev
     3632 kB: Stack
     3243 kB: .apk mmap
     3084 kB: Native
     2745 kB: Other mmap
      939 kB: .ttf mmap
        4 kB: Cursor
        4 kB: .jar mmap
        0 kB: code mmap
        0 kB: image mmap
        0 kB: Graphics
        0 kB: GL
        0 kB: Memtrack

Total RAM: 463128 kB
 Free RAM: 147941 kB (9985 cached pss + 111036 cached + 26920 free)
 Used RAM: 291981 kB (267297 used pss + 3136 buffers + 228 shmem + 21320 slab)
 Lost RAM: 23206 kB
     ZRAM: 9116 kB physical used for 18088 kB in swap (98300 kB total swap)
   Tuning: 48 (large 128), oom 108462 kB, restore limit 36154 kB (low-ram)
Applications Memory Usage (kB):
Uptime: 402720 Realtime: 402720

Total PSS by process:
   100006 kB: com.ccos.tv.homepage (pid 2143 / activities)
    29139 kB: com.tianci.movieplatform (pid 2560)
    17509 kB: system (pid 1349)
    16365 kB: com.tianci.de (pid 2460)
    15295 kB: com.coocaa.os.ccosservice (pid 1867)
    14378 kB: com.tianci.ad (pid 2726)
    13963 kB: com.tianci.system (pid 1590)
    10817 kB: com.tianci.ad:adUpgrade (pid 3333)
    10772 kB: com.tianci.push (pid 1720)
     9985 kB: com.tianci.user (pid 2828)
     9234 kB: com.coocaa.sysreport (pid 2327)
     8300 kB: com.coocaa.os.softsettings.provider (pid 2298)
     6228 kB: app_process (pid 1799)
     5064 kB: android.process.media (pid 2647)
     3408 kB: com.dunn.instrument (pid 1581)
     2300 kB: zygote (pid 744)
     1487 kB: mediaserver (pid 746)
     1459 kB: TvServer (pid 1118)
     1327 kB: surfaceflinger (pid 743)
      478 kB: logcat (pid 2093)
      439 kB: wpa_supplicant (pid 1505)
      318 kB: /init (pid 1)
      249 kB: keystore (pid 748)
      241 kB: netd (pid 741)
      223 kB: dhcpcd (pid 1878)
      208 kB: adbd (pid 1439)
      121 kB: vold (pid 737)
      117 kB: sdcard (pid 757)
      108 kB: healthd (pid 733)
       92 kB: VirtualEvent (pid 1263)
       81 kB: coocaa_guard (pid 753)
       72 kB: ueventd (pid 512)
       72 kB: drmserver (pid 745)
       52 kB: servicemanager (pid 735)
       48 kB: RootApp (pid 1111)
       46 kB: FileDesc_server (pid 749)
       45 kB: logwrapper (pid 1106)
       44 kB: busybox (pid 1635)
       36 kB: keypad (pid 740)
       28 kB: sh (pid 734)
       28 kB: sh (pid 1706)
       18 kB: hardwared (pid 738)
       10 kB: installd (pid 747)
        8 kB: debuggerd (pid 742)
        7 kB: smobsd (pid 1266)
        0 kB: dumpsys (pid 7188)
        0 kB: sh (pid 7199)

Total PSS by OOM adjustment:
    15990 kB: Native
                6228 kB: app_process (pid 1799)
                2300 kB: zygote (pid 744)
                1487 kB: mediaserver (pid 746)
                1459 kB: TvServer (pid 1118)
                1327 kB: surfaceflinger (pid 743)
                 478 kB: logcat (pid 2093)
                 439 kB: wpa_supplicant (pid 1505)
                 318 kB: /init (pid 1)
                 249 kB: keystore (pid 748)
                 241 kB: netd (pid 741)
                 223 kB: dhcpcd (pid 1878)
                 208 kB: adbd (pid 1439)
                 121 kB: vold (pid 737)
                 117 kB: sdcard (pid 757)
                 108 kB: healthd (pid 733)
                  92 kB: VirtualEvent (pid 1263)
                  81 kB: coocaa_guard (pid 753)
                  72 kB: ueventd (pid 512)
                  72 kB: drmserver (pid 745)
                  52 kB: servicemanager (pid 735)
                  48 kB: RootApp (pid 1111)
                  46 kB: FileDesc_server (pid 749)
                  45 kB: logwrapper (pid 1106)
                  44 kB: busybox (pid 1635)
                  36 kB: keypad (pid 740)
                  28 kB: sh (pid 734)
                  28 kB: sh (pid 1706)
                  18 kB: hardwared (pid 738)
                  10 kB: installd (pid 747)
                   8 kB: debuggerd (pid 742)
                   7 kB: smobsd (pid 1266)
                   0 kB: dumpsys (pid 7188)
                   0 kB: sh (pid 7199)
    17509 kB: System
               17509 kB: system (pid 1349)
     3408 kB: Persistent
                3408 kB: com.dunn.instrument (pid 1581)
   184143 kB: Foreground
              100006 kB: com.ccos.tv.homepage (pid 2143 / activities)
               16365 kB: com.tianci.de (pid 2460)
               15295 kB: com.coocaa.os.ccosservice (pid 1867)
               14378 kB: com.tianci.ad (pid 2726)
               13963 kB: com.tianci.system (pid 1590)
               10772 kB: com.tianci.push (pid 1720)
                8300 kB: com.coocaa.os.softsettings.provider (pid 2298)
                5064 kB: android.process.media (pid 2647)
    29139 kB: Visible
               29139 kB: com.tianci.movieplatform (pid 2560)
     9234 kB: A Services
                9234 kB: com.coocaa.sysreport (pid 2327)
    10817 kB: B Services
               10817 kB: com.tianci.ad:adUpgrade (pid 3333)
     9985 kB: Cached
                9985 kB: com.tianci.user (pid 2828)

Total PSS by category:
    69833 kB: Dalvik
    60661 kB: Dalvik Other
    46540 kB: .dex mmap
    36549 kB: Unknown
    24291 kB: .so mmap
    20316 kB: Ashmem
     9405 kB: Other dev
     3624 kB: Stack
     3243 kB: .apk mmap
     2724 kB: Other mmap
     1960 kB: Native
     1071 kB: .ttf mmap
        4 kB: Cursor
        4 kB: .jar mmap
        0 kB: code mmap
        0 kB: image mmap
        0 kB: Graphics
        0 kB: GL
        0 kB: Memtrack

Total RAM: 463128 kB
 Free RAM: 145301 kB (9985 cached pss + 109760 cached + 25556 free)
 Used RAM: 294844 kB (270240 used pss + 3060 buffers + 228 shmem + 21316 slab)
 Lost RAM: 22983 kB
     ZRAM: 9116 kB physical used for 18088 kB in swap (98300 kB total swap)
   Tuning: 48 (large 128), oom 108462 kB, restore limit 36154 kB (low-ram)
Applications Memory Usage (kB):
Uptime: 405435 Realtime: 405435

Total PSS by process:
   103965 kB: com.ccos.tv.homepage (pid 2143 / activities)
    29131 kB: com.tianci.movieplatform (pid 2560)
    17585 kB: system (pid 1349)
    16365 kB: com.tianci.de (pid 2460)
    15307 kB: com.coocaa.os.ccosservice (pid 1867)
    14376 kB: com.tianci.ad (pid 2726)
    14147 kB: com.tianci.system (pid 1590)
    10807 kB: com.tianci.ad:adUpgrade (pid 3333)
    10460 kB: com.tianci.push (pid 1720)
     9977 kB: com.tianci.user (pid 2828)
     9234 kB: com.coocaa.sysreport (pid 2327)
     8300 kB: com.coocaa.os.softsettings.provider (pid 2298)
     6228 kB: app_process (pid 1799)
     5064 kB: android.process.media (pid 2647)
     3409 kB: com.dunn.instrument (pid 1581)
     2300 kB: zygote (pid 744)
     1487 kB: mediaserver (pid 746)
     1459 kB: TvServer (pid 1118)
     1327 kB: surfaceflinger (pid 743)
      506 kB: logcat (pid 2093)
      439 kB: wpa_supplicant (pid 1505)
      318 kB: /init (pid 1)
      249 kB: keystore (pid 748)
      241 kB: netd (pid 741)
      223 kB: dhcpcd (pid 1878)
      204 kB: adbd (pid 1439)
      185 kB: dumpsys (pid 7305)
      121 kB: vold (pid 737)
      117 kB: sdcard (pid 757)
      108 kB: healthd (pid 733)
       92 kB: VirtualEvent (pid 1263)
       81 kB: coocaa_guard (pid 753)
       72 kB: ueventd (pid 512)
       72 kB: drmserver (pid 745)
       52 kB: servicemanager (pid 735)
       48 kB: RootApp (pid 1111)
       46 kB: FileDesc_server (pid 749)
       45 kB: logwrapper (pid 1106)
       44 kB: busybox (pid 1635)
       36 kB: keypad (pid 740)
       28 kB: sh (pid 734)
       28 kB: sh (pid 1706)
       18 kB: hardwared (pid 738)
       10 kB: installd (pid 747)
        8 kB: debuggerd (pid 742)
        7 kB: smobsd (pid 1266)

Total PSS by OOM adjustment:
    16199 kB: Native
                6228 kB: app_process (pid 1799)
                2300 kB: zygote (pid 744)
                1487 kB: mediaserver (pid 746)
                1459 kB: TvServer (pid 1118)
                1327 kB: surfaceflinger (pid 743)
                 506 kB: logcat (pid 2093)
                 439 kB: wpa_supplicant (pid 1505)
                 318 kB: /init (pid 1)
                 249 kB: keystore (pid 748)
                 241 kB: netd (pid 741)
                 223 kB: dhcpcd (pid 1878)
                 204 kB: adbd (pid 1439)
                 185 kB: dumpsys (pid 7305)
                 121 kB: vold (pid 737)
                 117 kB: sdcard (pid 757)
                 108 kB: healthd (pid 733)
                  92 kB: VirtualEvent (pid 1263)
                  81 kB: coocaa_guard (pid 753)
                  72 kB: ueventd (pid 512)
                  72 kB: drmserver (pid 745)
                  52 kB: servicemanager (pid 735)
                  48 kB: RootApp (pid 1111)
                  46 kB: FileDesc_server (pid 749)
                  45 kB: logwrapper (pid 1106)
                  44 kB: busybox (pid 1635)
                  36 kB: keypad (pid 740)
                  28 kB: sh (pid 734)
                  28 kB: sh (pid 1706)
                  18 kB: hardwared (pid 738)
                  10 kB: installd (pid 747)
                   8 kB: debuggerd (pid 742)
                   7 kB: smobsd (pid 1266)
    17585 kB: System
               17585 kB: system (pid 1349)
     3409 kB: Persistent
                3409 kB: com.dunn.instrument (pid 1581)
   187984 kB: Foreground
              103965 kB: com.ccos.tv.homepage (pid 2143 / activities)
               16365 kB: com.tianci.de (pid 2460)
               15307 kB: com.coocaa.os.ccosservice (pid 1867)
               14376 kB: com.tianci.ad (pid 2726)
               14147 kB: com.tianci.system (pid 1590)
               10460 kB: com.tianci.push (pid 1720)
                8300 kB: com.coocaa.os.softsettings.provider (pid 2298)
                5064 kB: android.process.media (pid 2647)
    29131 kB: Visible
               29131 kB: com.tianci.movieplatform (pid 2560)
     9234 kB: A Services
                9234 kB: com.coocaa.sysreport (pid 2327)
    10807 kB: B Services
               10807 kB: com.tianci.ad:adUpgrade (pid 3333)
     9977 kB: Cached
                9977 kB: com.tianci.user (pid 2828)

Total PSS by category:
    70261 kB: Dalvik
    61013 kB: Dalvik Other
    46228 kB: .dex mmap
    36865 kB: Unknown
    24431 kB: .so mmap
    20544 kB: Ashmem
    12297 kB: Other dev
     3628 kB: Stack
     3243 kB: .apk mmap
     2745 kB: Other mmap
     1992 kB: Native
     1071 kB: .ttf mmap
        4 kB: Cursor
        4 kB: .jar mmap
        0 kB: code mmap
        0 kB: image mmap
        0 kB: Graphics
        0 kB: GL
        0 kB: Memtrack

Total RAM: 463128 kB
 Free RAM: 138489 kB (9977 cached pss + 107288 cached + 21224 free)
 Used RAM: 298809 kB (274349 used pss + 2876 buffers + 228 shmem + 21356 slab)
 Lost RAM: 25830 kB
     ZRAM: 9116 kB physical used for 18088 kB in swap (98300 kB total swap)
   Tuning: 48 (large 128), oom 108462 kB, restore limit 36154 kB (low-ram)
Applications Memory Usage (kB):
Uptime: 408106 Realtime: 408106

Total PSS by process:
   111432 kB: com.ccos.tv.homepage (pid 2143 / activities)
    29099 kB: com.tianci.movieplatform (pid 2560)
    17565 kB: system (pid 1349)
    16329 kB: com.tianci.de (pid 2460)
    15283 kB: com.coocaa.os.ccosservice (pid 1867)
    14374 kB: com.tianci.ad (pid 2726)
    14143 kB: com.tianci.system (pid 1590)
    10805 kB: com.tianci.ad:adUpgrade (pid 3333)
    10460 kB: com.tianci.push (pid 1720)
     9969 kB: com.tianci.user (pid 2828)
     9194 kB: com.coocaa.sysreport (pid 2327)
     8296 kB: com.coocaa.os.softsettings.provider (pid 2298)
     6228 kB: app_process (pid 1799)
     5062 kB: android.process.media (pid 2647)
     3405 kB: com.dunn.instrument (pid 1581)
     2300 kB: zygote (pid 744)
     1487 kB: mediaserver (pid 746)
     1459 kB: TvServer (pid 1118)
     1327 kB: surfaceflinger (pid 743)
      506 kB: logcat (pid 2093)
      439 kB: wpa_supplicant (pid 1505)
      318 kB: /init (pid 1)
      249 kB: keystore (pid 748)
      241 kB: netd (pid 741)
      223 kB: dhcpcd (pid 1878)
      204 kB: adbd (pid 1439)
      121 kB: vold (pid 737)
      117 kB: sdcard (pid 757)
      108 kB: healthd (pid 733)
       92 kB: VirtualEvent (pid 1263)
       81 kB: coocaa_guard (pid 753)
       72 kB: ueventd (pid 512)
       72 kB: drmserver (pid 745)
       52 kB: servicemanager (pid 735)
       48 kB: RootApp (pid 1111)
       46 kB: FileDesc_server (pid 749)
       45 kB: logwrapper (pid 1106)
       44 kB: busybox (pid 1635)
       36 kB: keypad (pid 740)
       28 kB: sh (pid 734)
       28 kB: sh (pid 1706)
       18 kB: hardwared (pid 738)
       10 kB: installd (pid 747)
        8 kB: debuggerd (pid 742)
        7 kB: smobsd (pid 1266)
        0 kB: dumpsys (pid 7305)

Total PSS by OOM adjustment:
    16014 kB: Native
                6228 kB: app_process (pid 1799)
                2300 kB: zygote (pid 744)
                1487 kB: mediaserver (pid 746)
                1459 kB: TvServer (pid 1118)
                1327 kB: surfaceflinger (pid 743)
                 506 kB: logcat (pid 2093)
                 439 kB: wpa_supplicant (pid 1505)
                 318 kB: /init (pid 1)
                 249 kB: keystore (pid 748)
                 241 kB: netd (pid 741)
                 223 kB: dhcpcd (pid 1878)
                 204 kB: adbd (pid 1439)
                 121 kB: vold (pid 737)
                 117 kB: sdcard (pid 757)
                 108 kB: healthd (pid 733)
                  92 kB: VirtualEvent (pid 1263)
                  81 kB: coocaa_guard (pid 753)
                  72 kB: ueventd (pid 512)
                  72 kB: drmserver (pid 745)
                  52 kB: servicemanager (pid 735)
                  48 kB: RootApp (pid 1111)
                  46 kB: FileDesc_server (pid 749)
                  45 kB: logwrapper (pid 1106)
                  44 kB: busybox (pid 1635)
                  36 kB: keypad (pid 740)
                  28 kB: sh (pid 734)
                  28 kB: sh (pid 1706)
                  18 kB: hardwared (pid 738)
                  10 kB: installd (pid 747)
                   8 kB: debuggerd (pid 742)
                   7 kB: smobsd (pid 1266)
                   0 kB: dumpsys (pid 7305)
    17565 kB: System
               17565 kB: system (pid 1349)
     3405 kB: Persistent
                3405 kB: com.dunn.instrument (pid 1581)
   195379 kB: Foreground
              111432 kB: com.ccos.tv.homepage (pid 2143 / activities)
               16329 kB: com.tianci.de (pid 2460)
               15283 kB: com.coocaa.os.ccosservice (pid 1867)
               14374 kB: com.tianci.ad (pid 2726)
               14143 kB: com.tianci.system (pid 1590)
               10460 kB: com.tianci.push (pid 1720)
                8296 kB: com.coocaa.os.softsettings.provider (pid 2298)
                5062 kB: android.process.media (pid 2647)
    29099 kB: Visible
               29099 kB: com.tianci.movieplatform (pid 2560)
     9194 kB: A Services
                9194 kB: com.coocaa.sysreport (pid 2327)
    10805 kB: B Services
               10805 kB: com.tianci.ad:adUpgrade (pid 3333)
     9969 kB: Cached
                9969 kB: com.tianci.user (pid 2828)

Total PSS by category:
    70229 kB: Dalvik
    60676 kB: Dalvik Other
    45824 kB: .dex mmap
    35985 kB: Unknown
    24285 kB: .so mmap
    21965 kB: Other dev
    19916 kB: Ashmem
     3612 kB: Stack
     3227 kB: .apk mmap
     2724 kB: Other mmap
     1988 kB: Native
      991 kB: .ttf mmap
        4 kB: Cursor
        4 kB: .jar mmap
        0 kB: code mmap
        0 kB: image mmap
        0 kB: Graphics
        0 kB: GL
        0 kB: Memtrack

Total RAM: 463128 kB
 Free RAM: 135245 kB (9969 cached pss + 106788 cached + 18488 free)
 Used RAM: 305933 kB (281461 used pss + 2872 buffers + 228 shmem + 21372 slab)
 Lost RAM: 21950 kB
     ZRAM: 9116 kB physical used for 18088 kB in swap (98300 kB total swap)
   Tuning: 48 (large 128), oom 108462 kB, restore limit 36154 kB (low-ram)
Applications Memory Usage (kB):
Uptime: 410502 Realtime: 410502

Total PSS by process:
   109144 kB: com.ccos.tv.homepage (pid 2143 / activities)
    29099 kB: com.tianci.movieplatform (pid 2560)
    17405 kB: system (pid 1349)
    16325 kB: com.tianci.de (pid 2460)
    15288 kB: com.coocaa.os.ccosservice (pid 1867)
    14374 kB: com.tianci.ad (pid 2726)
    14135 kB: com.tianci.system (pid 1590)
    10805 kB: com.tianci.ad:adUpgrade (pid 3333)
    10460 kB: com.tianci.push (pid 1720)
     9969 kB: com.tianci.user (pid 2828)
     9194 kB: com.coocaa.sysreport (pid 2327)
     8296 kB: com.coocaa.os.softsettings.provider (pid 2298)
     6228 kB: app_process (pid 1799)
     5064 kB: android.process.media (pid 2647)
     3405 kB: com.dunn.instrument (pid 1581)
     2296 kB: zygote (pid 744)
     1487 kB: mediaserver (pid 746)
     1459 kB: TvServer (pid 1118)
     1326 kB: surfaceflinger (pid 743)
      506 kB: logcat (pid 2093)
      439 kB: wpa_supplicant (pid 1505)
      318 kB: /init (pid 1)
      249 kB: keystore (pid 748)
      241 kB: netd (pid 741)
      223 kB: dhcpcd (pid 1878)
      204 kB: adbd (pid 1439)
      185 kB: dumpsys (pid 7381)
      121 kB: vold (pid 737)
      117 kB: sdcard (pid 757)
      108 kB: healthd (pid 733)
       92 kB: VirtualEvent (pid 1263)
       81 kB: coocaa_guard (pid 753)
       72 kB: ueventd (pid 512)
       72 kB: drmserver (pid 745)
       52 kB: servicemanager (pid 735)
       48 kB: RootApp (pid 1111)
       46 kB: FileDesc_server (pid 749)
       45 kB: logwrapper (pid 1106)
       44 kB: busybox (pid 1635)
       36 kB: keypad (pid 740)
       28 kB: sh (pid 734)
       28 kB: sh (pid 1706)
       18 kB: hardwared (pid 738)
       10 kB: installd (pid 747)
        8 kB: debuggerd (pid 742)
        7 kB: smobsd (pid 1266)

Total PSS by OOM adjustment:
    16194 kB: Native
                6228 kB: app_process (pid 1799)
                2296 kB: zygote (pid 744)
                1487 kB: mediaserver (pid 746)
                1459 kB: TvServer (pid 1118)
                1326 kB: surfaceflinger (pid 743)
                 506 kB: logcat (pid 2093)
                 439 kB: wpa_supplicant (pid 1505)
                 318 kB: /init (pid 1)
                 249 kB: keystore (pid 748)
                 241 kB: netd (pid 741)
                 223 kB: dhcpcd (pid 1878)
                 204 kB: adbd (pid 1439)
                 185 kB: dumpsys (pid 7381)
                 121 kB: vold (pid 737)
                 117 kB: sdcard (pid 757)
                 108 kB: healthd (pid 733)
                  92 kB: VirtualEvent (pid 1263)
                  81 kB: coocaa_guard (pid 753)
                  72 kB: ueventd (pid 512)
                  72 kB: drmserver (pid 745)
                  52 kB: servicemanager (pid 735)
                  48 kB: RootApp (pid 1111)
                  46 kB: FileDesc_server (pid 749)
                  45 kB: logwrapper (pid 1106)
                  44 kB: busybox (pid 1635)
                  36 kB: keypad (pid 740)
                  28 kB: sh (pid 734)
                  28 kB: sh (pid 1706)
                  18 kB: hardwared (pid 738)
                  10 kB: installd (pid 747)
                   8 kB: debuggerd (pid 742)
                   7 kB: smobsd (pid 1266)
    17405 kB: System
               17405 kB: system (pid 1349)
     3405 kB: Persistent
                3405 kB: com.dunn.instrument (pid 1581)
   193086 kB: Foreground
              109144 kB: com.ccos.tv.homepage (pid 2143 / activities)
               16325 kB: com.tianci.de (pid 2460)
               15288 kB: com.coocaa.os.ccosservice (pid 1867)
               14374 kB: com.tianci.ad (pid 2726)
               14135 kB: com.tianci.system (pid 1590)
               10460 kB: com.tianci.push (pid 1720)
                8296 kB: com.coocaa.os.softsettings.provider (pid 2298)
                5064 kB: android.process.media (pid 2647)
    29099 kB: Visible
               29099 kB: com.tianci.movieplatform (pid 2560)
     9194 kB: A Services
                9194 kB: com.coocaa.sysreport (pid 2327)
    10805 kB: B Services
               10805 kB: com.tianci.ad:adUpgrade (pid 3333)
     9969 kB: Cached
                9969 kB: com.tianci.user (pid 2828)

Total PSS by category:
    70121 kB: Dalvik
    60681 kB: Dalvik Other
    45872 kB: .dex mmap
    35997 kB: Unknown
    24426 kB: .so mmap
    19916 kB: Ashmem
    19561 kB: Other dev
     3616 kB: Stack
     3231 kB: .apk mmap
     2745 kB: Other mmap
     1992 kB: Native
      991 kB: .ttf mmap
        4 kB: Cursor
        4 kB: .jar mmap
        0 kB: code mmap
        0 kB: image mmap
        0 kB: Graphics
        0 kB: GL
        0 kB: Memtrack

Total RAM: 463128 kB
 Free RAM: 131349 kB (9969 cached pss + 109108 cached + 12272 free)
 Used RAM: 303636 kB (279188 used pss + 2868 buffers + 228 shmem + 21352 slab)
 Lost RAM: 28143 kB
     ZRAM: 9116 kB physical used for 18088 kB in swap (98300 kB total swap)
   Tuning: 48 (large 128), oom 108462 kB, restore limit 36154 kB (low-ram)
Applications Memory Usage (kB):
Uptime: 413373 Realtime: 413373

Total PSS by process:
   117311 kB: com.ccos.tv.homepage (pid 2143 / activities)
    29103 kB: com.tianci.movieplatform (pid 2560)
    17541 kB: system (pid 1349)
    16365 kB: com.tianci.de (pid 2460)
    16111 kB: com.tianci.ad (pid 2726)
    15352 kB: com.coocaa.os.ccosservice (pid 1867)
    14200 kB: com.tianci.system (pid 1590)
    10524 kB: com.tianci.push (pid 1720)
    10024 kB: com.tianci.user (pid 2828)
     9252 kB: com.coocaa.sysreport (pid 2327)
     8361 kB: com.coocaa.os.softsettings.provider (pid 2298)
     6261 kB: app_process (pid 1799)
     5127 kB: android.process.media (pid 2647)
     3462 kB: com.dunn.instrument (pid 1581)
     2348 kB: zygote (pid 744)
     1490 kB: mediaserver (pid 746)
     1459 kB: TvServer (pid 1118)
     1329 kB: surfaceflinger (pid 743)
      506 kB: logcat (pid 2093)
      442 kB: wpa_supplicant (pid 1505)
      318 kB: /init (pid 1)
      252 kB: keystore (pid 748)
      243 kB: netd (pid 741)
      224 kB: dhcpcd (pid 1878)
      204 kB: adbd (pid 1439)
      123 kB: vold (pid 737)
      117 kB: sdcard (pid 757)
      108 kB: healthd (pid 733)
       93 kB: VirtualEvent (pid 1263)
       82 kB: coocaa_guard (pid 753)
       74 kB: drmserver (pid 745)
       72 kB: ueventd (pid 512)
       52 kB: servicemanager (pid 735)
       48 kB: RootApp (pid 1111)
       47 kB: FileDesc_server (pid 749)
       45 kB: logwrapper (pid 1106)
       44 kB: busybox (pid 1635)
       37 kB: keypad (pid 740)
       29 kB: sh (pid 734)
       29 kB: sh (pid 1706)
       18 kB: hardwared (pid 738)
       10 kB: installd (pid 747)
        8 kB: debuggerd (pid 742)
        7 kB: smobsd (pid 1266)
        0 kB: com.tianci.ad:adUpgrade (pid 3333)
        0 kB: dumpsys (pid 7381)

Total PSS by OOM adjustment:
    16119 kB: Native
                6261 kB: app_process (pid 1799)
                2348 kB: zygote (pid 744)
                1490 kB: mediaserver (pid 746)
                1459 kB: TvServer (pid 1118)
                1329 kB: surfaceflinger (pid 743)
                 506 kB: logcat (pid 2093)
                 442 kB: wpa_supplicant (pid 1505)
                 318 kB: /init (pid 1)
                 252 kB: keystore (pid 748)
                 243 kB: netd (pid 741)
                 224 kB: dhcpcd (pid 1878)
                 204 kB: adbd (pid 1439)
                 123 kB: vold (pid 737)
                 117 kB: sdcard (pid 757)
                 108 kB: healthd (pid 733)
                  93 kB: VirtualEvent (pid 1263)
                  82 kB: coocaa_guard (pid 753)
                  74 kB: drmserver (pid 745)
                  72 kB: ueventd (pid 512)
                  52 kB: servicemanager (pid 735)
                  48 kB: RootApp (pid 1111)
                  47 kB: FileDesc_server (pid 749)
                  45 kB: logwrapper (pid 1106)
                  44 kB: busybox (pid 1635)
                  37 kB: keypad (pid 740)
                  29 kB: sh (pid 734)
                  29 kB: sh (pid 1706)
                  18 kB: hardwared (pid 738)
                  10 kB: installd (pid 747)
                   8 kB: debuggerd (pid 742)
                   7 kB: smobsd (pid 1266)
                   0 kB: com.tianci.ad:adUpgrade (pid 3333)
                   0 kB: dumpsys (pid 7381)
    17541 kB: System
               17541 kB: system (pid 1349)
     3462 kB: Persistent
                3462 kB: com.dunn.instrument (pid 1581)
   203351 kB: Foreground
              117311 kB: com.ccos.tv.homepage (pid 2143 / activities)
               16365 kB: com.tianci.de (pid 2460)
               16111 kB: com.tianci.ad (pid 2726)
               15352 kB: com.coocaa.os.ccosservice (pid 1867)
               14200 kB: com.tianci.system (pid 1590)
               10524 kB: com.tianci.push (pid 1720)
                8361 kB: com.coocaa.os.softsettings.provider (pid 2298)
                5127 kB: android.process.media (pid 2647)
    29103 kB: Visible
               29103 kB: com.tianci.movieplatform (pid 2560)
     9252 kB: A Services
                9252 kB: com.coocaa.sysreport (pid 2327)
    10024 kB: Cached
               10024 kB: com.tianci.user (pid 2828)

Total PSS by category:
    67849 kB: Dalvik
    57555 kB: Dalvik Other
    44267 kB: .dex mmap
    36237 kB: Unknown
    26932 kB: Other dev
    23847 kB: .so mmap
    20028 kB: Ashmem
     3492 kB: Stack
     3243 kB: .apk mmap
     2707 kB: Other mmap
     1968 kB: Native
      719 kB: .ttf mmap
        4 kB: Cursor
        4 kB: .jar mmap
        0 kB: code mmap
        0 kB: image mmap
        0 kB: Graphics
        0 kB: GL
        0 kB: Memtrack

Total RAM: 463128 kB
 Free RAM: 143816 kB (10024 cached pss + 107876 cached + 25916 free)
 Used RAM: 303312 kB (278828 used pss + 2860 buffers + 228 shmem + 21396 slab)
 Lost RAM: 16000 kB
     ZRAM: 9116 kB physical used for 18088 kB in swap (98300 kB total swap)
   Tuning: 48 (large 128), oom 108462 kB, restore limit 36154 kB (low-ram)
Applications Memory Usage (kB):
Uptime: 415873 Realtime: 415873

Total PSS by process:
   109983 kB: com.ccos.tv.homepage (pid 2143 / activities)
    29111 kB: com.tianci.movieplatform (pid 2560)
    17600 kB: system (pid 1349)
    16375 kB: com.tianci.ad (pid 2726)
    16366 kB: com.tianci.de (pid 2460)
    15352 kB: com.coocaa.os.ccosservice (pid 1867)
    14200 kB: com.tianci.system (pid 1590)
    10524 kB: com.tianci.push (pid 1720)
    10024 kB: com.tianci.user (pid 2828)
     9252 kB: com.coocaa.sysreport (pid 2327)
     8361 kB: com.coocaa.os.softsettings.provider (pid 2298)
     6261 kB: app_process (pid 1799)
     5127 kB: android.process.media (pid 2647)
     3462 kB: com.dunn.instrument (pid 1581)
     2348 kB: zygote (pid 744)
     1490 kB: mediaserver (pid 746)
     1459 kB: TvServer (pid 1118)
     1333 kB: surfaceflinger (pid 743)
      506 kB: logcat (pid 2093)
      442 kB: wpa_supplicant (pid 1505)
      318 kB: /init (pid 1)
      252 kB: keystore (pid 748)
      243 kB: netd (pid 741)
      224 kB: dhcpcd (pid 1878)
      204 kB: adbd (pid 1439)
      186 kB: dumpsys (pid 7489)
      123 kB: vold (pid 737)
      117 kB: sdcard (pid 757)
      108 kB: healthd (pid 733)
       93 kB: VirtualEvent (pid 1263)
       82 kB: coocaa_guard (pid 753)
       74 kB: drmserver (pid 745)
       72 kB: ueventd (pid 512)
       52 kB: servicemanager (pid 735)
       48 kB: RootApp (pid 1111)
       47 kB: FileDesc_server (pid 749)
       45 kB: logwrapper (pid 1106)
       44 kB: busybox (pid 1635)
       37 kB: keypad (pid 740)
       29 kB: sh (pid 734)
       29 kB: sh (pid 1706)
       18 kB: hardwared (pid 738)
       10 kB: installd (pid 747)
        8 kB: debuggerd (pid 742)
        7 kB: smobsd (pid 1266)

Total PSS by OOM adjustment:
    16309 kB: Native
                6261 kB: app_process (pid 1799)
                2348 kB: zygote (pid 744)
                1490 kB: mediaserver (pid 746)
                1459 kB: TvServer (pid 1118)
                1333 kB: surfaceflinger (pid 743)
                 506 kB: logcat (pid 2093)
                 442 kB: wpa_supplicant (pid 1505)
                 318 kB: /init (pid 1)
                 252 kB: keystore (pid 748)
                 243 kB: netd (pid 741)
                 224 kB: dhcpcd (pid 1878)
                 204 kB: adbd (pid 1439)
                 186 kB: dumpsys (pid 7489)
                 123 kB: vold (pid 737)
                 117 kB: sdcard (pid 757)
                 108 kB: healthd (pid 733)
                  93 kB: VirtualEvent (pid 1263)
                  82 kB: coocaa_guard (pid 753)
                  74 kB: drmserver (pid 745)
                  72 kB: ueventd (pid 512)
                  52 kB: servicemanager (pid 735)
                  48 kB: RootApp (pid 1111)
                  47 kB: FileDesc_server (pid 749)
                  45 kB: logwrapper (pid 1106)
                  44 kB: busybox (pid 1635)
                  37 kB: keypad (pid 740)
                  29 kB: sh (pid 734)
                  29 kB: sh (pid 1706)
                  18 kB: hardwared (pid 738)
                  10 kB: installd (pid 747)
                   8 kB: debuggerd (pid 742)
                   7 kB: smobsd (pid 1266)
    17600 kB: System
               17600 kB: system (pid 1349)
     3462 kB: Persistent
                3462 kB: com.dunn.instrument (pid 1581)
   196288 kB: Foreground
              109983 kB: com.ccos.tv.homepage (pid 2143 / activities)
               16375 kB: com.tianci.ad (pid 2726)
               16366 kB: com.tianci.de (pid 2460)
               15352 kB: com.coocaa.os.ccosservice (pid 1867)
               14200 kB: com.tianci.system (pid 1590)
               10524 kB: com.tianci.push (pid 1720)
                8361 kB: com.coocaa.os.softsettings.provider (pid 2298)
                5127 kB: android.process.media (pid 2647)
    29111 kB: Visible
               29111 kB: com.tianci.movieplatform (pid 2560)
     9252 kB: A Services
                9252 kB: com.coocaa.sysreport (pid 2327)
    10024 kB: Cached
               10024 kB: com.tianci.user (pid 2828)

Total PSS by category:
    67965 kB: Dalvik
    57587 kB: Dalvik Other
    44487 kB: .dex mmap
    36653 kB: Unknown
    23952 kB: .so mmap
    19900 kB: Ashmem
    19236 kB: Other dev
     3496 kB: Stack
     3243 kB: .apk mmap
     2728 kB: Other mmap
     1972 kB: Native
      819 kB: .ttf mmap
        4 kB: Cursor
        4 kB: .jar mmap
        0 kB: code mmap
        0 kB: image mmap
        0 kB: Graphics
        0 kB: GL
        0 kB: Memtrack

Total RAM: 463128 kB
 Free RAM: 143004 kB (10024 cached pss + 110836 cached + 22144 free)
 Used RAM: 296582 kB (272022 used pss + 2896 buffers + 228 shmem + 21436 slab)
 Lost RAM: 23542 kB
     ZRAM: 9116 kB physical used for 18088 kB in swap (98300 kB total swap)
   Tuning: 48 (large 128), oom 108462 kB, restore limit 36154 kB (low-ram)
Applications Memory Usage (kB):
Uptime: 418451 Realtime: 418451

Total PSS by process:
   114191 kB: com.ccos.tv.homepage (pid 2143 / activities)
    29103 kB: com.tianci.movieplatform (pid 2560)
    17584 kB: system (pid 1349)
    16354 kB: com.tianci.de (pid 2460)
    16327 kB: com.tianci.ad (pid 2726)
    15328 kB: com.coocaa.os.ccosservice (pid 1867)
    14204 kB: com.tianci.system (pid 1590)
    10524 kB: com.tianci.push (pid 1720)
    10024 kB: com.tianci.user (pid 2828)
     9232 kB: com.coocaa.sysreport (pid 2327)
     8361 kB: com.coocaa.os.softsettings.provider (pid 2298)
     6261 kB: app_process (pid 1799)
     5127 kB: android.process.media (pid 2647)
     3462 kB: com.dunn.instrument (pid 1581)
     2347 kB: zygote (pid 744)
     1489 kB: mediaserver (pid 746)
     1459 kB: TvServer (pid 1118)
     1329 kB: surfaceflinger (pid 743)
      506 kB: logcat (pid 2093)
      442 kB: wpa_supplicant (pid 1505)
      318 kB: /init (pid 1)
      251 kB: keystore (pid 748)
      242 kB: netd (pid 741)
      224 kB: dhcpcd (pid 1878)
      204 kB: adbd (pid 1439)
      123 kB: vold (pid 737)
      117 kB: sdcard (pid 757)
      108 kB: healthd (pid 733)
       93 kB: VirtualEvent (pid 1263)
       81 kB: coocaa_guard (pid 753)
       74 kB: drmserver (pid 745)
       72 kB: ueventd (pid 512)
       52 kB: servicemanager (pid 735)
       48 kB: RootApp (pid 1111)
       47 kB: FileDesc_server (pid 749)
       45 kB: logwrapper (pid 1106)
       44 kB: busybox (pid 1635)
       37 kB: keypad (pid 740)
       29 kB: sh (pid 734)
       29 kB: sh (pid 1706)
       18 kB: hardwared (pid 738)
       10 kB: installd (pid 747)
        8 kB: debuggerd (pid 742)
        7 kB: smobsd (pid 1266)
        0 kB: dumpsys (pid 7489)

Total PSS by OOM adjustment:
    16114 kB: Native
                6261 kB: app_process (pid 1799)
                2347 kB: zygote (pid 744)
                1489 kB: mediaserver (pid 746)
                1459 kB: TvServer (pid 1118)
                1329 kB: surfaceflinger (pid 743)
                 506 kB: logcat (pid 2093)
                 442 kB: wpa_supplicant (pid 1505)
                 318 kB: /init (pid 1)
                 251 kB: keystore (pid 748)
                 242 kB: netd (pid 741)
                 224 kB: dhcpcd (pid 1878)
                 204 kB: adbd (pid 1439)
                 123 kB: vold (pid 737)
                 117 kB: sdcard (pid 757)
                 108 kB: healthd (pid 733)
                  93 kB: VirtualEvent (pid 1263)
                  81 kB: coocaa_guard (pid 753)
                  74 kB: drmserver (pid 745)
                  72 kB: ueventd (pid 512)
                  52 kB: servicemanager (pid 735)
                  48 kB: RootApp (pid 1111)
                  47 kB: FileDesc_server (pid 749)
                  45 kB: logwrapper (pid 1106)
                  44 kB: busybox (pid 1635)
                  37 kB: keypad (pid 740)
                  29 kB: sh (pid 734)
                  29 kB: sh (pid 1706)
                  18 kB: hardwared (pid 738)
                  10 kB: installd (pid 747)
                   8 kB: debuggerd (pid 742)
                   7 kB: smobsd (pid 1266)
                   0 kB: dumpsys (pid 7489)
    17584 kB: System
               17584 kB: system (pid 1349)
     3462 kB: Persistent
                3462 kB: com.dunn.instrument (pid 1581)
   200416 kB: Foreground
              114191 kB: com.ccos.tv.homepage (pid 2143 / activities)
               16354 kB: com.tianci.de (pid 2460)
               16327 kB: com.tianci.ad (pid 2726)
               15328 kB: com.coocaa.os.ccosservice (pid 1867)
               14204 kB: com.tianci.system (pid 1590)
               10524 kB: com.tianci.push (pid 1720)
                8361 kB: com.coocaa.os.softsettings.provider (pid 2298)
                5127 kB: android.process.media (pid 2647)
    29103 kB: Visible
               29103 kB: com.tianci.movieplatform (pid 2560)
     9232 kB: A Services
                9232 kB: com.coocaa.sysreport (pid 2327)
    10024 kB: Cached
               10024 kB: com.tianci.user (pid 2828)

Total PSS by category:
    67949 kB: Dalvik
    57599 kB: Dalvik Other
    44323 kB: .dex mmap
    34949 kB: Unknown
    24952 kB: Other dev
    23802 kB: .so mmap
    20140 kB: Ashmem
     3476 kB: Stack
     3243 kB: .apk mmap
     2707 kB: Other mmap
     1968 kB: Native
      819 kB: .ttf mmap
        4 kB: Cursor
        4 kB: .jar mmap
        0 kB: code mmap
        0 kB: image mmap
        0 kB: Graphics
        0 kB: GL
        0 kB: Memtrack

Total RAM: 463128 kB
 Free RAM: 138268 kB (10024 cached pss + 112704 cached + 15540 free)
 Used RAM: 300483 kB (275911 used pss + 2892 buffers + 228 shmem + 21452 slab)
 Lost RAM: 24377 kB
     ZRAM: 9116 kB physical used for 18088 kB in swap (98300 kB total swap)
   Tuning: 48 (large 128), oom 108462 kB, restore limit 36154 kB (low-ram)
Applications Memory Usage (kB):
Uptime: 421163 Realtime: 421163

Total PSS by process:
   113582 kB: com.ccos.tv.homepage (pid 2143 / activities)
    29099 kB: com.tianci.movieplatform (pid 2560)
    17483 kB: system (pid 1349)
    16323 kB: com.tianci.ad (pid 2726)
    16321 kB: com.tianci.de (pid 2460)
    15335 kB: com.coocaa.os.ccosservice (pid 1867)
    14380 kB: com.tianci.system (pid 1590)
    10515 kB: com.tianci.push (pid 1720)
    10012 kB: com.tianci.user (pid 2828)
     9232 kB: com.coocaa.sysreport (pid 2327)
     8356 kB: com.coocaa.os.softsettings.provider (pid 2298)
     6261 kB: app_process (pid 1799)
     5122 kB: android.process.media (pid 2647)
     3454 kB: com.dunn.instrument (pid 1581)
     2348 kB: zygote (pid 744)
     1490 kB: mediaserver (pid 746)
     1459 kB: TvServer (pid 1118)
     1329 kB: surfaceflinger (pid 743)
      506 kB: logcat (pid 2093)
      442 kB: wpa_supplicant (pid 1505)
      318 kB: /init (pid 1)
      252 kB: keystore (pid 748)
      243 kB: netd (pid 741)
      224 kB: dhcpcd (pid 1878)
      208 kB: adbd (pid 1439)
      186 kB: dumpsys (pid 7605)
      123 kB: vold (pid 737)
      117 kB: sdcard (pid 757)
      108 kB: healthd (pid 733)
       93 kB: VirtualEvent (pid 1263)
       82 kB: coocaa_guard (pid 753)
       74 kB: drmserver (pid 745)
       72 kB: ueventd (pid 512)
       52 kB: servicemanager (pid 735)
       48 kB: RootApp (pid 1111)
       47 kB: FileDesc_server (pid 749)
       45 kB: logwrapper (pid 1106)
       44 kB: busybox (pid 1635)
       37 kB: keypad (pid 740)
       29 kB: sh (pid 734)
       29 kB: sh (pid 1706)
       18 kB: hardwared (pid 738)
       10 kB: installd (pid 747)
        8 kB: debuggerd (pid 742)
        7 kB: smobsd (pid 1266)

Total PSS by OOM adjustment:
    16309 kB: Native
                6261 kB: app_process (pid 1799)
                2348 kB: zygote (pid 744)
                1490 kB: mediaserver (pid 746)
                1459 kB: TvServer (pid 1118)
                1329 kB: surfaceflinger (pid 743)
                 506 kB: logcat (pid 2093)
                 442 kB: wpa_supplicant (pid 1505)
                 318 kB: /init (pid 1)
                 252 kB: keystore (pid 748)
                 243 kB: netd (pid 741)
                 224 kB: dhcpcd (pid 1878)
                 208 kB: adbd (pid 1439)
                 186 kB: dumpsys (pid 7605)
                 123 kB: vold (pid 737)
                 117 kB: sdcard (pid 757)
                 108 kB: healthd (pid 733)
                  93 kB: VirtualEvent (pid 1263)
                  82 kB: coocaa_guard (pid 753)
                  74 kB: drmserver (pid 745)
                  72 kB: ueventd (pid 512)
                  52 kB: servicemanager (pid 735)
                  48 kB: RootApp (pid 1111)
                  47 kB: FileDesc_server (pid 749)
                  45 kB: logwrapper (pid 1106)
                  44 kB: busybox (pid 1635)
                  37 kB: keypad (pid 740)
                  29 kB: sh (pid 734)
                  29 kB: sh (pid 1706)
                  18 kB: hardwared (pid 738)
                  10 kB: installd (pid 747)
                   8 kB: debuggerd (pid 742)
                   7 kB: smobsd (pid 1266)
    17483 kB: System
               17483 kB: system (pid 1349)
     3454 kB: Persistent
                3454 kB: com.dunn.instrument (pid 1581)
   199934 kB: Foreground
              113582 kB: com.ccos.tv.homepage (pid 2143 / activities)
               16323 kB: com.tianci.ad (pid 2726)
               16321 kB: com.tianci.de (pid 2460)
               15335 kB: com.coocaa.os.ccosservice (pid 1867)
               14380 kB: com.tianci.system (pid 1590)
               10515 kB: com.tianci.push (pid 1720)
                8356 kB: com.coocaa.os.softsettings.provider (pid 2298)
                5122 kB: android.process.media (pid 2647)
    29099 kB: Visible
               29099 kB: com.tianci.movieplatform (pid 2560)
     9232 kB: A Services
                9232 kB: com.coocaa.sysreport (pid 2327)
    10012 kB: Cached
               10012 kB: com.tianci.user (pid 2828)

Total PSS by category:
    68041 kB: Dalvik
    57591 kB: Dalvik Other
    44212 kB: .dex mmap
    36601 kB: Unknown
    23948 kB: .so mmap
    22904 kB: Other dev
    19904 kB: Ashmem
     3488 kB: Stack
     3235 kB: .apk mmap
     2724 kB: Other mmap
     1972 kB: Native
      895 kB: .ttf mmap
        4 kB: Cursor
        4 kB: .jar mmap
        0 kB: code mmap
        0 kB: image mmap
        0 kB: Graphics
        0 kB: GL
        0 kB: Memtrack

Total RAM: 463128 kB
 Free RAM: 135780 kB (10012 cached pss + 112516 cached + 13252 free)
 Used RAM: 300079 kB (275511 used pss + 2892 buffers + 228 shmem + 21448 slab)
 Lost RAM: 27269 kB
     ZRAM: 9116 kB physical used for 18088 kB in swap (98300 kB total swap)
   Tuning: 48 (large 128), oom 108462 kB, restore limit 36154 kB (low-ram)
Applications Memory Usage (kB):
Uptime: 423952 Realtime: 423952

Total PSS by process:
   121429 kB: com.ccos.tv.homepage (pid 2143 / activities)
    29086 kB: com.tianci.movieplatform (pid 2560)
    17555 kB: system (pid 1349)
    16315 kB: com.tianci.ad (pid 2726)
    16309 kB: com.tianci.de (pid 2460)
    15331 kB: com.coocaa.os.ccosservice (pid 1867)
    14380 kB: com.tianci.system (pid 1590)
    10499 kB: com.tianci.push (pid 1720)
    10011 kB: com.tianci.user (pid 2828)
     9212 kB: com.coocaa.sysreport (pid 2327)
     8356 kB: com.coocaa.os.softsettings.provider (pid 2298)
     6261 kB: app_process (pid 1799)
     5122 kB: android.process.media (pid 2647)
     3454 kB: com.dunn.instrument (pid 1581)
     2344 kB: zygote (pid 744)
     1490 kB: mediaserver (pid 746)
     1459 kB: TvServer (pid 1118)
     1329 kB: surfaceflinger (pid 743)
      506 kB: logcat (pid 2093)
      442 kB: wpa_supplicant (pid 1505)
      318 kB: /init (pid 1)
      248 kB: keystore (pid 748)
      243 kB: netd (pid 741)
      224 kB: dhcpcd (pid 1878)
      204 kB: adbd (pid 1439)
      123 kB: vold (pid 737)
      117 kB: sdcard (pid 757)
      108 kB: healthd (pid 733)
       93 kB: VirtualEvent (pid 1263)
       82 kB: coocaa_guard (pid 753)
       74 kB: drmserver (pid 745)
       72 kB: ueventd (pid 512)
       52 kB: servicemanager (pid 735)
       48 kB: RootApp (pid 1111)
       47 kB: FileDesc_server (pid 749)
       45 kB: logwrapper (pid 1106)
       44 kB: busybox (pid 1635)
       37 kB: keypad (pid 740)
       29 kB: sh (pid 734)
       29 kB: sh (pid 1706)
       18 kB: hardwared (pid 738)
       10 kB: installd (pid 747)
        8 kB: debuggerd (pid 742)
        7 kB: smobsd (pid 1266)
        0 kB: dumpsys (pid 7605)

Total PSS by OOM adjustment:
    16111 kB: Native
                6261 kB: app_process (pid 1799)
                2344 kB: zygote (pid 744)
                1490 kB: mediaserver (pid 746)
                1459 kB: TvServer (pid 1118)
                1329 kB: surfaceflinger (pid 743)
                 506 kB: logcat (pid 2093)
                 442 kB: wpa_supplicant (pid 1505)
                 318 kB: /init (pid 1)
                 248 kB: keystore (pid 748)
                 243 kB: netd (pid 741)
                 224 kB: dhcpcd (pid 1878)
                 204 kB: adbd (pid 1439)
                 123 kB: vold (pid 737)
                 117 kB: sdcard (pid 757)
                 108 kB: healthd (pid 733)
                  93 kB: VirtualEvent (pid 1263)
                  82 kB: coocaa_guard (pid 753)
                  74 kB: drmserver (pid 745)
                  72 kB: ueventd (pid 512)
                  52 kB: servicemanager (pid 735)
                  48 kB: RootApp (pid 1111)
                  47 kB: FileDesc_server (pid 749)
                  45 kB: logwrapper (pid 1106)
                  44 kB: busybox (pid 1635)
                  37 kB: keypad (pid 740)
                  29 kB: sh (pid 734)
                  29 kB: sh (pid 1706)
                  18 kB: hardwared (pid 738)
                  10 kB: installd (pid 747)
                   8 kB: debuggerd (pid 742)
                   7 kB: smobsd (pid 1266)
                   0 kB: dumpsys (pid 7605)
    17555 kB: System
               17555 kB: system (pid 1349)
     3454 kB: Persistent
                3454 kB: com.dunn.instrument (pid 1581)
   207741 kB: Foreground
              121429 kB: com.ccos.tv.homepage (pid 2143 / activities)
               16315 kB: com.tianci.ad (pid 2726)
               16309 kB: com.tianci.de (pid 2460)
               15331 kB: com.coocaa.os.ccosservice (pid 1867)
               14380 kB: com.tianci.system (pid 1590)
               10499 kB: com.tianci.push (pid 1720)
                8356 kB: com.coocaa.os.softsettings.provider (pid 2298)
                5122 kB: android.process.media (pid 2647)
    29086 kB: Visible
               29086 kB: com.tianci.movieplatform (pid 2560)
     9212 kB: A Services
                9212 kB: com.coocaa.sysreport (pid 2327)
    10011 kB: Cached
               10011 kB: com.tianci.user (pid 2828)

Total PSS by category:
    68197 kB: Dalvik
    57591 kB: Dalvik Other
    44101 kB: .dex mmap
    38825 kB: Unknown
    27976 kB: Other dev
    23799 kB: .so mmap
    20448 kB: Ashmem
     3476 kB: Stack
     3235 kB: .apk mmap
     2703 kB: Other mmap
     1968 kB: Native
      843 kB: .ttf mmap
        4 kB: Cursor
        4 kB: .jar mmap
        0 kB: code mmap
        0 kB: image mmap
        0 kB: Graphics
        0 kB: GL
        0 kB: Memtrack

Total RAM: 463128 kB
 Free RAM: 131359 kB (10011 cached pss + 112352 cached + 8996 free)
 Used RAM: 307739 kB (283159 used pss + 2892 buffers + 228 shmem + 21460 slab)
 Lost RAM: 24030 kB
     ZRAM: 9116 kB physical used for 18088 kB in swap (98300 kB total swap)
   Tuning: 48 (large 128), oom 108462 kB, restore limit 36154 kB (low-ram)
Applications Memory Usage (kB):
Uptime: 426593 Realtime: 426593

Total PSS by process:
   118424 kB: com.ccos.tv.homepage (pid 2143 / activities)
    29079 kB: com.tianci.movieplatform (pid 2560)
    17578 kB: system (pid 1349)
    16300 kB: com.tianci.ad (pid 2726)
    16292 kB: com.tianci.de (pid 2460)
    15313 kB: com.coocaa.os.ccosservice (pid 1867)
    14364 kB: com.tianci.system (pid 1590)
    10491 kB: com.tianci.push (pid 1720)
     9989 kB: com.tianci.user (pid 2828)
     9196 kB: com.coocaa.sysreport (pid 2327)
     8356 kB: com.coocaa.os.softsettings.provider (pid 2298)
     6261 kB: app_process (pid 1799)
     5121 kB: android.process.media (pid 2647)
     3454 kB: com.dunn.instrument (pid 1581)
     2340 kB: zygote (pid 744)
     1490 kB: mediaserver (pid 746)
     1459 kB: TvServer (pid 1118)
     1329 kB: surfaceflinger (pid 743)
      506 kB: logcat (pid 2093)
      442 kB: wpa_supplicant (pid 1505)
      318 kB: /init (pid 1)
      248 kB: keystore (pid 748)
      243 kB: netd (pid 741)
      224 kB: dhcpcd (pid 1878)
      204 kB: adbd (pid 1439)
      186 kB: dumpsys (pid 7712)
      123 kB: vold (pid 737)
      117 kB: sdcard (pid 757)
      108 kB: healthd (pid 733)
       93 kB: VirtualEvent (pid 1263)
       82 kB: coocaa_guard (pid 753)
       74 kB: drmserver (pid 745)
       72 kB: ueventd (pid 512)
       52 kB: servicemanager (pid 735)
       48 kB: RootApp (pid 1111)
       47 kB: FileDesc_server (pid 749)
       45 kB: logwrapper (pid 1106)
       44 kB: busybox (pid 1635)
       37 kB: keypad (pid 740)
       29 kB: sh (pid 734)
       29 kB: sh (pid 1706)
       18 kB: hardwared (pid 738)
       10 kB: installd (pid 747)
        8 kB: debuggerd (pid 742)
        7 kB: smobsd (pid 1266)

Total PSS by OOM adjustment:
    16293 kB: Native
                6261 kB: app_process (pid 1799)
                2340 kB: zygote (pid 744)
                1490 kB: mediaserver (pid 746)
                1459 kB: TvServer (pid 1118)
                1329 kB: surfaceflinger (pid 743)
                 506 kB: logcat (pid 2093)
                 442 kB: wpa_supplicant (pid 1505)
                 318 kB: /init (pid 1)
                 248 kB: keystore (pid 748)
                 243 kB: netd (pid 741)
                 224 kB: dhcpcd (pid 1878)
                 204 kB: adbd (pid 1439)
                 186 kB: dumpsys (pid 7712)
                 123 kB: vold (pid 737)
                 117 kB: sdcard (pid 757)
                 108 kB: healthd (pid 733)
                  93 kB: VirtualEvent (pid 1263)
                  82 kB: coocaa_guard (pid 753)
                  74 kB: drmserver (pid 745)
                  72 kB: ueventd (pid 512)
                  52 kB: servicemanager (pid 735)
                  48 kB: RootApp (pid 1111)
                  47 kB: FileDesc_server (pid 749)
                  45 kB: logwrapper (pid 1106)
                  44 kB: busybox (pid 1635)
                  37 kB: keypad (pid 740)
                  29 kB: sh (pid 734)
                  29 kB: sh (pid 1706)
                  18 kB: hardwared (pid 738)
                  10 kB: installd (pid 747)
                   8 kB: debuggerd (pid 742)
                   7 kB: smobsd (pid 1266)
    17578 kB: System
               17578 kB: system (pid 1349)
     3454 kB: Persistent
                3454 kB: com.dunn.instrument (pid 1581)
   204661 kB: Foreground
              118424 kB: com.ccos.tv.homepage (pid 2143 / activities)
               16300 kB: com.tianci.ad (pid 2726)
               16292 kB: com.tianci.de (pid 2460)
               15313 kB: com.coocaa.os.ccosservice (pid 1867)
               14364 kB: com.tianci.system (pid 1590)
               10491 kB: com.tianci.push (pid 1720)
                8356 kB: com.coocaa.os.softsettings.provider (pid 2298)
                5121 kB: android.process.media (pid 2647)
    29079 kB: Visible
               29079 kB: com.tianci.movieplatform (pid 2560)
     9196 kB: A Services
                9196 kB: com.coocaa.sysreport (pid 2327)
     9989 kB: Cached
                9989 kB: com.tianci.user (pid 2828)

Total PSS by category:
    68253 kB: Dalvik
    57579 kB: Dalvik Other
    44027 kB: .dex mmap
    40009 kB: Unknown
    24212 kB: Other dev
    23940 kB: .so mmap
    20000 kB: Ashmem
     3464 kB: Stack
     3235 kB: .apk mmap
     2724 kB: Other mmap
     1972 kB: Native
      827 kB: .ttf mmap
        4 kB: Cursor
        4 kB: .jar mmap
        0 kB: code mmap
        0 kB: image mmap
        0 kB: Graphics
        0 kB: GL
        0 kB: Memtrack

Total RAM: 463128 kB
 Free RAM: 131665 kB (9989 cached pss + 112316 cached + 9360 free)
 Used RAM: 304897 kB (280261 used pss + 2932 buffers + 228 shmem + 21476 slab)
 Lost RAM: 26566 kB
     ZRAM: 9116 kB physical used for 18096 kB in swap (98300 kB total swap)
   Tuning: 48 (large 128), oom 108462 kB, restore limit 36154 kB (low-ram)
Applications Memory Usage (kB):
Uptime: 429179 Realtime: 429179

Total PSS by process:
   114792 kB: com.ccos.tv.homepage (pid 2143 / activities)
    29035 kB: com.tianci.movieplatform (pid 2560)
    17570 kB: system (pid 1349)
    16280 kB: com.tianci.ad (pid 2726)
    16260 kB: com.tianci.de (pid 2460)
    15305 kB: com.coocaa.os.ccosservice (pid 1867)
    14348 kB: com.tianci.system (pid 1590)
    10475 kB: com.tianci.push (pid 1720)
     9977 kB: com.tianci.user (pid 2828)
     9180 kB: com.coocaa.sysreport (pid 2327)
     8356 kB: com.coocaa.os.softsettings.provider (pid 2298)
     6261 kB: app_process (pid 1799)
     5121 kB: android.process.media (pid 2647)
     3446 kB: com.dunn.instrument (pid 1581)
     2340 kB: zygote (pid 744)
     1486 kB: mediaserver (pid 746)
     1459 kB: TvServer (pid 1118)
     1329 kB: surfaceflinger (pid 743)
      506 kB: logcat (pid 2093)
      440 kB: wpa_supplicant (pid 1505)
      318 kB: /init (pid 1)
      248 kB: keystore (pid 748)
      243 kB: netd (pid 741)
      224 kB: dhcpcd (pid 1878)
      208 kB: adbd (pid 1439)
      123 kB: vold (pid 737)
      117 kB: sdcard (pid 757)
      108 kB: healthd (pid 733)
       93 kB: VirtualEvent (pid 1263)
       82 kB: coocaa_guard (pid 753)
       74 kB: drmserver (pid 745)
       72 kB: ueventd (pid 512)
       52 kB: servicemanager (pid 735)
       48 kB: RootApp (pid 1111)
       47 kB: FileDesc_server (pid 749)
       45 kB: logwrapper (pid 1106)
       44 kB: busybox (pid 1635)
       37 kB: keypad (pid 740)
       29 kB: sh (pid 734)
       28 kB: sh (pid 1706)
       18 kB: hardwared (pid 738)
       10 kB: installd (pid 747)
        8 kB: debuggerd (pid 742)
        7 kB: smobsd (pid 1266)
        0 kB: dumpsys (pid 7712)

Total PSS by OOM adjustment:
    16104 kB: Native
                6261 kB: app_process (pid 1799)
                2340 kB: zygote (pid 744)
                1486 kB: mediaserver (pid 746)
                1459 kB: TvServer (pid 1118)
                1329 kB: surfaceflinger (pid 743)
                 506 kB: logcat (pid 2093)
                 440 kB: wpa_supplicant (pid 1505)
                 318 kB: /init (pid 1)
                 248 kB: keystore (pid 748)
                 243 kB: netd (pid 741)
                 224 kB: dhcpcd (pid 1878)
                 208 kB: adbd (pid 1439)
                 123 kB: vold (pid 737)
                 117 kB: sdcard (pid 757)
                 108 kB: healthd (pid 733)
                  93 kB: VirtualEvent (pid 1263)
                  82 kB: coocaa_guard (pid 753)
                  74 kB: drmserver (pid 745)
                  72 kB: ueventd (pid 512)
                  52 kB: servicemanager (pid 735)
                  48 kB: RootApp (pid 1111)
                  47 kB: FileDesc_server (pid 749)
                  45 kB: logwrapper (pid 1106)
                  44 kB: busybox (pid 1635)
                  37 kB: keypad (pid 740)
                  29 kB: sh (pid 734)
                  28 kB: sh (pid 1706)
                  18 kB: hardwared (pid 738)
                  10 kB: installd (pid 747)
                   8 kB: debuggerd (pid 742)
                   7 kB: smobsd (pid 1266)
                   0 kB: dumpsys (pid 7712)
    17570 kB: System
               17570 kB: system (pid 1349)
     3446 kB: Persistent
                3446 kB: com.dunn.instrument (pid 1581)
   200937 kB: Foreground
              114792 kB: com.ccos.tv.homepage (pid 2143 / activities)
               16280 kB: com.tianci.ad (pid 2726)
               16260 kB: com.tianci.de (pid 2460)
               15305 kB: com.coocaa.os.ccosservice (pid 1867)
               14348 kB: com.tianci.system (pid 1590)
               10475 kB: com.tianci.push (pid 1720)
                8356 kB: com.coocaa.os.softsettings.provider (pid 2298)
                5121 kB: android.process.media (pid 2647)
    29035 kB: Visible
               29035 kB: com.tianci.movieplatform (pid 2560)
     9180 kB: A Services
                9180 kB: com.coocaa.sysreport (pid 2327)
     9977 kB: Cached
                9977 kB: com.tianci.user (pid 2828)

Total PSS by category:
    68297 kB: Dalvik
    57567 kB: Dalvik Other
    43767 kB: .dex mmap
    38641 kB: Unknown
    23880 kB: .so mmap
    22048 kB: Other dev
    19896 kB: Ashmem
     3432 kB: Stack
     3231 kB: .apk mmap
     2699 kB: Other mmap
     1968 kB: Native
      815 kB: .ttf mmap
        4 kB: Cursor
        4 kB: .jar mmap
        0 kB: code mmap
        0 kB: image mmap
        0 kB: Graphics
        0 kB: GL
        0 kB: Memtrack

Total RAM: 463128 kB
 Free RAM: 135541 kB (9977 cached pss + 113032 cached + 12532 free)
 Used RAM: 300892 kB (276272 used pss + 2912 buffers + 228 shmem + 21480 slab)
 Lost RAM: 26695 kB
     ZRAM: 9116 kB physical used for 18096 kB in swap (98300 kB total swap)
   Tuning: 48 (large 128), oom 108462 kB, restore limit 36154 kB (low-ram)
Applications Memory Usage (kB):
Uptime: 431834 Realtime: 431834

Total PSS by process:
   114487 kB: com.ccos.tv.homepage (pid 2143 / activities)
