Applications Memory Usage (kB):
Uptime: 227418 Realtime: 227418

Total PSS by process:
   109910 kB: com.ccos.tv.homepage (pid 2359 / activities)
    20405 kB: com.coocaa.os.ccosservice (pid 1868)
    19835 kB: com.tianci.de (pid 2583)
    17633 kB: system (pid 1349)
    16846 kB: com.coocaa.emergencywarning (pid 4128)
    15739 kB: com.tianci.system (pid 1589)
    13070 kB: com.coocaa.os.softsettings.provider (pid 2253)
    10739 kB: com.tianci.push (pid 1733)
    10134 kB: com.tianci.ad (pid 2831)
     9434 kB: com.coocaa.sysreport (pid 2463)
     9099 kB: com.tianci.user (pid 2886)
     8287 kB: app_process (pid 1777)
     8120 kB: com.tianci.ad:adUpgrade (pid 3324)
     5304 kB: android.process.media (pid 2764)
     4535 kB: zygote (pid 746)
     3727 kB: com.dunn.instrument (pid 1580)
     3265 kB: <pre-initialized> (pid 4651)
     3222 kB: mediaserver (pid 748)
     2542 kB: TvServer (pid 900)
     1610 kB: logcat (pid 3627)
     1534 kB: surfaceflinger (pid 745)
      670 kB: wpa_supplicant (pid 1504)
      458 kB: drmserver (pid 747)
      337 kB: netd (pid 743)
      334 kB: VirtualEvent (pid 1187)
      318 kB: /init (pid 1)
      272 kB: keystore (pid 750)
      228 kB: dhcpcd (pid 1779)
      208 kB: adbd (pid 1440)
      205 kB: vold (pid 739)
      191 kB: sh (pid 1675)
      178 kB: dumpsys (pid 4631)
      160 kB: busybox (pid 1633)
      159 kB: sh (pid 737)
      148 kB: RootApp (pid 893)
      121 kB: coocaa_guard (pid 752)
      108 kB: healthd (pid 736)
      105 kB: FileDesc_server (pid 751)
      105 kB: sdcard (pid 753)
       72 kB: ueventd (pid 512)
       52 kB: servicemanager (pid 738)
       45 kB: logwrapper (pid 863)
       44 kB: keypad (pid 742)
       36 kB: installd (pid 749)
       34 kB: hardwared (pid 740)
       30 kB: debuggerd (pid 744)
       22 kB: smobsd (pid 1201)

Total PSS by OOM adjustment:
    29635 kB: Native
                8287 kB: app_process (pid 1777)
                4535 kB: zygote (pid 746)
                3265 kB: <pre-initialized> (pid 4651)
                3222 kB: mediaserver (pid 748)
                2542 kB: TvServer (pid 900)
                1610 kB: logcat (pid 3627)
                1534 kB: surfaceflinger (pid 745)
                 670 kB: wpa_supplicant (pid 1504)
                 458 kB: drmserver (pid 747)
                 337 kB: netd (pid 743)
                 334 kB: VirtualEvent (pid 1187)
                 318 kB: /init (pid 1)
                 272 kB: keystore (pid 750)
                 228 kB: dhcpcd (pid 1779)
                 208 kB: adbd (pid 1440)
                 205 kB: vold (pid 739)
                 191 kB: sh (pid 1675)
                 178 kB: dumpsys (pid 4631)
                 160 kB: busybox (pid 1633)
                 159 kB: sh (pid 737)
                 148 kB: RootApp (pid 893)
                 121 kB: coocaa_guard (pid 752)
                 108 kB: healthd (pid 736)
                 105 kB: FileDesc_server (pid 751)
                 105 kB: sdcard (pid 753)
                  72 kB: ueventd (pid 512)
                  52 kB: servicemanager (pid 738)
                  45 kB: logwrapper (pid 863)
                  44 kB: keypad (pid 742)
                  36 kB: installd (pid 749)
                  34 kB: hardwared (pid 740)
                  30 kB: debuggerd (pid 744)
                  22 kB: smobsd (pid 1201)
    17633 kB: System
               17633 kB: system (pid 1349)
     3727 kB: Persistent
                3727 kB: com.dunn.instrument (pid 1580)
   221982 kB: Foreground
              109910 kB: com.ccos.tv.homepage (pid 2359 / activities)
               20405 kB: com.coocaa.os.ccosservice (pid 1868)
               19835 kB: com.tianci.de (pid 2583)
               16846 kB: com.coocaa.emergencywarning (pid 4128)
               15739 kB: com.tianci.system (pid 1589)
               13070 kB: com.coocaa.os.softsettings.provider (pid 2253)
               10739 kB: com.tianci.push (pid 1733)
               10134 kB: com.tianci.ad (pid 2831)
                5304 kB: android.process.media (pid 2764)
     8120 kB: A Services
                8120 kB: com.tianci.ad:adUpgrade (pid 3324)
    18533 kB: Cached
                9434 kB: com.coocaa.sysreport (pid 2463)
                9099 kB: com.tianci.user (pid 2886)

Total PSS by category:
    63693 kB: Dalvik
    57438 kB: .dex mmap
    57389 kB: Dalvik Other
    33251 kB: Unknown
    27248 kB: .so mmap
    22305 kB: Other dev
    19688 kB: Ashmem
     6765 kB: .apk mmap
     4617 kB: Other mmap
     3312 kB: Stack
     2688 kB: Native
     1209 kB: .ttf mmap
       23 kB: .jar mmap
        4 kB: Cursor
        0 kB: code mmap
        0 kB: image mmap
        0 kB: Graphics
        0 kB: GL
        0 kB: Memtrack

Total RAM: 463128 kB
 Free RAM: 194005 kB (18533 cached pss + 134020 cached + 41452 free)
 Used RAM: 303645 kB (281097 used pss + 1504 buffers + 228 shmem + 20816 slab)
 Lost RAM: -34522 kB
     ZRAM: 7656 kB physical used for 15888 kB in swap (98300 kB total swap)
   Tuning: 48 (large 128), oom 108462 kB, restore limit 36154 kB (low-ram)
Applications Memory Usage (kB):
Uptime: 230306 Realtime: 230306

Total PSS by process:
    79446 kB: com.ccos.tv.homepage (pid 2359 / activities)
    20772 kB: com.coocaa.os.ccosservice (pid 1868)
    17414 kB: com.tianci.de (pid 2583)
    16891 kB: system (pid 1349)
    16717 kB: com.coocaa.emergencywarning (pid 4128)
    15864 kB: com.tianci.movieplatform (pid 4651 / activities)
    14721 kB: com.tianci.system (pid 1589)
    10544 kB: com.tianci.push (pid 1733)
     9895 kB: com.tianci.ad (pid 2831)
     8717 kB: com.tianci.user (pid 2886)
     8260 kB: com.coocaa.sysreport (pid 2463)
     8255 kB: com.coocaa.os.softsettings.provider (pid 2253)
     7800 kB: app_process (pid 1777)
     6496 kB: com.tianci.ad:adUpgrade (pid 3324)
     4944 kB: android.process.media (pid 2764)
     3871 kB: zygote (pid 746)
     3393 kB: com.dunn.instrument (pid 1580)
     1854 kB: mediaserver (pid 748)
     1610 kB: logcat (pid 3627)
     1601 kB: TvServer (pid 900)
     1326 kB: surfaceflinger (pid 745)
      437 kB: wpa_supplicant (pid 1504)
      359 kB: drmserver (pid 747)
      318 kB: /init (pid 1)
      316 kB: VirtualEvent (pid 1187)
      255 kB: netd (pid 743)
      249 kB: keystore (pid 750)
      223 kB: dhcpcd (pid 1779)
      208 kB: adbd (pid 1440)
      191 kB: sh (pid 1675)
      159 kB: sh (pid 737)
      141 kB: vold (pid 739)
      108 kB: healthd (pid 736)
      105 kB: sdcard (pid 753)
       98 kB: FileDesc_server (pid 751)
       81 kB: coocaa_guard (pid 752)
       72 kB: ueventd (pid 512)
       64 kB: busybox (pid 1633)
       52 kB: servicemanager (pid 738)
       48 kB: RootApp (pid 893)
       45 kB: logwrapper (pid 863)
       35 kB: keypad (pid 742)
       24 kB: hardwared (pid 740)
       12 kB: installd (pid 749)
       10 kB: debuggerd (pid 744)
       10 kB: smobsd (pid 1201)
        0 kB: dumpsys (pid 4631)

Total PSS by OOM adjustment:
    21682 kB: Native
                7800 kB: app_process (pid 1777)
                3871 kB: zygote (pid 746)
                1854 kB: mediaserver (pid 748)
                1610 kB: logcat (pid 3627)
                1601 kB: TvServer (pid 900)
                1326 kB: surfaceflinger (pid 745)
                 437 kB: wpa_supplicant (pid 1504)
                 359 kB: drmserver (pid 747)
                 318 kB: /init (pid 1)
                 316 kB: VirtualEvent (pid 1187)
                 255 kB: netd (pid 743)
                 249 kB: keystore (pid 750)
                 223 kB: dhcpcd (pid 1779)
                 208 kB: adbd (pid 1440)
                 191 kB: sh (pid 1675)
                 159 kB: sh (pid 737)
                 141 kB: vold (pid 739)
                 108 kB: healthd (pid 736)
                 105 kB: sdcard (pid 753)
                  98 kB: FileDesc_server (pid 751)
                  81 kB: coocaa_guard (pid 752)
                  72 kB: ueventd (pid 512)
                  64 kB: busybox (pid 1633)
                  52 kB: servicemanager (pid 738)
                  48 kB: RootApp (pid 893)
                  45 kB: logwrapper (pid 863)
                  35 kB: keypad (pid 742)
                  24 kB: hardwared (pid 740)
                  12 kB: installd (pid 749)
                  10 kB: debuggerd (pid 744)
                  10 kB: smobsd (pid 1201)
                   0 kB: dumpsys (pid 4631)
    16891 kB: System
               16891 kB: system (pid 1349)
     3393 kB: Persistent
                3393 kB: com.dunn.instrument (pid 1580)
   119126 kB: Foreground
               20772 kB: com.coocaa.os.ccosservice (pid 1868)
               17414 kB: com.tianci.de (pid 2583)
               16717 kB: com.coocaa.emergencywarning (pid 4128)
               15864 kB: com.tianci.movieplatform (pid 4651 / activities)
               14721 kB: com.tianci.system (pid 1589)
               10544 kB: com.tianci.push (pid 1733)
                9895 kB: com.tianci.ad (pid 2831)
                8255 kB: com.coocaa.os.softsettings.provider (pid 2253)
                4944 kB: android.process.media (pid 2764)
     6496 kB: A Services
                6496 kB: com.tianci.ad:adUpgrade (pid 3324)
    79446 kB: B Services
               79446 kB: com.ccos.tv.homepage (pid 2359 / activities)
    16977 kB: Cached
                8717 kB: com.tianci.user (pid 2886)
                8260 kB: com.coocaa.sysreport (pid 2463)

Total PSS by category:
    66381 kB: Dalvik
    59029 kB: Dalvik Other
    53154 kB: .dex mmap
    31056 kB: Unknown
    24411 kB: .so mmap
     7890 kB: Other dev
     6220 kB: Ashmem
     5958 kB: .apk mmap
     3356 kB: Stack
     2960 kB: Other mmap
     2664 kB: Native
      921 kB: .ttf mmap
        7 kB: .jar mmap
        4 kB: Cursor
        0 kB: code mmap
        0 kB: image mmap
        0 kB: Graphics
        0 kB: GL
        0 kB: Memtrack

Total RAM: 463128 kB
 Free RAM: 184269 kB (16977 cached pss + 139144 cached + 28148 free)
 Used RAM: 273338 kB (247034 used pss + 4952 buffers + 228 shmem + 21124 slab)
 Lost RAM: 5521 kB
     ZRAM: 7700 kB physical used for 16348 kB in swap (98300 kB total swap)
   Tuning: 48 (large 128), oom 108462 kB, restore limit 36154 kB (low-ram)
Applications Memory Usage (kB):
Uptime: 232912 Realtime: 232912

Total PSS by process:
    76687 kB: com.ccos.tv.homepage (pid 2359 / activities)
    27236 kB: com.tianci.movieplatform (pid 4651 / activities)
    20968 kB: com.coocaa.os.ccosservice (pid 1868)
    16875 kB: system (pid 1349)
    16622 kB: com.coocaa.emergencywarning (pid 4128)
    16406 kB: com.tianci.de (pid 2583)
    14201 kB: com.tianci.system (pid 1589)
    10801 kB: com.tianci.push (pid 1733)
     9893 kB: com.tianci.ad (pid 2831)
     8763 kB: com.tianci.user (pid 2886)
     8511 kB: com.coocaa.sysreport (pid 2463)
     8244 kB: com.coocaa.os.softsettings.provider (pid 2253)
     7782 kB: app_process (pid 1777)
     6499 kB: com.tianci.ad:adUpgrade (pid 3324)
     4943 kB: android.process.media (pid 2764)
     3844 kB: zygote (pid 746)
     3377 kB: com.dunn.instrument (pid 1580)
     1854 kB: mediaserver (pid 748)
     1610 kB: logcat (pid 3627)
     1601 kB: TvServer (pid 900)
     1326 kB: surfaceflinger (pid 745)
      437 kB: wpa_supplicant (pid 1504)
      359 kB: drmserver (pid 747)
      318 kB: /init (pid 1)
      316 kB: VirtualEvent (pid 1187)
      255 kB: netd (pid 743)
      248 kB: keystore (pid 750)
      223 kB: dhcpcd (pid 1779)
      208 kB: adbd (pid 1440)
      191 kB: sh (pid 1675)
      178 kB: dumpsys (pid 4814)
      159 kB: sh (pid 737)
      141 kB: vold (pid 739)
      108 kB: healthd (pid 736)
      105 kB: sdcard (pid 753)
       98 kB: FileDesc_server (pid 751)
       81 kB: coocaa_guard (pid 752)
       72 kB: ueventd (pid 512)
       64 kB: busybox (pid 1633)
       52 kB: servicemanager (pid 738)
       48 kB: RootApp (pid 893)
       45 kB: logwrapper (pid 863)
       35 kB: keypad (pid 742)
       24 kB: hardwared (pid 740)
       11 kB: installd (pid 749)
       10 kB: debuggerd (pid 744)
       10 kB: smobsd (pid 1201)

Total PSS by OOM adjustment:
    21813 kB: Native
                7782 kB: app_process (pid 1777)
                3844 kB: zygote (pid 746)
                1854 kB: mediaserver (pid 748)
                1610 kB: logcat (pid 3627)
                1601 kB: TvServer (pid 900)
                1326 kB: surfaceflinger (pid 745)
                 437 kB: wpa_supplicant (pid 1504)
                 359 kB: drmserver (pid 747)
                 318 kB: /init (pid 1)
                 316 kB: VirtualEvent (pid 1187)
                 255 kB: netd (pid 743)
                 248 kB: keystore (pid 750)
                 223 kB: dhcpcd (pid 1779)
                 208 kB: adbd (pid 1440)
                 191 kB: sh (pid 1675)
                 178 kB: dumpsys (pid 4814)
                 159 kB: sh (pid 737)
                 141 kB: vold (pid 739)
                 108 kB: healthd (pid 736)
                 105 kB: sdcard (pid 753)
                  98 kB: FileDesc_server (pid 751)
                  81 kB: coocaa_guard (pid 752)
                  72 kB: ueventd (pid 512)
                  64 kB: busybox (pid 1633)
                  52 kB: servicemanager (pid 738)
                  48 kB: RootApp (pid 893)
                  45 kB: logwrapper (pid 863)
                  35 kB: keypad (pid 742)
                  24 kB: hardwared (pid 740)
                  11 kB: installd (pid 749)
                  10 kB: debuggerd (pid 744)
                  10 kB: smobsd (pid 1201)
    16875 kB: System
               16875 kB: system (pid 1349)
     3377 kB: Persistent
                3377 kB: com.dunn.instrument (pid 1580)
   146588 kB: Foreground
               27236 kB: com.tianci.movieplatform (pid 4651 / activities)
               20968 kB: com.coocaa.os.ccosservice (pid 1868)
               16622 kB: com.coocaa.emergencywarning (pid 4128)
               16406 kB: com.tianci.de (pid 2583)
               14201 kB: com.tianci.system (pid 1589)
               10801 kB: com.tianci.push (pid 1733)
                9893 kB: com.tianci.ad (pid 2831)
                8763 kB: com.tianci.user (pid 2886)
                8511 kB: com.coocaa.sysreport (pid 2463)
                8244 kB: com.coocaa.os.softsettings.provider (pid 2253)
                4943 kB: android.process.media (pid 2764)
     6499 kB: A Services
                6499 kB: com.tianci.ad:adUpgrade (pid 3324)
    76687 kB: B Services
               76687 kB: com.ccos.tv.homepage (pid 2359 / activities)

Total PSS by category:
    68057 kB: Dalvik
    61937 kB: Dalvik Other
    55237 kB: .dex mmap
    32283 kB: Unknown
    24545 kB: .so mmap
     7862 kB: Other dev
     6220 kB: Ashmem
     5876 kB: .apk mmap
     3548 kB: Stack
     2972 kB: Other mmap
     2668 kB: Native
      623 kB: .ttf mmap
        7 kB: .jar mmap
        4 kB: Cursor
        0 kB: code mmap
        0 kB: image mmap
        0 kB: Graphics
        0 kB: GL
        0 kB: Memtrack

Total RAM: 463128 kB
 Free RAM: 164488 kB (0 cached pss + 155792 cached + 8696 free)
 Used RAM: 298323 kB (271839 used pss + 5028 buffers + 228 shmem + 21228 slab)
 Lost RAM: 317 kB
     ZRAM: 7844 kB physical used for 16760 kB in swap (98300 kB total swap)
   Tuning: 48 (large 128), oom 108462 kB, restore limit 36154 kB (low-ram)
Applications Memory Usage (kB):
Uptime: 235700 Realtime: 235700

Total PSS by process:
    74958 kB: com.ccos.tv.homepage (pid 2359 / activities)
    32501 kB: com.tianci.movieplatform (pid 4651 / activities)
    20658 kB: com.coocaa.os.ccosservice (pid 1868)
    17578 kB: system (pid 1349)
    16053 kB: com.tianci.de (pid 2583)
    13608 kB: com.tianci.system (pid 1589)
    11888 kB: com.coocaa.emergencywarning (pid 4128)
    10753 kB: com.tianci.push (pid 1733)
     9888 kB: com.tianci.ad (pid 2831)
     9250 kB: com.coocaa.sysreport (pid 2463)
     8756 kB: com.tianci.user (pid 2886)
     8244 kB: com.coocaa.os.softsettings.provider (pid 2253)
     7768 kB: app_process (pid 1777)
     6500 kB: com.tianci.ad:adUpgrade (pid 3324)
     4943 kB: android.process.media (pid 2764)
     3827 kB: zygote (pid 746)
     3451 kB: com.dunn.instrument (pid 1580)
     1842 kB: mediaserver (pid 748)
     1614 kB: logcat (pid 3627)
     1601 kB: TvServer (pid 900)
     1309 kB: surfaceflinger (pid 745)
      437 kB: wpa_supplicant (pid 1504)
      356 kB: drmserver (pid 747)
      318 kB: /init (pid 1)
      316 kB: VirtualEvent (pid 1187)
      255 kB: netd (pid 743)
      249 kB: keystore (pid 750)
      223 kB: dhcpcd (pid 1779)
      208 kB: adbd (pid 1440)
      140 kB: vold (pid 739)
      136 kB: sh (pid 737)
      108 kB: healthd (pid 736)
      105 kB: sdcard (pid 753)
       99 kB: sh (pid 1675)
       95 kB: FileDesc_server (pid 751)
       77 kB: coocaa_guard (pid 752)
       72 kB: ueventd (pid 512)
       52 kB: servicemanager (pid 738)
       48 kB: RootApp (pid 893)
       48 kB: busybox (pid 1633)
       45 kB: logwrapper (pid 863)
       35 kB: keypad (pid 742)
       24 kB: hardwared (pid 740)
       11 kB: installd (pid 749)
       10 kB: debuggerd (pid 744)
       10 kB: smobsd (pid 1201)
        0 kB: dumpsys (pid 4814)

Total PSS by OOM adjustment:
    21438 kB: Native
                7768 kB: app_process (pid 1777)
                3827 kB: zygote (pid 746)
                1842 kB: mediaserver (pid 748)
                1614 kB: logcat (pid 3627)
                1601 kB: TvServer (pid 900)
                1309 kB: surfaceflinger (pid 745)
                 437 kB: wpa_supplicant (pid 1504)
                 356 kB: drmserver (pid 747)
                 318 kB: /init (pid 1)
                 316 kB: VirtualEvent (pid 1187)
                 255 kB: netd (pid 743)
                 249 kB: keystore (pid 750)
                 223 kB: dhcpcd (pid 1779)
                 208 kB: adbd (pid 1440)
                 140 kB: vold (pid 739)
                 136 kB: sh (pid 737)
                 108 kB: healthd (pid 736)
                 105 kB: sdcard (pid 753)
                  99 kB: sh (pid 1675)
                  95 kB: FileDesc_server (pid 751)
                  77 kB: coocaa_guard (pid 752)
                  72 kB: ueventd (pid 512)
                  52 kB: servicemanager (pid 738)
                  48 kB: RootApp (pid 893)
                  48 kB: busybox (pid 1633)
                  45 kB: logwrapper (pid 863)
                  35 kB: keypad (pid 742)
                  24 kB: hardwared (pid 740)
                  11 kB: installd (pid 749)
                  10 kB: debuggerd (pid 744)
                  10 kB: smobsd (pid 1201)
                   0 kB: dumpsys (pid 4814)
    17578 kB: System
               17578 kB: system (pid 1349)
     3451 kB: Persistent
                3451 kB: com.dunn.instrument (pid 1580)
   137786 kB: Foreground
               32501 kB: com.tianci.movieplatform (pid 4651 / activities)
               20658 kB: com.coocaa.os.ccosservice (pid 1868)
               16053 kB: com.tianci.de (pid 2583)
               13608 kB: com.tianci.system (pid 1589)
               11888 kB: com.coocaa.emergencywarning (pid 4128)
               10753 kB: com.tianci.push (pid 1733)
                9888 kB: com.tianci.ad (pid 2831)
                9250 kB: com.coocaa.sysreport (pid 2463)
                8244 kB: com.coocaa.os.softsettings.provider (pid 2253)
                4943 kB: android.process.media (pid 2764)
     6500 kB: A Services
                6500 kB: com.tianci.ad:adUpgrade (pid 3324)
    74958 kB: B Services
               74958 kB: com.ccos.tv.homepage (pid 2359 / activities)
     8756 kB: Cached
                8756 kB: com.tianci.user (pid 2886)

Total PSS by category:
    69916 kB: Dalvik
    62425 kB: Dalvik Other
    51736 kB: .dex mmap
    31959 kB: Unknown
    24499 kB: .so mmap
     7861 kB: Other dev
     6252 kB: Ashmem
     6066 kB: .apk mmap
     3552 kB: Stack
     2918 kB: Other mmap
     2636 kB: Native
      632 kB: .ttf mmap
        8 kB: Cursor
        7 kB: .jar mmap
        0 kB: code mmap
        0 kB: image mmap
        0 kB: Graphics
        0 kB: GL
        0 kB: Memtrack

Total RAM: 463128 kB
 Free RAM: 155208 kB (8756 cached pss + 138800 cached + 7652 free)
 Used RAM: 288071 kB (261711 used pss + 4832 buffers + 228 shmem + 21300 slab)
 Lost RAM: 19849 kB
     ZRAM: 8144 kB physical used for 17556 kB in swap (98300 kB total swap)
   Tuning: 48 (large 128), oom 108462 kB, restore limit 36154 kB (low-ram)
Applications Memory Usage (kB):
Uptime: 238829 Realtime: 238829

Total PSS by process:
    74405 kB: com.ccos.tv.homepage (pid 2359 / activities)
    55758 kB: com.tianci.movieplatform (pid 4651 / activities)
    20810 kB: com.coocaa.os.ccosservice (pid 1868)
    17705 kB: system (pid 1349)
    16150 kB: com.tianci.de (pid 2583)
    13573 kB: com.tianci.system (pid 1589)
    10790 kB: com.tianci.push (pid 1733)
     9983 kB: com.tianci.ad (pid 2831)
     9492 kB: com.tianci.user (pid 2886)
     9333 kB: com.coocaa.sysreport (pid 2463)
     8408 kB: com.coocaa.os.softsettings.provider (pid 2253)
     7814 kB: app_process (pid 1777)
     6644 kB: com.tianci.ad:adUpgrade (pid 3324)
     5072 kB: android.process.media (pid 2764)
     3901 kB: zygote (pid 746)
     3686 kB: com.dunn.instrument (pid 1580)
     1846 kB: mediaserver (pid 748)
     1614 kB: logcat (pid 3627)
     1602 kB: TvServer (pid 900)
     1208 kB: surfaceflinger (pid 745)
      440 kB: wpa_supplicant (pid 1504)
      361 kB: drmserver (pid 747)
      318 kB: /init (pid 1)
      317 kB: VirtualEvent (pid 1187)
      256 kB: netd (pid 743)
      252 kB: keystore (pid 750)
      224 kB: dhcpcd (pid 1779)
      212 kB: adbd (pid 1440)
      178 kB: dumpsys (pid 5005)
      159 kB: sh (pid 737)
      142 kB: vold (pid 739)
      108 kB: healthd (pid 736)
      105 kB: sdcard (pid 753)
       99 kB: sh (pid 1675)
       98 kB: FileDesc_server (pid 751)
       77 kB: coocaa_guard (pid 752)
       72 kB: ueventd (pid 512)
       52 kB: servicemanager (pid 738)
       48 kB: RootApp (pid 893)
       48 kB: busybox (pid 1633)
       45 kB: logwrapper (pid 863)
       37 kB: keypad (pid 742)
       24 kB: hardwared (pid 740)
       12 kB: installd (pid 749)
       11 kB: smobsd (pid 1201)
       10 kB: debuggerd (pid 744)

Total PSS by OOM adjustment:
    21690 kB: Native
                7814 kB: app_process (pid 1777)
                3901 kB: zygote (pid 746)
                1846 kB: mediaserver (pid 748)
                1614 kB: logcat (pid 3627)
                1602 kB: TvServer (pid 900)
                1208 kB: surfaceflinger (pid 745)
                 440 kB: wpa_supplicant (pid 1504)
                 361 kB: drmserver (pid 747)
                 318 kB: /init (pid 1)
                 317 kB: VirtualEvent (pid 1187)
                 256 kB: netd (pid 743)
                 252 kB: keystore (pid 750)
                 224 kB: dhcpcd (pid 1779)
                 212 kB: adbd (pid 1440)
                 178 kB: dumpsys (pid 5005)
                 159 kB: sh (pid 737)
                 142 kB: vold (pid 739)
                 108 kB: healthd (pid 736)
                 105 kB: sdcard (pid 753)
                  99 kB: sh (pid 1675)
                  98 kB: FileDesc_server (pid 751)
                  77 kB: coocaa_guard (pid 752)
                  72 kB: ueventd (pid 512)
                  52 kB: servicemanager (pid 738)
                  48 kB: RootApp (pid 893)
                  48 kB: busybox (pid 1633)
                  45 kB: logwrapper (pid 863)
                  37 kB: keypad (pid 742)
                  24 kB: hardwared (pid 740)
                  12 kB: installd (pid 749)
                  11 kB: smobsd (pid 1201)
                  10 kB: debuggerd (pid 744)
    17705 kB: System
               17705 kB: system (pid 1349)
     3686 kB: Persistent
                3686 kB: com.dunn.instrument (pid 1580)
   149877 kB: Foreground
               55758 kB: com.tianci.movieplatform (pid 4651 / activities)
               20810 kB: com.coocaa.os.ccosservice (pid 1868)
               16150 kB: com.tianci.de (pid 2583)
               13573 kB: com.tianci.system (pid 1589)
               10790 kB: com.tianci.push (pid 1733)
                9983 kB: com.tianci.ad (pid 2831)
                9333 kB: com.coocaa.sysreport (pid 2463)
                8408 kB: com.coocaa.os.softsettings.provider (pid 2253)
                5072 kB: android.process.media (pid 2764)
     6644 kB: A Services
                6644 kB: com.tianci.ad:adUpgrade (pid 3324)
    74405 kB: B Services
               74405 kB: com.ccos.tv.homepage (pid 2359 / activities)
     9492 kB: Cached
                9492 kB: com.tianci.user (pid 2886)

Total PSS by category:
    67717 kB: Dalvik
    59786 kB: Dalvik Other
    53734 kB: .dex mmap
    35020 kB: Unknown
    24854 kB: .so mmap
    16105 kB: Other dev
     9960 kB: Ashmem
     5844 kB: .apk mmap
     3332 kB: Stack
     3067 kB: Other mmap
     2644 kB: Native
     1424 kB: .ttf mmap
        8 kB: .jar mmap
        4 kB: Cursor
        0 kB: code mmap
        0 kB: image mmap
        0 kB: Graphics
        0 kB: GL
        0 kB: Memtrack

Total RAM: 463128 kB
 Free RAM: 156084 kB (9492 cached pss + 136212 cached + 10380 free)
 Used RAM: 300463 kB (274007 used pss + 4808 buffers + 228 shmem + 21420 slab)
 Lost RAM: 6581 kB
     ZRAM: 8184 kB physical used for 17648 kB in swap (98300 kB total swap)
   Tuning: 48 (large 128), oom 108462 kB, restore limit 36154 kB (low-ram)
Applications Memory Usage (kB):
Uptime: 241522 Realtime: 241522

Total PSS by process:
    74405 kB: com.ccos.tv.homepage (pid 2359 / activities)
    50751 kB: com.tianci.movieplatform (pid 4651 / activities)
    19881 kB: com.coocaa.os.ccosservice (pid 1868)
    17076 kB: system (pid 1349)
    16138 kB: com.tianci.de (pid 2583)
    13553 kB: com.tianci.system (pid 1589)
    10790 kB: com.tianci.push (pid 1733)
     9983 kB: com.tianci.ad (pid 2831)
     9492 kB: com.tianci.user (pid 2886)
     9333 kB: com.coocaa.sysreport (pid 2463)
     8408 kB: com.coocaa.os.softsettings.provider (pid 2253)
     7772 kB: app_process (pid 1777)
     6644 kB: com.tianci.ad:adUpgrade (pid 3324)
     5072 kB: android.process.media (pid 2764)
     3855 kB: zygote (pid 746)
     3694 kB: com.dunn.instrument (pid 1580)
     1846 kB: mediaserver (pid 748)
     1614 kB: logcat (pid 3627)
     1602 kB: TvServer (pid 900)
     1208 kB: surfaceflinger (pid 745)
      440 kB: wpa_supplicant (pid 1504)
      361 kB: drmserver (pid 747)
      318 kB: /init (pid 1)
      317 kB: VirtualEvent (pid 1187)
      256 kB: netd (pid 743)
      252 kB: keystore (pid 750)
      224 kB: dhcpcd (pid 1779)
      208 kB: adbd (pid 1440)
      159 kB: sh (pid 737)
      142 kB: vold (pid 739)
      108 kB: healthd (pid 736)
      105 kB: sdcard (pid 753)
       99 kB: sh (pid 1675)
       98 kB: FileDesc_server (pid 751)
       77 kB: coocaa_guard (pid 752)
       72 kB: ueventd (pid 512)
       52 kB: servicemanager (pid 738)
       48 kB: RootApp (pid 893)
       48 kB: busybox (pid 1633)
       45 kB: logwrapper (pid 863)
       37 kB: keypad (pid 742)
       24 kB: hardwared (pid 740)
       12 kB: installd (pid 749)
       11 kB: smobsd (pid 1201)
       10 kB: debuggerd (pid 744)
        0 kB: dumpsys (pid 5005)

Total PSS by OOM adjustment:
    21420 kB: Native
                7772 kB: app_process (pid 1777)
                3855 kB: zygote (pid 746)
                1846 kB: mediaserver (pid 748)
                1614 kB: logcat (pid 3627)
                1602 kB: TvServer (pid 900)
                1208 kB: surfaceflinger (pid 745)
                 440 kB: wpa_supplicant (pid 1504)
                 361 kB: drmserver (pid 747)
                 318 kB: /init (pid 1)
                 317 kB: VirtualEvent (pid 1187)
                 256 kB: netd (pid 743)
                 252 kB: keystore (pid 750)
                 224 kB: dhcpcd (pid 1779)
                 208 kB: adbd (pid 1440)
                 159 kB: sh (pid 737)
                 142 kB: vold (pid 739)
                 108 kB: healthd (pid 736)
                 105 kB: sdcard (pid 753)
                  99 kB: sh (pid 1675)
                  98 kB: FileDesc_server (pid 751)
                  77 kB: coocaa_guard (pid 752)
                  72 kB: ueventd (pid 512)
                  52 kB: servicemanager (pid 738)
                  48 kB: RootApp (pid 893)
                  48 kB: busybox (pid 1633)
                  45 kB: logwrapper (pid 863)
                  37 kB: keypad (pid 742)
                  24 kB: hardwared (pid 740)
                  12 kB: installd (pid 749)
                  11 kB: smobsd (pid 1201)
                  10 kB: debuggerd (pid 744)
                   0 kB: dumpsys (pid 5005)
    17076 kB: System
               17076 kB: system (pid 1349)
     3694 kB: Persistent
                3694 kB: com.dunn.instrument (pid 1580)
   143909 kB: Foreground
               50751 kB: com.tianci.movieplatform (pid 4651 / activities)
               19881 kB: com.coocaa.os.ccosservice (pid 1868)
               16138 kB: com.tianci.de (pid 2583)
               13553 kB: com.tianci.system (pid 1589)
               10790 kB: com.tianci.push (pid 1733)
                9983 kB: com.tianci.ad (pid 2831)
                9333 kB: com.coocaa.sysreport (pid 2463)
                8408 kB: com.coocaa.os.softsettings.provider (pid 2253)
                5072 kB: android.process.media (pid 2764)
     6644 kB: A Services
                6644 kB: com.tianci.ad:adUpgrade (pid 3324)
    74405 kB: B Services
               74405 kB: com.ccos.tv.homepage (pid 2359 / activities)
     9492 kB: Cached
                9492 kB: com.tianci.user (pid 2886)

Total PSS by category:
    66912 kB: Dalvik
    59797 kB: Dalvik Other
    52537 kB: .dex mmap
    34920 kB: Unknown
    24727 kB: .so mmap
    12181 kB: Other dev
     9960 kB: Ashmem
     5204 kB: .apk mmap
     3280 kB: Stack
     3046 kB: Other mmap
     2640 kB: Native
     1424 kB: .ttf mmap
        8 kB: .jar mmap
        4 kB: Cursor
        0 kB: code mmap
        0 kB: image mmap
        0 kB: Graphics
        0 kB: GL
        0 kB: Memtrack

Total RAM: 463128 kB
 Free RAM: 160796 kB (9492 cached pss + 148496 cached + 2808 free)
 Used RAM: 290444 kB (267148 used pss + 1528 buffers + 228 shmem + 21540 slab)
 Lost RAM: 11888 kB
     ZRAM: 8204 kB physical used for 17724 kB in swap (98300 kB total swap)
   Tuning: 48 (large 128), oom 108462 kB, restore limit 36154 kB (low-ram)
Applications Memory Usage (kB):
Uptime: 244185 Realtime: 244185

Total PSS by process:
    73335 kB: com.ccos.tv.homepage (pid 2359 / activities)
    53108 kB: com.tianci.movieplatform (pid 4651 / activities)
    17003 kB: com.coocaa.os.ccosservice (pid 1868)
    16587 kB: system (pid 1349)
    15390 kB: com.tianci.de (pid 2583)
    12950 kB: com.tianci.system (pid 1589)
    10660 kB: com.tianci.push (pid 1733)
    10517 kB: com.tianci.movieplatform:daemon (pid 5085)
     9662 kB: com.tianci.ad (pid 2831)
     9430 kB: com.tianci.user (pid 2886)
     8921 kB: com.coocaa.sysreport (pid 2463)
     8348 kB: com.coocaa.os.softsettings.provider (pid 2253)
     6583 kB: com.tianci.ad:adUpgrade (pid 3324)
     5583 kB: app_process (pid 1777)
     5019 kB: android.process.media (pid 2764)
     3630 kB: com.dunn.instrument (pid 1580)
     2396 kB: zygote (pid 746)
     1614 kB: logcat (pid 3627)
     1488 kB: mediaserver (pid 748)
     1419 kB: TvServer (pid 900)
     1159 kB: surfaceflinger (pid 745)
      436 kB: wpa_supplicant (pid 1504)
      318 kB: /init (pid 1)
      316 kB: VirtualEvent (pid 1187)
      248 kB: netd (pid 743)
      248 kB: keystore (pid 750)
      208 kB: adbd (pid 1440)
      177 kB: dumpsys (pid 5124)
      159 kB: sh (pid 737)
      138 kB: dhcpcd (pid 1779)
      135 kB: vold (pid 739)
      113 kB: sdcard (pid 753)
      108 kB: healthd (pid 736)
      107 kB: drmserver (pid 747)
       79 kB: sh (pid 1675)
       77 kB: coocaa_guard (pid 752)
       72 kB: ueventd (pid 512)
       52 kB: servicemanager (pid 738)
       50 kB: FileDesc_server (pid 751)
       48 kB: RootApp (pid 893)
       48 kB: busybox (pid 1633)
       45 kB: logwrapper (pid 863)
       35 kB: keypad (pid 742)
       18 kB: hardwared (pid 740)
       12 kB: installd (pid 749)
       10 kB: debuggerd (pid 744)
       10 kB: smobsd (pid 1201)

Total PSS by OOM adjustment:
    16926 kB: Native
                5583 kB: app_process (pid 1777)
                2396 kB: zygote (pid 746)
                1614 kB: logcat (pid 3627)
                1488 kB: mediaserver (pid 748)
                1419 kB: TvServer (pid 900)
                1159 kB: surfaceflinger (pid 745)
                 436 kB: wpa_supplicant (pid 1504)
                 318 kB: /init (pid 1)
                 316 kB: VirtualEvent (pid 1187)
                 248 kB: netd (pid 743)
                 248 kB: keystore (pid 750)
                 208 kB: adbd (pid 1440)
                 177 kB: dumpsys (pid 5124)
                 159 kB: sh (pid 737)
                 138 kB: dhcpcd (pid 1779)
                 135 kB: vold (pid 739)
                 113 kB: sdcard (pid 753)
                 108 kB: healthd (pid 736)
                 107 kB: drmserver (pid 747)
                  79 kB: sh (pid 1675)
                  77 kB: coocaa_guard (pid 752)
                  72 kB: ueventd (pid 512)
                  52 kB: servicemanager (pid 738)
                  50 kB: FileDesc_server (pid 751)
                  48 kB: RootApp (pid 893)
                  48 kB: busybox (pid 1633)
                  45 kB: logwrapper (pid 863)
                  35 kB: keypad (pid 742)
                  18 kB: hardwared (pid 740)
                  12 kB: installd (pid 749)
                  10 kB: debuggerd (pid 744)
                  10 kB: smobsd (pid 1201)
    16587 kB: System
               16587 kB: system (pid 1349)
     3630 kB: Persistent
                3630 kB: com.dunn.instrument (pid 1580)
   151578 kB: Foreground
               53108 kB: com.tianci.movieplatform (pid 4651 / activities)
               17003 kB: com.coocaa.os.ccosservice (pid 1868)
               15390 kB: com.tianci.de (pid 2583)
               12950 kB: com.tianci.system (pid 1589)
               10660 kB: com.tianci.push (pid 1733)
               10517 kB: com.tianci.movieplatform:daemon (pid 5085)
                9662 kB: com.tianci.ad (pid 2831)
                8921 kB: com.coocaa.sysreport (pid 2463)
                8348 kB: com.coocaa.os.softsettings.provider (pid 2253)
                5019 kB: android.process.media (pid 2764)
     6583 kB: A Services
                6583 kB: com.tianci.ad:adUpgrade (pid 3324)
    73335 kB: B Services
               73335 kB: com.ccos.tv.homepage (pid 2359 / activities)
     9430 kB: Cached
                9430 kB: com.tianci.user (pid 2886)

Total PSS by category:
    68059 kB: Dalvik
    63067 kB: Dalvik Other
    51440 kB: .dex mmap
    34549 kB: Unknown
    23830 kB: .so mmap
    12216 kB: Other dev
     9960 kB: Ashmem
     4664 kB: .apk mmap
     3444 kB: Stack
     2825 kB: Other mmap
     2636 kB: Native
     1364 kB: .ttf mmap
       11 kB: .jar mmap
        4 kB: Cursor
        0 kB: code mmap
        0 kB: image mmap
        0 kB: Graphics
        0 kB: GL
        0 kB: Memtrack

Total RAM: 463128 kB
 Free RAM: 147470 kB (9430 cached pss + 115844 cached + 22196 free)
 Used RAM: 292251 kB (268639 used pss + 1632 buffers + 228 shmem + 21752 slab)
 Lost RAM: 23407 kB
     ZRAM: 8624 kB physical used for 18952 kB in swap (98300 kB total swap)
   Tuning: 48 (large 128), oom 108462 kB, restore limit 36154 kB (low-ram)
Applications Memory Usage (kB):
Uptime: 247591 Realtime: 247591

Total PSS by process:
    72031 kB: com.ccos.tv.homepage (pid 2359 / activities)
    60776 kB: com.tianci.movieplatform (pid 4651 / activities)
    16227 kB: system (pid 1349)
    16019 kB: com.coocaa.os.ccosservice (pid 1868)
    15618 kB: com.tianci.movieplatform:daemon (pid 5085)
    15391 kB: com.tianci.de (pid 2583)
    12709 kB: com.tianci.system (pid 1589)
    10397 kB: com.tianci.push (pid 1733)
     9627 kB: com.tianci.ad (pid 2831)
     9279 kB: com.tianci.user (pid 2886)
     8442 kB: com.coocaa.sysreport (pid 2463)
     8345 kB: com.coocaa.os.softsettings.provider (pid 2253)
     6554 kB: com.tianci.ad:adUpgrade (pid 3324)
     5014 kB: android.process.media (pid 2764)
     3615 kB: com.dunn.instrument (pid 1580)
     2371 kB: app_process (pid 1777)
     2342 kB: zygote (pid 746)
     1614 kB: logcat (pid 3627)
     1498 kB: mediaserver (pid 748)
     1407 kB: TvServer (pid 900)
     1159 kB: surfaceflinger (pid 745)
      435 kB: wpa_supplicant (pid 1504)
      361 kB: sdcard (pid 753)
      318 kB: /init (pid 1)
      316 kB: VirtualEvent (pid 1187)
      246 kB: netd (pid 743)
      240 kB: keystore (pid 750)
      208 kB: adbd (pid 1440)
      159 kB: sh (pid 737)
      123 kB: vold (pid 739)
      108 kB: healthd (pid 736)
      107 kB: drmserver (pid 747)
       79 kB: sh (pid 1675)
       77 kB: coocaa_guard (pid 752)
       72 kB: ueventd (pid 512)
       52 kB: servicemanager (pid 738)
       50 kB: FileDesc_server (pid 751)
       48 kB: RootApp (pid 893)
       48 kB: busybox (pid 1633)
       45 kB: logwrapper (pid 863)
       35 kB: keypad (pid 742)
       18 kB: hardwared (pid 740)
       14 kB: dhcpcd (pid 1779)
       12 kB: installd (pid 749)
       10 kB: debuggerd (pid 744)
       10 kB: smobsd (pid 1201)
        0 kB: dumpsys (pid 5124)

Total PSS by OOM adjustment:
    13582 kB: Native
                2371 kB: app_process (pid 1777)
                2342 kB: zygote (pid 746)
                1614 kB: logcat (pid 3627)
                1498 kB: mediaserver (pid 748)
                1407 kB: TvServer (pid 900)
                1159 kB: surfaceflinger (pid 745)
                 435 kB: wpa_supplicant (pid 1504)
                 361 kB: sdcard (pid 753)
                 318 kB: /init (pid 1)
                 316 kB: VirtualEvent (pid 1187)
                 246 kB: netd (pid 743)
                 240 kB: keystore (pid 750)
                 208 kB: adbd (pid 1440)
                 159 kB: sh (pid 737)
                 123 kB: vold (pid 739)
                 108 kB: healthd (pid 736)
                 107 kB: drmserver (pid 747)
                  79 kB: sh (pid 1675)
                  77 kB: coocaa_guard (pid 752)
                  72 kB: ueventd (pid 512)
                  52 kB: servicemanager (pid 738)
                  50 kB: FileDesc_server (pid 751)
                  48 kB: RootApp (pid 893)
                  48 kB: busybox (pid 1633)
                  45 kB: logwrapper (pid 863)
                  35 kB: keypad (pid 742)
                  18 kB: hardwared (pid 740)
                  14 kB: dhcpcd (pid 1779)
                  12 kB: installd (pid 749)
                  10 kB: debuggerd (pid 744)
                  10 kB: smobsd (pid 1201)
                   0 kB: dumpsys (pid 5124)
    16227 kB: System
               16227 kB: system (pid 1349)
     3615 kB: Persistent
                3615 kB: com.dunn.instrument (pid 1580)
   162338 kB: Foreground
               60776 kB: com.tianci.movieplatform (pid 4651 / activities)
               16019 kB: com.coocaa.os.ccosservice (pid 1868)
               15618 kB: com.tianci.movieplatform:daemon (pid 5085)
               15391 kB: com.tianci.de (pid 2583)
               12709 kB: com.tianci.system (pid 1589)
               10397 kB: com.tianci.push (pid 1733)
                9627 kB: com.tianci.ad (pid 2831)
                8442 kB: com.coocaa.sysreport (pid 2463)
                8345 kB: com.coocaa.os.softsettings.provider (pid 2253)
                5014 kB: android.process.media (pid 2764)
     6554 kB: A Services
                6554 kB: com.tianci.ad:adUpgrade (pid 3324)
    72031 kB: B Services
               72031 kB: com.ccos.tv.homepage (pid 2359 / activities)
     9279 kB: Cached
                9279 kB: com.tianci.user (pid 2886)

Total PSS by category:
    70170 kB: Dalvik
    63839 kB: Dalvik Other
    48903 kB: .dex mmap
    35777 kB: Unknown
    28277 kB: .so mmap
    12208 kB: Other dev
     9960 kB: Ashmem
     3912 kB: Stack
     3674 kB: .apk mmap
     2919 kB: Other mmap
     2608 kB: Native
     1364 kB: .ttf mmap
       11 kB: .jar mmap
        4 kB: Cursor
        0 kB: code mmap
        0 kB: image mmap
        0 kB: Graphics
        0 kB: GL
        0 kB: Memtrack

Total RAM: 463128 kB
 Free RAM: 141643 kB (9279 cached pss + 108388 cached + 23976 free)
 Used RAM: 297887 kB (274347 used pss + 1356 buffers + 228 shmem + 21956 slab)
 Lost RAM: 23598 kB
     ZRAM: 9904 kB physical used for 22992 kB in swap (98300 kB total swap)
   Tuning: 48 (large 128), oom 108462 kB, restore limit 36154 kB (low-ram)
Applications Memory Usage (kB):
Uptime: 250934 Realtime: 250935

Total PSS by process:
    68848 kB: com.ccos.tv.homepage (pid 2359 / activities)
    66970 kB: com.tianci.movieplatform (pid 4651 / activities)
    17996 kB: com.tianci.movieplatform:daemon (pid 5085)
    16229 kB: system (pid 1349)
    15245 kB: com.tianci.de (pid 2583)
    14965 kB: com.coocaa.os.ccosservice (pid 1868)
    12269 kB: com.tianci.system (pid 1589)
     9414 kB: com.tianci.push (pid 1733)
     8740 kB: com.tianci.user (pid 2886)
     8714 kB: com.tianci.ad (pid 2831)
     8238 kB: com.coocaa.sysreport (pid 2463)
     6594 kB: com.coocaa.os.softsettings.provider (pid 2253)
     5645 kB: com.tianci.ad:adUpgrade (pid 3324)
     4897 kB: android.process.media (pid 2764)
     3612 kB: mediaserver (pid 748)
     3561 kB: com.dunn.instrument (pid 1580)
     2148 kB: zygote (pid 746)
     2145 kB: app_process (pid 1777)
     1610 kB: logcat (pid 3627)
     1153 kB: surfaceflinger (pid 745)
      911 kB: TvServer (pid 900)
      424 kB: wpa_supplicant (pid 1504)
      365 kB: sdcard (pid 753)
      318 kB: /init (pid 1)
      246 kB: netd (pid 743)
      208 kB: adbd (pid 1440)
      207 kB: keystore (pid 750)
      177 kB: dumpsys (pid 5407)
      159 kB: sh (pid 737)
      123 kB: vold (pid 739)
      108 kB: healthd (pid 736)
      107 kB: drmserver (pid 747)
       79 kB: sh (pid 1675)
       77 kB: coocaa_guard (pid 752)
       72 kB: ueventd (pid 512)
       52 kB: servicemanager (pid 738)
       50 kB: FileDesc_server (pid 751)
       48 kB: RootApp (pid 893)
       48 kB: busybox (pid 1633)
       45 kB: logwrapper (pid 863)
       39 kB: VirtualEvent (pid 1187)
       35 kB: keypad (pid 742)
       18 kB: hardwared (pid 740)
       14 kB: dhcpcd (pid 1779)
       12 kB: installd (pid 749)
       10 kB: debuggerd (pid 744)
       10 kB: smobsd (pid 1201)

Total PSS by OOM adjustment:
    14630 kB: Native
                3612 kB: mediaserver (pid 748)
                2148 kB: zygote (pid 746)
                2145 kB: app_process (pid 1777)
                1610 kB: logcat (pid 3627)
                1153 kB: surfaceflinger (pid 745)
                 911 kB: TvServer (pid 900)
                 424 kB: wpa_supplicant (pid 1504)
                 365 kB: sdcard (pid 753)
                 318 kB: /init (pid 1)
                 246 kB: netd (pid 743)
                 208 kB: adbd (pid 1440)
                 207 kB: keystore (pid 750)
                 177 kB: dumpsys (pid 5407)
                 159 kB: sh (pid 737)
                 123 kB: vold (pid 739)
                 108 kB: healthd (pid 736)
                 107 kB: drmserver (pid 747)
                  79 kB: sh (pid 1675)
                  77 kB: coocaa_guard (pid 752)
                  72 kB: ueventd (pid 512)
                  52 kB: servicemanager (pid 738)
                  50 kB: FileDesc_server (pid 751)
                  48 kB: RootApp (pid 893)
                  48 kB: busybox (pid 1633)
                  45 kB: logwrapper (pid 863)
                  39 kB: VirtualEvent (pid 1187)
                  35 kB: keypad (pid 742)
                  18 kB: hardwared (pid 740)
                  14 kB: dhcpcd (pid 1779)
                  12 kB: installd (pid 749)
                  10 kB: debuggerd (pid 744)
                  10 kB: smobsd (pid 1201)
    16229 kB: System
               16229 kB: system (pid 1349)
     3561 kB: Persistent
                3561 kB: com.dunn.instrument (pid 1580)
   147306 kB: Foreground
               66970 kB: com.tianci.movieplatform (pid 4651 / activities)
               15245 kB: com.tianci.de (pid 2583)
               14965 kB: com.coocaa.os.ccosservice (pid 1868)
               12269 kB: com.tianci.system (pid 1589)
                9414 kB: com.tianci.push (pid 1733)
                8714 kB: com.tianci.ad (pid 2831)
                8238 kB: com.coocaa.sysreport (pid 2463)
                6594 kB: com.coocaa.os.softsettings.provider (pid 2253)
                4897 kB: android.process.media (pid 2764)
    17996 kB: A Services
               17996 kB: com.tianci.movieplatform:daemon (pid 5085)
    74493 kB: B Services
               68848 kB: com.ccos.tv.homepage (pid 2359 / activities)
                5645 kB: com.tianci.ad:adUpgrade (pid 3324)
     8740 kB: Cached
                8740 kB: com.tianci.user (pid 2886)

Total PSS by category:
    71518 kB: Dalvik
    63724 kB: Dalvik Other
    42490 kB: .dex mmap
    37603 kB: Unknown
    30348 kB: .so mmap
    12224 kB: Other dev
     9960 kB: Ashmem
     4796 kB: Native
     4452 kB: Stack
     3008 kB: .apk mmap
     2125 kB: Other mmap
      692 kB: .ttf mmap
       11 kB: .jar mmap
        4 kB: Cursor
        0 kB: code mmap
        0 kB: image mmap
        0 kB: Graphics
        0 kB: GL
        0 kB: Memtrack

Total RAM: 463128 kB
 Free RAM: 136780 kB (8740 cached pss + 111808 cached + 16232 free)
 Used RAM: 297635 kB (274215 used pss + 1048 buffers + 228 shmem + 22144 slab)
 Lost RAM: 28713 kB
     ZRAM: 7724 kB physical used for 21536 kB in swap (98300 kB total swap)
   Tuning: 48 (large 128), oom 108462 kB, restore limit 36154 kB (low-ram)
Applications Memory Usage (kB):
Uptime: 254073 Realtime: 254073

Total PSS by process:
    62623 kB: com.tianci.movieplatform (pid 4651 / activities)
    59341 kB: com.ccos.tv.homepage (pid 2359 / activities)
    17071 kB: com.tianci.movieplatform:daemon (pid 5085)
    15185 kB: system (pid 1349)
    14182 kB: com.tianci.de (pid 2583)
    13076 kB: com.coocaa.os.ccosservice (pid 1868)
    11409 kB: com.tianci.system (pid 1589)
     9188 kB: com.tianci.push (pid 1733)
     8548 kB: com.tianci.user (pid 2886)
     8459 kB: com.tianci.ad (pid 2831)
     7812 kB: com.coocaa.sysreport (pid 2463)
     6750 kB: mediaserver (pid 748)
     6300 kB: com.coocaa.os.softsettings.provider (pid 2253)
     5495 kB: com.tianci.ad:adUpgrade (pid 3324)
     4841 kB: android.process.media (pid 2764)
     3448 kB: com.dunn.instrument (pid 1580)
     2053 kB: app_process (pid 1777)
     1969 kB: zygote (pid 746)
     1610 kB: logcat (pid 3627)
     1587 kB: TvServer (pid 900)
     1187 kB: surfaceflinger (pid 745)
      424 kB: wpa_supplicant (pid 1504)
      365 kB: sdcard (pid 753)
      316 kB: /init (pid 1)
      244 kB: netd (pid 743)
      208 kB: adbd (pid 1440)
      207 kB: keystore (pid 750)
      159 kB: sh (pid 737)
      123 kB: vold (pid 739)
      108 kB: healthd (pid 736)
      107 kB: drmserver (pid 747)
      106 kB: FileDesc_server (pid 751)
       79 kB: sh (pid 1675)
       77 kB: coocaa_guard (pid 752)
       72 kB: ueventd (pid 512)
       52 kB: servicemanager (pid 738)
       48 kB: RootApp (pid 893)
       45 kB: logwrapper (pid 863)
       44 kB: busybox (pid 1633)
       39 kB: VirtualEvent (pid 1187)
       35 kB: keypad (pid 742)
       18 kB: hardwared (pid 740)
       14 kB: dhcpcd (pid 1779)
       12 kB: installd (pid 749)
       10 kB: debuggerd (pid 744)
       10 kB: smobsd (pid 1201)
        0 kB: dumpsys (pid 5407)

Total PSS by OOM adjustment:
    18078 kB: Native
                6750 kB: mediaserver (pid 748)
                2053 kB: app_process (pid 1777)
                1969 kB: zygote (pid 746)
                1610 kB: logcat (pid 3627)
                1587 kB: TvServer (pid 900)
                1187 kB: surfaceflinger (pid 745)
                 424 kB: wpa_supplicant (pid 1504)
                 365 kB: sdcard (pid 753)
                 316 kB: /init (pid 1)
                 244 kB: netd (pid 743)
                 208 kB: adbd (pid 1440)
                 207 kB: keystore (pid 750)
                 159 kB: sh (pid 737)
                 123 kB: vold (pid 739)
                 108 kB: healthd (pid 736)
                 107 kB: drmserver (pid 747)
                 106 kB: FileDesc_server (pid 751)
                  79 kB: sh (pid 1675)
                  77 kB: coocaa_guard (pid 752)
                  72 kB: ueventd (pid 512)
                  52 kB: servicemanager (pid 738)
                  48 kB: RootApp (pid 893)
                  45 kB: logwrapper (pid 863)
                  44 kB: busybox (pid 1633)
                  39 kB: VirtualEvent (pid 1187)
                  35 kB: keypad (pid 742)
                  18 kB: hardwared (pid 740)
                  14 kB: dhcpcd (pid 1779)
                  12 kB: installd (pid 749)
                  10 kB: debuggerd (pid 744)
                  10 kB: smobsd (pid 1201)
                   0 kB: dumpsys (pid 5407)
    15185 kB: System
               15185 kB: system (pid 1349)
     3448 kB: Persistent
                3448 kB: com.dunn.instrument (pid 1580)
   137890 kB: Foreground
               62623 kB: com.tianci.movieplatform (pid 4651 / activities)
               14182 kB: com.tianci.de (pid 2583)
               13076 kB: com.coocaa.os.ccosservice (pid 1868)
               11409 kB: com.tianci.system (pid 1589)
                9188 kB: com.tianci.push (pid 1733)
                8459 kB: com.tianci.ad (pid 2831)
                7812 kB: com.coocaa.sysreport (pid 2463)
                6300 kB: com.coocaa.os.softsettings.provider (pid 2253)
                4841 kB: android.process.media (pid 2764)
    17071 kB: A Services
               17071 kB: com.tianci.movieplatform:daemon (pid 5085)
    64836 kB: B Services
               59341 kB: com.ccos.tv.homepage (pid 2359 / activities)
                5495 kB: com.tianci.ad:adUpgrade (pid 3324)
     8548 kB: Cached
                8548 kB: com.tianci.user (pid 2886)

Total PSS by category:
    67765 kB: Dalvik
    63134 kB: Dalvik Other
    37635 kB: Unknown
    29101 kB: .dex mmap
    28830 kB: .so mmap
    12216 kB: Other dev
    10112 kB: Ashmem
     6880 kB: Native
     4512 kB: Stack
     2551 kB: Other mmap
     1997 kB: .apk mmap
      316 kB: .ttf mmap
        4 kB: Cursor
        3 kB: .jar mmap
        0 kB: code mmap
        0 kB: image mmap
        0 kB: Graphics
        0 kB: GL
        0 kB: Memtrack

Total RAM: 463128 kB
 Free RAM: 85424 kB (8548 cached pss + 73732 cached + 3144 free)
 Used RAM: 279724 kB (256508 used pss + 596 buffers + 380 shmem + 22240 slab)
 Lost RAM: 97980 kB
     ZRAM: 9036 kB physical used for 25580 kB in swap (98300 kB total swap)
   Tuning: 48 (large 128), oom 108462 kB, restore limit 36154 kB (low-ram)
Applications Memory Usage (kB):
Uptime: 257823 Realtime: 257823

Total PSS by process:
    62385 kB: com.tianci.movieplatform (pid 4651 / activities)
    58617 kB: com.ccos.tv.homepage (pid 2359 / activities)
    15640 kB: com.tianci.movieplatform:daemon (pid 5085)
    15490 kB: system (pid 1349)
    15077 kB: com.tianci.ad (pid 2831)
    14068 kB: com.tianci.de (pid 2583)
    11825 kB: com.coocaa.os.ccosservice (pid 1868)
    11497 kB: com.tianci.system (pid 1589)
     9180 kB: com.tianci.push (pid 1733)
     8540 kB: com.tianci.user (pid 2886)
     7740 kB: com.coocaa.sysreport (pid 2463)
     6794 kB: mediaserver (pid 748)
     5491 kB: com.tianci.ad:adUpgrade (pid 3324)
     5225 kB: com.coocaa.os.softsettings.provider (pid 2253)
     4837 kB: android.process.media (pid 2764)
     3343 kB: com.dunn.instrument (pid 1580)
     1914 kB: app_process (pid 1777)
     1755 kB: zygote (pid 746)
     1610 kB: logcat (pid 3627)
     1551 kB: TvServer (pid 900)
     1185 kB: surfaceflinger (pid 745)
      422 kB: wpa_supplicant (pid 1504)
      365 kB: sdcard (pid 753)
      316 kB: /init (pid 1)
      247 kB: keystore (pid 750)
      236 kB: netd (pid 743)
      212 kB: adbd (pid 1440)
      177 kB: dumpsys (pid 5615)
      159 kB: sh (pid 737)
      123 kB: vold (pid 739)
      108 kB: healthd (pid 736)
      106 kB: FileDesc_server (pid 751)
      103 kB: drmserver (pid 747)
       79 kB: sh (pid 1675)
       77 kB: coocaa_guard (pid 752)
       72 kB: ueventd (pid 512)
       52 kB: servicemanager (pid 738)
       48 kB: RootApp (pid 893)
       45 kB: logwrapper (pid 863)
       44 kB: busybox (pid 1633)
       35 kB: keypad (pid 742)
       31 kB: VirtualEvent (pid 1187)
       18 kB: hardwared (pid 740)
       14 kB: dhcpcd (pid 1779)
       12 kB: installd (pid 749)
       10 kB: debuggerd (pid 744)
        6 kB: smobsd (pid 1201)
        0 kB: sh (pid 5629)
        0 kB: ps (pid 5631)
        0 kB: grep (pid 5632)
        0 kB: awk (pid 5633)

Total PSS by OOM adjustment:
    17926 kB: Native
                6794 kB: mediaserver (pid 748)
                1914 kB: app_process (pid 1777)
                1755 kB: zygote (pid 746)
                1610 kB: logcat (pid 3627)
                1551 kB: TvServer (pid 900)
                1185 kB: surfaceflinger (pid 745)
                 422 kB: wpa_supplicant (pid 1504)
                 365 kB: sdcard (pid 753)
                 316 kB: /init (pid 1)
                 247 kB: keystore (pid 750)
                 236 kB: netd (pid 743)
                 212 kB: adbd (pid 1440)
                 177 kB: dumpsys (pid 5615)
                 159 kB: sh (pid 737)
                 123 kB: vold (pid 739)
                 108 kB: healthd (pid 736)
                 106 kB: FileDesc_server (pid 751)
                 103 kB: drmserver (pid 747)
                  79 kB: sh (pid 1675)
                  77 kB: coocaa_guard (pid 752)
                  72 kB: ueventd (pid 512)
                  52 kB: servicemanager (pid 738)
                  48 kB: RootApp (pid 893)
                  45 kB: logwrapper (pid 863)
                  44 kB: busybox (pid 1633)
                  35 kB: keypad (pid 742)
                  31 kB: VirtualEvent (pid 1187)
                  18 kB: hardwared (pid 740)
                  14 kB: dhcpcd (pid 1779)
                  12 kB: installd (pid 749)
                  10 kB: debuggerd (pid 744)
                   6 kB: smobsd (pid 1201)
                   0 kB: sh (pid 5629)
                   0 kB: ps (pid 5631)
                   0 kB: grep (pid 5632)
                   0 kB: awk (pid 5633)
    15490 kB: System
               15490 kB: system (pid 1349)
     3343 kB: Persistent
                3343 kB: com.dunn.instrument (pid 1580)
   141834 kB: Foreground
               62385 kB: com.tianci.movieplatform (pid 4651 / activities)
               15077 kB: com.tianci.ad (pid 2831)
               14068 kB: com.tianci.de (pid 2583)
               11825 kB: com.coocaa.os.ccosservice (pid 1868)
               11497 kB: com.tianci.system (pid 1589)
                9180 kB: com.tianci.push (pid 1733)
                7740 kB: com.coocaa.sysreport (pid 2463)
                5225 kB: com.coocaa.os.softsettings.provider (pid 2253)
                4837 kB: android.process.media (pid 2764)
    15640 kB: A Services
               15640 kB: com.tianci.movieplatform:daemon (pid 5085)
    64108 kB: B Services
               58617 kB: com.ccos.tv.homepage (pid 2359 / activities)
                5491 kB: com.tianci.ad:adUpgrade (pid 3324)
     8540 kB: Cached
                8540 kB: com.tianci.user (pid 2886)

Total PSS by category:
    69357 kB: Dalvik
    62908 kB: Dalvik Other
    37645 kB: Unknown
    30677 kB: .dex mmap
    28621 kB: .so mmap
    12220 kB: Other dev
    10160 kB: Ashmem
     6884 kB: Native
     4580 kB: Stack
     2596 kB: Other mmap
     1077 kB: .apk mmap
      152 kB: .ttf mmap
        4 kB: Cursor
        0 kB: .jar mmap
        0 kB: code mmap
        0 kB: image mmap
        0 kB: Graphics
        0 kB: GL
        0 kB: Memtrack

Total RAM: 463128 kB
 Free RAM: 81516 kB (8540 cached pss + 69992 cached + 2984 free)
 Used RAM: 281849 kB (258341 used pss + 700 buffers + 428 shmem + 22380 slab)
 Lost RAM: 99763 kB
     ZRAM: 9544 kB physical used for 27388 kB in swap (98300 kB total swap)
   Tuning: 48 (large 128), oom 108462 kB, restore limit 36154 kB (low-ram)
Applications Memory Usage (kB):
Uptime: 261732 Realtime: 261732

Total PSS by process:
    61191 kB: com.tianci.movieplatform (pid 4651 / activities)
    58133 kB: com.ccos.tv.homepage (pid 2359 / activities)
    16286 kB: com.tianci.ad (pid 2831)
    15587 kB: system (pid 1349)
    14549 kB: com.tianci.movieplatform:daemon (pid 5085)
    13673 kB: com.tianci.de (pid 2583)
    11799 kB: com.coocaa.os.ccosservice (pid 1868)
    11464 kB: com.tianci.system (pid 1589)
     9167 kB: com.tianci.push (pid 1733)
     8494 kB: com.tianci.user (pid 2886)
     7755 kB: com.coocaa.sysreport (pid 2463)
     6789 kB: mediaserver (pid 748)
     5480 kB: com.tianci.ad:adUpgrade (pid 3324)
     5092 kB: com.coocaa.os.softsettings.provider (pid 2253)
     4828 kB: android.process.media (pid 2764)
     3414 kB: com.dunn.instrument (pid 1580)
     1920 kB: app_process (pid 1777)
     1754 kB: zygote (pid 746)
     1610 kB: logcat (pid 3627)
     1551 kB: TvServer (pid 900)
     1184 kB: surfaceflinger (pid 745)
      422 kB: wpa_supplicant (pid 1504)
      365 kB: sdcard (pid 753)
      316 kB: /init (pid 1)
      245 kB: keystore (pid 750)
      236 kB: netd (pid 743)
      208 kB: adbd (pid 1440)
      159 kB: sh (pid 737)
      123 kB: vold (pid 739)
      108 kB: healthd (pid 736)
      106 kB: FileDesc_server (pid 751)
      103 kB: drmserver (pid 747)
       79 kB: sh (pid 1675)
       77 kB: coocaa_guard (pid 752)
       72 kB: ueventd (pid 512)
       52 kB: servicemanager (pid 738)
       48 kB: RootApp (pid 893)
       45 kB: logwrapper (pid 863)
       44 kB: busybox (pid 1633)
       35 kB: keypad (pid 742)
       31 kB: VirtualEvent (pid 1187)
       18 kB: hardwared (pid 740)
       14 kB: dhcpcd (pid 1779)
       12 kB: installd (pid 749)
       10 kB: debuggerd (pid 744)
        6 kB: smobsd (pid 1201)
        0 kB: dumpsys (pid 5615)
        0 kB: sh (pid 5629)
        0 kB: ps (pid 5631)
        0 kB: grep (pid 5632)
        0 kB: awk (pid 5633)

Total PSS by OOM adjustment:
    17742 kB: Native
                6789 kB: mediaserver (pid 748)
                1920 kB: app_process (pid 1777)
                1754 kB: zygote (pid 746)
                1610 kB: logcat (pid 3627)
                1551 kB: TvServer (pid 900)
                1184 kB: surfaceflinger (pid 745)
                 422 kB: wpa_supplicant (pid 1504)
                 365 kB: sdcard (pid 753)
                 316 kB: /init (pid 1)
                 245 kB: keystore (pid 750)
                 236 kB: netd (pid 743)
                 208 kB: adbd (pid 1440)
                 159 kB: sh (pid 737)
                 123 kB: vold (pid 739)
                 108 kB: healthd (pid 736)
                 106 kB: FileDesc_server (pid 751)
                 103 kB: drmserver (pid 747)
                  79 kB: sh (pid 1675)
                  77 kB: coocaa_guard (pid 752)
                  72 kB: ueventd (pid 512)
                  52 kB: servicemanager (pid 738)
                  48 kB: RootApp (pid 893)
                  45 kB: logwrapper (pid 863)
                  44 kB: busybox (pid 1633)
                  35 kB: keypad (pid 742)
                  31 kB: VirtualEvent (pid 1187)
                  18 kB: hardwared (pid 740)
                  14 kB: dhcpcd (pid 1779)
                  12 kB: installd (pid 749)
                  10 kB: debuggerd (pid 744)
                   6 kB: smobsd (pid 1201)
                   0 kB: dumpsys (pid 5615)
                   0 kB: sh (pid 5629)
                   0 kB: ps (pid 5631)
                   0 kB: grep (pid 5632)
                   0 kB: awk (pid 5633)
    15587 kB: System
               15587 kB: system (pid 1349)
     3414 kB: Persistent
                3414 kB: com.dunn.instrument (pid 1580)
   141255 kB: Foreground
               61191 kB: com.tianci.movieplatform (pid 4651 / activities)
               16286 kB: com.tianci.ad (pid 2831)
               13673 kB: com.tianci.de (pid 2583)
               11799 kB: com.coocaa.os.ccosservice (pid 1868)
               11464 kB: com.tianci.system (pid 1589)
                9167 kB: com.tianci.push (pid 1733)
                7755 kB: com.coocaa.sysreport (pid 2463)
                5092 kB: com.coocaa.os.softsettings.provider (pid 2253)
                4828 kB: android.process.media (pid 2764)
    14549 kB: A Services
               14549 kB: com.tianci.movieplatform:daemon (pid 5085)
    63613 kB: B Services
               58133 kB: com.ccos.tv.homepage (pid 2359 / activities)
                5480 kB: com.tianci.ad:adUpgrade (pid 3324)
     8494 kB: Cached
                8494 kB: com.tianci.user (pid 2886)

Total PSS by category:
    70401 kB: Dalvik
    62121 kB: Dalvik Other
    37475 kB: Unknown
    29721 kB: .dex mmap
    27208 kB: .so mmap
    12216 kB: Other dev
    10160 kB: Ashmem
     6880 kB: Native
     4508 kB: Stack
     2575 kB: Other mmap
     1233 kB: .apk mmap
      152 kB: .ttf mmap
        4 kB: Cursor
        0 kB: .jar mmap
        0 kB: code mmap
        0 kB: image mmap
        0 kB: Graphics
        0 kB: GL
        0 kB: Memtrack

Total RAM: 463128 kB
 Free RAM: 82198 kB (8494 cached pss + 69176 cached + 4528 free)
 Used RAM: 279580 kB (256160 used pss + 552 buffers + 428 shmem + 22440 slab)
 Lost RAM: 101350 kB
     ZRAM: 9728 kB physical used for 28340 kB in swap (98300 kB total swap)
   Tuning: 48 (large 128), oom 108462 kB, restore limit 36154 kB (low-ram)
Applications Memory Usage (kB):
Uptime: 264836 Realtime: 264836

Total PSS by process:
    60594 kB: com.tianci.movieplatform (pid 4651 / activities)
    58101 kB: com.ccos.tv.homepage (pid 2359 / activities)
    16118 kB: com.tianci.ad (pid 2831)
    15444 kB: system (pid 1349)
    14177 kB: com.tianci.movieplatform:daemon (pid 5085)
    13320 kB: com.tianci.de (pid 2583)
    11731 kB: com.coocaa.os.ccosservice (pid 1868)
    11463 kB: com.tianci.system (pid 1589)
     9430 kB: com.tianci.push (pid 1733)
     8494 kB: com.tianci.user (pid 2886)
     7753 kB: com.coocaa.sysreport (pid 2463)
     6797 kB: mediaserver (pid 748)
     5480 kB: com.tianci.ad:adUpgrade (pid 3324)
     5088 kB: com.coocaa.os.softsettings.provider (pid 2253)
     4828 kB: android.process.media (pid 2764)
     3414 kB: com.dunn.instrument (pid 1580)
     1920 kB: app_process (pid 1777)
     1754 kB: zygote (pid 746)
     1610 kB: logcat (pid 3627)
     1551 kB: TvServer (pid 900)
     1180 kB: surfaceflinger (pid 745)
      422 kB: wpa_supplicant (pid 1504)
      365 kB: sdcard (pid 753)
      316 kB: /init (pid 1)
      245 kB: keystore (pid 750)
      236 kB: netd (pid 743)
      208 kB: adbd (pid 1440)
      159 kB: sh (pid 737)
      123 kB: vold (pid 739)
      108 kB: healthd (pid 736)
      106 kB: FileDesc_server (pid 751)
      103 kB: drmserver (pid 747)
       79 kB: sh (pid 1675)
       77 kB: coocaa_guard (pid 752)
       72 kB: ueventd (pid 512)
       52 kB: servicemanager (pid 738)
       48 kB: RootApp (pid 893)
       45 kB: logwrapper (pid 863)
       44 kB: busybox (pid 1633)
       35 kB: keypad (pid 742)
       31 kB: VirtualEvent (pid 1187)
       18 kB: hardwared (pid 740)
       14 kB: dhcpcd (pid 1779)
       12 kB: installd (pid 749)
       10 kB: debuggerd (pid 744)
        6 kB: smobsd (pid 1201)

Total PSS by OOM adjustment:
    17746 kB: Native
                6797 kB: mediaserver (pid 748)
                1920 kB: app_process (pid 1777)
                1754 kB: zygote (pid 746)
                1610 kB: logcat (pid 3627)
                1551 kB: TvServer (pid 900)
                1180 kB: surfaceflinger (pid 745)
                 422 kB: wpa_supplicant (pid 1504)
                 365 kB: sdcard (pid 753)
                 316 kB: /init (pid 1)
                 245 kB: keystore (pid 750)
                 236 kB: netd (pid 743)
                 208 kB: adbd (pid 1440)
                 159 kB: sh (pid 737)
                 123 kB: vold (pid 739)
                 108 kB: healthd (pid 736)
                 106 kB: FileDesc_server (pid 751)
                 103 kB: drmserver (pid 747)
                  79 kB: sh (pid 1675)
                  77 kB: coocaa_guard (pid 752)
                  72 kB: ueventd (pid 512)
                  52 kB: servicemanager (pid 738)
                  48 kB: RootApp (pid 893)
                  45 kB: logwrapper (pid 863)
                  44 kB: busybox (pid 1633)
                  35 kB: keypad (pid 742)
                  31 kB: VirtualEvent (pid 1187)
                  18 kB: hardwared (pid 740)
                  14 kB: dhcpcd (pid 1779)
                  12 kB: installd (pid 749)
                  10 kB: debuggerd (pid 744)
                   6 kB: smobsd (pid 1201)
    15444 kB: System
               15444 kB: system (pid 1349)
     3414 kB: Persistent
                3414 kB: com.dunn.instrument (pid 1580)
   140325 kB: Foreground
               60594 kB: com.tianci.movieplatform (pid 4651 / activities)
               16118 kB: com.tianci.ad (pid 2831)
               13320 kB: com.tianci.de (pid 2583)
               11731 kB: com.coocaa.os.ccosservice (pid 1868)
               11463 kB: com.tianci.system (pid 1589)
                9430 kB: com.tianci.push (pid 1733)
                7753 kB: com.coocaa.sysreport (pid 2463)
                5088 kB: com.coocaa.os.softsettings.provider (pid 2253)
                4828 kB: android.process.media (pid 2764)
    14177 kB: A Services
               14177 kB: com.tianci.movieplatform:daemon (pid 5085)
    63581 kB: B Services
               58101 kB: com.ccos.tv.homepage (pid 2359 / activities)
                5480 kB: com.tianci.ad:adUpgrade (pid 3324)
     8494 kB: Cached
                8494 kB: com.tianci.user (pid 2886)

Total PSS by category:
    70245 kB: Dalvik
    61897 kB: Dalvik Other
    37221 kB: Unknown
    28980 kB: .dex mmap
    27130 kB: .so mmap
    12216 kB: Other dev
    10160 kB: Ashmem
     6880 kB: Native
     4488 kB: Stack
     2575 kB: Other mmap
     1233 kB: .apk mmap
      152 kB: .ttf mmap
        4 kB: Cursor
        0 kB: .jar mmap
        0 kB: code mmap
        0 kB: image mmap
        0 kB: Graphics
        0 kB: GL
        0 kB: Memtrack

Total RAM: 463128 kB
 Free RAM: 82666 kB (8494 cached pss + 70716 cached + 3456 free)
 Used RAM: 278123 kB (254687 used pss + 556 buffers + 428 shmem + 22452 slab)
 Lost RAM: 102339 kB
     ZRAM: 9824 kB physical used for 28732 kB in swap (98300 kB total swap)
   Tuning: 48 (large 128), oom 108462 kB, restore limit 36154 kB (low-ram)
Applications Memory Usage (kB):
Uptime: 267647 Realtime: 267647

Total PSS by process:
    60102 kB: com.tianci.movieplatform (pid 4651 / activities)
    58093 kB: com.ccos.tv.homepage (pid 2359 / activities)
    15505 kB: system (pid 1349)
    15446 kB: com.tianci.ad (pid 2831)
    14119 kB: com.tianci.movieplatform:daemon (pid 5085)
    13199 kB: com.tianci.de (pid 2583)
    11859 kB: com.coocaa.os.ccosservice (pid 1868)
    11458 kB: com.tianci.system (pid 1589)
     9430 kB: com.tianci.push (pid 1733)
     8494 kB: com.tianci.user (pid 2886)
     7753 kB: com.coocaa.sysreport (pid 2463)
     6825 kB: mediaserver (pid 748)
     5480 kB: com.tianci.ad:adUpgrade (pid 3324)
     5044 kB: com.coocaa.os.softsettings.provider (pid 2253)
     4828 kB: android.process.media (pid 2764)
     3414 kB: com.dunn.instrument (pid 1580)
     1916 kB: app_process (pid 1777)
     1754 kB: zygote (pid 746)
     1610 kB: logcat (pid 3627)
     1551 kB: TvServer (pid 900)
     1180 kB: surfaceflinger (pid 745)
      422 kB: wpa_supplicant (pid 1504)
      365 kB: sdcard (pid 753)
      316 kB: /init (pid 1)
      245 kB: keystore (pid 750)
      236 kB: netd (pid 743)
      208 kB: adbd (pid 1440)
      177 kB: dumpsys (pid 5808)
      159 kB: sh (pid 737)
      123 kB: vold (pid 739)
      108 kB: healthd (pid 736)
      106 kB: FileDesc_server (pid 751)
      103 kB: drmserver (pid 747)
       79 kB: sh (pid 1675)
       77 kB: coocaa_guard (pid 752)
       72 kB: ueventd (pid 512)
       52 kB: servicemanager (pid 738)
       48 kB: RootApp (pid 893)
       45 kB: logwrapper (pid 863)
       44 kB: busybox (pid 1633)
       35 kB: keypad (pid 742)
       31 kB: VirtualEvent (pid 1187)
       18 kB: hardwared (pid 740)
       14 kB: dhcpcd (pid 1779)
       12 kB: installd (pid 749)
       10 kB: debuggerd (pid 744)
        6 kB: smobsd (pid 1201)

Total PSS by OOM adjustment:
    17947 kB: Native
                6825 kB: mediaserver (pid 748)
                1916 kB: app_process (pid 1777)
                1754 kB: zygote (pid 746)
                1610 kB: logcat (pid 3627)
                1551 kB: TvServer (pid 900)
                1180 kB: surfaceflinger (pid 745)
                 422 kB: wpa_supplicant (pid 1504)
                 365 kB: sdcard (pid 753)
                 316 kB: /init (pid 1)
                 245 kB: keystore (pid 750)
                 236 kB: netd (pid 743)
                 208 kB: adbd (pid 1440)
                 177 kB: dumpsys (pid 5808)
                 159 kB: sh (pid 737)
                 123 kB: vold (pid 739)
                 108 kB: healthd (pid 736)
                 106 kB: FileDesc_server (pid 751)
                 103 kB: drmserver (pid 747)
                  79 kB: sh (pid 1675)
                  77 kB: coocaa_guard (pid 752)
                  72 kB: ueventd (pid 512)
                  52 kB: servicemanager (pid 738)
                  48 kB: RootApp (pid 893)
                  45 kB: logwrapper (pid 863)
                  44 kB: busybox (pid 1633)
                  35 kB: keypad (pid 742)
                  31 kB: VirtualEvent (pid 1187)
                  18 kB: hardwared (pid 740)
                  14 kB: dhcpcd (pid 1779)
                  12 kB: installd (pid 749)
                  10 kB: debuggerd (pid 744)
                   6 kB: smobsd (pid 1201)
    15505 kB: System
               15505 kB: system (pid 1349)
     3414 kB: Persistent
                3414 kB: com.dunn.instrument (pid 1580)
   139119 kB: Foreground
               60102 kB: com.tianci.movieplatform (pid 4651 / activities)
               15446 kB: com.tianci.ad (pid 2831)
               13199 kB: com.tianci.de (pid 2583)
               11859 kB: com.coocaa.os.ccosservice (pid 1868)
               11458 kB: com.tianci.system (pid 1589)
                9430 kB: com.tianci.push (pid 1733)
                7753 kB: com.coocaa.sysreport (pid 2463)
                5044 kB: com.coocaa.os.softsettings.provider (pid 2253)
                4828 kB: android.process.media (pid 2764)
    14119 kB: A Services
               14119 kB: com.tianci.movieplatform:daemon (pid 5085)
    63573 kB: B Services
               58093 kB: com.ccos.tv.homepage (pid 2359 / activities)
                5480 kB: com.tianci.ad:adUpgrade (pid 3324)
     8494 kB: Cached
                8494 kB: com.tianci.user (pid 2886)

Total PSS by category:
    70317 kB: Dalvik
    61729 kB: Dalvik Other
    37217 kB: Unknown
    27881 kB: .dex mmap
    27258 kB: .so mmap
    12220 kB: Other dev
    10188 kB: Ashmem
     6884 kB: Native
     4492 kB: Stack
     2596 kB: Other mmap
     1233 kB: .apk mmap
      152 kB: .ttf mmap
        4 kB: Cursor
        0 kB: .jar mmap
        0 kB: code mmap
        0 kB: image mmap
        0 kB: Graphics
        0 kB: GL
        0 kB: Memtrack

Total RAM: 463128 kB
 Free RAM: 83214 kB (8494 cached pss + 70440 cached + 4280 free)
 Used RAM: 277145 kB (253677 used pss + 556 buffers + 456 shmem + 22456 slab)
 Lost RAM: 102769 kB
     ZRAM: 9856 kB physical used for 28904 kB in swap (98300 kB total swap)
   Tuning: 48 (large 128), oom 108462 kB, restore limit 36154 kB (low-ram)
Applications Memory Usage (kB):
Uptime: 270521 Realtime: 270522

Total PSS by process:
    61699 kB: com.tianci.movieplatform (pid 4651 / activities)
    58000 kB: com.ccos.tv.homepage (pid 2359 / activities)
    15343 kB: system (pid 1349)
    14301 kB: com.tianci.ad (pid 2831)
    13851 kB: com.tianci.movieplatform:daemon (pid 5085)
    13083 kB: com.tianci.de (pid 2583)
    11837 kB: com.coocaa.os.ccosservice (pid 1868)
    11414 kB: com.tianci.system (pid 1589)
     9417 kB: com.tianci.push (pid 1733)
     8494 kB: com.tianci.user (pid 2886)
     7978 kB: com.coocaa.sysreport (pid 2463)
     6341 kB: mediaserver (pid 748)
     5480 kB: com.tianci.ad:adUpgrade (pid 3324)
     4969 kB: com.coocaa.os.softsettings.provider (pid 2253)
     4828 kB: android.process.media (pid 2764)
     3422 kB: com.dunn.instrument (pid 1580)
     1795 kB: app_process (pid 1777)
     1746 kB: zygote (pid 746)
     1610 kB: logcat (pid 3627)
     1555 kB: TvServer (pid 900)
     1195 kB: surfaceflinger (pid 745)
      422 kB: wpa_supplicant (pid 1504)
      365 kB: sdcard (pid 753)
      316 kB: /init (pid 1)
      245 kB: keystore (pid 750)
      236 kB: netd (pid 743)
      208 kB: adbd (pid 1440)
      159 kB: sh (pid 737)
      123 kB: vold (pid 739)
      108 kB: healthd (pid 736)
      106 kB: FileDesc_server (pid 751)
      103 kB: drmserver (pid 747)
       79 kB: sh (pid 1675)
       77 kB: coocaa_guard (pid 752)
       72 kB: ueventd (pid 512)
       52 kB: servicemanager (pid 738)
       48 kB: RootApp (pid 893)
       45 kB: logwrapper (pid 863)
       44 kB: busybox (pid 1633)
       35 kB: keypad (pid 742)
       31 kB: VirtualEvent (pid 1187)
       18 kB: hardwared (pid 740)
       14 kB: dhcpcd (pid 1779)
       12 kB: installd (pid 749)
       10 kB: debuggerd (pid 744)
        6 kB: smobsd (pid 1201)
        0 kB: dumpsys (pid 5808)

Total PSS by OOM adjustment:
    17176 kB: Native
                6341 kB: mediaserver (pid 748)
                1795 kB: app_process (pid 1777)
                1746 kB: zygote (pid 746)
                1610 kB: logcat (pid 3627)
                1555 kB: TvServer (pid 900)
                1195 kB: surfaceflinger (pid 745)
                 422 kB: wpa_supplicant (pid 1504)
                 365 kB: sdcard (pid 753)
                 316 kB: /init (pid 1)
                 245 kB: keystore (pid 750)
                 236 kB: netd (pid 743)
                 208 kB: adbd (pid 1440)
                 159 kB: sh (pid 737)
                 123 kB: vold (pid 739)
                 108 kB: healthd (pid 736)
                 106 kB: FileDesc_server (pid 751)
                 103 kB: drmserver (pid 747)
                  79 kB: sh (pid 1675)
                  77 kB: coocaa_guard (pid 752)
                  72 kB: ueventd (pid 512)
                  52 kB: servicemanager (pid 738)
                  48 kB: RootApp (pid 893)
                  45 kB: logwrapper (pid 863)
                  44 kB: busybox (pid 1633)
                  35 kB: keypad (pid 742)
                  31 kB: VirtualEvent (pid 1187)
                  18 kB: hardwared (pid 740)
                  14 kB: dhcpcd (pid 1779)
                  12 kB: installd (pid 749)
                  10 kB: debuggerd (pid 744)
                   6 kB: smobsd (pid 1201)
                   0 kB: dumpsys (pid 5808)
    15343 kB: System
               15343 kB: system (pid 1349)
     3422 kB: Persistent
                3422 kB: com.dunn.instrument (pid 1580)
   139526 kB: Foreground
               61699 kB: com.tianci.movieplatform (pid 4651 / activities)
               14301 kB: com.tianci.ad (pid 2831)
               13083 kB: com.tianci.de (pid 2583)
               11837 kB: com.coocaa.os.ccosservice (pid 1868)
               11414 kB: com.tianci.system (pid 1589)
                9417 kB: com.tianci.push (pid 1733)
                7978 kB: com.coocaa.sysreport (pid 2463)
                4969 kB: com.coocaa.os.softsettings.provider (pid 2253)
                4828 kB: android.process.media (pid 2764)
    13851 kB: A Services
               13851 kB: com.tianci.movieplatform:daemon (pid 5085)
    63480 kB: B Services
               58000 kB: com.ccos.tv.homepage (pid 2359 / activities)
                5480 kB: com.tianci.ad:adUpgrade (pid 3324)
     8494 kB: Cached
                8494 kB: com.tianci.user (pid 2886)

Total PSS by category:
    70169 kB: Dalvik
    61992 kB: Dalvik Other
    36321 kB: Unknown
    29034 kB: .dex mmap
    26138 kB: .so mmap
    12384 kB: Other dev
     9928 kB: Ashmem
     6892 kB: Native
     4382 kB: Stack
     2587 kB: Other mmap
     1217 kB: .apk mmap
      244 kB: .ttf mmap
        4 kB: Cursor
        0 kB: .jar mmap
        0 kB: code mmap
        0 kB: image mmap
        0 kB: Graphics
        0 kB: GL
        0 kB: Memtrack

Total RAM: 463128 kB
 Free RAM: 131510 kB (8494 cached pss + 82796 cached + 40220 free)
 Used RAM: 276586 kB (252798 used pss + 948 buffers + 228 shmem + 22612 slab)
 Lost RAM: 55032 kB
     ZRAM: 9920 kB physical used for 29248 kB in swap (98300 kB total swap)
   Tuning: 48 (large 128), oom 108462 kB, restore limit 36154 kB (low-ram)
Applications Memory Usage (kB):
Uptime: 273793 Realtime: 273793

Total PSS by process:
    69879 kB: com.tianci.movieplatform (pid 4651 / activities)
    57999 kB: com.ccos.tv.homepage (pid 2359 / activities)
    15586 kB: system (pid 1349)
    14429 kB: com.tianci.ad (pid 2831)
    13850 kB: com.tianci.movieplatform:daemon (pid 5085)
    13083 kB: com.tianci.de (pid 2583)
    12218 kB: mediaserver (pid 748)
    11841 kB: com.coocaa.os.ccosservice (pid 1868)
    11474 kB: com.tianci.system (pid 1589)
     9417 kB: com.tianci.push (pid 1733)
     8494 kB: com.tianci.user (pid 2886)
     7980 kB: com.coocaa.sysreport (pid 2463)
     5480 kB: com.tianci.ad:adUpgrade (pid 3324)
     4972 kB: com.coocaa.os.softsettings.provider (pid 2253)
     4828 kB: android.process.media (pid 2764)
     3422 kB: com.dunn.instrument (pid 1580)
     1795 kB: app_process (pid 1777)
     1746 kB: zygote (pid 746)
     1610 kB: logcat (pid 3627)
     1555 kB: TvServer (pid 900)
     1195 kB: surfaceflinger (pid 745)
      422 kB: wpa_supplicant (pid 1504)
      365 kB: sdcard (pid 753)
      316 kB: /init (pid 1)
      245 kB: keystore (pid 750)
      235 kB: netd (pid 743)
      208 kB: adbd (pid 1440)
      177 kB: dumpsys (pid 6010)
      159 kB: sh (pid 737)
      123 kB: vold (pid 739)
      108 kB: healthd (pid 736)
      106 kB: FileDesc_server (pid 751)
      103 kB: drmserver (pid 747)
       79 kB: sh (pid 1675)
       77 kB: coocaa_guard (pid 752)
       72 kB: ueventd (pid 512)
       52 kB: servicemanager (pid 738)
       48 kB: RootApp (pid 893)
       45 kB: logwrapper (pid 863)
       44 kB: busybox (pid 1633)
       35 kB: keypad (pid 742)
       31 kB: VirtualEvent (pid 1187)
       18 kB: hardwared (pid 740)
       14 kB: dhcpcd (pid 1779)
       12 kB: installd (pid 749)
       10 kB: debuggerd (pid 744)
        6 kB: smobsd (pid 1201)

Total PSS by OOM adjustment:
    23229 kB: Native
               12218 kB: mediaserver (pid 748)
                1795 kB: app_process (pid 1777)
                1746 kB: zygote (pid 746)
                1610 kB: logcat (pid 3627)
                1555 kB: TvServer (pid 900)
                1195 kB: surfaceflinger (pid 745)
                 422 kB: wpa_supplicant (pid 1504)
                 365 kB: sdcard (pid 753)
                 316 kB: /init (pid 1)
                 245 kB: keystore (pid 750)
                 235 kB: netd (pid 743)
                 208 kB: adbd (pid 1440)
                 177 kB: dumpsys (pid 6010)
                 159 kB: sh (pid 737)
                 123 kB: vold (pid 739)
                 108 kB: healthd (pid 736)
                 106 kB: FileDesc_server (pid 751)
                 103 kB: drmserver (pid 747)
                  79 kB: sh (pid 1675)
                  77 kB: coocaa_guard (pid 752)
                  72 kB: ueventd (pid 512)
                  52 kB: servicemanager (pid 738)
                  48 kB: RootApp (pid 893)
                  45 kB: logwrapper (pid 863)
                  44 kB: busybox (pid 1633)
                  35 kB: keypad (pid 742)
                  31 kB: VirtualEvent (pid 1187)
                  18 kB: hardwared (pid 740)
                  14 kB: dhcpcd (pid 1779)
                  12 kB: installd (pid 749)
                  10 kB: debuggerd (pid 744)
                   6 kB: smobsd (pid 1201)
    15586 kB: System
               15586 kB: system (pid 1349)
     3422 kB: Persistent
                3422 kB: com.dunn.instrument (pid 1580)
   147903 kB: Foreground
               69879 kB: com.tianci.movieplatform (pid 4651 / activities)
               14429 kB: com.tianci.ad (pid 2831)
               13083 kB: com.tianci.de (pid 2583)
               11841 kB: com.coocaa.os.ccosservice (pid 1868)
               11474 kB: com.tianci.system (pid 1589)
                9417 kB: com.tianci.push (pid 1733)
                7980 kB: com.coocaa.sysreport (pid 2463)
                4972 kB: com.coocaa.os.softsettings.provider (pid 2253)
                4828 kB: android.process.media (pid 2764)
    13850 kB: A Services
               13850 kB: com.tianci.movieplatform:daemon (pid 5085)
    63479 kB: B Services
               57999 kB: com.ccos.tv.homepage (pid 2359 / activities)
                5480 kB: com.tianci.ad:adUpgrade (pid 3324)
     8494 kB: Cached
                8494 kB: com.tianci.user (pid 2886)

Total PSS by category:
    71481 kB: Dalvik
    62460 kB: Dalvik Other
    44425 kB: Unknown
    30378 kB: .dex mmap
    28634 kB: .so mmap
    12396 kB: Other dev
     9928 kB: Ashmem
     7204 kB: Native
     4940 kB: Stack
     2652 kB: Other mmap
     1217 kB: .apk mmap
      244 kB: .ttf mmap
        4 kB: Cursor
        0 kB: .jar mmap
        0 kB: code mmap
        0 kB: image mmap
        0 kB: Graphics
        0 kB: GL
        0 kB: Memtrack

Total RAM: 463128 kB
 Free RAM: 118774 kB (8494 cached pss + 90668 cached + 19612 free)
 Used RAM: 291601 kB (267469 used pss + 1180 buffers + 268 shmem + 22684 slab)
 Lost RAM: 52753 kB
     ZRAM: 9620 kB physical used for 28932 kB in swap (98300 kB total swap)
   Tuning: 48 (large 128), oom 108462 kB, restore limit 36154 kB (low-ram)
Applications Memory Usage (kB):
Uptime: 277095 Realtime: 277095

Total PSS by process:
    66179 kB: com.tianci.movieplatform (pid 4651 / activities)
    56575 kB: com.ccos.tv.homepage (pid 2359 / activities)
    15003 kB: system (pid 1349)
    13610 kB: com.tianci.movieplatform:daemon (pid 5085)
    13359 kB: com.tianci.ad (pid 2831)
    11756 kB: com.coocaa.os.ccosservice (pid 1868)
    11130 kB: com.tianci.system (pid 1589)
    10616 kB: com.tianci.de (pid 2583)
     9314 kB: com.tianci.push (pid 1733)
     8479 kB: mediaserver (pid 748)
     8355 kB: com.tianci.user (pid 2886)
     7513 kB: com.coocaa.sysreport (pid 2463)
     5385 kB: com.tianci.ad:adUpgrade (pid 3324)
     4511 kB: android.process.media (pid 2764)
     4342 kB: com.coocaa.os.softsettings.provider (pid 2253)
     3242 kB: com.dunn.instrument (pid 1580)
     1671 kB: app_process (pid 1777)
     1654 kB: zygote (pid 746)
     1610 kB: logcat (pid 3627)
     1463 kB: TvServer (pid 900)
      967 kB: surfaceflinger (pid 745)
      422 kB: wpa_supplicant (pid 1504)
      365 kB: sdcard (pid 753)
      245 kB: keystore (pid 750)
      240 kB: /init (pid 1)
      235 kB: netd (pid 743)
      208 kB: adbd (pid 1440)
      153 kB: sh (pid 737)
      123 kB: vold (pid 739)
      108 kB: healthd (pid 736)
      106 kB: FileDesc_server (pid 751)
       96 kB: drmserver (pid 747)
       77 kB: coocaa_guard (pid 752)
       73 kB: sh (pid 1675)
       72 kB: ueventd (pid 512)
       52 kB: servicemanager (pid 738)
       48 kB: RootApp (pid 893)
       45 kB: logwrapper (pid 863)
       40 kB: busybox (pid 1633)
       35 kB: keypad (pid 742)
       31 kB: VirtualEvent (pid 1187)
       18 kB: hardwared (pid 740)
       14 kB: dhcpcd (pid 1779)
       12 kB: installd (pid 749)
       10 kB: debuggerd (pid 744)
        6 kB: smobsd (pid 1201)
        0 kB: dumpsys (pid 6010)

Total PSS by OOM adjustment:
    18678 kB: Native
                8479 kB: mediaserver (pid 748)
                1671 kB: app_process (pid 1777)
                1654 kB: zygote (pid 746)
                1610 kB: logcat (pid 3627)
                1463 kB: TvServer (pid 900)
                 967 kB: surfaceflinger (pid 745)
                 422 kB: wpa_supplicant (pid 1504)
                 365 kB: sdcard (pid 753)
                 245 kB: keystore (pid 750)
                 240 kB: /init (pid 1)
                 235 kB: netd (pid 743)
                 208 kB: adbd (pid 1440)
                 153 kB: sh (pid 737)
                 123 kB: vold (pid 739)
                 108 kB: healthd (pid 736)
                 106 kB: FileDesc_server (pid 751)
                  96 kB: drmserver (pid 747)
                  77 kB: coocaa_guard (pid 752)
                  73 kB: sh (pid 1675)
                  72 kB: ueventd (pid 512)
                  52 kB: servicemanager (pid 738)
                  48 kB: RootApp (pid 893)
                  45 kB: logwrapper (pid 863)
                  40 kB: busybox (pid 1633)
                  35 kB: keypad (pid 742)
                  31 kB: VirtualEvent (pid 1187)
                  18 kB: hardwared (pid 740)
                  14 kB: dhcpcd (pid 1779)
                  12 kB: installd (pid 749)
                  10 kB: debuggerd (pid 744)
                   6 kB: smobsd (pid 1201)
                   0 kB: dumpsys (pid 6010)
    15003 kB: System
               15003 kB: system (pid 1349)
     3242 kB: Persistent
                3242 kB: com.dunn.instrument (pid 1580)
   138720 kB: Foreground
               66179 kB: com.tianci.movieplatform (pid 4651 / activities)
               13359 kB: com.tianci.ad (pid 2831)
               11756 kB: com.coocaa.os.ccosservice (pid 1868)
               11130 kB: com.tianci.system (pid 1589)
               10616 kB: com.tianci.de (pid 2583)
                9314 kB: com.tianci.push (pid 1733)
                7513 kB: com.coocaa.sysreport (pid 2463)
                4511 kB: android.process.media (pid 2764)
                4342 kB: com.coocaa.os.softsettings.provider (pid 2253)
    13610 kB: A Services
               13610 kB: com.tianci.movieplatform:daemon (pid 5085)
    61960 kB: B Services
               56575 kB: com.ccos.tv.homepage (pid 2359 / activities)
                5385 kB: com.tianci.ad:adUpgrade (pid 3324)
     8355 kB: Cached
                8355 kB: com.tianci.user (pid 2886)

Total PSS by category:
    71212 kB: Dalvik
    60021 kB: Dalvik Other
    43347 kB: Unknown
    24821 kB: .dex mmap
    23317 kB: .so mmap
    12316 kB: Other dev
     8318 kB: Ashmem
     8124 kB: Native
     4814 kB: Stack
     2429 kB: Other mmap
      701 kB: .apk mmap
      148 kB: .ttf mmap
        0 kB: Cursor
        0 kB: .jar mmap
        0 kB: code mmap
        0 kB: image mmap
        0 kB: Graphics
        0 kB: GL
        0 kB: Memtrack

Total RAM: 463128 kB
 Free RAM: 69591 kB (8355 cached pss + 56796 cached + 4440 free)
 Used RAM: 274709 kB (251213 used pss + 540 buffers + 248 shmem + 22708 slab)
 Lost RAM: 118828 kB
     ZRAM: 11112 kB physical used for 33708 kB in swap (98300 kB total swap)
   Tuning: 48 (large 128), oom 108462 kB, restore limit 36154 kB (low-ram)
Applications Memory Usage (kB):
Uptime: 280514 Realtime: 280514

Total PSS by process:
    68525 kB: com.tianci.movieplatform (pid 4651 / activities)
    56261 kB: com.ccos.tv.homepage (pid 2359 / activities)
    14407 kB: system (pid 1349)
    13201 kB: com.tianci.movieplatform:daemon (pid 5085)
    12714 kB: com.tianci.ad (pid 2831)
    11175 kB: com.coocaa.os.ccosservice (pid 1868)
    11088 kB: com.tianci.system (pid 1589)
    10135 kB: com.tianci.de (pid 2583)
     9037 kB: com.tianci.push (pid 1733)
     8954 kB: com.tianci.user (pid 2886)
     8899 kB: mediaserver (pid 748)
     7376 kB: com.coocaa.sysreport (pid 2463)
     5343 kB: com.tianci.ad:adUpgrade (pid 3324)
     4253 kB: com.coocaa.os.softsettings.provider (pid 2253)
     3113 kB: com.dunn.instrument (pid 1580)
     2195 kB: android.process.media (pid 2764)
     1610 kB: logcat (pid 3627)
     1512 kB: app_process (pid 1777)
     1482 kB: zygote (pid 746)
     1431 kB: TvServer (pid 900)
      958 kB: surfaceflinger (pid 745)
      421 kB: wpa_supplicant (pid 1504)
      365 kB: sdcard (pid 753)
      240 kB: /init (pid 1)
      236 kB: netd (pid 743)
      208 kB: adbd (pid 1440)
      205 kB: keystore (pid 750)
      177 kB: dumpsys (pid 6180)
      130 kB: sh (pid 737)
      121 kB: vold (pid 739)
      108 kB: healthd (pid 736)
       97 kB: FileDesc_server (pid 751)
       77 kB: coocaa_guard (pid 752)
       76 kB: drmserver (pid 747)
       72 kB: ueventd (pid 512)
       72 kB: sh (pid 1675)
       52 kB: servicemanager (pid 738)
       48 kB: RootApp (pid 893)
       45 kB: logwrapper (pid 863)
       40 kB: busybox (pid 1633)
       35 kB: keypad (pid 742)
       31 kB: VirtualEvent (pid 1187)
       18 kB: hardwared (pid 740)
       14 kB: dhcpcd (pid 1779)
       12 kB: installd (pid 749)
        9 kB: debuggerd (pid 744)
        6 kB: smobsd (pid 1201)
        0 kB: ping (pid 6170)

Total PSS by OOM adjustment:
    18807 kB: Native
                8899 kB: mediaserver (pid 748)
                1610 kB: logcat (pid 3627)
                1512 kB: app_process (pid 1777)
                1482 kB: zygote (pid 746)
                1431 kB: TvServer (pid 900)
                 958 kB: surfaceflinger (pid 745)
                 421 kB: wpa_supplicant (pid 1504)
                 365 kB: sdcard (pid 753)
                 240 kB: /init (pid 1)
                 236 kB: netd (pid 743)
                 208 kB: adbd (pid 1440)
                 205 kB: keystore (pid 750)
                 177 kB: dumpsys (pid 6180)
                 130 kB: sh (pid 737)
                 121 kB: vold (pid 739)
                 108 kB: healthd (pid 736)
                  97 kB: FileDesc_server (pid 751)
                  77 kB: coocaa_guard (pid 752)
                  76 kB: drmserver (pid 747)
                  72 kB: ueventd (pid 512)
                  72 kB: sh (pid 1675)
                  52 kB: servicemanager (pid 738)
                  48 kB: RootApp (pid 893)
                  45 kB: logwrapper (pid 863)
                  40 kB: busybox (pid 1633)
                  35 kB: keypad (pid 742)
                  31 kB: VirtualEvent (pid 1187)
                  18 kB: hardwared (pid 740)
                  14 kB: dhcpcd (pid 1779)
                  12 kB: installd (pid 749)
                   9 kB: debuggerd (pid 744)
                   6 kB: smobsd (pid 1201)
                   0 kB: ping (pid 6170)
    14407 kB: System
               14407 kB: system (pid 1349)
     3113 kB: Persistent
                3113 kB: com.dunn.instrument (pid 1580)
   136498 kB: Foreground
               68525 kB: com.tianci.movieplatform (pid 4651 / activities)
               12714 kB: com.tianci.ad (pid 2831)
               11175 kB: com.coocaa.os.ccosservice (pid 1868)
               11088 kB: com.tianci.system (pid 1589)
               10135 kB: com.tianci.de (pid 2583)
                9037 kB: com.tianci.push (pid 1733)
                7376 kB: com.coocaa.sysreport (pid 2463)
                4253 kB: com.coocaa.os.softsettings.provider (pid 2253)
                2195 kB: android.process.media (pid 2764)
    13201 kB: A Services
               13201 kB: com.tianci.movieplatform:daemon (pid 5085)
    61604 kB: B Services
               56261 kB: com.ccos.tv.homepage (pid 2359 / activities)
                5343 kB: com.tianci.ad:adUpgrade (pid 3324)
     8954 kB: Cached
                8954 kB: com.tianci.user (pid 2886)

Total PSS by category:
    70295 kB: Dalvik
    58747 kB: Dalvik Other
    43629 kB: Unknown
    23106 kB: .dex mmap
    22609 kB: .so mmap
    12328 kB: Other dev
    10124 kB: Ashmem
     8128 kB: Native
     4748 kB: Stack
     2392 kB: Other mmap
      298 kB: .apk mmap
      180 kB: .ttf mmap
        0 kB: Cursor
        0 kB: .jar mmap
        0 kB: code mmap
        0 kB: image mmap
        0 kB: Graphics
        0 kB: GL
        0 kB: Memtrack

Total RAM: 463128 kB
 Free RAM: 69854 kB (8954 cached pss + 51188 cached + 9712 free)
 Used RAM: 271158 kB (247630 used pss + 520 buffers + 256 shmem + 22752 slab)
 Lost RAM: 122116 kB
     ZRAM: 12552 kB physical used for 37532 kB in swap (98300 kB total swap)
   Tuning: 48 (large 128), oom 108462 kB, restore limit 36154 kB (low-ram)
Applications Memory Usage (kB):
Uptime: 284245 Realtime: 284245

Total PSS by process:
    73056 kB: com.tianci.movieplatform (pid 4651 / activities)
    56009 kB: com.ccos.tv.homepage (pid 2359 / activities)
    14620 kB: system (pid 1349)
    13225 kB: com.tianci.movieplatform:daemon (pid 5085)
    12687 kB: com.tianci.ad (pid 2831)
    11175 kB: com.coocaa.os.ccosservice (pid 1868)
    11085 kB: com.tianci.system (pid 1589)
    10135 kB: com.tianci.de (pid 2583)
     9042 kB: com.tianci.push (pid 1733)
     8897 kB: mediaserver (pid 748)
     8310 kB: com.tianci.user (pid 2886)
     7392 kB: com.coocaa.sysreport (pid 2463)
     5354 kB: com.tianci.ad:adUpgrade (pid 3324)
     4226 kB: com.coocaa.os.softsettings.provider (pid 2253)
     3148 kB: com.dunn.instrument (pid 1580)
     2195 kB: android.process.media (pid 2764)
     1610 kB: logcat (pid 3627)
     1568 kB: app_process (pid 1777)
     1564 kB: zygote (pid 746)
     1417 kB: TvServer (pid 900)
      980 kB: surfaceflinger (pid 745)
      426 kB: wpa_supplicant (pid 1504)
      366 kB: sdcard (pid 753)
      241 kB: netd (pid 743)
      240 kB: /init (pid 1)
      210 kB: keystore (pid 750)
      208 kB: adbd (pid 1440)
      153 kB: sh (pid 737)
      124 kB: vold (pid 739)
      108 kB: healthd (pid 736)
      100 kB: FileDesc_server (pid 751)
       81 kB: drmserver (pid 747)
       78 kB: coocaa_guard (pid 752)
       73 kB: sh (pid 1675)
       72 kB: ueventd (pid 512)
       52 kB: servicemanager (pid 738)
       48 kB: RootApp (pid 893)
       45 kB: logwrapper (pid 863)
       40 kB: busybox (pid 1633)
       37 kB: keypad (pid 742)
       32 kB: VirtualEvent (pid 1187)
       18 kB: hardwared (pid 740)
       15 kB: dhcpcd (pid 1779)
       12 kB: installd (pid 749)
       10 kB: debuggerd (pid 744)
        7 kB: smobsd (pid 1201)
        0 kB: ping (pid 6170)
        0 kB: dumpsys (pid 6180)

Total PSS by OOM adjustment:
    18832 kB: Native
                8897 kB: mediaserver (pid 748)
                1610 kB: logcat (pid 3627)
                1568 kB: app_process (pid 1777)
                1564 kB: zygote (pid 746)
                1417 kB: TvServer (pid 900)
                 980 kB: surfaceflinger (pid 745)
                 426 kB: wpa_supplicant (pid 1504)
                 366 kB: sdcard (pid 753)
                 241 kB: netd (pid 743)
                 240 kB: /init (pid 1)
                 210 kB: keystore (pid 750)
                 208 kB: adbd (pid 1440)
                 153 kB: sh (pid 737)
                 124 kB: vold (pid 739)
                 108 kB: healthd (pid 736)
                 100 kB: FileDesc_server (pid 751)
                  81 kB: drmserver (pid 747)
                  78 kB: coocaa_guard (pid 752)
                  73 kB: sh (pid 1675)
                  72 kB: ueventd (pid 512)
                  52 kB: servicemanager (pid 738)
                  48 kB: RootApp (pid 893)
                  45 kB: logwrapper (pid 863)
                  40 kB: busybox (pid 1633)
                  37 kB: keypad (pid 742)
                  32 kB: VirtualEvent (pid 1187)
                  18 kB: hardwared (pid 740)
                  15 kB: dhcpcd (pid 1779)
                  12 kB: installd (pid 749)
                  10 kB: debuggerd (pid 744)
                   7 kB: smobsd (pid 1201)
                   0 kB: ping (pid 6170)
                   0 kB: dumpsys (pid 6180)
    14620 kB: System
               14620 kB: system (pid 1349)
     3148 kB: Persistent
                3148 kB: com.dunn.instrument (pid 1580)
   140993 kB: Foreground
               73056 kB: com.tianci.movieplatform (pid 4651 / activities)
               12687 kB: com.tianci.ad (pid 2831)
               11175 kB: com.coocaa.os.ccosservice (pid 1868)
               11085 kB: com.tianci.system (pid 1589)
               10135 kB: com.tianci.de (pid 2583)
                9042 kB: com.tianci.push (pid 1733)
                7392 kB: com.coocaa.sysreport (pid 2463)
                4226 kB: com.coocaa.os.softsettings.provider (pid 2253)
                2195 kB: android.process.media (pid 2764)
    13225 kB: A Services
               13225 kB: com.tianci.movieplatform:daemon (pid 5085)
    61363 kB: B Services
               56009 kB: com.ccos.tv.homepage (pid 2359 / activities)
                5354 kB: com.tianci.ad:adUpgrade (pid 3324)
     8310 kB: Cached
                8310 kB: com.tianci.user (pid 2886)

Total PSS by category:
    70715 kB: Dalvik
    58367 kB: Dalvik Other
    45898 kB: Unknown
    23291 kB: .dex mmap
    22500 kB: .so mmap
    13255 kB: Other dev
    10716 kB: Ashmem
     8124 kB: Native
     4656 kB: Stack
     2352 kB: Other mmap
      437 kB: .apk mmap
      180 kB: .ttf mmap
        0 kB: Cursor
        0 kB: .jar mmap
        0 kB: code mmap
        0 kB: image mmap
        0 kB: Graphics
        0 kB: GL
        0 kB: Memtrack

Total RAM: 463128 kB
 Free RAM: 138058 kB (8310 cached pss + 46848 cached + 82900 free)
 Used RAM: 275681 kB (252181 used pss + 508 buffers + 256 shmem + 22736 slab)
 Lost RAM: 49389 kB
     ZRAM: 11688 kB physical used for 30972 kB in swap (98300 kB total swap)
   Tuning: 48 (large 128), oom 108462 kB, restore limit 36154 kB (low-ram)
Applications Memory Usage (kB):
Uptime: 287394 Realtime: 287394

Total PSS by process:
    73079 kB: com.tianci.movieplatform (pid 4651 / activities)
    15265 kB: system (pid 1349)
    13327 kB: com.tianci.movieplatform:daemon (pid 5085)
    12757 kB: com.tianci.ad (pid 2831)
    11815 kB: com.tianci.system (pid 1589)
    11422 kB: com.coocaa.os.ccosservice (pid 1868)
     9888 kB: com.tianci.de (pid 2583)
     9136 kB: com.tianci.push (pid 1733)
     8917 kB: mediaserver (pid 748)
     7497 kB: com.coocaa.sysreport (pid 2463)
     5424 kB: com.tianci.ad:adUpgrade (pid 3324)
     4353 kB: com.coocaa.os.softsettings.provider (pid 2253)
     3172 kB: com.dunn.instrument (pid 1580)
     2275 kB: android.process.media (pid 2764)
     1610 kB: logcat (pid 3627)
     1568 kB: app_process (pid 1777)
     1565 kB: zygote (pid 746)
     1417 kB: TvServer (pid 900)
      976 kB: surfaceflinger (pid 745)
      426 kB: wpa_supplicant (pid 1504)
      366 kB: sdcard (pid 753)
      243 kB: netd (pid 743)
      240 kB: /init (pid 1)
      210 kB: keystore (pid 750)
      208 kB: adbd (pid 1440)
      177 kB: dumpsys (pid 6354)
      153 kB: sh (pid 737)
      126 kB: vold (pid 739)
      108 kB: healthd (pid 736)
      100 kB: FileDesc_server (pid 751)
       81 kB: drmserver (pid 747)
       78 kB: coocaa_guard (pid 752)
       73 kB: sh (pid 1675)
       72 kB: ueventd (pid 512)
       53 kB: servicemanager (pid 738)
       48 kB: RootApp (pid 893)
       45 kB: logwrapper (pid 863)
       40 kB: busybox (pid 1633)
       37 kB: keypad (pid 742)
       32 kB: VirtualEvent (pid 1187)
       19 kB: hardwared (pid 740)
       14 kB: dhcpcd (pid 1779)
       12 kB: installd (pid 749)
       10 kB: debuggerd (pid 744)
        7 kB: smobsd (pid 1201)

Total PSS by OOM adjustment:
    19031 kB: Native
                8917 kB: mediaserver (pid 748)
                1610 kB: logcat (pid 3627)
                1568 kB: app_process (pid 1777)
