Applications Memory Usage (kB):
Uptime: 1001340 Realtime: 1001340

Total PSS by process:
   106785 kB: com.ccos.tv.homepage (pid 13233 / activities)
    69447 kB: com.tianci.movieplatform (pid 2896)
    19088 kB: system (pid 1347)
    12904 kB: com.tianci.movieplatform:daemon (pid 4955)
    12513 kB: mediaserver (pid 746)
    11729 kB: com.coocaa.os.ccosservice (pid 2474)
    11271 kB: com.tianci.system (pid 1595)
    10725 kB: com.tianci.de (pid 2849)
     7983 kB: com.tianci.user (pid 3901)
     7977 kB: com.coocaa.sysreport (pid 3951)
     7899 kB: com.tianci.push (pid 1736)
     4821 kB: com.coocaa.messageprovider (pid 13488)
     3221 kB: com.coocaa.os.softsettings.provider (pid 1876)
     3210 kB: com.skyworth.android.skyRMService (pid 1584)
     2925 kB: com.dunn.instrument (pid 1575)
     1229 kB: zygote (pid 743)
      958 kB: android.process.media (pid 3037)
      942 kB: surfaceflinger (pid 742)
      914 kB: TvServer (pid 1149)
      833 kB: logcat (pid 2014)
      659 kB: app_process (pid 1775)
      419 kB: wpa_supplicant (pid 1503)
      369 kB: sdcard (pid 756)
      277 kB: dumpsys (pid 13663)
      256 kB: netd (pid 740)
      239 kB: /init (pid 1)
      204 kB: adbd (pid 1439)
      182 kB: keystore (pid 748)
      176 kB: sh (pid 734)
      121 kB: vold (pid 736)
      114 kB: FileDesc_server (pid 749)
      108 kB: healthd (pid 733)
       77 kB: coocaa_guard (pid 752)
       72 kB: ueventd (pid 512)
       52 kB: servicemanager (pid 735)
       48 kB: RootApp (pid 1130)
       46 kB: drmserver (pid 745)
       45 kB: logwrapper (pid 1126)
       40 kB: busybox (pid 1636)
       36 kB: keypad (pid 739)
       30 kB: VirtualEvent (pid 1246)
       26 kB: hardwared (pid 737)
       16 kB: sh (pid 1682)
       10 kB: dhcpcd (pid 1846)
        9 kB: installd (pid 747)
        8 kB: debuggerd (pid 741)
        6 kB: smobsd (pid 1249)

Total PSS by OOM adjustment:
    20076 kB: Native
               12513 kB: mediaserver (pid 746)
                1229 kB: zygote (pid 743)
                 942 kB: surfaceflinger (pid 742)
                 914 kB: TvServer (pid 1149)
                 833 kB: logcat (pid 2014)
                 659 kB: app_process (pid 1775)
                 419 kB: wpa_supplicant (pid 1503)
                 369 kB: sdcard (pid 756)
                 277 kB: dumpsys (pid 13663)
                 256 kB: netd (pid 740)
                 239 kB: /init (pid 1)
                 204 kB: adbd (pid 1439)
                 182 kB: keystore (pid 748)
                 176 kB: sh (pid 734)
                 121 kB: vold (pid 736)
                 114 kB: FileDesc_server (pid 749)
                 108 kB: healthd (pid 733)
                  77 kB: coocaa_guard (pid 752)
                  72 kB: ueventd (pid 512)
                  52 kB: servicemanager (pid 735)
                  48 kB: RootApp (pid 1130)
                  46 kB: drmserver (pid 745)
                  45 kB: logwrapper (pid 1126)
                  40 kB: busybox (pid 1636)
                  36 kB: keypad (pid 739)
                  30 kB: VirtualEvent (pid 1246)
                  26 kB: hardwared (pid 737)
                  16 kB: sh (pid 1682)
                  10 kB: dhcpcd (pid 1846)
                   9 kB: installd (pid 747)
                   8 kB: debuggerd (pid 741)
                   6 kB: smobsd (pid 1249)
    19088 kB: System
               19088 kB: system (pid 1347)
     6135 kB: Persistent
                3210 kB: com.skyworth.android.skyRMService (pid 1584)
                2925 kB: com.dunn.instrument (pid 1575)
   140859 kB: Foreground
              106785 kB: com.ccos.tv.homepage (pid 13233 / activities)
               11271 kB: com.tianci.system (pid 1595)
               10725 kB: com.tianci.de (pid 2849)
                7899 kB: com.tianci.push (pid 1736)
                3221 kB: com.coocaa.os.softsettings.provider (pid 1876)
                 958 kB: android.process.media (pid 3037)
    81176 kB: Visible
               69447 kB: com.tianci.movieplatform (pid 2896)
               11729 kB: com.coocaa.os.ccosservice (pid 2474)
    12904 kB: A Services
               12904 kB: com.tianci.movieplatform:daemon (pid 4955)
     7977 kB: B Services
                7977 kB: com.coocaa.sysreport (pid 3951)
    12804 kB: Cached
                7983 kB: com.tianci.user (pid 3901)
                4821 kB: com.coocaa.messageprovider (pid 13488)

Total PSS by category:
    69687 kB: Dalvik
    60768 kB: Unknown
    54144 kB: Dalvik Other
    26790 kB: Other dev
    26629 kB: .dex mmap
    24472 kB: Ashmem
    18424 kB: .so mmap
    12236 kB: Native
     4240 kB: Stack
     1805 kB: Other mmap
     1045 kB: .apk mmap
      779 kB: .ttf mmap
        0 kB: Cursor
        0 kB: .jar mmap
        0 kB: code mmap
        0 kB: image mmap
        0 kB: Graphics
        0 kB: GL
        0 kB: Memtrack

Total RAM: 463128 kB
 Free RAM: 91896 kB (12804 cached pss + 51332 cached + 27760 free)
 Used RAM: 310975 kB (288215 used pss + 476 buffers + 80 shmem + 22204 slab)
 Lost RAM: 60257 kB
     ZRAM: 13096 kB physical used for 40132 kB in swap (98300 kB total swap)
   Tuning: 48 (large 128), oom 108462 kB, restore limit 36154 kB (low-ram)
Applications Memory Usage (kB):
Uptime: 1004263 Realtime: 1004263

Total PSS by process:
   104757 kB: com.ccos.tv.homepage (pid 13233 / activities)
    67966 kB: com.tianci.movieplatform (pid 2896)
    19398 kB: system (pid 1347)
    12513 kB: mediaserver (pid 746)
    12458 kB: com.tianci.movieplatform:daemon (pid 4955)
    11297 kB: com.coocaa.os.ccosservice (pid 2474)
    11247 kB: com.tianci.system (pid 1595)
    10630 kB: com.tianci.de (pid 2849)
     7865 kB: com.tianci.push (pid 1736)
     7764 kB: com.tianci.user (pid 3901)
     7396 kB: com.coocaa.sysreport (pid 3951)
     4538 kB: com.coocaa.messageprovider (pid 13488)
     3196 kB: com.skyworth.android.skyRMService (pid 1584)
     3157 kB: com.coocaa.os.softsettings.provider (pid 1876)
     2921 kB: com.dunn.instrument (pid 1575)
     1229 kB: zygote (pid 743)
      942 kB: android.process.media (pid 3037)
      942 kB: surfaceflinger (pid 742)
      938 kB: TvServer (pid 1149)
      833 kB: logcat (pid 2014)
      659 kB: app_process (pid 1775)
      419 kB: wpa_supplicant (pid 1503)
      369 kB: sdcard (pid 756)
      256 kB: netd (pid 740)
      239 kB: /init (pid 1)
      204 kB: adbd (pid 1439)
      182 kB: keystore (pid 748)
      176 kB: sh (pid 734)
      121 kB: vold (pid 736)
      114 kB: FileDesc_server (pid 749)
      108 kB: healthd (pid 733)
       77 kB: coocaa_guard (pid 752)
       72 kB: ueventd (pid 512)
       52 kB: servicemanager (pid 735)
       48 kB: RootApp (pid 1130)
       46 kB: drmserver (pid 745)
       45 kB: logwrapper (pid 1126)
       40 kB: busybox (pid 1636)
       36 kB: keypad (pid 739)
       30 kB: VirtualEvent (pid 1246)
       26 kB: hardwared (pid 737)
       16 kB: sh (pid 1682)
       10 kB: dhcpcd (pid 1846)
        9 kB: installd (pid 747)
        8 kB: debuggerd (pid 741)
        6 kB: smobsd (pid 1249)
        0 kB: dumpsys (pid 13663)

Total PSS by OOM adjustment:
    19823 kB: Native
               12513 kB: mediaserver (pid 746)
                1229 kB: zygote (pid 743)
                 942 kB: surfaceflinger (pid 742)
                 938 kB: TvServer (pid 1149)
                 833 kB: logcat (pid 2014)
                 659 kB: app_process (pid 1775)
                 419 kB: wpa_supplicant (pid 1503)
                 369 kB: sdcard (pid 756)
                 256 kB: netd (pid 740)
                 239 kB: /init (pid 1)
                 204 kB: adbd (pid 1439)
                 182 kB: keystore (pid 748)
                 176 kB: sh (pid 734)
                 121 kB: vold (pid 736)
                 114 kB: FileDesc_server (pid 749)
                 108 kB: healthd (pid 733)
                  77 kB: coocaa_guard (pid 752)
                  72 kB: ueventd (pid 512)
                  52 kB: servicemanager (pid 735)
                  48 kB: RootApp (pid 1130)
                  46 kB: drmserver (pid 745)
                  45 kB: logwrapper (pid 1126)
                  40 kB: busybox (pid 1636)
                  36 kB: keypad (pid 739)
                  30 kB: VirtualEvent (pid 1246)
                  26 kB: hardwared (pid 737)
                  16 kB: sh (pid 1682)
                  10 kB: dhcpcd (pid 1846)
                   9 kB: installd (pid 747)
                   8 kB: debuggerd (pid 741)
                   6 kB: smobsd (pid 1249)
                   0 kB: dumpsys (pid 13663)
    19398 kB: System
               19398 kB: system (pid 1347)
     6117 kB: Persistent
                3196 kB: com.skyworth.android.skyRMService (pid 1584)
                2921 kB: com.dunn.instrument (pid 1575)
   138598 kB: Foreground
              104757 kB: com.ccos.tv.homepage (pid 13233 / activities)
               11247 kB: com.tianci.system (pid 1595)
               10630 kB: com.tianci.de (pid 2849)
                7865 kB: com.tianci.push (pid 1736)
                3157 kB: com.coocaa.os.softsettings.provider (pid 1876)
                 942 kB: android.process.media (pid 3037)
    79263 kB: Visible
               67966 kB: com.tianci.movieplatform (pid 2896)
               11297 kB: com.coocaa.os.ccosservice (pid 2474)
    12458 kB: A Services
               12458 kB: com.tianci.movieplatform:daemon (pid 4955)
     7396 kB: B Services
                7396 kB: com.coocaa.sysreport (pid 3951)
    12302 kB: Cached
                7764 kB: com.tianci.user (pid 3901)
                4538 kB: com.coocaa.messageprovider (pid 13488)

Total PSS by category:
    70955 kB: Dalvik
    61020 kB: Unknown
    54859 kB: Dalvik Other
    26000 kB: .dex mmap
    24472 kB: Ashmem
    20362 kB: Other dev
    17795 kB: .so mmap
    12232 kB: Native
     4164 kB: Stack
     1719 kB: Other mmap
     1056 kB: .apk mmap
      721 kB: .ttf mmap
        0 kB: Cursor
        0 kB: .jar mmap
        0 kB: code mmap
        0 kB: image mmap
        0 kB: Graphics
        0 kB: GL
        0 kB: Memtrack

Total RAM: 463128 kB
 Free RAM: 95350 kB (12302 cached pss + 65088 cached + 17960 free)
 Used RAM: 306013 kB (283053 used pss + 600 buffers + 80 shmem + 22280 slab)
 Lost RAM: 61765 kB
     ZRAM: 13096 kB physical used for 40144 kB in swap (98300 kB total swap)
   Tuning: 48 (large 128), oom 108462 kB, restore limit 36154 kB (low-ram)
Applications Memory Usage (kB):
Uptime: 1007466 Realtime: 1007466

Total PSS by process:
   102285 kB: com.ccos.tv.homepage (pid 13233 / activities)
    67608 kB: com.tianci.movieplatform (pid 2896)
    19672 kB: system (pid 1347)
    12446 kB: com.tianci.movieplatform:daemon (pid 4955)
    12248 kB: mediaserver (pid 746)
    11611 kB: com.coocaa.os.ccosservice (pid 2474)
    11512 kB: com.tianci.system (pid 1595)
    10615 kB: com.tianci.de (pid 2849)
     7832 kB: com.tianci.push (pid 1736)
     7675 kB: com.tianci.user (pid 3901)
     7377 kB: com.coocaa.sysreport (pid 3951)
     4472 kB: com.coocaa.messageprovider (pid 13488)
     3196 kB: com.skyworth.android.skyRMService (pid 1584)
     3146 kB: com.coocaa.os.softsettings.provider (pid 1876)
     2921 kB: com.dunn.instrument (pid 1575)
     1219 kB: zygote (pid 743)
      942 kB: android.process.media (pid 3037)
      917 kB: surfaceflinger (pid 742)
      862 kB: TvServer (pid 1149)
      648 kB: app_process (pid 1775)
      411 kB: wpa_supplicant (pid 1503)
      369 kB: sdcard (pid 756)
      277 kB: dumpsys (pid 13805)
      249 kB: netd (pid 740)
      239 kB: /init (pid 1)
      204 kB: adbd (pid 1439)
      176 kB: sh (pid 734)
      174 kB: keystore (pid 748)
      117 kB: logcat (pid 2014)
      114 kB: vold (pid 736)
      113 kB: FileDesc_server (pid 749)
      108 kB: healthd (pid 733)
       77 kB: coocaa_guard (pid 752)
       72 kB: ueventd (pid 512)
       52 kB: servicemanager (pid 735)
       48 kB: RootApp (pid 1130)
       41 kB: logwrapper (pid 1126)
       40 kB: busybox (pid 1636)
       38 kB: drmserver (pid 745)
       30 kB: VirtualEvent (pid 1246)
       29 kB: keypad (pid 739)
       26 kB: hardwared (pid 737)
       16 kB: sh (pid 1682)
       10 kB: dhcpcd (pid 1846)
        9 kB: installd (pid 747)
        8 kB: debuggerd (pid 741)
        6 kB: smobsd (pid 1249)

Total PSS by OOM adjustment:
    18947 kB: Native
               12248 kB: mediaserver (pid 746)
                1219 kB: zygote (pid 743)
                 917 kB: surfaceflinger (pid 742)
                 862 kB: TvServer (pid 1149)
                 648 kB: app_process (pid 1775)
                 411 kB: wpa_supplicant (pid 1503)
                 369 kB: sdcard (pid 756)
                 277 kB: dumpsys (pid 13805)
                 249 kB: netd (pid 740)
                 239 kB: /init (pid 1)
                 204 kB: adbd (pid 1439)
                 176 kB: sh (pid 734)
                 174 kB: keystore (pid 748)
                 117 kB: logcat (pid 2014)
                 114 kB: vold (pid 736)
                 113 kB: FileDesc_server (pid 749)
                 108 kB: healthd (pid 733)
                  77 kB: coocaa_guard (pid 752)
                  72 kB: ueventd (pid 512)
                  52 kB: servicemanager (pid 735)
                  48 kB: RootApp (pid 1130)
                  41 kB: logwrapper (pid 1126)
                  40 kB: busybox (pid 1636)
                  38 kB: drmserver (pid 745)
                  30 kB: VirtualEvent (pid 1246)
                  29 kB: keypad (pid 739)
                  26 kB: hardwared (pid 737)
                  16 kB: sh (pid 1682)
                  10 kB: dhcpcd (pid 1846)
                   9 kB: installd (pid 747)
                   8 kB: debuggerd (pid 741)
                   6 kB: smobsd (pid 1249)
    19672 kB: System
               19672 kB: system (pid 1347)
     6117 kB: Persistent
                3196 kB: com.skyworth.android.skyRMService (pid 1584)
                2921 kB: com.dunn.instrument (pid 1575)
   136332 kB: Foreground
              102285 kB: com.ccos.tv.homepage (pid 13233 / activities)
               11512 kB: com.tianci.system (pid 1595)
               10615 kB: com.tianci.de (pid 2849)
                7832 kB: com.tianci.push (pid 1736)
                3146 kB: com.coocaa.os.softsettings.provider (pid 1876)
                 942 kB: android.process.media (pid 3037)
    79219 kB: Visible
               67608 kB: com.tianci.movieplatform (pid 2896)
               11611 kB: com.coocaa.os.ccosservice (pid 2474)
    12446 kB: A Services
               12446 kB: com.tianci.movieplatform:daemon (pid 4955)
     7377 kB: B Services
                7377 kB: com.coocaa.sysreport (pid 3951)
    12147 kB: Cached
                7675 kB: com.tianci.user (pid 3901)
                4472 kB: com.coocaa.messageprovider (pid 13488)

Total PSS by category:
    71852 kB: Dalvik
    61748 kB: Unknown
    54899 kB: Dalvik Other
    26309 kB: .dex mmap
    24052 kB: Ashmem
    17238 kB: .so mmap
    17118 kB: Other dev
    11520 kB: Native
     4184 kB: Stack
     1660 kB: Other mmap
     1016 kB: .apk mmap
      661 kB: .ttf mmap
        0 kB: Cursor
        0 kB: .jar mmap
        0 kB: code mmap
        0 kB: image mmap
        0 kB: Graphics
        0 kB: GL
        0 kB: Memtrack

Total RAM: 463128 kB
 Free RAM: 99079 kB (12147 cached pss + 62888 cached + 24044 free)
 Used RAM: 302978 kB (280110 used pss + 496 buffers + 80 shmem + 22292 slab)
 Lost RAM: 61071 kB
     ZRAM: 13108 kB physical used for 40168 kB in swap (98300 kB total swap)
   Tuning: 48 (large 128), oom 108462 kB, restore limit 36154 kB (low-ram)
Applications Memory Usage (kB):
Uptime: 1010281 Realtime: 1010281

Total PSS by process:
   102178 kB: com.ccos.tv.homepage (pid 13233 / activities)
    67627 kB: com.tianci.movieplatform (pid 2896)
    19883 kB: system (pid 1347)
    12445 kB: com.tianci.movieplatform:daemon (pid 4955)
    12240 kB: mediaserver (pid 746)
    11602 kB: com.coocaa.os.ccosservice (pid 2474)
    11507 kB: com.tianci.system (pid 1595)
    10598 kB: com.tianci.de (pid 2849)
     7831 kB: com.tianci.push (pid 1736)
     7674 kB: com.tianci.user (pid 3901)
     7376 kB: com.coocaa.sysreport (pid 3951)
     4471 kB: com.coocaa.messageprovider (pid 13488)
     3146 kB: com.coocaa.os.softsettings.provider (pid 1876)
     3095 kB: com.skyworth.android.skyRMService (pid 1584)
     2876 kB: com.dunn.instrument (pid 1575)
     1218 kB: zygote (pid 743)
      941 kB: android.process.media (pid 3037)
      917 kB: surfaceflinger (pid 742)
      862 kB: TvServer (pid 1149)
      647 kB: app_process (pid 1775)
      411 kB: wpa_supplicant (pid 1503)
      369 kB: sdcard (pid 756)
      277 kB: logcat (pid 2014)
      249 kB: netd (pid 740)
      239 kB: /init (pid 1)
      204 kB: adbd (pid 1439)
      176 kB: sh (pid 734)
      174 kB: keystore (pid 748)
      114 kB: vold (pid 736)
      113 kB: FileDesc_server (pid 749)
      108 kB: healthd (pid 733)
       77 kB: coocaa_guard (pid 752)
       72 kB: ueventd (pid 512)
       52 kB: servicemanager (pid 735)
       48 kB: RootApp (pid 1130)
       41 kB: logwrapper (pid 1126)
       40 kB: busybox (pid 1636)
       38 kB: drmserver (pid 745)
       30 kB: VirtualEvent (pid 1246)
       29 kB: keypad (pid 739)
       26 kB: hardwared (pid 737)
       16 kB: sh (pid 1682)
       10 kB: dhcpcd (pid 1846)
        9 kB: installd (pid 747)
        8 kB: debuggerd (pid 741)
        6 kB: smobsd (pid 1249)
        0 kB: dumpsys (pid 13805)

Total PSS by OOM adjustment:
    18820 kB: Native
               12240 kB: mediaserver (pid 746)
                1218 kB: zygote (pid 743)
                 917 kB: surfaceflinger (pid 742)
                 862 kB: TvServer (pid 1149)
                 647 kB: app_process (pid 1775)
                 411 kB: wpa_supplicant (pid 1503)
                 369 kB: sdcard (pid 756)
                 277 kB: logcat (pid 2014)
                 249 kB: netd (pid 740)
                 239 kB: /init (pid 1)
                 204 kB: adbd (pid 1439)
                 176 kB: sh (pid 734)
                 174 kB: keystore (pid 748)
                 114 kB: vold (pid 736)
                 113 kB: FileDesc_server (pid 749)
                 108 kB: healthd (pid 733)
                  77 kB: coocaa_guard (pid 752)
                  72 kB: ueventd (pid 512)
                  52 kB: servicemanager (pid 735)
                  48 kB: RootApp (pid 1130)
                  41 kB: logwrapper (pid 1126)
                  40 kB: busybox (pid 1636)
                  38 kB: drmserver (pid 745)
                  30 kB: VirtualEvent (pid 1246)
                  29 kB: keypad (pid 739)
                  26 kB: hardwared (pid 737)
                  16 kB: sh (pid 1682)
                  10 kB: dhcpcd (pid 1846)
                   9 kB: installd (pid 747)
                   8 kB: debuggerd (pid 741)
                   6 kB: smobsd (pid 1249)
                   0 kB: dumpsys (pid 13805)
    19883 kB: System
               19883 kB: system (pid 1347)
     5971 kB: Persistent
                3095 kB: com.skyworth.android.skyRMService (pid 1584)
                2876 kB: com.dunn.instrument (pid 1575)
   136201 kB: Foreground
              102178 kB: com.ccos.tv.homepage (pid 13233 / activities)
               11507 kB: com.tianci.system (pid 1595)
               10598 kB: com.tianci.de (pid 2849)
                7831 kB: com.tianci.push (pid 1736)
                3146 kB: com.coocaa.os.softsettings.provider (pid 1876)
                 941 kB: android.process.media (pid 3037)
    79229 kB: Visible
               67627 kB: com.tianci.movieplatform (pid 2896)
               11602 kB: com.coocaa.os.ccosservice (pid 2474)
    12445 kB: A Services
               12445 kB: com.tianci.movieplatform:daemon (pid 4955)
     7376 kB: B Services
                7376 kB: com.coocaa.sysreport (pid 3951)
    12145 kB: Cached
                7674 kB: com.tianci.user (pid 3901)
                4471 kB: com.coocaa.messageprovider (pid 13488)

Total PSS by category:
    72460 kB: Dalvik
    62503 kB: Unknown
    54815 kB: Dalvik Other
    25665 kB: .dex mmap
    24788 kB: Ashmem
    16977 kB: .so mmap
    15678 kB: Other dev
    11676 kB: Native
     4160 kB: Stack
     1639 kB: Other mmap
     1008 kB: .apk mmap
      701 kB: .ttf mmap
        0 kB: Cursor
        0 kB: .jar mmap
        0 kB: code mmap
        0 kB: image mmap
        0 kB: Graphics
        0 kB: GL
        0 kB: Memtrack

Total RAM: 463128 kB
 Free RAM: 101593 kB (12145 cached pss + 54816 cached + 34632 free)
 Used RAM: 302797 kB (279925 used pss + 508 buffers + 80 shmem + 22284 slab)
 Lost RAM: 58738 kB
     ZRAM: 13136 kB physical used for 40340 kB in swap (98300 kB total swap)
   Tuning: 48 (large 128), oom 108462 kB, restore limit 36154 kB (low-ram)
Applications Memory Usage (kB):
Uptime: 1013192 Realtime: 1013192

Total PSS by process:
    98463 kB: com.ccos.tv.homepage (pid 13233 / activities)
    67641 kB: com.tianci.movieplatform (pid 2896)
    20098 kB: system (pid 1347)
    12446 kB: com.tianci.movieplatform:daemon (pid 4955)
    12240 kB: mediaserver (pid 746)
    11602 kB: com.coocaa.os.ccosservice (pid 2474)
    11499 kB: com.tianci.system (pid 1595)
    10598 kB: com.tianci.de (pid 2849)
     7831 kB: com.tianci.push (pid 1736)
     7674 kB: com.tianci.user (pid 3901)
     7376 kB: com.coocaa.sysreport (pid 3951)
     4471 kB: com.coocaa.messageprovider (pid 13488)
     3146 kB: com.coocaa.os.softsettings.provider (pid 1876)
     3095 kB: com.skyworth.android.skyRMService (pid 1584)
     2872 kB: com.dunn.instrument (pid 1575)
     1218 kB: zygote (pid 743)
      941 kB: android.process.media (pid 3037)
      917 kB: surfaceflinger (pid 742)
      862 kB: TvServer (pid 1149)
      647 kB: app_process (pid 1775)
      411 kB: wpa_supplicant (pid 1503)
      369 kB: sdcard (pid 756)
      277 kB: dumpsys (pid 13914)
      249 kB: netd (pid 740)
      235 kB: /init (pid 1)
      204 kB: adbd (pid 1439)
      176 kB: sh (pid 734)
      174 kB: keystore (pid 748)
      114 kB: vold (pid 736)
      113 kB: FileDesc_server (pid 749)
      108 kB: healthd (pid 733)
       93 kB: logcat (pid 2014)
       77 kB: coocaa_guard (pid 752)
       72 kB: ueventd (pid 512)
       52 kB: servicemanager (pid 735)
       48 kB: RootApp (pid 1130)
       41 kB: logwrapper (pid 1126)
       40 kB: busybox (pid 1636)
       38 kB: drmserver (pid 745)
       30 kB: VirtualEvent (pid 1246)
       29 kB: keypad (pid 739)
       26 kB: hardwared (pid 737)
       16 kB: sh (pid 1682)
       10 kB: dhcpcd (pid 1846)
        9 kB: installd (pid 747)
        8 kB: debuggerd (pid 741)
        6 kB: smobsd (pid 1249)

Total PSS by OOM adjustment:
    18909 kB: Native
               12240 kB: mediaserver (pid 746)
                1218 kB: zygote (pid 743)
                 917 kB: surfaceflinger (pid 742)
                 862 kB: TvServer (pid 1149)
                 647 kB: app_process (pid 1775)
                 411 kB: wpa_supplicant (pid 1503)
                 369 kB: sdcard (pid 756)
                 277 kB: dumpsys (pid 13914)
                 249 kB: netd (pid 740)
                 235 kB: /init (pid 1)
                 204 kB: adbd (pid 1439)
                 176 kB: sh (pid 734)
                 174 kB: keystore (pid 748)
                 114 kB: vold (pid 736)
                 113 kB: FileDesc_server (pid 749)
                 108 kB: healthd (pid 733)
                  93 kB: logcat (pid 2014)
                  77 kB: coocaa_guard (pid 752)
                  72 kB: ueventd (pid 512)
                  52 kB: servicemanager (pid 735)
                  48 kB: RootApp (pid 1130)
                  41 kB: logwrapper (pid 1126)
                  40 kB: busybox (pid 1636)
                  38 kB: drmserver (pid 745)
                  30 kB: VirtualEvent (pid 1246)
                  29 kB: keypad (pid 739)
                  26 kB: hardwared (pid 737)
                  16 kB: sh (pid 1682)
                  10 kB: dhcpcd (pid 1846)
                   9 kB: installd (pid 747)
                   8 kB: debuggerd (pid 741)
                   6 kB: smobsd (pid 1249)
    20098 kB: System
               20098 kB: system (pid 1347)
     5967 kB: Persistent
                3095 kB: com.skyworth.android.skyRMService (pid 1584)
                2872 kB: com.dunn.instrument (pid 1575)
   132478 kB: Foreground
               98463 kB: com.ccos.tv.homepage (pid 13233 / activities)
               11499 kB: com.tianci.system (pid 1595)
               10598 kB: com.tianci.de (pid 2849)
                7831 kB: com.tianci.push (pid 1736)
                3146 kB: com.coocaa.os.softsettings.provider (pid 1876)
                 941 kB: android.process.media (pid 3037)
    79243 kB: Visible
               67641 kB: com.tianci.movieplatform (pid 2896)
               11602 kB: com.coocaa.os.ccosservice (pid 2474)
    12446 kB: A Services
               12446 kB: com.tianci.movieplatform:daemon (pid 4955)
     7376 kB: B Services
                7376 kB: com.coocaa.sysreport (pid 3951)
    12145 kB: Cached
                7674 kB: com.tianci.user (pid 3901)
                4471 kB: com.coocaa.messageprovider (pid 13488)

Total PSS by category:
    73168 kB: Dalvik
    62663 kB: Unknown
    54571 kB: Dalvik Other
    26017 kB: .dex mmap
    24688 kB: Ashmem
    17212 kB: .so mmap
    11496 kB: Native
    11238 kB: Other dev
     4160 kB: Stack
     1660 kB: Other mmap
     1012 kB: .apk mmap
      777 kB: .ttf mmap
        0 kB: Cursor
        0 kB: .jar mmap
        0 kB: code mmap
        0 kB: image mmap
        0 kB: Graphics
        0 kB: GL
        0 kB: Memtrack

Total RAM: 463128 kB
 Free RAM: 100905 kB (12145 cached pss + 52304 cached + 36456 free)
 Used RAM: 299413 kB (276517 used pss + 528 buffers + 80 shmem + 22288 slab)
 Lost RAM: 62810 kB
     ZRAM: 13256 kB physical used for 40604 kB in swap (98300 kB total swap)
   Tuning: 48 (large 128), oom 108462 kB, restore limit 36154 kB (low-ram)
Applications Memory Usage (kB):
Uptime: 1016139 Realtime: 1016139

Total PSS by process:
    98784 kB: com.ccos.tv.homepage (pid 13233 / activities)
    68062 kB: com.tianci.movieplatform (pid 2896)
    20319 kB: system (pid 1347)
    12240 kB: mediaserver (pid 746)
    12121 kB: com.tianci.movieplatform:daemon (pid 4955)
    11561 kB: com.coocaa.os.ccosservice (pid 2474)
    11507 kB: com.tianci.system (pid 1595)
    10594 kB: com.tianci.de (pid 2849)
     7827 kB: com.tianci.push (pid 1736)
     7662 kB: com.tianci.user (pid 3901)
     7360 kB: com.coocaa.sysreport (pid 3951)
     4469 kB: com.coocaa.messageprovider (pid 13488)
     3134 kB: com.coocaa.os.softsettings.provider (pid 1876)
     3095 kB: com.skyworth.android.skyRMService (pid 1584)
     2872 kB: com.dunn.instrument (pid 1575)
     1218 kB: zygote (pid 743)
      941 kB: android.process.media (pid 3037)
      925 kB: surfaceflinger (pid 742)
      862 kB: TvServer (pid 1149)
      729 kB: logcat (pid 2014)
      643 kB: app_process (pid 1775)
      411 kB: wpa_supplicant (pid 1503)
      369 kB: sdcard (pid 756)
      249 kB: netd (pid 740)
      235 kB: /init (pid 1)
      204 kB: adbd (pid 1439)
      174 kB: keystore (pid 748)
      135 kB: sh (pid 734)
      114 kB: vold (pid 736)
      113 kB: FileDesc_server (pid 749)
      108 kB: healthd (pid 733)
       77 kB: coocaa_guard (pid 752)
       72 kB: ueventd (pid 512)
       52 kB: servicemanager (pid 735)
       48 kB: RootApp (pid 1130)
       41 kB: logwrapper (pid 1126)
       40 kB: busybox (pid 1636)
       38 kB: drmserver (pid 745)
       30 kB: VirtualEvent (pid 1246)
       29 kB: keypad (pid 739)
       26 kB: hardwared (pid 737)
       16 kB: sh (pid 1682)
       10 kB: dhcpcd (pid 1846)
        9 kB: installd (pid 747)
        8 kB: debuggerd (pid 741)
        6 kB: smobsd (pid 1249)
        0 kB: dumpsys (pid 13914)

Total PSS by OOM adjustment:
    19231 kB: Native
               12240 kB: mediaserver (pid 746)
                1218 kB: zygote (pid 743)
                 925 kB: surfaceflinger (pid 742)
                 862 kB: TvServer (pid 1149)
                 729 kB: logcat (pid 2014)
                 643 kB: app_process (pid 1775)
                 411 kB: wpa_supplicant (pid 1503)
                 369 kB: sdcard (pid 756)
                 249 kB: netd (pid 740)
                 235 kB: /init (pid 1)
                 204 kB: adbd (pid 1439)
                 174 kB: keystore (pid 748)
                 135 kB: sh (pid 734)
                 114 kB: vold (pid 736)
                 113 kB: FileDesc_server (pid 749)
                 108 kB: healthd (pid 733)
                  77 kB: coocaa_guard (pid 752)
                  72 kB: ueventd (pid 512)
                  52 kB: servicemanager (pid 735)
                  48 kB: RootApp (pid 1130)
                  41 kB: logwrapper (pid 1126)
                  40 kB: busybox (pid 1636)
                  38 kB: drmserver (pid 745)
                  30 kB: VirtualEvent (pid 1246)
                  29 kB: keypad (pid 739)
                  26 kB: hardwared (pid 737)
                  16 kB: sh (pid 1682)
                  10 kB: dhcpcd (pid 1846)
                   9 kB: installd (pid 747)
                   8 kB: debuggerd (pid 741)
                   6 kB: smobsd (pid 1249)
                   0 kB: dumpsys (pid 13914)
    20319 kB: System
               20319 kB: system (pid 1347)
     5967 kB: Persistent
                3095 kB: com.skyworth.android.skyRMService (pid 1584)
                2872 kB: com.dunn.instrument (pid 1575)
   132787 kB: Foreground
               98784 kB: com.ccos.tv.homepage (pid 13233 / activities)
               11507 kB: com.tianci.system (pid 1595)
               10594 kB: com.tianci.de (pid 2849)
                7827 kB: com.tianci.push (pid 1736)
                3134 kB: com.coocaa.os.softsettings.provider (pid 1876)
                 941 kB: android.process.media (pid 3037)
    79623 kB: Visible
               68062 kB: com.tianci.movieplatform (pid 2896)
               11561 kB: com.coocaa.os.ccosservice (pid 2474)
    12121 kB: A Services
               12121 kB: com.tianci.movieplatform:daemon (pid 4955)
     7360 kB: B Services
                7360 kB: com.coocaa.sysreport (pid 3951)
    12131 kB: Cached
                7662 kB: com.tianci.user (pid 3901)
                4469 kB: com.coocaa.messageprovider (pid 13488)

Total PSS by category:
    73812 kB: Dalvik
    63731 kB: Unknown
    54543 kB: Dalvik Other
    25852 kB: Ashmem
    25331 kB: .dex mmap
    16841 kB: .so mmap
    12128 kB: Native
     9786 kB: Other dev
     4056 kB: Stack
     1598 kB: Other mmap
      988 kB: .apk mmap
      873 kB: .ttf mmap
        0 kB: Cursor
        0 kB: .jar mmap
        0 kB: code mmap
        0 kB: image mmap
        0 kB: Graphics
        0 kB: GL
        0 kB: Memtrack

Total RAM: 463128 kB
 Free RAM: 102347 kB (12131 cached pss + 56036 cached + 34180 free)
 Used RAM: 300312 kB (277408 used pss + 536 buffers + 80 shmem + 22288 slab)
 Lost RAM: 60469 kB
     ZRAM: 13256 kB physical used for 40604 kB in swap (98300 kB total swap)
   Tuning: 48 (large 128), oom 108462 kB, restore limit 36154 kB (low-ram)
Applications Memory Usage (kB):
Uptime: 1019045 Realtime: 1019045

Total PSS by process:
    96032 kB: com.ccos.tv.homepage (pid 13233 / activities)
    68046 kB: com.tianci.movieplatform (pid 2896)
    20533 kB: system (pid 1347)
    12240 kB: mediaserver (pid 746)
    12121 kB: com.tianci.movieplatform:daemon (pid 4955)
    11553 kB: com.coocaa.os.ccosservice (pid 2474)
    11506 kB: com.tianci.system (pid 1595)
    10594 kB: com.tianci.de (pid 2849)
     7827 kB: com.tianci.push (pid 1736)
     7662 kB: com.tianci.user (pid 3901)
     7360 kB: com.coocaa.sysreport (pid 3951)
     4469 kB: com.coocaa.messageprovider (pid 13488)
     3134 kB: com.coocaa.os.softsettings.provider (pid 1876)
     3124 kB: com.skyworth.android.skyRMService (pid 1584)
     2872 kB: com.dunn.instrument (pid 1575)
     1219 kB: zygote (pid 743)
      941 kB: android.process.media (pid 3037)
      917 kB: surfaceflinger (pid 742)
      862 kB: TvServer (pid 1149)
      729 kB: logcat (pid 2014)
      643 kB: app_process (pid 1775)
      411 kB: wpa_supplicant (pid 1503)
      369 kB: sdcard (pid 756)
      277 kB: dumpsys (pid 14017)
      249 kB: netd (pid 740)
      235 kB: /init (pid 1)
      204 kB: adbd (pid 1439)
      176 kB: sh (pid 734)
      174 kB: keystore (pid 748)
      114 kB: vold (pid 736)
      113 kB: FileDesc_server (pid 749)
      108 kB: healthd (pid 733)
       77 kB: coocaa_guard (pid 752)
       72 kB: ueventd (pid 512)
       52 kB: servicemanager (pid 735)
       48 kB: RootApp (pid 1130)
       41 kB: logwrapper (pid 1126)
       40 kB: busybox (pid 1636)
       38 kB: drmserver (pid 745)
       30 kB: VirtualEvent (pid 1246)
       29 kB: keypad (pid 739)
       25 kB: hardwared (pid 737)
       16 kB: sh (pid 1682)
       10 kB: dhcpcd (pid 1846)
        9 kB: installd (pid 747)
        8 kB: debuggerd (pid 741)
        6 kB: smobsd (pid 1249)

Total PSS by OOM adjustment:
    19541 kB: Native
               12240 kB: mediaserver (pid 746)
                1219 kB: zygote (pid 743)
                 917 kB: surfaceflinger (pid 742)
                 862 kB: TvServer (pid 1149)
                 729 kB: logcat (pid 2014)
                 643 kB: app_process (pid 1775)
                 411 kB: wpa_supplicant (pid 1503)
                 369 kB: sdcard (pid 756)
                 277 kB: dumpsys (pid 14017)
                 249 kB: netd (pid 740)
                 235 kB: /init (pid 1)
                 204 kB: adbd (pid 1439)
                 176 kB: sh (pid 734)
                 174 kB: keystore (pid 748)
                 114 kB: vold (pid 736)
                 113 kB: FileDesc_server (pid 749)
                 108 kB: healthd (pid 733)
                  77 kB: coocaa_guard (pid 752)
                  72 kB: ueventd (pid 512)
                  52 kB: servicemanager (pid 735)
                  48 kB: RootApp (pid 1130)
                  41 kB: logwrapper (pid 1126)
                  40 kB: busybox (pid 1636)
                  38 kB: drmserver (pid 745)
                  30 kB: VirtualEvent (pid 1246)
                  29 kB: keypad (pid 739)
                  25 kB: hardwared (pid 737)
                  16 kB: sh (pid 1682)
                  10 kB: dhcpcd (pid 1846)
                   9 kB: installd (pid 747)
                   8 kB: debuggerd (pid 741)
                   6 kB: smobsd (pid 1249)
    20533 kB: System
               20533 kB: system (pid 1347)
     5996 kB: Persistent
                3124 kB: com.skyworth.android.skyRMService (pid 1584)
                2872 kB: com.dunn.instrument (pid 1575)
   130034 kB: Foreground
               96032 kB: com.ccos.tv.homepage (pid 13233 / activities)
               11506 kB: com.tianci.system (pid 1595)
               10594 kB: com.tianci.de (pid 2849)
                7827 kB: com.tianci.push (pid 1736)
                3134 kB: com.coocaa.os.softsettings.provider (pid 1876)
                 941 kB: android.process.media (pid 3037)
    79599 kB: Visible
               68046 kB: com.tianci.movieplatform (pid 2896)
               11553 kB: com.coocaa.os.ccosservice (pid 2474)
    12121 kB: A Services
               12121 kB: com.tianci.movieplatform:daemon (pid 4955)
     7360 kB: B Services
                7360 kB: com.coocaa.sysreport (pid 3951)
    12131 kB: Cached
                7662 kB: com.tianci.user (pid 3901)
                4469 kB: com.coocaa.messageprovider (pid 13488)

Total PSS by category:
    73952 kB: Dalvik
    63119 kB: Unknown
    54768 kB: Dalvik Other
    25477 kB: .dex mmap
    23944 kB: Ashmem
    16720 kB: .so mmap
    12132 kB: Native
     9630 kB: Other dev
     4044 kB: Stack
     1660 kB: Other mmap
      988 kB: .apk mmap
      881 kB: .ttf mmap
        0 kB: Cursor
        0 kB: .jar mmap
        0 kB: code mmap
        0 kB: image mmap
        0 kB: Graphics
        0 kB: GL
        0 kB: Memtrack

Total RAM: 463128 kB
 Free RAM: 99287 kB (12131 cached pss + 60764 cached + 26392 free)
 Used RAM: 298072 kB (275184 used pss + 536 buffers + 80 shmem + 22272 slab)
 Lost RAM: 65769 kB
     ZRAM: 13256 kB physical used for 40604 kB in swap (98300 kB total swap)
   Tuning: 48 (large 128), oom 108462 kB, restore limit 36154 kB (low-ram)
Applications Memory Usage (kB):
Uptime: 1022102 Realtime: 1022102

Total PSS by process:
   100629 kB: com.ccos.tv.homepage (pid 13233 / activities)
    67889 kB: com.tianci.movieplatform (pid 2896)
    19764 kB: system (pid 1347)
    12240 kB: mediaserver (pid 746)
    12121 kB: com.tianci.movieplatform:daemon (pid 4955)
    11605 kB: com.tianci.system (pid 1595)
    11541 kB: com.coocaa.os.ccosservice (pid 2474)
    10916 kB: com.tianci.de (pid 2849)
     7795 kB: com.tianci.push (pid 1736)
     7654 kB: com.tianci.user (pid 3901)
     7356 kB: com.coocaa.sysreport (pid 3951)
     4468 kB: com.coocaa.messageprovider (pid 13488)
     3130 kB: com.coocaa.os.softsettings.provider (pid 1876)
     3124 kB: com.skyworth.android.skyRMService (pid 1584)
     2884 kB: com.dunn.instrument (pid 1575)
     1219 kB: zygote (pid 743)
      921 kB: android.process.media (pid 3037)
      917 kB: surfaceflinger (pid 742)
      858 kB: TvServer (pid 1149)
      733 kB: logcat (pid 2014)
      627 kB: app_process (pid 1775)
      411 kB: wpa_supplicant (pid 1503)
      369 kB: sdcard (pid 756)
      249 kB: netd (pid 740)
      231 kB: /init (pid 1)
      208 kB: adbd (pid 1439)
      176 kB: sh (pid 734)
      174 kB: keystore (pid 748)
      114 kB: vold (pid 736)
      113 kB: FileDesc_server (pid 749)
      108 kB: healthd (pid 733)
       77 kB: coocaa_guard (pid 752)
       72 kB: ueventd (pid 512)
       52 kB: servicemanager (pid 735)
       48 kB: RootApp (pid 1130)
       41 kB: logwrapper (pid 1126)
       40 kB: busybox (pid 1636)
       38 kB: drmserver (pid 745)
       30 kB: VirtualEvent (pid 1246)
       29 kB: keypad (pid 739)
       26 kB: hardwared (pid 737)
       16 kB: sh (pid 1682)
       10 kB: dhcpcd (pid 1846)
        9 kB: installd (pid 747)
        8 kB: debuggerd (pid 741)
        6 kB: smobsd (pid 1249)
        0 kB: dumpsys (pid 14017)

Total PSS by OOM adjustment:
    19249 kB: Native
               12240 kB: mediaserver (pid 746)
                1219 kB: zygote (pid 743)
                 917 kB: surfaceflinger (pid 742)
                 858 kB: TvServer (pid 1149)
                 733 kB: logcat (pid 2014)
                 627 kB: app_process (pid 1775)
                 411 kB: wpa_supplicant (pid 1503)
                 369 kB: sdcard (pid 756)
                 249 kB: netd (pid 740)
                 231 kB: /init (pid 1)
                 208 kB: adbd (pid 1439)
                 176 kB: sh (pid 734)
                 174 kB: keystore (pid 748)
                 114 kB: vold (pid 736)
                 113 kB: FileDesc_server (pid 749)
                 108 kB: healthd (pid 733)
                  77 kB: coocaa_guard (pid 752)
                  72 kB: ueventd (pid 512)
                  52 kB: servicemanager (pid 735)
                  48 kB: RootApp (pid 1130)
                  41 kB: logwrapper (pid 1126)
                  40 kB: busybox (pid 1636)
                  38 kB: drmserver (pid 745)
                  30 kB: VirtualEvent (pid 1246)
                  29 kB: keypad (pid 739)
                  26 kB: hardwared (pid 737)
                  16 kB: sh (pid 1682)
                  10 kB: dhcpcd (pid 1846)
                   9 kB: installd (pid 747)
                   8 kB: debuggerd (pid 741)
                   6 kB: smobsd (pid 1249)
                   0 kB: dumpsys (pid 14017)
    19764 kB: System
               19764 kB: system (pid 1347)
     6008 kB: Persistent
                3124 kB: com.skyworth.android.skyRMService (pid 1584)
                2884 kB: com.dunn.instrument (pid 1575)
   134996 kB: Foreground
              100629 kB: com.ccos.tv.homepage (pid 13233 / activities)
               11605 kB: com.tianci.system (pid 1595)
               10916 kB: com.tianci.de (pid 2849)
                7795 kB: com.tianci.push (pid 1736)
                3130 kB: com.coocaa.os.softsettings.provider (pid 1876)
                 921 kB: android.process.media (pid 3037)
    79430 kB: Visible
               67889 kB: com.tianci.movieplatform (pid 2896)
               11541 kB: com.coocaa.os.ccosservice (pid 2474)
    12121 kB: A Services
               12121 kB: com.tianci.movieplatform:daemon (pid 4955)
     7356 kB: B Services
                7356 kB: com.coocaa.sysreport (pid 3951)
    12122 kB: Cached
                7654 kB: com.tianci.user (pid 3901)
                4468 kB: com.coocaa.messageprovider (pid 13488)

Total PSS by category:
    74624 kB: Dalvik
    66155 kB: Unknown
    54539 kB: Dalvik Other
    24457 kB: .dex mmap
    24128 kB: Ashmem
    16673 kB: .so mmap
    12132 kB: Native
    10658 kB: Other dev
     4036 kB: Stack
     1711 kB: Other mmap
     1076 kB: .apk mmap
      857 kB: .ttf mmap
        0 kB: Cursor
        0 kB: .jar mmap
        0 kB: code mmap
        0 kB: image mmap
        0 kB: Graphics
        0 kB: GL
        0 kB: Memtrack

Total RAM: 463128 kB
 Free RAM: 95518 kB (12122 cached pss + 60412 cached + 22984 free)
 Used RAM: 301752 kB (278924 used pss + 464 buffers + 80 shmem + 22284 slab)
 Lost RAM: 65858 kB
     ZRAM: 13348 kB physical used for 40860 kB in swap (98300 kB total swap)
   Tuning: 48 (large 128), oom 108462 kB, restore limit 36154 kB (low-ram)
Applications Memory Usage (kB):
Uptime: 1025060 Realtime: 1025060

Total PSS by process:
   133492 kB: com.ccos.tv.homepage (pid 13233 / activities)
    64253 kB: com.tianci.movieplatform (pid 2896)
    19947 kB: system (pid 1347)
    12114 kB: mediaserver (pid 746)
    12026 kB: com.tianci.movieplatform:daemon (pid 4955)
    11380 kB: com.tianci.system (pid 1595)
    11313 kB: com.coocaa.os.ccosservice (pid 2474)
    10989 kB: com.tianci.de (pid 2849)
     7807 kB: com.tianci.push (pid 1736)
     7317 kB: com.coocaa.sysreport (pid 3951)
     4579 kB: com.coocaa.messageprovider (pid 13488)
     3052 kB: com.skyworth.android.skyRMService (pid 1584)
     3006 kB: com.coocaa.os.softsettings.provider (pid 1876)
     2879 kB: com.dunn.instrument (pid 1575)
     1199 kB: zygote (pid 743)
     1098 kB: logcat (pid 2014)
      975 kB: android.process.media (pid 3037)
      918 kB: surfaceflinger (pid 742)
      859 kB: TvServer (pid 1149)
      639 kB: app_process (pid 1775)
      413 kB: wpa_supplicant (pid 1503)
      369 kB: sdcard (pid 756)
      277 kB: dumpsys (pid 14099)
      250 kB: netd (pid 740)
      231 kB: /init (pid 1)
      204 kB: adbd (pid 1439)
      177 kB: keystore (pid 748)
      176 kB: sh (pid 734)
      115 kB: vold (pid 736)
      115 kB: FileDesc_server (pid 749)
      108 kB: healthd (pid 733)
       77 kB: coocaa_guard (pid 752)
       72 kB: ueventd (pid 512)
       52 kB: servicemanager (pid 735)
       48 kB: RootApp (pid 1130)
       41 kB: logwrapper (pid 1126)
       40 kB: drmserver (pid 745)
       40 kB: busybox (pid 1636)
       31 kB: VirtualEvent (pid 1246)
       30 kB: keypad (pid 739)
       26 kB: hardwared (pid 737)
       16 kB: sh (pid 1682)
       10 kB: installd (pid 747)
       10 kB: dhcpcd (pid 1846)
        8 kB: debuggerd (pid 741)
        7 kB: smobsd (pid 1249)

Total PSS by OOM adjustment:
    19770 kB: Native
               12114 kB: mediaserver (pid 746)
                1199 kB: zygote (pid 743)
                1098 kB: logcat (pid 2014)
                 918 kB: surfaceflinger (pid 742)
                 859 kB: TvServer (pid 1149)
                 639 kB: app_process (pid 1775)
                 413 kB: wpa_supplicant (pid 1503)
                 369 kB: sdcard (pid 756)
                 277 kB: dumpsys (pid 14099)
                 250 kB: netd (pid 740)
                 231 kB: /init (pid 1)
                 204 kB: adbd (pid 1439)
                 177 kB: keystore (pid 748)
                 176 kB: sh (pid 734)
                 115 kB: vold (pid 736)
                 115 kB: FileDesc_server (pid 749)
                 108 kB: healthd (pid 733)
                  77 kB: coocaa_guard (pid 752)
                  72 kB: ueventd (pid 512)
                  52 kB: servicemanager (pid 735)
                  48 kB: RootApp (pid 1130)
                  41 kB: logwrapper (pid 1126)
                  40 kB: drmserver (pid 745)
                  40 kB: busybox (pid 1636)
                  31 kB: VirtualEvent (pid 1246)
                  30 kB: keypad (pid 739)
                  26 kB: hardwared (pid 737)
                  16 kB: sh (pid 1682)
                  10 kB: installd (pid 747)
                  10 kB: dhcpcd (pid 1846)
                   8 kB: debuggerd (pid 741)
                   7 kB: smobsd (pid 1249)
    19947 kB: System
               19947 kB: system (pid 1347)
     5931 kB: Persistent
                3052 kB: com.skyworth.android.skyRMService (pid 1584)
                2879 kB: com.dunn.instrument (pid 1575)
   167649 kB: Foreground
              133492 kB: com.ccos.tv.homepage (pid 13233 / activities)
               11380 kB: com.tianci.system (pid 1595)
               10989 kB: com.tianci.de (pid 2849)
                7807 kB: com.tianci.push (pid 1736)
                3006 kB: com.coocaa.os.softsettings.provider (pid 1876)
                 975 kB: android.process.media (pid 3037)
    75566 kB: Visible
               64253 kB: com.tianci.movieplatform (pid 2896)
               11313 kB: com.coocaa.os.ccosservice (pid 2474)
    12026 kB: A Services
               12026 kB: com.tianci.movieplatform:daemon (pid 4955)
     7317 kB: B Services
                7317 kB: com.coocaa.sysreport (pid 3951)
     4579 kB: Cached
                4579 kB: com.coocaa.messageprovider (pid 13488)

Total PSS by category:
    71632 kB: Dalvik
    66582 kB: Unknown
    51259 kB: Dalvik Other
    34204 kB: Ashmem
    31873 kB: Other dev
    21717 kB: .dex mmap
    15894 kB: .so mmap
    12500 kB: Native
     3816 kB: Stack
     1723 kB: Other mmap
      801 kB: .ttf mmap
      784 kB: .apk mmap
        0 kB: Cursor
        0 kB: .jar mmap
        0 kB: code mmap
        0 kB: image mmap
        0 kB: Graphics
        0 kB: GL
        0 kB: Memtrack

Total RAM: 463128 kB
 Free RAM: 83363 kB (4579 cached pss + 47888 cached + 30896 free)
 Used RAM: 330862 kB (308206 used pss + 320 buffers + 52 shmem + 22284 slab)
 Lost RAM: 48903 kB
     ZRAM: 16320 kB physical used for 44016 kB in swap (98300 kB total swap)
   Tuning: 48 (large 128), oom 108462 kB, restore limit 36154 kB (low-ram)
Applications Memory Usage (kB):
Uptime: 1027917 Realtime: 1027917

Total PSS by process:
   111781 kB: com.ccos.tv.homepage (pid 13233 / activities)
    64207 kB: com.tianci.movieplatform (pid 2896)
    20141 kB: system (pid 1347)
    12114 kB: mediaserver (pid 746)
    12025 kB: com.tianci.movieplatform:daemon (pid 4955)
    11379 kB: com.tianci.system (pid 1595)
    11312 kB: com.coocaa.os.ccosservice (pid 2474)
    10965 kB: com.tianci.de (pid 2849)
     7792 kB: com.tianci.push (pid 1736)
     7317 kB: com.coocaa.sysreport (pid 3951)
     4575 kB: com.coocaa.messageprovider (pid 13488)
     3063 kB: com.skyworth.android.skyRMService (pid 1584)
     3006 kB: com.coocaa.os.softsettings.provider (pid 1876)
     2879 kB: com.dunn.instrument (pid 1575)
     1199 kB: zygote (pid 743)
     1098 kB: logcat (pid 2014)
      975 kB: android.process.media (pid 3037)
      918 kB: surfaceflinger (pid 742)
      859 kB: TvServer (pid 1149)
      639 kB: app_process (pid 1775)
      413 kB: wpa_supplicant (pid 1503)
      369 kB: sdcard (pid 756)
      250 kB: netd (pid 740)
      231 kB: /init (pid 1)
      204 kB: adbd (pid 1439)
      177 kB: keystore (pid 748)
      176 kB: sh (pid 734)
      115 kB: vold (pid 736)
      115 kB: FileDesc_server (pid 749)
      108 kB: healthd (pid 733)
       77 kB: coocaa_guard (pid 752)
       72 kB: ueventd (pid 512)
       52 kB: servicemanager (pid 735)
       48 kB: RootApp (pid 1130)
       41 kB: logwrapper (pid 1126)
       40 kB: drmserver (pid 745)
       40 kB: busybox (pid 1636)
       31 kB: VirtualEvent (pid 1246)
       30 kB: keypad (pid 739)
       26 kB: hardwared (pid 737)
       16 kB: sh (pid 1682)
       10 kB: installd (pid 747)
       10 kB: dhcpcd (pid 1846)
        8 kB: debuggerd (pid 741)
        7 kB: smobsd (pid 1249)
        0 kB: dumpsys (pid 14099)

Total PSS by OOM adjustment:
    19493 kB: Native
               12114 kB: mediaserver (pid 746)
                1199 kB: zygote (pid 743)
                1098 kB: logcat (pid 2014)
                 918 kB: surfaceflinger (pid 742)
                 859 kB: TvServer (pid 1149)
                 639 kB: app_process (pid 1775)
                 413 kB: wpa_supplicant (pid 1503)
                 369 kB: sdcard (pid 756)
                 250 kB: netd (pid 740)
                 231 kB: /init (pid 1)
                 204 kB: adbd (pid 1439)
                 177 kB: keystore (pid 748)
                 176 kB: sh (pid 734)
                 115 kB: vold (pid 736)
                 115 kB: FileDesc_server (pid 749)
                 108 kB: healthd (pid 733)
                  77 kB: coocaa_guard (pid 752)
                  72 kB: ueventd (pid 512)
                  52 kB: servicemanager (pid 735)
                  48 kB: RootApp (pid 1130)
                  41 kB: logwrapper (pid 1126)
                  40 kB: drmserver (pid 745)
                  40 kB: busybox (pid 1636)
                  31 kB: VirtualEvent (pid 1246)
                  30 kB: keypad (pid 739)
                  26 kB: hardwared (pid 737)
                  16 kB: sh (pid 1682)
                  10 kB: installd (pid 747)
                  10 kB: dhcpcd (pid 1846)
                   8 kB: debuggerd (pid 741)
                   7 kB: smobsd (pid 1249)
                   0 kB: dumpsys (pid 14099)
    20141 kB: System
               20141 kB: system (pid 1347)
     5942 kB: Persistent
                3063 kB: com.skyworth.android.skyRMService (pid 1584)
                2879 kB: com.dunn.instrument (pid 1575)
   145898 kB: Foreground
              111781 kB: com.ccos.tv.homepage (pid 13233 / activities)
               11379 kB: com.tianci.system (pid 1595)
               10965 kB: com.tianci.de (pid 2849)
                7792 kB: com.tianci.push (pid 1736)
                3006 kB: com.coocaa.os.softsettings.provider (pid 1876)
                 975 kB: android.process.media (pid 3037)
    75519 kB: Visible
               64207 kB: com.tianci.movieplatform (pid 2896)
               11312 kB: com.coocaa.os.ccosservice (pid 2474)
    12025 kB: A Services
               12025 kB: com.tianci.movieplatform:daemon (pid 4955)
     7317 kB: B Services
                7317 kB: com.coocaa.sysreport (pid 3951)
     4575 kB: Cached
                4575 kB: com.coocaa.messageprovider (pid 13488)

Total PSS by category:
    71976 kB: Dalvik
    60658 kB: Unknown
    51255 kB: Dalvik Other
    27485 kB: Other dev
    22668 kB: Ashmem
    21649 kB: .dex mmap
    15664 kB: .so mmap
    12496 kB: Native
     3808 kB: Stack
     1690 kB: Other mmap
      793 kB: .ttf mmap
      768 kB: .apk mmap
        0 kB: Cursor
        0 kB: .jar mmap
        0 kB: code mmap
        0 kB: image mmap
        0 kB: Graphics
        0 kB: GL
        0 kB: Memtrack

Total RAM: 463128 kB
 Free RAM: 86751 kB (4575 cached pss + 52108 cached + 30068 free)
 Used RAM: 309119 kB (286335 used pss + 440 buffers + 52 shmem + 22292 slab)
 Lost RAM: 67258 kB
     ZRAM: 16320 kB physical used for 44016 kB in swap (98300 kB total swap)
   Tuning: 48 (large 128), oom 108462 kB, restore limit 36154 kB (low-ram)
Applications Memory Usage (kB):
Uptime: 1030547 Realtime: 1030547

Total PSS by process:
   103351 kB: com.ccos.tv.homepage (pid 13233 / activities)
    64204 kB: com.tianci.movieplatform (pid 2896)
    20353 kB: system (pid 1347)
    12384 kB: com.tianci.movieplatform:daemon (pid 4955)
    12114 kB: mediaserver (pid 746)
    11612 kB: com.coocaa.os.ccosservice (pid 2474)
    11379 kB: com.tianci.system (pid 1595)
    10966 kB: com.tianci.de (pid 2849)
     7799 kB: com.tianci.push (pid 1736)
     7310 kB: com.coocaa.sysreport (pid 3951)
     4575 kB: com.coocaa.messageprovider (pid 13488)
     3064 kB: com.skyworth.android.skyRMService (pid 1584)
     3006 kB: com.coocaa.os.softsettings.provider (pid 1876)
     2887 kB: com.dunn.instrument (pid 1575)
     1199 kB: zygote (pid 743)
     1098 kB: logcat (pid 2014)
      975 kB: android.process.media (pid 3037)
      918 kB: surfaceflinger (pid 742)
      859 kB: TvServer (pid 1149)
      640 kB: app_process (pid 1775)
      413 kB: wpa_supplicant (pid 1503)
      369 kB: sdcard (pid 756)
      277 kB: dumpsys (pid 14212)
      250 kB: netd (pid 740)
      231 kB: /init (pid 1)
      204 kB: adbd (pid 1439)
      177 kB: keystore (pid 748)
      176 kB: sh (pid 734)
      115 kB: vold (pid 736)
      115 kB: FileDesc_server (pid 749)
      108 kB: healthd (pid 733)
       77 kB: coocaa_guard (pid 752)
       72 kB: ueventd (pid 512)
       52 kB: servicemanager (pid 735)
       48 kB: RootApp (pid 1130)
       41 kB: logwrapper (pid 1126)
       40 kB: drmserver (pid 745)
       40 kB: busybox (pid 1636)
       31 kB: VirtualEvent (pid 1246)
       30 kB: keypad (pid 739)
       26 kB: hardwared (pid 737)
       16 kB: sh (pid 1682)
       10 kB: installd (pid 747)
       10 kB: dhcpcd (pid 1846)
        8 kB: debuggerd (pid 741)
        7 kB: smobsd (pid 1249)

Total PSS by OOM adjustment:
    19771 kB: Native
               12114 kB: mediaserver (pid 746)
                1199 kB: zygote (pid 743)
                1098 kB: logcat (pid 2014)
                 918 kB: surfaceflinger (pid 742)
                 859 kB: TvServer (pid 1149)
                 640 kB: app_process (pid 1775)
                 413 kB: wpa_supplicant (pid 1503)
                 369 kB: sdcard (pid 756)
                 277 kB: dumpsys (pid 14212)
                 250 kB: netd (pid 740)
                 231 kB: /init (pid 1)
                 204 kB: adbd (pid 1439)
                 177 kB: keystore (pid 748)
                 176 kB: sh (pid 734)
                 115 kB: vold (pid 736)
                 115 kB: FileDesc_server (pid 749)
                 108 kB: healthd (pid 733)
                  77 kB: coocaa_guard (pid 752)
                  72 kB: ueventd (pid 512)
                  52 kB: servicemanager (pid 735)
                  48 kB: RootApp (pid 1130)
                  41 kB: logwrapper (pid 1126)
                  40 kB: drmserver (pid 745)
                  40 kB: busybox (pid 1636)
                  31 kB: VirtualEvent (pid 1246)
                  30 kB: keypad (pid 739)
                  26 kB: hardwared (pid 737)
                  16 kB: sh (pid 1682)
                  10 kB: installd (pid 747)
                  10 kB: dhcpcd (pid 1846)
                   8 kB: debuggerd (pid 741)
                   7 kB: smobsd (pid 1249)
    20353 kB: System
               20353 kB: system (pid 1347)
     5951 kB: Persistent
                3064 kB: com.skyworth.android.skyRMService (pid 1584)
                2887 kB: com.dunn.instrument (pid 1575)
   137476 kB: Foreground
              103351 kB: com.ccos.tv.homepage (pid 13233 / activities)
               11379 kB: com.tianci.system (pid 1595)
               10966 kB: com.tianci.de (pid 2849)
                7799 kB: com.tianci.push (pid 1736)
                3006 kB: com.coocaa.os.softsettings.provider (pid 1876)
                 975 kB: android.process.media (pid 3037)
    75816 kB: Visible
               64204 kB: com.tianci.movieplatform (pid 2896)
               11612 kB: com.coocaa.os.ccosservice (pid 2474)
    12384 kB: A Services
               12384 kB: com.tianci.movieplatform:daemon (pid 4955)
     7310 kB: B Services
                7310 kB: com.coocaa.sysreport (pid 3951)
     4575 kB: Cached
                4575 kB: com.coocaa.messageprovider (pid 13488)

Total PSS by category:
    72208 kB: Dalvik
    60666 kB: Unknown
    51259 kB: Dalvik Other
    22732 kB: Ashmem
    22429 kB: .dex mmap
    18721 kB: Other dev
    15897 kB: .so mmap
    12500 kB: Native
     3768 kB: Stack
     1711 kB: Other mmap
      952 kB: .apk mmap
      793 kB: .ttf mmap
        0 kB: Cursor
        0 kB: .jar mmap
        0 kB: code mmap
        0 kB: image mmap
        0 kB: Graphics
        0 kB: GL
        0 kB: Memtrack

Total RAM: 463128 kB
 Free RAM: 86395 kB (4575 cached pss + 56388 cached + 25432 free)
 Used RAM: 301929 kB (279061 used pss + 544 buffers + 52 shmem + 22272 slab)
 Lost RAM: 74804 kB
     ZRAM: 16320 kB physical used for 44016 kB in swap (98300 kB total swap)
   Tuning: 48 (large 128), oom 108462 kB, restore limit 36154 kB (low-ram)
Applications Memory Usage (kB):
Uptime: 1033382 Realtime: 1033382

Total PSS by process:
   106449 kB: com.ccos.tv.homepage (pid 13233 / activities)
    64204 kB: com.tianci.movieplatform (pid 2896)
    20502 kB: system (pid 1347)
    12384 kB: com.tianci.movieplatform:daemon (pid 4955)
    12114 kB: mediaserver (pid 746)
    11587 kB: com.coocaa.os.ccosservice (pid 2474)
    11373 kB: com.tianci.system (pid 1595)
    10966 kB: com.tianci.de (pid 2849)
     7799 kB: com.tianci.push (pid 1736)
     7310 kB: com.coocaa.sysreport (pid 3951)
     4575 kB: com.coocaa.messageprovider (pid 13488)
     3064 kB: com.skyworth.android.skyRMService (pid 1584)
     3006 kB: com.coocaa.os.softsettings.provider (pid 1876)
     2887 kB: com.dunn.instrument (pid 1575)
     1199 kB: zygote (pid 743)
     1098 kB: logcat (pid 2014)
      975 kB: android.process.media (pid 3037)
      918 kB: surfaceflinger (pid 742)
      859 kB: TvServer (pid 1149)
      640 kB: app_process (pid 1775)
      413 kB: wpa_supplicant (pid 1503)
      369 kB: sdcard (pid 756)
      250 kB: netd (pid 740)
      231 kB: /init (pid 1)
      204 kB: adbd (pid 1439)
      177 kB: keystore (pid 748)
      176 kB: sh (pid 734)
      115 kB: vold (pid 736)
      115 kB: FileDesc_server (pid 749)
      108 kB: healthd (pid 733)
       77 kB: coocaa_guard (pid 752)
       72 kB: ueventd (pid 512)
       52 kB: servicemanager (pid 735)
       48 kB: RootApp (pid 1130)
       41 kB: logwrapper (pid 1126)
       40 kB: drmserver (pid 745)
       40 kB: busybox (pid 1636)
       31 kB: VirtualEvent (pid 1246)
       30 kB: keypad (pid 739)
       26 kB: hardwared (pid 737)
       16 kB: sh (pid 1682)
       10 kB: installd (pid 747)
       10 kB: dhcpcd (pid 1846)
        8 kB: debuggerd (pid 741)
        7 kB: smobsd (pid 1249)
        0 kB: dumpsys (pid 14212)

Total PSS by OOM adjustment:
    19494 kB: Native
               12114 kB: mediaserver (pid 746)
                1199 kB: zygote (pid 743)
                1098 kB: logcat (pid 2014)
                 918 kB: surfaceflinger (pid 742)
                 859 kB: TvServer (pid 1149)
                 640 kB: app_process (pid 1775)
                 413 kB: wpa_supplicant (pid 1503)
                 369 kB: sdcard (pid 756)
                 250 kB: netd (pid 740)
                 231 kB: /init (pid 1)
                 204 kB: adbd (pid 1439)
                 177 kB: keystore (pid 748)
                 176 kB: sh (pid 734)
                 115 kB: vold (pid 736)
                 115 kB: FileDesc_server (pid 749)
                 108 kB: healthd (pid 733)
                  77 kB: coocaa_guard (pid 752)
                  72 kB: ueventd (pid 512)
                  52 kB: servicemanager (pid 735)
                  48 kB: RootApp (pid 1130)
                  41 kB: logwrapper (pid 1126)
                  40 kB: drmserver (pid 745)
                  40 kB: busybox (pid 1636)
                  31 kB: VirtualEvent (pid 1246)
                  30 kB: keypad (pid 739)
                  26 kB: hardwared (pid 737)
                  16 kB: sh (pid 1682)
                  10 kB: installd (pid 747)
                  10 kB: dhcpcd (pid 1846)
                   8 kB: debuggerd (pid 741)
                   7 kB: smobsd (pid 1249)
                   0 kB: dumpsys (pid 14212)
    20502 kB: System
               20502 kB: system (pid 1347)
     5951 kB: Persistent
                3064 kB: com.skyworth.android.skyRMService (pid 1584)
                2887 kB: com.dunn.instrument (pid 1575)
   140568 kB: Foreground
              106449 kB: com.ccos.tv.homepage (pid 13233 / activities)
               11373 kB: com.tianci.system (pid 1595)
               10966 kB: com.tianci.de (pid 2849)
                7799 kB: com.tianci.push (pid 1736)
                3006 kB: com.coocaa.os.softsettings.provider (pid 1876)
                 975 kB: android.process.media (pid 3037)
    75791 kB: Visible
               64204 kB: com.tianci.movieplatform (pid 2896)
               11587 kB: com.coocaa.os.ccosservice (pid 2474)
    12384 kB: A Services
               12384 kB: com.tianci.movieplatform:daemon (pid 4955)
     7310 kB: B Services
                7310 kB: com.coocaa.sysreport (pid 3951)
     4575 kB: Cached
                4575 kB: com.coocaa.messageprovider (pid 13488)

Total PSS by category:
    72512 kB: Dalvik
    62818 kB: Unknown
    51271 kB: Dalvik Other
    22624 kB: Ashmem
    22341 kB: .dex mmap
    19953 kB: Other dev
    15321 kB: .so mmap
    12496 kB: Native
     3760 kB: Stack
     1706 kB: Other mmap
      968 kB: .apk mmap
      805 kB: .ttf mmap
        0 kB: Cursor
        0 kB: .jar mmap
        0 kB: code mmap
        0 kB: image mmap
        0 kB: Graphics
        0 kB: GL
        0 kB: Memtrack

Total RAM: 463128 kB
 Free RAM: 85135 kB (4575 cached pss + 57068 cached + 23492 free)
 Used RAM: 304856 kB (282000 used pss + 520 buffers + 52 shmem + 22284 slab)
 Lost RAM: 73137 kB
     ZRAM: 16484 kB physical used for 44180 kB in swap (98300 kB total swap)
   Tuning: 48 (large 128), oom 108462 kB, restore limit 36154 kB (low-ram)
Applications Memory Usage (kB):
Uptime: 1036519 Realtime: 1036519

Total PSS by process:
   109500 kB: com.ccos.tv.homepage (pid 13233 / activities)
    64246 kB: com.tianci.movieplatform (pid 2896)
    17146 kB: system (pid 1347)
    12375 kB: com.tianci.movieplatform:daemon (pid 4955)
    12114 kB: mediaserver (pid 746)
    11900 kB: com.tianci.system (pid 1595)
    11605 kB: com.coocaa.os.ccosservice (pid 2474)
    10966 kB: com.tianci.de (pid 2849)
     7799 kB: com.tianci.push (pid 1736)
     7310 kB: com.coocaa.sysreport (pid 3951)
     4571 kB: com.coocaa.messageprovider (pid 13488)
     3096 kB: com.skyworth.android.skyRMService (pid 1584)
     3006 kB: com.coocaa.os.softsettings.provider (pid 1876)
     2887 kB: com.dunn.instrument (pid 1575)
     1199 kB: zygote (pid 743)
     1098 kB: logcat (pid 2014)
      975 kB: android.process.media (pid 3037)
      918 kB: surfaceflinger (pid 742)
      859 kB: TvServer (pid 1149)
      640 kB: app_process (pid 1775)
      413 kB: wpa_supplicant (pid 1503)
      369 kB: sdcard (pid 756)
      277 kB: dumpsys (pid 14325)
      250 kB: netd (pid 740)
      231 kB: /init (pid 1)
      204 kB: adbd (pid 1439)
      177 kB: keystore (pid 748)
      176 kB: sh (pid 734)
      115 kB: vold (pid 736)
      115 kB: FileDesc_server (pid 749)
      108 kB: healthd (pid 733)
       77 kB: coocaa_guard (pid 752)
       72 kB: ueventd (pid 512)
       52 kB: servicemanager (pid 735)
       48 kB: RootApp (pid 1130)
       41 kB: logwrapper (pid 1126)
       40 kB: drmserver (pid 745)
       40 kB: busybox (pid 1636)
       31 kB: VirtualEvent (pid 1246)
       30 kB: keypad (pid 739)
       26 kB: hardwared (pid 737)
       16 kB: sh (pid 1682)
       10 kB: installd (pid 747)
       10 kB: dhcpcd (pid 1846)
        8 kB: debuggerd (pid 741)
        7 kB: smobsd (pid 1249)

Total PSS by OOM adjustment:
    19771 kB: Native
               12114 kB: mediaserver (pid 746)
                1199 kB: zygote (pid 743)
                1098 kB: logcat (pid 2014)
                 918 kB: surfaceflinger (pid 742)
                 859 kB: TvServer (pid 1149)
                 640 kB: app_process (pid 1775)
                 413 kB: wpa_supplicant (pid 1503)
                 369 kB: sdcard (pid 756)
                 277 kB: dumpsys (pid 14325)
                 250 kB: netd (pid 740)
                 231 kB: /init (pid 1)
                 204 kB: adbd (pid 1439)
                 177 kB: keystore (pid 748)
                 176 kB: sh (pid 734)
                 115 kB: vold (pid 736)
                 115 kB: FileDesc_server (pid 749)
                 108 kB: healthd (pid 733)
                  77 kB: coocaa_guard (pid 752)
                  72 kB: ueventd (pid 512)
                  52 kB: servicemanager (pid 735)
                  48 kB: RootApp (pid 1130)
                  41 kB: logwrapper (pid 1126)
                  40 kB: drmserver (pid 745)
                  40 kB: busybox (pid 1636)
                  31 kB: VirtualEvent (pid 1246)
                  30 kB: keypad (pid 739)
                  26 kB: hardwared (pid 737)
                  16 kB: sh (pid 1682)
                  10 kB: installd (pid 747)
                  10 kB: dhcpcd (pid 1846)
                   8 kB: debuggerd (pid 741)
                   7 kB: smobsd (pid 1249)
    17146 kB: System
               17146 kB: system (pid 1347)
     5983 kB: Persistent
                3096 kB: com.skyworth.android.skyRMService (pid 1584)
                2887 kB: com.dunn.instrument (pid 1575)
   144146 kB: Foreground
              109500 kB: com.ccos.tv.homepage (pid 13233 / activities)
               11900 kB: com.tianci.system (pid 1595)
               10966 kB: com.tianci.de (pid 2849)
                7799 kB: com.tianci.push (pid 1736)
                3006 kB: com.coocaa.os.softsettings.provider (pid 1876)
                 975 kB: android.process.media (pid 3037)
    75851 kB: Visible
               64246 kB: com.tianci.movieplatform (pid 2896)
               11605 kB: com.coocaa.os.ccosservice (pid 2474)
    12375 kB: A Services
               12375 kB: com.tianci.movieplatform:daemon (pid 4955)
     7310 kB: B Services
                7310 kB: com.coocaa.sysreport (pid 3951)
     4571 kB: Cached
                4571 kB: com.coocaa.messageprovider (pid 13488)

Total PSS by category:
    69256 kB: Dalvik
    62570 kB: Unknown
    51275 kB: Dalvik Other
    23813 kB: Other dev
    22926 kB: .dex mmap
    21620 kB: Ashmem
    15901 kB: .so mmap
    12500 kB: Native
     3784 kB: Stack
     1747 kB: Other mmap
      964 kB: .apk mmap
      797 kB: .ttf mmap
        0 kB: Cursor
        0 kB: .jar mmap
        0 kB: code mmap
        0 kB: image mmap
        0 kB: Graphics
        0 kB: GL
        0 kB: Memtrack

Total RAM: 463128 kB
 Free RAM: 90951 kB (4571 cached pss + 61932 cached + 24448 free)
 Used RAM: 305490 kB (282582 used pss + 536 buffers + 52 shmem + 22320 slab)
 Lost RAM: 66687 kB
     ZRAM: 16484 kB physical used for 44180 kB in swap (98300 kB total swap)
   Tuning: 48 (large 128), oom 108462 kB, restore limit 36154 kB (low-ram)
Applications Memory Usage (kB):
Uptime: 1039339 Realtime: 1039339

Total PSS by process:
   104695 kB: com.ccos.tv.homepage (pid 13233 / activities)
    62713 kB: com.tianci.movieplatform (pid 2896)
    16098 kB: system (pid 1347)
    11827 kB: com.tianci.system (pid 1595)
    11492 kB: com.coocaa.os.ccosservice (pid 2474)
    11354 kB: mediaserver (pid 746)
    11113 kB: com.tianci.movieplatform:daemon (pid 4955)
    10865 kB: com.tianci.de (pid 2849)
     7743 kB: com.tianci.push (pid 1736)
     7206 kB: com.coocaa.sysreport (pid 3951)
     4181 kB: com.coocaa.messageprovider (pid 13488)
     3089 kB: com.skyworth.android.skyRMService (pid 1584)
     2960 kB: com.coocaa.os.softsettings.provider (pid 1876)
     2874 kB: com.dunn.instrument (pid 1575)
     1123 kB: zygote (pid 743)
     1098 kB: logcat (pid 2014)
      966 kB: surfaceflinger (pid 742)
      955 kB: android.process.media (pid 3037)
      835 kB: TvServer (pid 1149)
      575 kB: app_process (pid 1775)
      404 kB: wpa_supplicant (pid 1503)
      369 kB: sdcard (pid 756)
      245 kB: netd (pid 740)
      231 kB: /init (pid 1)
      204 kB: adbd (pid 1439)
      169 kB: keystore (pid 748)
      131 kB: sh (pid 734)
      108 kB: healthd (pid 733)
      103 kB: FileDesc_server (pid 749)
       82 kB: vold (pid 736)
       77 kB: coocaa_guard (pid 752)
       72 kB: ueventd (pid 512)
       52 kB: servicemanager (pid 735)
       48 kB: RootApp (pid 1130)
       40 kB: busybox (pid 1636)
       37 kB: logwrapper (pid 1126)
       31 kB: VirtualEvent (pid 1246)
       30 kB: keypad (pid 739)
       27 kB: drmserver (pid 745)
       21 kB: hardwared (pid 737)
       16 kB: sh (pid 1682)
       10 kB: installd (pid 747)
       10 kB: dhcpcd (pid 1846)
        8 kB: debuggerd (pid 741)
        7 kB: smobsd (pid 1249)
        0 kB: dumpsys (pid 14325)

Total PSS by OOM adjustment:
    18483 kB: Native
               11354 kB: mediaserver (pid 746)
                1123 kB: zygote (pid 743)
                1098 kB: logcat (pid 2014)
                 966 kB: surfaceflinger (pid 742)
                 835 kB: TvServer (pid 1149)
                 575 kB: app_process (pid 1775)
                 404 kB: wpa_supplicant (pid 1503)
                 369 kB: sdcard (pid 756)
                 245 kB: netd (pid 740)
                 231 kB: /init (pid 1)
                 204 kB: adbd (pid 1439)
                 169 kB: keystore (pid 748)
                 131 kB: sh (pid 734)
                 108 kB: healthd (pid 733)
                 103 kB: FileDesc_server (pid 749)
                  82 kB: vold (pid 736)
                  77 kB: coocaa_guard (pid 752)
                  72 kB: ueventd (pid 512)
                  52 kB: servicemanager (pid 735)
                  48 kB: RootApp (pid 1130)
                  40 kB: busybox (pid 1636)
                  37 kB: logwrapper (pid 1126)
                  31 kB: VirtualEvent (pid 1246)
                  30 kB: keypad (pid 739)
                  27 kB: drmserver (pid 745)
                  21 kB: hardwared (pid 737)
                  16 kB: sh (pid 1682)
                  10 kB: installd (pid 747)
                  10 kB: dhcpcd (pid 1846)
                   8 kB: debuggerd (pid 741)
                   7 kB: smobsd (pid 1249)
                   0 kB: dumpsys (pid 14325)
    16098 kB: System
               16098 kB: system (pid 1347)
     5963 kB: Persistent
                3089 kB: com.skyworth.android.skyRMService (pid 1584)
                2874 kB: com.dunn.instrument (pid 1575)
   139045 kB: Foreground
              104695 kB: com.ccos.tv.homepage (pid 13233 / activities)
               11827 kB: com.tianci.system (pid 1595)
               10865 kB: com.tianci.de (pid 2849)
                7743 kB: com.tianci.push (pid 1736)
                2960 kB: com.coocaa.os.softsettings.provider (pid 1876)
                 955 kB: android.process.media (pid 3037)
    74205 kB: Visible
               62713 kB: com.tianci.movieplatform (pid 2896)
               11492 kB: com.coocaa.os.ccosservice (pid 2474)
    11113 kB: A Services
               11113 kB: com.tianci.movieplatform:daemon (pid 4955)
     7206 kB: B Services
                7206 kB: com.coocaa.sysreport (pid 3951)
     4181 kB: Cached
                4181 kB: com.coocaa.messageprovider (pid 13488)

Total PSS by category:
    67996 kB: Dalvik
    62138 kB: Unknown
    50467 kB: Dalvik Other
    21076 kB: Ashmem
    20980 kB: .dex mmap
    20781 kB: Other dev
    13342 kB: .so mmap
    12496 kB: Native
     3760 kB: Stack
     1633 kB: Other mmap
     1024 kB: .apk mmap
      601 kB: .ttf mmap
        0 kB: Cursor
        0 kB: .jar mmap
        0 kB: code mmap
        0 kB: image mmap
        0 kB: Graphics
        0 kB: GL
        0 kB: Memtrack

Total RAM: 463128 kB
 Free RAM: 87685 kB (4181 cached pss + 52444 cached + 31060 free)
 Used RAM: 295033 kB (272113 used pss + 488 buffers + 52 shmem + 22380 slab)
 Lost RAM: 80410 kB
     ZRAM: 17388 kB physical used for 46760 kB in swap (98300 kB total swap)
   Tuning: 48 (large 128), oom 108462 kB, restore limit 36154 kB (low-ram)
Applications Memory Usage (kB):
Uptime: 1042482 Realtime: 1042482

Total PSS by process:
   106771 kB: com.ccos.tv.homepage (pid 13233 / activities)
    62238 kB: com.tianci.movieplatform (pid 2896)
    16253 kB: system (pid 1347)
    11505 kB: com.tianci.system (pid 1595)
    11484 kB: com.coocaa.os.ccosservice (pid 2474)
    11352 kB: mediaserver (pid 746)
    10861 kB: com.tianci.de (pid 2849)
    10769 kB: com.tianci.movieplatform:daemon (pid 4955)
     7723 kB: com.tianci.push (pid 1736)
     7206 kB: com.coocaa.sysreport (pid 3951)
     4179 kB: com.coocaa.messageprovider (pid 13488)
     3161 kB: com.skyworth.android.skyRMService (pid 1584)
     2908 kB: com.coocaa.os.softsettings.provider (pid 1876)
     2886 kB: com.dunn.instrument (pid 1575)
     1123 kB: zygote (pid 743)
     1098 kB: logcat (pid 2014)
      966 kB: surfaceflinger (pid 742)
      955 kB: android.process.media (pid 3037)
      835 kB: TvServer (pid 1149)
      575 kB: app_process (pid 1775)
      400 kB: wpa_supplicant (pid 1503)
      369 kB: sdcard (pid 756)
      277 kB: dumpsys (pid 14431)
      244 kB: netd (pid 740)
      231 kB: /init (pid 1)
      204 kB: adbd (pid 1439)
      169 kB: keystore (pid 748)
      131 kB: sh (pid 734)
      108 kB: healthd (pid 733)
      103 kB: FileDesc_server (pid 749)
       82 kB: vold (pid 736)
       77 kB: coocaa_guard (pid 752)
       72 kB: ueventd (pid 512)
       52 kB: servicemanager (pid 735)
       48 kB: RootApp (pid 1130)
       40 kB: busybox (pid 1636)
       37 kB: logwrapper (pid 1126)
       31 kB: VirtualEvent (pid 1246)
       29 kB: keypad (pid 739)
       27 kB: drmserver (pid 745)
       21 kB: hardwared (pid 737)
       16 kB: sh (pid 1682)
       10 kB: dhcpcd (pid 1846)
        9 kB: installd (pid 747)
        8 kB: debuggerd (pid 741)
        7 kB: smobsd (pid 1249)
        0 kB: sh (pid 14441)

Total PSS by OOM adjustment:
    18751 kB: Native
               11352 kB: mediaserver (pid 746)
                1123 kB: zygote (pid 743)
                1098 kB: logcat (pid 2014)
                 966 kB: surfaceflinger (pid 742)
                 835 kB: TvServer (pid 1149)
                 575 kB: app_process (pid 1775)
                 400 kB: wpa_supplicant (pid 1503)
                 369 kB: sdcard (pid 756)
                 277 kB: dumpsys (pid 14431)
                 244 kB: netd (pid 740)
                 231 kB: /init (pid 1)
                 204 kB: adbd (pid 1439)
                 169 kB: keystore (pid 748)
                 131 kB: sh (pid 734)
                 108 kB: healthd (pid 733)
                 103 kB: FileDesc_server (pid 749)
                  82 kB: vold (pid 736)
                  77 kB: coocaa_guard (pid 752)
                  72 kB: ueventd (pid 512)
                  52 kB: servicemanager (pid 735)
                  48 kB: RootApp (pid 1130)
                  40 kB: busybox (pid 1636)
                  37 kB: logwrapper (pid 1126)
                  31 kB: VirtualEvent (pid 1246)
                  29 kB: keypad (pid 739)
                  27 kB: drmserver (pid 745)
                  21 kB: hardwared (pid 737)
                  16 kB: sh (pid 1682)
                  10 kB: dhcpcd (pid 1846)
                   9 kB: installd (pid 747)
                   8 kB: debuggerd (pid 741)
                   7 kB: smobsd (pid 1249)
                   0 kB: sh (pid 14441)
    16253 kB: System
               16253 kB: system (pid 1347)
     6047 kB: Persistent
                3161 kB: com.skyworth.android.skyRMService (pid 1584)
                2886 kB: com.dunn.instrument (pid 1575)
   140723 kB: Foreground
              106771 kB: com.ccos.tv.homepage (pid 13233 / activities)
               11505 kB: com.tianci.system (pid 1595)
               10861 kB: com.tianci.de (pid 2849)
                7723 kB: com.tianci.push (pid 1736)
                2908 kB: com.coocaa.os.softsettings.provider (pid 1876)
                 955 kB: android.process.media (pid 3037)
    73722 kB: Visible
               62238 kB: com.tianci.movieplatform (pid 2896)
               11484 kB: com.coocaa.os.ccosservice (pid 2474)
    10769 kB: A Services
               10769 kB: com.tianci.movieplatform:daemon (pid 4955)
     7206 kB: B Services
                7206 kB: com.coocaa.sysreport (pid 3951)
     4179 kB: Cached
                4179 kB: com.coocaa.messageprovider (pid 13488)

Total PSS by category:
    67984 kB: Dalvik
    63070 kB: Unknown
    50151 kB: Dalvik Other
    21560 kB: Ashmem
    21288 kB: Other dev
    20604 kB: .dex mmap
    13554 kB: .so mmap
    12500 kB: Native
     3760 kB: Stack
     1646 kB: Other mmap
      976 kB: .apk mmap
      557 kB: .ttf mmap
        0 kB: Cursor
        0 kB: .jar mmap
        0 kB: code mmap
        0 kB: image mmap
        0 kB: Graphics
        0 kB: GL
        0 kB: Memtrack

Total RAM: 463128 kB
 Free RAM: 89983 kB (4179 cached pss + 50376 cached + 35428 free)
 Used RAM: 296223 kB (273471 used pss + 328 buffers + 52 shmem + 22372 slab)
 Lost RAM: 76922 kB
     ZRAM: 17512 kB physical used for 47516 kB in swap (98300 kB total swap)
   Tuning: 48 (large 128), oom 108462 kB, restore limit 36154 kB (low-ram)
Applications Memory Usage (kB):
Uptime: 1045241 Realtime: 1045241

Total PSS by process:
   103186 kB: com.ccos.tv.homepage (pid 13233 / activities)
    62238 kB: com.tianci.movieplatform (pid 2896)
    16451 kB: system (pid 1347)
    11497 kB: com.tianci.system (pid 1595)
    11480 kB: com.coocaa.os.ccosservice (pid 2474)
    11358 kB: mediaserver (pid 746)
    10857 kB: com.tianci.de (pid 2849)
    10769 kB: com.tianci.movieplatform:daemon (pid 4955)
     7723 kB: com.tianci.push (pid 1736)
     7206 kB: com.coocaa.sysreport (pid 3951)
     4179 kB: com.coocaa.messageprovider (pid 13488)
     3161 kB: com.skyworth.android.skyRMService (pid 1584)
     2908 kB: com.coocaa.os.softsettings.provider (pid 1876)
     2886 kB: com.dunn.instrument (pid 1575)
     1123 kB: zygote (pid 743)
     1097 kB: logcat (pid 2014)
      966 kB: surfaceflinger (pid 742)
      955 kB: android.process.media (pid 3037)
      835 kB: TvServer (pid 1149)
      575 kB: app_process (pid 1775)
      396 kB: wpa_supplicant (pid 1503)
      369 kB: sdcard (pid 756)
      245 kB: netd (pid 740)
      231 kB: /init (pid 1)
      204 kB: adbd (pid 1439)
      172 kB: sh (pid 734)
      169 kB: keystore (pid 748)
      108 kB: healthd (pid 733)
      103 kB: FileDesc_server (pid 749)
       82 kB: vold (pid 736)
       77 kB: coocaa_guard (pid 752)
       72 kB: ueventd (pid 512)
       52 kB: servicemanager (pid 735)
       48 kB: RootApp (pid 1130)
       40 kB: busybox (pid 1636)
       37 kB: logwrapper (pid 1126)
       31 kB: VirtualEvent (pid 1246)
       30 kB: keypad (pid 739)
       27 kB: drmserver (pid 745)
       22 kB: hardwared (pid 737)
       16 kB: sh (pid 1682)
       10 kB: installd (pid 747)
       10 kB: dhcpcd (pid 1846)
        8 kB: debuggerd (pid 741)
        7 kB: smobsd (pid 1249)
        0 kB: dumpsys (pid 14431)
        0 kB: sh (pid 14441)

Total PSS by OOM adjustment:
    18520 kB: Native
               11358 kB: mediaserver (pid 746)
                1123 kB: zygote (pid 743)
                1097 kB: logcat (pid 2014)
                 966 kB: surfaceflinger (pid 742)
                 835 kB: TvServer (pid 1149)
                 575 kB: app_process (pid 1775)
                 396 kB: wpa_supplicant (pid 1503)
                 369 kB: sdcard (pid 756)
                 245 kB: netd (pid 740)
                 231 kB: /init (pid 1)
                 204 kB: adbd (pid 1439)
                 172 kB: sh (pid 734)
                 169 kB: keystore (pid 748)
                 108 kB: healthd (pid 733)
                 103 kB: FileDesc_server (pid 749)
                  82 kB: vold (pid 736)
                  77 kB: coocaa_guard (pid 752)
                  72 kB: ueventd (pid 512)
                  52 kB: servicemanager (pid 735)
                  48 kB: RootApp (pid 1130)
                  40 kB: busybox (pid 1636)
                  37 kB: logwrapper (pid 1126)
                  31 kB: VirtualEvent (pid 1246)
                  30 kB: keypad (pid 739)
                  27 kB: drmserver (pid 745)
                  22 kB: hardwared (pid 737)
                  16 kB: sh (pid 1682)
                  10 kB: installd (pid 747)
                  10 kB: dhcpcd (pid 1846)
                   8 kB: debuggerd (pid 741)
                   7 kB: smobsd (pid 1249)
                   0 kB: dumpsys (pid 14431)
                   0 kB: sh (pid 14441)
    16451 kB: System
               16451 kB: system (pid 1347)
     6047 kB: Persistent
                3161 kB: com.skyworth.android.skyRMService (pid 1584)
                2886 kB: com.dunn.instrument (pid 1575)
   137126 kB: Foreground
              103186 kB: com.ccos.tv.homepage (pid 13233 / activities)
               11497 kB: com.tianci.system (pid 1595)
               10857 kB: com.tianci.de (pid 2849)
                7723 kB: com.tianci.push (pid 1736)
                2908 kB: com.coocaa.os.softsettings.provider (pid 1876)
                 955 kB: android.process.media (pid 3037)
    73718 kB: Visible
               62238 kB: com.tianci.movieplatform (pid 2896)
               11480 kB: com.coocaa.os.ccosservice (pid 2474)
    10769 kB: A Services
               10769 kB: com.tianci.movieplatform:daemon (pid 4955)
     7206 kB: B Services
                7206 kB: com.coocaa.sysreport (pid 3951)
     4179 kB: Cached
                4179 kB: com.coocaa.messageprovider (pid 13488)

Total PSS by category:
    68324 kB: Dalvik
    63002 kB: Unknown
    50374 kB: Dalvik Other
    21444 kB: Ashmem
    20634 kB: .dex mmap
    17465 kB: Other dev
    13330 kB: .so mmap
    12496 kB: Native
     3752 kB: Stack
     1658 kB: Other mmap
      988 kB: .apk mmap
      549 kB: .ttf mmap
        0 kB: Cursor
        0 kB: .jar mmap
        0 kB: code mmap
        0 kB: image mmap
        0 kB: Graphics
        0 kB: GL
        0 kB: Memtrack

Total RAM: 463128 kB
 Free RAM: 100695 kB (4179 cached pss + 52992 cached + 43524 free)
 Used RAM: 292605 kB (269837 used pss + 336 buffers + 52 shmem + 22380 slab)
 Lost RAM: 69828 kB
     ZRAM: 17512 kB physical used for 47516 kB in swap (98300 kB total swap)
   Tuning: 48 (large 128), oom 108462 kB, restore limit 36154 kB (low-ram)
Applications Memory Usage (kB):
Uptime: 1048328 Realtime: 1048328

Total PSS by process:
    95620 kB: com.ccos.tv.homepage (pid 13233 / activities)
    62234 kB: com.tianci.movieplatform (pid 2896)
    16501 kB: system (pid 1347)
    11497 kB: com.tianci.system (pid 1595)
    11472 kB: com.coocaa.os.ccosservice (pid 2474)
    11358 kB: mediaserver (pid 746)
    10865 kB: com.tianci.de (pid 2849)
    10769 kB: com.tianci.movieplatform:daemon (pid 4955)
     7723 kB: com.tianci.push (pid 1736)
     7206 kB: com.coocaa.sysreport (pid 3951)
     4179 kB: com.coocaa.messageprovider (pid 13488)
     3005 kB: com.skyworth.android.skyRMService (pid 1584)
     2908 kB: com.coocaa.os.softsettings.provider (pid 1876)
     2886 kB: com.dunn.instrument (pid 1575)
     1123 kB: zygote (pid 743)
     1098 kB: logcat (pid 2014)
      966 kB: surfaceflinger (pid 742)
      955 kB: android.process.media (pid 3037)
      835 kB: TvServer (pid 1149)
      575 kB: app_process (pid 1775)
      400 kB: wpa_supplicant (pid 1503)
      369 kB: sdcard (pid 756)
      275 kB: dumpsys (pid 14550)
      245 kB: netd (pid 740)
      231 kB: /init (pid 1)
      208 kB: adbd (pid 1439)
      172 kB: sh (pid 734)
      169 kB: keystore (pid 748)
      108 kB: healthd (pid 733)
      103 kB: FileDesc_server (pid 749)
       82 kB: vold (pid 736)
       77 kB: coocaa_guard (pid 752)
       72 kB: ueventd (pid 512)
       52 kB: servicemanager (pid 735)
       48 kB: RootApp (pid 1130)
       40 kB: busybox (pid 1636)
       37 kB: logwrapper (pid 1126)
       31 kB: VirtualEvent (pid 1246)
       30 kB: keypad (pid 739)
       27 kB: drmserver (pid 745)
       22 kB: hardwared (pid 737)
       16 kB: sh (pid 1682)
       10 kB: installd (pid 747)
       10 kB: dhcpcd (pid 1846)
        8 kB: debuggerd (pid 741)
        7 kB: smobsd (pid 1249)

Total PSS by OOM adjustment:
    18804 kB: Native
               11358 kB: mediaserver (pid 746)
                1123 kB: zygote (pid 743)
                1098 kB: logcat (pid 2014)
                 966 kB: surfaceflinger (pid 742)
                 835 kB: TvServer (pid 1149)
                 575 kB: app_process (pid 1775)
                 400 kB: wpa_supplicant (pid 1503)
                 369 kB: sdcard (pid 756)
                 275 kB: dumpsys (pid 14550)
                 245 kB: netd (pid 740)
                 231 kB: /init (pid 1)
                 208 kB: adbd (pid 1439)
                 172 kB: sh (pid 734)
                 169 kB: keystore (pid 748)
                 108 kB: healthd (pid 733)
                 103 kB: FileDesc_server (pid 749)
                  82 kB: vold (pid 736)
                  77 kB: coocaa_guard (pid 752)
                  72 kB: ueventd (pid 512)
                  52 kB: servicemanager (pid 735)
                  48 kB: RootApp (pid 1130)
                  40 kB: busybox (pid 1636)
                  37 kB: logwrapper (pid 1126)
                  31 kB: VirtualEvent (pid 1246)
                  30 kB: keypad (pid 739)
                  27 kB: drmserver (pid 745)
                  22 kB: hardwared (pid 737)
                  16 kB: sh (pid 1682)
                  10 kB: installd (pid 747)
                  10 kB: dhcpcd (pid 1846)
                   8 kB: debuggerd (pid 741)
                   7 kB: smobsd (pid 1249)
    16501 kB: System
               16501 kB: system (pid 1347)
     5891 kB: Persistent
                3005 kB: com.skyworth.android.skyRMService (pid 1584)
                2886 kB: com.dunn.instrument (pid 1575)
   129568 kB: Foreground
               95620 kB: com.ccos.tv.homepage (pid 13233 / activities)
               11497 kB: com.tianci.system (pid 1595)
               10865 kB: com.tianci.de (pid 2849)
                7723 kB: com.tianci.push (pid 1736)
                2908 kB: com.coocaa.os.softsettings.provider (pid 1876)
                 955 kB: android.process.media (pid 3037)
    73706 kB: Visible
               62234 kB: com.tianci.movieplatform (pid 2896)
               11472 kB: com.coocaa.os.ccosservice (pid 2474)
    10769 kB: A Services
               10769 kB: com.tianci.movieplatform:daemon (pid 4955)
     7206 kB: B Services
                7206 kB: com.coocaa.sysreport (pid 3951)
     4179 kB: Cached
                4179 kB: com.coocaa.messageprovider (pid 13488)

Total PSS by category:
    68268 kB: Dalvik
    61014 kB: Unknown
    50154 kB: Dalvik Other
    21996 kB: Ashmem
    20626 kB: .dex mmap
    13217 kB: .so mmap
    12500 kB: Native
    11873 kB: Other dev
     3756 kB: Stack
     1683 kB: Other mmap
      996 kB: .apk mmap
      541 kB: .ttf mmap
        0 kB: Cursor
        0 kB: .jar mmap
        0 kB: code mmap
        0 kB: image mmap
        0 kB: Graphics
        0 kB: GL
        0 kB: Memtrack

Total RAM: 463128 kB
 Free RAM: 96039 kB (4179 cached pss + 54216 cached + 37644 free)
 Used RAM: 285225 kB (262445 used pss + 348 buffers + 52 shmem + 22380 slab)
 Lost RAM: 81864 kB
     ZRAM: 17512 kB physical used for 47516 kB in swap (98300 kB total swap)
   Tuning: 48 (large 128), oom 108462 kB, restore limit 36154 kB (low-ram)
Applications Memory Usage (kB):
Uptime: 1051311 Realtime: 1051311

Total PSS by process:
   102764 kB: com.ccos.tv.homepage (pid 13233 / activities)
    62265 kB: com.tianci.movieplatform (pid 2896)
    16124 kB: system (pid 1347)
    11533 kB: com.tianci.system (pid 1595)
    11479 kB: com.coocaa.os.ccosservice (pid 2474)
    11361 kB: com.tianci.de (pid 2849)
    11358 kB: mediaserver (pid 746)
    10765 kB: com.tianci.movieplatform:daemon (pid 4955)
     7706 kB: com.tianci.push (pid 1736)
     7206 kB: com.coocaa.sysreport (pid 3951)
     4179 kB: com.coocaa.messageprovider (pid 13488)
     3005 kB: com.skyworth.android.skyRMService (pid 1584)
     2908 kB: com.coocaa.os.softsettings.provider (pid 1876)
     2898 kB: com.dunn.instrument (pid 1575)
     1214 kB: logcat (pid 2014)
     1123 kB: zygote (pid 743)
      966 kB: surfaceflinger (pid 742)
      955 kB: android.process.media (pid 3037)
      835 kB: TvServer (pid 1149)
      575 kB: app_process (pid 1775)
      404 kB: wpa_supplicant (pid 1503)
      369 kB: sdcard (pid 756)
      245 kB: netd (pid 740)
      231 kB: /init (pid 1)
      208 kB: adbd (pid 1439)
      169 kB: keystore (pid 748)
      168 kB: sh (pid 734)
      108 kB: healthd (pid 733)
      103 kB: FileDesc_server (pid 749)
       82 kB: vold (pid 736)
       77 kB: coocaa_guard (pid 752)
       72 kB: ueventd (pid 512)
       52 kB: servicemanager (pid 735)
       48 kB: RootApp (pid 1130)
       40 kB: busybox (pid 1636)
       37 kB: logwrapper (pid 1126)
       31 kB: VirtualEvent (pid 1246)
       30 kB: keypad (pid 739)
       27 kB: drmserver (pid 745)
       22 kB: hardwared (pid 737)
       16 kB: sh (pid 1682)
       10 kB: installd (pid 747)
       10 kB: dhcpcd (pid 1846)
        8 kB: debuggerd (pid 741)
        7 kB: smobsd (pid 1249)
        0 kB: dumpsys (pid 14550)

Total PSS by OOM adjustment:
    18645 kB: Native
               11358 kB: mediaserver (pid 746)
                1214 kB: logcat (pid 2014)
                1123 kB: zygote (pid 743)
                 966 kB: surfaceflinger (pid 742)
                 835 kB: TvServer (pid 1149)
                 575 kB: app_process (pid 1775)
                 404 kB: wpa_supplicant (pid 1503)
                 369 kB: sdcard (pid 756)
                 245 kB: netd (pid 740)
                 231 kB: /init (pid 1)
                 208 kB: adbd (pid 1439)
                 169 kB: keystore (pid 748)
                 168 kB: sh (pid 734)
                 108 kB: healthd (pid 733)
                 103 kB: FileDesc_server (pid 749)
                  82 kB: vold (pid 736)
                  77 kB: coocaa_guard (pid 752)
                  72 kB: ueventd (pid 512)
                  52 kB: servicemanager (pid 735)
                  48 kB: RootApp (pid 1130)
                  40 kB: busybox (pid 1636)
                  37 kB: logwrapper (pid 1126)
                  31 kB: VirtualEvent (pid 1246)
                  30 kB: keypad (pid 739)
                  27 kB: drmserver (pid 745)
                  22 kB: hardwared (pid 737)
                  16 kB: sh (pid 1682)
                  10 kB: installd (pid 747)
                  10 kB: dhcpcd (pid 1846)
                   8 kB: debuggerd (pid 741)
                   7 kB: smobsd (pid 1249)
                   0 kB: dumpsys (pid 14550)
    16124 kB: System
               16124 kB: system (pid 1347)
     5903 kB: Persistent
                3005 kB: com.skyworth.android.skyRMService (pid 1584)
                2898 kB: com.dunn.instrument (pid 1575)
   137227 kB: Foreground
              102764 kB: com.ccos.tv.homepage (pid 13233 / activities)
               11533 kB: com.tianci.system (pid 1595)
               11361 kB: com.tianci.de (pid 2849)
                7706 kB: com.tianci.push (pid 1736)
                2908 kB: com.coocaa.os.softsettings.provider (pid 1876)
                 955 kB: android.process.media (pid 3037)
    73744 kB: Visible
               62265 kB: com.tianci.movieplatform (pid 2896)
               11479 kB: com.coocaa.os.ccosservice (pid 2474)
    10765 kB: A Services
               10765 kB: com.tianci.movieplatform:daemon (pid 4955)
     7206 kB: B Services
                7206 kB: com.coocaa.sysreport (pid 3951)
     4179 kB: Cached
                4179 kB: com.coocaa.messageprovider (pid 13488)

Total PSS by category:
    67900 kB: Dalvik
    62206 kB: Unknown
    50498 kB: Dalvik Other
    21916 kB: Ashmem
    21114 kB: .dex mmap
    17213 kB: Other dev
    13363 kB: .so mmap
    12612 kB: Native
     3756 kB: Stack
     1666 kB: Other mmap
     1008 kB: .apk mmap
      541 kB: .ttf mmap
        0 kB: Cursor
        0 kB: .jar mmap
        0 kB: code mmap
        0 kB: image mmap
        0 kB: Graphics
        0 kB: GL
        0 kB: Memtrack

Total RAM: 463128 kB
 Free RAM: 92663 kB (4179 cached pss + 57456 cached + 31028 free)
 Used RAM: 292426 kB (269614 used pss + 348 buffers + 52 shmem + 22412 slab)
 Lost RAM: 78039 kB
     ZRAM: 17512 kB physical used for 47516 kB in swap (98300 kB total swap)
   Tuning: 48 (large 128), oom 108462 kB, restore limit 36154 kB (low-ram)
Applications Memory Usage (kB):
Uptime: 1054155 Realtime: 1054155

Total PSS by process:
   105584 kB: com.ccos.tv.homepage (pid 13233 / activities)
    62337 kB: com.tianci.movieplatform (pid 2896)
    16308 kB: system (pid 1347)
    11521 kB: com.tianci.system (pid 1595)
    11503 kB: com.coocaa.os.ccosservice (pid 2474)
    11358 kB: mediaserver (pid 746)
    11097 kB: com.tianci.de (pid 2849)
    10776 kB: com.tianci.movieplatform:daemon (pid 4955)
     7706 kB: com.tianci.push (pid 1736)
     7206 kB: com.coocaa.sysreport (pid 3951)
     4179 kB: com.coocaa.messageprovider (pid 13488)
     3005 kB: com.skyworth.android.skyRMService (pid 1584)
     2908 kB: com.coocaa.os.softsettings.provider (pid 1876)
     2898 kB: com.dunn.instrument (pid 1575)
     1214 kB: logcat (pid 2014)
     1123 kB: zygote (pid 743)
      966 kB: surfaceflinger (pid 742)
      955 kB: android.process.media (pid 3037)
      835 kB: TvServer (pid 1149)
      575 kB: app_process (pid 1775)
      404 kB: wpa_supplicant (pid 1503)
      369 kB: sdcard (pid 756)
      277 kB: dumpsys (pid 14708)
      245 kB: netd (pid 740)
      231 kB: /init (pid 1)
      204 kB: adbd (pid 1439)
      169 kB: keystore (pid 748)
      168 kB: sh (pid 734)
      108 kB: healthd (pid 733)
      103 kB: FileDesc_server (pid 749)
       82 kB: vold (pid 736)
       77 kB: coocaa_guard (pid 752)
       72 kB: ueventd (pid 512)
       52 kB: servicemanager (pid 735)
       48 kB: RootApp (pid 1130)
       40 kB: busybox (pid 1636)
       37 kB: logwrapper (pid 1126)
       31 kB: VirtualEvent (pid 1246)
       30 kB: keypad (pid 739)
       27 kB: drmserver (pid 745)
       22 kB: hardwared (pid 737)
       16 kB: sh (pid 1682)
       10 kB: installd (pid 747)
       10 kB: dhcpcd (pid 1846)
        8 kB: debuggerd (pid 741)
        7 kB: smobsd (pid 1249)

Total PSS by OOM adjustment:
    18918 kB: Native
               11358 kB: mediaserver (pid 746)
                1214 kB: logcat (pid 2014)
                1123 kB: zygote (pid 743)
                 966 kB: surfaceflinger (pid 742)
                 835 kB: TvServer (pid 1149)
                 575 kB: app_process (pid 1775)
                 404 kB: wpa_supplicant (pid 1503)
                 369 kB: sdcard (pid 756)
                 277 kB: dumpsys (pid 14708)
                 245 kB: netd (pid 740)
                 231 kB: /init (pid 1)
                 204 kB: adbd (pid 1439)
                 169 kB: keystore (pid 748)
                 168 kB: sh (pid 734)
                 108 kB: healthd (pid 733)
                 103 kB: FileDesc_server (pid 749)
                  82 kB: vold (pid 736)
                  77 kB: coocaa_guard (pid 752)
                  72 kB: ueventd (pid 512)
                  52 kB: servicemanager (pid 735)
                  48 kB: RootApp (pid 1130)
                  40 kB: busybox (pid 1636)
                  37 kB: logwrapper (pid 1126)
                  31 kB: VirtualEvent (pid 1246)
                  30 kB: keypad (pid 739)
                  27 kB: drmserver (pid 745)
                  22 kB: hardwared (pid 737)
                  16 kB: sh (pid 1682)
                  10 kB: installd (pid 747)
                  10 kB: dhcpcd (pid 1846)
                   8 kB: debuggerd (pid 741)
                   7 kB: smobsd (pid 1249)
    16308 kB: System
               16308 kB: system (pid 1347)
     5903 kB: Persistent
                3005 kB: com.skyworth.android.skyRMService (pid 1584)
                2898 kB: com.dunn.instrument (pid 1575)
   139771 kB: Foreground
              105584 kB: com.ccos.tv.homepage (pid 13233 / activities)
               11521 kB: com.tianci.system (pid 1595)
               11097 kB: com.tianci.de (pid 2849)
                7706 kB: com.tianci.push (pid 1736)
                2908 kB: com.coocaa.os.softsettings.provider (pid 1876)
                 955 kB: android.process.media (pid 3037)
    73840 kB: Visible
               62337 kB: com.tianci.movieplatform (pid 2896)
               11503 kB: com.coocaa.os.ccosservice (pid 2474)
    10776 kB: A Services
               10776 kB: com.tianci.movieplatform:daemon (pid 4955)
     7206 kB: B Services
                7206 kB: com.coocaa.sysreport (pid 3951)
     4179 kB: Cached
                4179 kB: com.coocaa.messageprovider (pid 13488)

Total PSS by category:
    68084 kB: Dalvik
    60902 kB: Unknown
    50154 kB: Dalvik Other
    23604 kB: Ashmem
    20853 kB: .dex mmap
    19993 kB: Other dev
    13667 kB: .so mmap
    12616 kB: Native
     3796 kB: Stack
     1687 kB: Other mmap
     1004 kB: .apk mmap
      541 kB: .ttf mmap
        0 kB: Cursor
        0 kB: .jar mmap
        0 kB: code mmap
        0 kB: image mmap
        0 kB: Graphics
        0 kB: GL
        0 kB: Memtrack

Total RAM: 463128 kB
 Free RAM: 86275 kB (4179 cached pss + 56304 cached + 25792 free)
 Used RAM: 295546 kB (272722 used pss + 356 buffers + 52 shmem + 22416 slab)
 Lost RAM: 81307 kB
     ZRAM: 17512 kB physical used for 47516 kB in swap (98300 kB total swap)
   Tuning: 48 (large 128), oom 108462 kB, restore limit 36154 kB (low-ram)
Applications Memory Usage (kB):
Uptime: 1057022 Realtime: 1057022

Total PSS by process:
   112897 kB: com.ccos.tv.homepage (pid 13233 / activities)
    62337 kB: com.tianci.movieplatform (pid 2896)
    16448 kB: system (pid 1347)
    11520 kB: com.tianci.system (pid 1595)
    11502 kB: com.coocaa.os.ccosservice (pid 2474)
    11358 kB: mediaserver (pid 746)
    11005 kB: com.tianci.de (pid 2849)
    10776 kB: com.tianci.movieplatform:daemon (pid 4955)
     7706 kB: com.tianci.push (pid 1736)
     7206 kB: com.coocaa.sysreport (pid 3951)
     4177 kB: com.coocaa.messageprovider (pid 13488)
     3005 kB: com.skyworth.android.skyRMService (pid 1584)
     2908 kB: com.coocaa.os.softsettings.provider (pid 1876)
     2898 kB: com.dunn.instrument (pid 1575)
     1214 kB: logcat (pid 2014)
     1123 kB: zygote (pid 743)
      970 kB: surfaceflinger (pid 742)
      955 kB: android.process.media (pid 3037)
      835 kB: TvServer (pid 1149)
      575 kB: app_process (pid 1775)
      404 kB: wpa_supplicant (pid 1503)
      369 kB: sdcard (pid 756)
      245 kB: netd (pid 740)
      231 kB: /init (pid 1)
      204 kB: adbd (pid 1439)
      169 kB: keystore (pid 748)
      168 kB: sh (pid 734)
      108 kB: healthd (pid 733)
      103 kB: FileDesc_server (pid 749)
       82 kB: vold (pid 736)
       77 kB: coocaa_guard (pid 752)
       72 kB: ueventd (pid 512)
       52 kB: servicemanager (pid 735)
       48 kB: RootApp (pid 1130)
       40 kB: busybox (pid 1636)
       37 kB: logwrapper (pid 1126)
       31 kB: VirtualEvent (pid 1246)
       30 kB: keypad (pid 739)
       27 kB: drmserver (pid 745)
       22 kB: hardwared (pid 737)
       16 kB: sh (pid 1682)
       10 kB: installd (pid 747)
       10 kB: dhcpcd (pid 1846)
        8 kB: debuggerd (pid 741)
        7 kB: smobsd (pid 1249)
        0 kB: dumpsys (pid 14708)

Total PSS by OOM adjustment:
    18645 kB: Native
               11358 kB: mediaserver (pid 746)
                1214 kB: logcat (pid 2014)
                1123 kB: zygote (pid 743)
