Applications Memory Usage (kB):
Uptime: 2338016 Realtime: 2338016

Total PSS by process:
    77788 kB: com.tianci.movieplatform (pid 12501 / activities)
    17189 kB: system (pid 1351)
    16517 kB: com.coocaa.os.ccosservice (pid 1834)
    12648 kB: com.tianci.system (pid 1618)
    10793 kB: mediaserver (pid 746)
    10323 kB: com.tianci.de (pid 1959)
     7299 kB: com.tianci.push (pid 1869)
     6735 kB: com.dunn.instrument (pid 8000)
     5079 kB: com.coocaa.os.softsettings.provider (pid 2032)
     3117 kB: com.skyworth.android.skyRMService (pid 1609)
     2906 kB: android.process.media (pid 2242)
     1008 kB: zygote (pid 744)
      987 kB: logcat (pid 2086)
      960 kB: surfaceflinger (pid 743)
      733 kB: TvServer (pid 890)
      385 kB: wpa_supplicant (pid 1519)
      358 kB: sdcard (pid 753)
      345 kB: app_process (pid 8117)
      324 kB: dumpsys (pid 657)
      270 kB: netd (pid 741)
      231 kB: /init (pid 1)
      196 kB: adbd (pid 1409)
      108 kB: healthd (pid 733)
       85 kB: FileDesc_server (pid 749)
       75 kB: coocaa_guard (pid 752)
       72 kB: ueventd (pid 512)
       49 kB: servicemanager (pid 735)
       48 kB: RootApp (pid 878)
       40 kB: busybox (pid 1690)
       33 kB: logwrapper (pid 855)
       24 kB: keypad (pid 740)
       24 kB: VirtualEvent (pid 1250)
        8 kB: drmserver (pid 745)
        8 kB: keystore (pid 748)
        7 kB: vold (pid 736)
        7 kB: debuggerd (pid 742)
        6 kB: sh (pid 734)
        4 kB: hardwared (pid 738)
        4 kB: installd (pid 747)
        4 kB: smobsd (pid 1264)
        4 kB: dhcpcd (pid 1744)
        4 kB: sh (pid 8065)

Total PSS by OOM adjustment:
    17204 kB: Native
               10793 kB: mediaserver (pid 746)
                1008 kB: zygote (pid 744)
                 987 kB: logcat (pid 2086)
                 960 kB: surfaceflinger (pid 743)
                 733 kB: TvServer (pid 890)
                 385 kB: wpa_supplicant (pid 1519)
                 358 kB: sdcard (pid 753)
                 345 kB: app_process (pid 8117)
                 324 kB: dumpsys (pid 657)
                 270 kB: netd (pid 741)
                 231 kB: /init (pid 1)
                 196 kB: adbd (pid 1409)
                 108 kB: healthd (pid 733)
                  85 kB: FileDesc_server (pid 749)
                  75 kB: coocaa_guard (pid 752)
                  72 kB: ueventd (pid 512)
                  49 kB: servicemanager (pid 735)
                  48 kB: RootApp (pid 878)
                  40 kB: busybox (pid 1690)
                  33 kB: logwrapper (pid 855)
                  24 kB: keypad (pid 740)
                  24 kB: VirtualEvent (pid 1250)
                   8 kB: drmserver (pid 745)
                   8 kB: keystore (pid 748)
                   7 kB: vold (pid 736)
                   7 kB: debuggerd (pid 742)
                   6 kB: sh (pid 734)
                   4 kB: hardwared (pid 738)
                   4 kB: installd (pid 747)
                   4 kB: smobsd (pid 1264)
                   4 kB: dhcpcd (pid 1744)
                   4 kB: sh (pid 8065)
    17189 kB: System
               17189 kB: system (pid 1351)
     9852 kB: Persistent
                6735 kB: com.dunn.instrument (pid 8000)
                3117 kB: com.skyworth.android.skyRMService (pid 1609)
   132560 kB: Foreground
               77788 kB: com.tianci.movieplatform (pid 12501 / activities)
               16517 kB: com.coocaa.os.ccosservice (pid 1834)
               12648 kB: com.tianci.system (pid 1618)
               10323 kB: com.tianci.de (pid 1959)
                7299 kB: com.tianci.push (pid 1869)
                5079 kB: com.coocaa.os.softsettings.provider (pid 2032)
                2906 kB: android.process.media (pid 2242)

Total PSS by category:
    49836 kB: Dalvik
    43708 kB: Unknown
    35191 kB: Dalvik Other
    14115 kB: .dex mmap
    11616 kB: .so mmap
    10206 kB: Native
     6585 kB: Other dev
     3084 kB: Stack
     1524 kB: Other mmap
      472 kB: .apk mmap
      400 kB: Ashmem
       68 kB: .ttf mmap
        0 kB: Cursor
        0 kB: .jar mmap
        0 kB: code mmap
        0 kB: image mmap
        0 kB: Graphics
        0 kB: GL
        0 kB: Memtrack

Total RAM: 463128 kB
 Free RAM: 93976 kB (0 cached pss + 60328 cached + 33648 free)
 Used RAM: 201933 kB (176805 used pss + 1920 buffers + 448 shmem + 22760 slab)
 Lost RAM: 167219 kB
     ZRAM: 46800 kB physical used for 81560 kB in swap (98300 kB total swap)
   Tuning: 48 (large 128), oom 108462 kB, restore limit 36154 kB (low-ram)
Applications Memory Usage (kB):
Uptime: 2341276 Realtime: 2341276

Total PSS by process:
    76667 kB: com.tianci.movieplatform (pid 12501 / activities)
    16978 kB: system (pid 1351)
    16514 kB: com.coocaa.os.ccosservice (pid 1834)
    14789 kB: mediaserver (pid 746)
    12646 kB: com.tianci.system (pid 1618)
    10316 kB: com.tianci.de (pid 1959)
     7299 kB: com.tianci.push (pid 1869)
     6726 kB: com.dunn.instrument (pid 8000)
     5332 kB: com.coocaa.os.softsettings.provider (pid 2032)
     3129 kB: com.skyworth.android.skyRMService (pid 1609)
     2906 kB: android.process.media (pid 2242)
     1008 kB: zygote (pid 744)
      987 kB: logcat (pid 2086)
      960 kB: surfaceflinger (pid 743)
      733 kB: TvServer (pid 890)
      385 kB: wpa_supplicant (pid 1519)
      358 kB: sdcard (pid 753)
      345 kB: app_process (pid 8117)
      270 kB: netd (pid 741)
      231 kB: /init (pid 1)
      204 kB: adbd (pid 1409)
      108 kB: healthd (pid 733)
       85 kB: FileDesc_server (pid 749)
       75 kB: coocaa_guard (pid 752)
       72 kB: ueventd (pid 512)
       49 kB: servicemanager (pid 735)
       48 kB: RootApp (pid 878)
       40 kB: busybox (pid 1690)
       33 kB: logwrapper (pid 855)
       24 kB: keypad (pid 740)
       24 kB: VirtualEvent (pid 1250)
        8 kB: drmserver (pid 745)
        8 kB: keystore (pid 748)
        7 kB: vold (pid 736)
        7 kB: debuggerd (pid 742)
        6 kB: sh (pid 734)
        4 kB: hardwared (pid 738)
        4 kB: installd (pid 747)
        4 kB: smobsd (pid 1264)
        4 kB: dhcpcd (pid 1744)
        4 kB: sh (pid 8065)
        0 kB: dumpsys (pid 657)

Total PSS by OOM adjustment:
    20884 kB: Native
               14789 kB: mediaserver (pid 746)
                1008 kB: zygote (pid 744)
                 987 kB: logcat (pid 2086)
                 960 kB: surfaceflinger (pid 743)
                 733 kB: TvServer (pid 890)
                 385 kB: wpa_supplicant (pid 1519)
                 358 kB: sdcard (pid 753)
                 345 kB: app_process (pid 8117)
                 270 kB: netd (pid 741)
                 231 kB: /init (pid 1)
                 204 kB: adbd (pid 1409)
                 108 kB: healthd (pid 733)
                  85 kB: FileDesc_server (pid 749)
                  75 kB: coocaa_guard (pid 752)
                  72 kB: ueventd (pid 512)
                  49 kB: servicemanager (pid 735)
                  48 kB: RootApp (pid 878)
                  40 kB: busybox (pid 1690)
                  33 kB: logwrapper (pid 855)
                  24 kB: keypad (pid 740)
                  24 kB: VirtualEvent (pid 1250)
                   8 kB: drmserver (pid 745)
                   8 kB: keystore (pid 748)
                   7 kB: vold (pid 736)
                   7 kB: debuggerd (pid 742)
                   6 kB: sh (pid 734)
                   4 kB: hardwared (pid 738)
                   4 kB: installd (pid 747)
                   4 kB: smobsd (pid 1264)
                   4 kB: dhcpcd (pid 1744)
                   4 kB: sh (pid 8065)
                   0 kB: dumpsys (pid 657)
    16978 kB: System
               16978 kB: system (pid 1351)
     9855 kB: Persistent
                6726 kB: com.dunn.instrument (pid 8000)
                3129 kB: com.skyworth.android.skyRMService (pid 1609)
   131680 kB: Foreground
               76667 kB: com.tianci.movieplatform (pid 12501 / activities)
               16514 kB: com.coocaa.os.ccosservice (pid 1834)
               12646 kB: com.tianci.system (pid 1618)
               10316 kB: com.tianci.de (pid 1959)
                7299 kB: com.tianci.push (pid 1869)
                5332 kB: com.coocaa.os.softsettings.provider (pid 2032)
                2906 kB: android.process.media (pid 2242)

Total PSS by category:
    49672 kB: Dalvik
    46516 kB: Unknown
    35199 kB: Dalvik Other
    14361 kB: .dex mmap
    11362 kB: .so mmap
    10206 kB: Native
     6579 kB: Other dev
     3080 kB: Stack
     1482 kB: Other mmap
      472 kB: .apk mmap
      400 kB: Ashmem
       68 kB: .ttf mmap
        0 kB: Cursor
        0 kB: .jar mmap
        0 kB: code mmap
        0 kB: image mmap
        0 kB: Graphics
        0 kB: GL
        0 kB: Memtrack

Total RAM: 463128 kB
 Free RAM: 90728 kB (0 cached pss + 37736 cached + 52992 free)
 Used RAM: 203753 kB (179397 used pss + 1152 buffers + 448 shmem + 22756 slab)
 Lost RAM: 168647 kB
     ZRAM: 46840 kB physical used for 82300 kB in swap (98300 kB total swap)
   Tuning: 48 (large 128), oom 108462 kB, restore limit 36154 kB (low-ram)
Applications Memory Usage (kB):
Uptime: 2344953 Realtime: 2344953

Total PSS by process:
    78840 kB: com.tianci.movieplatform (pid 12501 / activities)
    16823 kB: system (pid 1351)
    15631 kB: com.coocaa.os.ccosservice (pid 1834)
    12602 kB: com.tianci.system (pid 1618)
    11085 kB: mediaserver (pid 746)
    10111 kB: com.tianci.de (pid 1959)
     7278 kB: com.tianci.push (pid 1869)
     6709 kB: com.dunn.instrument (pid 8000)
     5333 kB: com.coocaa.os.softsettings.provider (pid 2032)
     3123 kB: com.skyworth.android.skyRMService (pid 1609)
     2903 kB: android.process.media (pid 2242)
      999 kB: zygote (pid 744)
      987 kB: logcat (pid 2086)
      956 kB: surfaceflinger (pid 743)
      733 kB: TvServer (pid 890)
      385 kB: wpa_supplicant (pid 1519)
      345 kB: app_process (pid 8117)
      324 kB: dumpsys (pid 877)
      270 kB: netd (pid 741)
      231 kB: /init (pid 1)
      204 kB: adbd (pid 1409)
      114 kB: sdcard (pid 753)
      108 kB: healthd (pid 733)
       85 kB: FileDesc_server (pid 749)
       75 kB: coocaa_guard (pid 752)
       72 kB: ueventd (pid 512)
       49 kB: servicemanager (pid 735)
       48 kB: RootApp (pid 878)
       40 kB: busybox (pid 1690)
       33 kB: logwrapper (pid 855)
       24 kB: keypad (pid 740)
       24 kB: VirtualEvent (pid 1250)
        8 kB: drmserver (pid 745)
        8 kB: keystore (pid 748)
        7 kB: vold (pid 736)
        7 kB: debuggerd (pid 742)
        6 kB: sh (pid 734)
        4 kB: hardwared (pid 738)
        4 kB: installd (pid 747)
        4 kB: smobsd (pid 1264)
        4 kB: dhcpcd (pid 1744)
        4 kB: sh (pid 8065)
        0 kB: dumpsys (pid 908)
        0 kB: busybox (pid 912)

Total PSS by OOM adjustment:
    17247 kB: Native
               11085 kB: mediaserver (pid 746)
                 999 kB: zygote (pid 744)
                 987 kB: logcat (pid 2086)
                 956 kB: surfaceflinger (pid 743)
                 733 kB: TvServer (pid 890)
                 385 kB: wpa_supplicant (pid 1519)
                 345 kB: app_process (pid 8117)
                 324 kB: dumpsys (pid 877)
                 270 kB: netd (pid 741)
                 231 kB: /init (pid 1)
                 204 kB: adbd (pid 1409)
                 114 kB: sdcard (pid 753)
                 108 kB: healthd (pid 733)
                  85 kB: FileDesc_server (pid 749)
                  75 kB: coocaa_guard (pid 752)
                  72 kB: ueventd (pid 512)
                  49 kB: servicemanager (pid 735)
                  48 kB: RootApp (pid 878)
                  40 kB: busybox (pid 1690)
                  33 kB: logwrapper (pid 855)
                  24 kB: keypad (pid 740)
                  24 kB: VirtualEvent (pid 1250)
                   8 kB: drmserver (pid 745)
                   8 kB: keystore (pid 748)
                   7 kB: vold (pid 736)
                   7 kB: debuggerd (pid 742)
                   6 kB: sh (pid 734)
                   4 kB: hardwared (pid 738)
                   4 kB: installd (pid 747)
                   4 kB: smobsd (pid 1264)
                   4 kB: dhcpcd (pid 1744)
                   4 kB: sh (pid 8065)
                   0 kB: dumpsys (pid 908)
                   0 kB: busybox (pid 912)
    16823 kB: System
               16823 kB: system (pid 1351)
     9832 kB: Persistent
                6709 kB: com.dunn.instrument (pid 8000)
                3123 kB: com.skyworth.android.skyRMService (pid 1609)
   132698 kB: Foreground
               78840 kB: com.tianci.movieplatform (pid 12501 / activities)
               15631 kB: com.coocaa.os.ccosservice (pid 1834)
               12602 kB: com.tianci.system (pid 1618)
               10111 kB: com.tianci.de (pid 1959)
                7278 kB: com.tianci.push (pid 1869)
                5333 kB: com.coocaa.os.softsettings.provider (pid 2032)
                2903 kB: android.process.media (pid 2242)

Total PSS by category:
    48867 kB: Dalvik
    44507 kB: Unknown
    34799 kB: Dalvik Other
    14301 kB: .dex mmap
    11573 kB: .so mmap
    10494 kB: Native
     6583 kB: Other dev
     3008 kB: Stack
     1528 kB: Other mmap
      472 kB: .apk mmap
      400 kB: Ashmem
       68 kB: .ttf mmap
        0 kB: Cursor
        0 kB: .jar mmap
        0 kB: code mmap
        0 kB: image mmap
        0 kB: Graphics
        0 kB: GL
        0 kB: Memtrack

Total RAM: 463128 kB
 Free RAM: 96000 kB (0 cached pss + 32992 cached + 63008 free)
 Used RAM: 200088 kB (176600 used pss + 296 buffers + 448 shmem + 22744 slab)
 Lost RAM: 167040 kB
     ZRAM: 46856 kB physical used for 83348 kB in swap (98300 kB total swap)
   Tuning: 48 (large 128), oom 108462 kB, restore limit 36154 kB (low-ram)
Applications Memory Usage (kB):
Uptime: 2348193 Realtime: 2348193

Total PSS by process:
    78968 kB: com.tianci.movieplatform (pid 12501 / activities)
    16718 kB: system (pid 1351)
    15472 kB: com.coocaa.os.ccosservice (pid 1834)
    12582 kB: com.tianci.system (pid 1618)
    11085 kB: mediaserver (pid 746)
    10007 kB: com.tianci.de (pid 1959)
     7278 kB: com.tianci.push (pid 1869)
     6695 kB: com.dunn.instrument (pid 8000)
     5333 kB: com.coocaa.os.softsettings.provider (pid 2032)
     3124 kB: com.skyworth.android.skyRMService (pid 1609)
     2905 kB: android.process.media (pid 2242)
      999 kB: zygote (pid 744)
      987 kB: logcat (pid 2086)
      956 kB: surfaceflinger (pid 743)
      733 kB: TvServer (pid 890)
      385 kB: wpa_supplicant (pid 1519)
      345 kB: app_process (pid 8117)
      270 kB: netd (pid 741)
      231 kB: /init (pid 1)
      200 kB: adbd (pid 1409)
      114 kB: sdcard (pid 753)
      108 kB: healthd (pid 733)
       85 kB: FileDesc_server (pid 749)
       75 kB: coocaa_guard (pid 752)
       72 kB: ueventd (pid 512)
       49 kB: servicemanager (pid 735)
       48 kB: RootApp (pid 878)
       40 kB: busybox (pid 1690)
       33 kB: logwrapper (pid 855)
       24 kB: keypad (pid 740)
       24 kB: VirtualEvent (pid 1250)
        8 kB: drmserver (pid 745)
        8 kB: keystore (pid 748)
        7 kB: vold (pid 736)
        7 kB: debuggerd (pid 742)
        6 kB: sh (pid 734)
        4 kB: hardwared (pid 738)
        4 kB: installd (pid 747)
        4 kB: smobsd (pid 1264)
        4 kB: dhcpcd (pid 1744)
        4 kB: sh (pid 8065)
        0 kB: dumpsys (pid 877)
        0 kB: dumpsys (pid 908)
        0 kB: busybox (pid 912)

Total PSS by OOM adjustment:
    16919 kB: Native
               11085 kB: mediaserver (pid 746)
                 999 kB: zygote (pid 744)
                 987 kB: logcat (pid 2086)
                 956 kB: surfaceflinger (pid 743)
                 733 kB: TvServer (pid 890)
                 385 kB: wpa_supplicant (pid 1519)
                 345 kB: app_process (pid 8117)
                 270 kB: netd (pid 741)
                 231 kB: /init (pid 1)
                 200 kB: adbd (pid 1409)
                 114 kB: sdcard (pid 753)
                 108 kB: healthd (pid 733)
                  85 kB: FileDesc_server (pid 749)
                  75 kB: coocaa_guard (pid 752)
                  72 kB: ueventd (pid 512)
                  49 kB: servicemanager (pid 735)
                  48 kB: RootApp (pid 878)
                  40 kB: busybox (pid 1690)
                  33 kB: logwrapper (pid 855)
                  24 kB: keypad (pid 740)
                  24 kB: VirtualEvent (pid 1250)
                   8 kB: drmserver (pid 745)
                   8 kB: keystore (pid 748)
                   7 kB: vold (pid 736)
                   7 kB: debuggerd (pid 742)
                   6 kB: sh (pid 734)
                   4 kB: hardwared (pid 738)
                   4 kB: installd (pid 747)
                   4 kB: smobsd (pid 1264)
                   4 kB: dhcpcd (pid 1744)
                   4 kB: sh (pid 8065)
                   0 kB: dumpsys (pid 877)
                   0 kB: dumpsys (pid 908)
                   0 kB: busybox (pid 912)
    16718 kB: System
               16718 kB: system (pid 1351)
     9819 kB: Persistent
                6695 kB: com.dunn.instrument (pid 8000)
                3124 kB: com.skyworth.android.skyRMService (pid 1609)
   132545 kB: Foreground
               78968 kB: com.tianci.movieplatform (pid 12501 / activities)
               15472 kB: com.coocaa.os.ccosservice (pid 1834)
               12582 kB: com.tianci.system (pid 1618)
               10007 kB: com.tianci.de (pid 1959)
                7278 kB: com.tianci.push (pid 1869)
                5333 kB: com.coocaa.os.softsettings.provider (pid 2032)
                2905 kB: android.process.media (pid 2242)

Total PSS by category:
    48732 kB: Dalvik
    44600 kB: Unknown
    34796 kB: Dalvik Other
    14101 kB: .dex mmap
    11313 kB: .so mmap
    10490 kB: Native
     6579 kB: Other dev
     2964 kB: Stack
     1486 kB: Other mmap
      472 kB: .apk mmap
      400 kB: Ashmem
       68 kB: .ttf mmap
        0 kB: Cursor
        0 kB: .jar mmap
        0 kB: code mmap
        0 kB: image mmap
        0 kB: Graphics
        0 kB: GL
        0 kB: Memtrack

Total RAM: 463128 kB
 Free RAM: 96424 kB (0 cached pss + 31332 cached + 65092 free)
 Used RAM: 199509 kB (176001 used pss + 312 buffers + 448 shmem + 22748 slab)
 Lost RAM: 167195 kB
     ZRAM: 46860 kB physical used for 83528 kB in swap (98300 kB total swap)
   Tuning: 48 (large 128), oom 108462 kB, restore limit 36154 kB (low-ram)
Applications Memory Usage (kB):
Uptime: 2351026 Realtime: 2351026

Total PSS by process:
    78746 kB: com.tianci.movieplatform (pid 12501 / activities)
    16530 kB: system (pid 1351)
    15286 kB: com.coocaa.os.ccosservice (pid 1834)
    12578 kB: com.tianci.system (pid 1618)
    11081 kB: mediaserver (pid 746)
     9607 kB: com.tianci.de (pid 1959)
     7270 kB: com.tianci.push (pid 1869)
     6687 kB: com.dunn.instrument (pid 8000)
     5333 kB: com.coocaa.os.softsettings.provider (pid 2032)
     3128 kB: com.skyworth.android.skyRMService (pid 1609)
     2890 kB: android.process.media (pid 2242)
      999 kB: zygote (pid 744)
      987 kB: logcat (pid 2086)
      956 kB: surfaceflinger (pid 743)
      733 kB: TvServer (pid 890)
      385 kB: wpa_supplicant (pid 1519)
      345 kB: app_process (pid 8117)
      324 kB: dumpsys (pid 1044)
      270 kB: netd (pid 741)
      231 kB: /init (pid 1)
      200 kB: adbd (pid 1409)
      108 kB: healthd (pid 733)
      106 kB: sdcard (pid 753)
       85 kB: FileDesc_server (pid 749)
       75 kB: coocaa_guard (pid 752)
       72 kB: ueventd (pid 512)
       49 kB: servicemanager (pid 735)
       48 kB: RootApp (pid 878)
       40 kB: busybox (pid 1690)
       33 kB: logwrapper (pid 855)
       24 kB: keypad (pid 740)
       24 kB: VirtualEvent (pid 1250)
        8 kB: drmserver (pid 745)
        8 kB: keystore (pid 748)
        7 kB: vold (pid 736)
        7 kB: debuggerd (pid 742)
        6 kB: sh (pid 734)
        4 kB: hardwared (pid 738)
        4 kB: installd (pid 747)
        4 kB: smobsd (pid 1264)
        4 kB: dhcpcd (pid 1744)
        4 kB: sh (pid 8065)

Total PSS by OOM adjustment:
    17231 kB: Native
               11081 kB: mediaserver (pid 746)
                 999 kB: zygote (pid 744)
                 987 kB: logcat (pid 2086)
                 956 kB: surfaceflinger (pid 743)
                 733 kB: TvServer (pid 890)
                 385 kB: wpa_supplicant (pid 1519)
                 345 kB: app_process (pid 8117)
                 324 kB: dumpsys (pid 1044)
                 270 kB: netd (pid 741)
                 231 kB: /init (pid 1)
                 200 kB: adbd (pid 1409)
                 108 kB: healthd (pid 733)
                 106 kB: sdcard (pid 753)
                  85 kB: FileDesc_server (pid 749)
                  75 kB: coocaa_guard (pid 752)
                  72 kB: ueventd (pid 512)
                  49 kB: servicemanager (pid 735)
                  48 kB: RootApp (pid 878)
                  40 kB: busybox (pid 1690)
                  33 kB: logwrapper (pid 855)
                  24 kB: keypad (pid 740)
                  24 kB: VirtualEvent (pid 1250)
                   8 kB: drmserver (pid 745)
                   8 kB: keystore (pid 748)
                   7 kB: vold (pid 736)
                   7 kB: debuggerd (pid 742)
                   6 kB: sh (pid 734)
                   4 kB: hardwared (pid 738)
                   4 kB: installd (pid 747)
                   4 kB: smobsd (pid 1264)
                   4 kB: dhcpcd (pid 1744)
                   4 kB: sh (pid 8065)
    16530 kB: System
               16530 kB: system (pid 1351)
     9815 kB: Persistent
                6687 kB: com.dunn.instrument (pid 8000)
                3128 kB: com.skyworth.android.skyRMService (pid 1609)
   131710 kB: Foreground
               78746 kB: com.tianci.movieplatform (pid 12501 / activities)
               15286 kB: com.coocaa.os.ccosservice (pid 1834)
               12578 kB: com.tianci.system (pid 1618)
                9607 kB: com.tianci.de (pid 1959)
                7270 kB: com.tianci.push (pid 1869)
                5333 kB: com.coocaa.os.softsettings.provider (pid 2032)
                2890 kB: android.process.media (pid 2242)

Total PSS by category:
    48514 kB: Dalvik
    44364 kB: Unknown
    34740 kB: Dalvik Other
    13597 kB: .dex mmap
    11573 kB: .so mmap
    10486 kB: Native
     6584 kB: Other dev
     2972 kB: Stack
     1516 kB: Other mmap
      472 kB: .apk mmap
      400 kB: Ashmem
       68 kB: .ttf mmap
        0 kB: Cursor
        0 kB: .jar mmap
        0 kB: code mmap
        0 kB: image mmap
        0 kB: Graphics
        0 kB: GL
        0 kB: Memtrack

Total RAM: 463128 kB
 Free RAM: 96676 kB (0 cached pss + 31592 cached + 65084 free)
 Used RAM: 198870 kB (175286 used pss + 356 buffers + 448 shmem + 22780 slab)
 Lost RAM: 167582 kB
     ZRAM: 46868 kB physical used for 83744 kB in swap (98300 kB total swap)
   Tuning: 48 (large 128), oom 108462 kB, restore limit 36154 kB (low-ram)
Applications Memory Usage (kB):
Uptime: 2353962 Realtime: 2353962

Total PSS by process:
    79241 kB: com.tianci.movieplatform (pid 12501 / activities)
    16577 kB: system (pid 1351)
    15288 kB: com.coocaa.os.ccosservice (pid 1834)
    12579 kB: com.tianci.system (pid 1618)
    12117 kB: mediaserver (pid 746)
     9607 kB: com.tianci.de (pid 1959)
     7270 kB: com.tianci.push (pid 1869)
     6678 kB: com.dunn.instrument (pid 8000)
     5332 kB: com.coocaa.os.softsettings.provider (pid 2032)
     3128 kB: com.skyworth.android.skyRMService (pid 1609)
     2905 kB: android.process.media (pid 2242)
      999 kB: zygote (pid 744)
      986 kB: logcat (pid 2086)
      956 kB: surfaceflinger (pid 743)
      733 kB: TvServer (pid 890)
      385 kB: wpa_supplicant (pid 1519)
      345 kB: app_process (pid 8117)
      270 kB: netd (pid 741)
      231 kB: /init (pid 1)
      200 kB: adbd (pid 1409)
      114 kB: sdcard (pid 753)
      108 kB: healthd (pid 733)
       85 kB: FileDesc_server (pid 749)
       75 kB: coocaa_guard (pid 752)
       72 kB: ueventd (pid 512)
       49 kB: servicemanager (pid 735)
       48 kB: RootApp (pid 878)
       40 kB: busybox (pid 1690)
       33 kB: logwrapper (pid 855)
       24 kB: keypad (pid 740)
       24 kB: VirtualEvent (pid 1250)
        8 kB: drmserver (pid 745)
        8 kB: keystore (pid 748)
        7 kB: vold (pid 736)
        7 kB: debuggerd (pid 742)
        6 kB: sh (pid 734)
        4 kB: hardwared (pid 738)
        4 kB: installd (pid 747)
        4 kB: smobsd (pid 1264)
        4 kB: dhcpcd (pid 1744)
        4 kB: sh (pid 8065)
        0 kB: dumpsys (pid 1044)

Total PSS by OOM adjustment:
    17950 kB: Native
               12117 kB: mediaserver (pid 746)
                 999 kB: zygote (pid 744)
                 986 kB: logcat (pid 2086)
                 956 kB: surfaceflinger (pid 743)
                 733 kB: TvServer (pid 890)
                 385 kB: wpa_supplicant (pid 1519)
                 345 kB: app_process (pid 8117)
                 270 kB: netd (pid 741)
                 231 kB: /init (pid 1)
                 200 kB: adbd (pid 1409)
                 114 kB: sdcard (pid 753)
                 108 kB: healthd (pid 733)
                  85 kB: FileDesc_server (pid 749)
                  75 kB: coocaa_guard (pid 752)
                  72 kB: ueventd (pid 512)
                  49 kB: servicemanager (pid 735)
                  48 kB: RootApp (pid 878)
                  40 kB: busybox (pid 1690)
                  33 kB: logwrapper (pid 855)
                  24 kB: keypad (pid 740)
                  24 kB: VirtualEvent (pid 1250)
                   8 kB: drmserver (pid 745)
                   8 kB: keystore (pid 748)
                   7 kB: vold (pid 736)
                   7 kB: debuggerd (pid 742)
                   6 kB: sh (pid 734)
                   4 kB: hardwared (pid 738)
                   4 kB: installd (pid 747)
                   4 kB: smobsd (pid 1264)
                   4 kB: dhcpcd (pid 1744)
                   4 kB: sh (pid 8065)
                   0 kB: dumpsys (pid 1044)
    16577 kB: System
               16577 kB: system (pid 1351)
     9806 kB: Persistent
                6678 kB: com.dunn.instrument (pid 8000)
                3128 kB: com.skyworth.android.skyRMService (pid 1609)
   132222 kB: Foreground
               79241 kB: com.tianci.movieplatform (pid 12501 / activities)
               15288 kB: com.coocaa.os.ccosservice (pid 1834)
               12579 kB: com.tianci.system (pid 1618)
                9607 kB: com.tianci.de (pid 1959)
                7270 kB: com.tianci.push (pid 1869)
                5332 kB: com.coocaa.os.softsettings.provider (pid 2032)
                2905 kB: android.process.media (pid 2242)

Total PSS by category:
    48519 kB: Dalvik
    44598 kB: Unknown
    35176 kB: Dalvik Other
    13612 kB: .dex mmap
    11349 kB: .so mmap
    11302 kB: Native
     6579 kB: Other dev
     2968 kB: Stack
     1512 kB: Other mmap
      472 kB: .apk mmap
      400 kB: Ashmem
       68 kB: .ttf mmap
        0 kB: Cursor
        0 kB: .jar mmap
        0 kB: code mmap
        0 kB: image mmap
        0 kB: Graphics
        0 kB: GL
        0 kB: Memtrack

Total RAM: 463128 kB
 Free RAM: 93624 kB (0 cached pss + 32672 cached + 60952 free)
 Used RAM: 200243 kB (176555 used pss + 412 buffers + 448 shmem + 22828 slab)
 Lost RAM: 169261 kB
     ZRAM: 46852 kB physical used for 83700 kB in swap (98300 kB total swap)
   Tuning: 48 (large 128), oom 108462 kB, restore limit 36154 kB (low-ram)
Applications Memory Usage (kB):
Uptime: 2357603 Realtime: 2357603

Total PSS by process:
    80324 kB: com.tianci.movieplatform (pid 12501 / activities)
    16433 kB: system (pid 1351)
    15288 kB: com.coocaa.os.ccosservice (pid 1834)
    12577 kB: com.tianci.system (pid 1618)
    12079 kB: mediaserver (pid 746)
     9615 kB: com.tianci.de (pid 1959)
     7270 kB: com.tianci.push (pid 1869)
     6692 kB: com.dunn.instrument (pid 8000)
     5331 kB: com.coocaa.os.softsettings.provider (pid 2032)
     3128 kB: com.skyworth.android.skyRMService (pid 1609)
     2905 kB: android.process.media (pid 2242)
      986 kB: logcat (pid 2086)
      983 kB: zygote (pid 744)
      955 kB: surfaceflinger (pid 743)
      733 kB: TvServer (pid 890)
      385 kB: wpa_supplicant (pid 1519)
      345 kB: app_process (pid 8117)
      270 kB: netd (pid 741)
      259 kB: dumpsys (pid 1247)
      231 kB: /init (pid 1)
      200 kB: adbd (pid 1409)
      114 kB: sdcard (pid 753)
      108 kB: healthd (pid 733)
       85 kB: FileDesc_server (pid 749)
       75 kB: coocaa_guard (pid 752)
       72 kB: ueventd (pid 512)
       49 kB: servicemanager (pid 735)
       48 kB: RootApp (pid 878)
       40 kB: busybox (pid 1690)
       33 kB: logwrapper (pid 855)
       24 kB: keypad (pid 740)
       24 kB: VirtualEvent (pid 1250)
        8 kB: drmserver (pid 745)
        8 kB: keystore (pid 748)
        7 kB: vold (pid 736)
        7 kB: debuggerd (pid 742)
        6 kB: sh (pid 734)
        4 kB: hardwared (pid 738)
        4 kB: installd (pid 747)
        4 kB: smobsd (pid 1264)
        4 kB: dhcpcd (pid 1744)
        4 kB: sh (pid 8065)

Total PSS by OOM adjustment:
    18154 kB: Native
               12079 kB: mediaserver (pid 746)
                 986 kB: logcat (pid 2086)
                 983 kB: zygote (pid 744)
                 955 kB: surfaceflinger (pid 743)
                 733 kB: TvServer (pid 890)
                 385 kB: wpa_supplicant (pid 1519)
                 345 kB: app_process (pid 8117)
                 270 kB: netd (pid 741)
                 259 kB: dumpsys (pid 1247)
                 231 kB: /init (pid 1)
                 200 kB: adbd (pid 1409)
                 114 kB: sdcard (pid 753)
                 108 kB: healthd (pid 733)
                  85 kB: FileDesc_server (pid 749)
                  75 kB: coocaa_guard (pid 752)
                  72 kB: ueventd (pid 512)
                  49 kB: servicemanager (pid 735)
                  48 kB: RootApp (pid 878)
                  40 kB: busybox (pid 1690)
                  33 kB: logwrapper (pid 855)
                  24 kB: keypad (pid 740)
                  24 kB: VirtualEvent (pid 1250)
                   8 kB: drmserver (pid 745)
                   8 kB: keystore (pid 748)
                   7 kB: vold (pid 736)
                   7 kB: debuggerd (pid 742)
                   6 kB: sh (pid 734)
                   4 kB: hardwared (pid 738)
                   4 kB: installd (pid 747)
                   4 kB: smobsd (pid 1264)
                   4 kB: dhcpcd (pid 1744)
                   4 kB: sh (pid 8065)
    16433 kB: System
               16433 kB: system (pid 1351)
     9820 kB: Persistent
                6692 kB: com.dunn.instrument (pid 8000)
                3128 kB: com.skyworth.android.skyRMService (pid 1609)
   133310 kB: Foreground
               80324 kB: com.tianci.movieplatform (pid 12501 / activities)
               15288 kB: com.coocaa.os.ccosservice (pid 1834)
               12577 kB: com.tianci.system (pid 1618)
                9615 kB: com.tianci.de (pid 1959)
                7270 kB: com.tianci.push (pid 1869)
                5331 kB: com.coocaa.os.softsettings.provider (pid 2032)
                2905 kB: android.process.media (pid 2242)

Total PSS by category:
    48421 kB: Dalvik
    46044 kB: Unknown
    34736 kB: Dalvik Other
    13642 kB: .dex mmap
    11531 kB: .so mmap
    11306 kB: Native
     6581 kB: Other dev
     2980 kB: Stack
     1536 kB: Other mmap
      472 kB: .apk mmap
      400 kB: Ashmem
       68 kB: .ttf mmap
        0 kB: Cursor
        0 kB: .jar mmap
        0 kB: code mmap
        0 kB: image mmap
        0 kB: Graphics
        0 kB: GL
        0 kB: Memtrack

Total RAM: 463128 kB
 Free RAM: 94120 kB (0 cached pss + 33728 cached + 60392 free)
 Used RAM: 201505 kB (177717 used pss + 492 buffers + 448 shmem + 22848 slab)
 Lost RAM: 167503 kB
     ZRAM: 46852 kB physical used for 83680 kB in swap (98300 kB total swap)
   Tuning: 48 (large 128), oom 108462 kB, restore limit 36154 kB (low-ram)
Applications Memory Usage (kB):
Uptime: 2360835 Realtime: 2360835

Total PSS by process:
    80474 kB: com.tianci.movieplatform (pid 12501 / activities)
    16549 kB: system (pid 1351)
    15279 kB: com.coocaa.os.ccosservice (pid 1834)
    12577 kB: com.tianci.system (pid 1618)
    12117 kB: mediaserver (pid 746)
     9605 kB: com.tianci.de (pid 1959)
     7571 kB: com.tianci.push (pid 1869)
     6644 kB: com.dunn.instrument (pid 8000)
     5331 kB: com.coocaa.os.softsettings.provider (pid 2032)
     3128 kB: com.skyworth.android.skyRMService (pid 1609)
     2905 kB: android.process.media (pid 2242)
      996 kB: zygote (pid 744)
      987 kB: logcat (pid 2086)
      956 kB: surfaceflinger (pid 743)
      733 kB: TvServer (pid 890)
      385 kB: wpa_supplicant (pid 1519)
      345 kB: app_process (pid 8117)
      269 kB: netd (pid 741)
      231 kB: /init (pid 1)
      200 kB: adbd (pid 1409)
      114 kB: sdcard (pid 753)
      108 kB: healthd (pid 733)
       85 kB: FileDesc_server (pid 749)
       75 kB: coocaa_guard (pid 752)
       72 kB: ueventd (pid 512)
       49 kB: servicemanager (pid 735)
       48 kB: RootApp (pid 878)
       40 kB: busybox (pid 1690)
       33 kB: logwrapper (pid 855)
       24 kB: keypad (pid 740)
       24 kB: VirtualEvent (pid 1250)
        8 kB: drmserver (pid 745)
        8 kB: keystore (pid 748)
        7 kB: vold (pid 736)
        7 kB: debuggerd (pid 742)
        6 kB: sh (pid 734)
        4 kB: hardwared (pid 738)
        4 kB: installd (pid 747)
        4 kB: smobsd (pid 1264)
        4 kB: dhcpcd (pid 1744)
        4 kB: sh (pid 8065)
        0 kB: dumpsys (pid 1247)

Total PSS by OOM adjustment:
    17947 kB: Native
               12117 kB: mediaserver (pid 746)
                 996 kB: zygote (pid 744)
                 987 kB: logcat (pid 2086)
                 956 kB: surfaceflinger (pid 743)
                 733 kB: TvServer (pid 890)
                 385 kB: wpa_supplicant (pid 1519)
                 345 kB: app_process (pid 8117)
                 269 kB: netd (pid 741)
                 231 kB: /init (pid 1)
                 200 kB: adbd (pid 1409)
                 114 kB: sdcard (pid 753)
                 108 kB: healthd (pid 733)
                  85 kB: FileDesc_server (pid 749)
                  75 kB: coocaa_guard (pid 752)
                  72 kB: ueventd (pid 512)
                  49 kB: servicemanager (pid 735)
                  48 kB: RootApp (pid 878)
                  40 kB: busybox (pid 1690)
                  33 kB: logwrapper (pid 855)
                  24 kB: keypad (pid 740)
                  24 kB: VirtualEvent (pid 1250)
                   8 kB: drmserver (pid 745)
                   8 kB: keystore (pid 748)
                   7 kB: vold (pid 736)
                   7 kB: debuggerd (pid 742)
                   6 kB: sh (pid 734)
                   4 kB: hardwared (pid 738)
                   4 kB: installd (pid 747)
                   4 kB: smobsd (pid 1264)
                   4 kB: dhcpcd (pid 1744)
                   4 kB: sh (pid 8065)
                   0 kB: dumpsys (pid 1247)
    16549 kB: System
               16549 kB: system (pid 1351)
     9772 kB: Persistent
                6644 kB: com.dunn.instrument (pid 8000)
                3128 kB: com.skyworth.android.skyRMService (pid 1609)
   133742 kB: Foreground
               80474 kB: com.tianci.movieplatform (pid 12501 / activities)
               15279 kB: com.coocaa.os.ccosservice (pid 1834)
               12577 kB: com.tianci.system (pid 1618)
                9605 kB: com.tianci.de (pid 1959)
                7571 kB: com.tianci.push (pid 1869)
                5331 kB: com.coocaa.os.softsettings.provider (pid 2032)
                2905 kB: android.process.media (pid 2242)

Total PSS by category:
    48664 kB: Dalvik
    46012 kB: Unknown
    34747 kB: Dalvik Other
    13944 kB: .dex mmap
    11343 kB: .so mmap
    11302 kB: Native
     6580 kB: Other dev
     2964 kB: Stack
     1514 kB: Other mmap
      472 kB: .apk mmap
      400 kB: Ashmem
       68 kB: .ttf mmap
        0 kB: Cursor
        0 kB: .jar mmap
        0 kB: code mmap
        0 kB: image mmap
        0 kB: Graphics
        0 kB: GL
        0 kB: Memtrack

Total RAM: 463128 kB
 Free RAM: 93928 kB (0 cached pss + 33820 cached + 60108 free)
 Used RAM: 201866 kB (178010 used pss + 524 buffers + 448 shmem + 22884 slab)
 Lost RAM: 167334 kB
     ZRAM: 46852 kB physical used for 83680 kB in swap (98300 kB total swap)
   Tuning: 48 (large 128), oom 108462 kB, restore limit 36154 kB (low-ram)
Applications Memory Usage (kB):
Uptime: 2363761 Realtime: 2363761

Total PSS by process:
    78062 kB: com.tianci.movieplatform (pid 12501 / activities)
    16566 kB: system (pid 1351)
    15280 kB: com.coocaa.os.ccosservice (pid 1834)
    12577 kB: com.tianci.system (pid 1618)
    12117 kB: mediaserver (pid 746)
     9607 kB: com.tianci.de (pid 1959)
     7572 kB: com.tianci.push (pid 1869)
     6610 kB: com.dunn.instrument (pid 8000)
     5332 kB: com.coocaa.os.softsettings.provider (pid 2032)
     3128 kB: com.skyworth.android.skyRMService (pid 1609)
     2905 kB: android.process.media (pid 2242)
      989 kB: zygote (pid 744)
      987 kB: logcat (pid 2086)
      956 kB: surfaceflinger (pid 743)
      733 kB: TvServer (pid 890)
      385 kB: wpa_supplicant (pid 1519)
      345 kB: app_process (pid 8117)
      324 kB: dumpsys (pid 1510)
      269 kB: netd (pid 741)
      231 kB: /init (pid 1)
      200 kB: adbd (pid 1409)
      114 kB: sdcard (pid 753)
      108 kB: healthd (pid 733)
       85 kB: FileDesc_server (pid 749)
       75 kB: coocaa_guard (pid 752)
       72 kB: ueventd (pid 512)
       49 kB: servicemanager (pid 735)
       48 kB: RootApp (pid 878)
       40 kB: busybox (pid 1690)
       33 kB: logwrapper (pid 855)
       24 kB: keypad (pid 740)
       24 kB: VirtualEvent (pid 1250)
        8 kB: drmserver (pid 745)
        8 kB: keystore (pid 748)
        7 kB: vold (pid 736)
        7 kB: debuggerd (pid 742)
        6 kB: sh (pid 734)
        4 kB: hardwared (pid 738)
        4 kB: installd (pid 747)
        4 kB: smobsd (pid 1264)
        4 kB: dhcpcd (pid 1744)
        4 kB: sh (pid 8065)

Total PSS by OOM adjustment:
    18264 kB: Native
               12117 kB: mediaserver (pid 746)
                 989 kB: zygote (pid 744)
                 987 kB: logcat (pid 2086)
                 956 kB: surfaceflinger (pid 743)
                 733 kB: TvServer (pid 890)
                 385 kB: wpa_supplicant (pid 1519)
                 345 kB: app_process (pid 8117)
                 324 kB: dumpsys (pid 1510)
                 269 kB: netd (pid 741)
                 231 kB: /init (pid 1)
                 200 kB: adbd (pid 1409)
                 114 kB: sdcard (pid 753)
                 108 kB: healthd (pid 733)
                  85 kB: FileDesc_server (pid 749)
                  75 kB: coocaa_guard (pid 752)
                  72 kB: ueventd (pid 512)
                  49 kB: servicemanager (pid 735)
                  48 kB: RootApp (pid 878)
                  40 kB: busybox (pid 1690)
                  33 kB: logwrapper (pid 855)
                  24 kB: keypad (pid 740)
                  24 kB: VirtualEvent (pid 1250)
                   8 kB: drmserver (pid 745)
                   8 kB: keystore (pid 748)
                   7 kB: vold (pid 736)
                   7 kB: debuggerd (pid 742)
                   6 kB: sh (pid 734)
                   4 kB: hardwared (pid 738)
                   4 kB: installd (pid 747)
                   4 kB: smobsd (pid 1264)
                   4 kB: dhcpcd (pid 1744)
                   4 kB: sh (pid 8065)
    16566 kB: System
               16566 kB: system (pid 1351)
     9738 kB: Persistent
                6610 kB: com.dunn.instrument (pid 8000)
                3128 kB: com.skyworth.android.skyRMService (pid 1609)
   131335 kB: Foreground
               78062 kB: com.tianci.movieplatform (pid 12501 / activities)
               15280 kB: com.coocaa.os.ccosservice (pid 1834)
               12577 kB: com.tianci.system (pid 1618)
                9607 kB: com.tianci.de (pid 1959)
                7572 kB: com.tianci.push (pid 1869)
                5332 kB: com.coocaa.os.softsettings.provider (pid 2032)
                2905 kB: android.process.media (pid 2242)

Total PSS by category:
    48673 kB: Dalvik
    43624 kB: Unknown
    34744 kB: Dalvik Other
    13950 kB: .dex mmap
    11558 kB: .so mmap
    11306 kB: Native
     6584 kB: Other dev
     2968 kB: Stack
     1556 kB: Other mmap
      472 kB: .apk mmap
      400 kB: Ashmem
       68 kB: .ttf mmap
        0 kB: Cursor
        0 kB: .jar mmap
        0 kB: code mmap
        0 kB: image mmap
        0 kB: Graphics
        0 kB: GL
        0 kB: Memtrack

Total RAM: 463128 kB
 Free RAM: 95736 kB (0 cached pss + 34156 cached + 61580 free)
 Used RAM: 199823 kB (175903 used pss + 588 buffers + 448 shmem + 22884 slab)
 Lost RAM: 167569 kB
     ZRAM: 46848 kB physical used for 83648 kB in swap (98300 kB total swap)
   Tuning: 48 (large 128), oom 108462 kB, restore limit 36154 kB (low-ram)
Applications Memory Usage (kB):
Uptime: 2366825 Realtime: 2366825

Total PSS by process:
    76955 kB: com.tianci.movieplatform (pid 12501 / activities)
    16517 kB: system (pid 1351)
    15270 kB: com.coocaa.os.ccosservice (pid 1834)
    12649 kB: com.tianci.system (pid 1618)
    12085 kB: mediaserver (pid 746)
     9611 kB: com.tianci.de (pid 1959)
     7571 kB: com.tianci.push (pid 1869)
     6614 kB: com.dunn.instrument (pid 8000)
     5332 kB: com.coocaa.os.softsettings.provider (pid 2032)
     3152 kB: com.skyworth.android.skyRMService (pid 1609)
     2905 kB: android.process.media (pid 2242)
      997 kB: zygote (pid 744)
      987 kB: logcat (pid 2086)
      960 kB: surfaceflinger (pid 743)
      733 kB: TvServer (pid 890)
      385 kB: wpa_supplicant (pid 1519)
      345 kB: app_process (pid 8117)
      270 kB: netd (pid 741)
      231 kB: /init (pid 1)
      200 kB: adbd (pid 1409)
      114 kB: sdcard (pid 753)
      108 kB: healthd (pid 733)
       85 kB: FileDesc_server (pid 749)
       75 kB: coocaa_guard (pid 752)
       72 kB: ueventd (pid 512)
       49 kB: servicemanager (pid 735)
       48 kB: RootApp (pid 878)
       40 kB: busybox (pid 1690)
       33 kB: logwrapper (pid 855)
       24 kB: keypad (pid 740)
       24 kB: VirtualEvent (pid 1250)
        8 kB: drmserver (pid 745)
        8 kB: keystore (pid 748)
        7 kB: vold (pid 736)
        7 kB: debuggerd (pid 742)
        6 kB: sh (pid 734)
        4 kB: hardwared (pid 738)
        4 kB: installd (pid 747)
        4 kB: smobsd (pid 1264)
        4 kB: dhcpcd (pid 1744)
        4 kB: sh (pid 8065)
        0 kB: dumpsys (pid 1510)

Total PSS by OOM adjustment:
    17921 kB: Native
               12085 kB: mediaserver (pid 746)
                 997 kB: zygote (pid 744)
                 987 kB: logcat (pid 2086)
                 960 kB: surfaceflinger (pid 743)
                 733 kB: TvServer (pid 890)
                 385 kB: wpa_supplicant (pid 1519)
                 345 kB: app_process (pid 8117)
                 270 kB: netd (pid 741)
                 231 kB: /init (pid 1)
                 200 kB: adbd (pid 1409)
                 114 kB: sdcard (pid 753)
                 108 kB: healthd (pid 733)
                  85 kB: FileDesc_server (pid 749)
                  75 kB: coocaa_guard (pid 752)
                  72 kB: ueventd (pid 512)
                  49 kB: servicemanager (pid 735)
                  48 kB: RootApp (pid 878)
                  40 kB: busybox (pid 1690)
                  33 kB: logwrapper (pid 855)
                  24 kB: keypad (pid 740)
                  24 kB: VirtualEvent (pid 1250)
                   8 kB: drmserver (pid 745)
                   8 kB: keystore (pid 748)
                   7 kB: vold (pid 736)
                   7 kB: debuggerd (pid 742)
                   6 kB: sh (pid 734)
                   4 kB: hardwared (pid 738)
                   4 kB: installd (pid 747)
                   4 kB: smobsd (pid 1264)
                   4 kB: dhcpcd (pid 1744)
                   4 kB: sh (pid 8065)
                   0 kB: dumpsys (pid 1510)
    16517 kB: System
               16517 kB: system (pid 1351)
     9766 kB: Persistent
                6614 kB: com.dunn.instrument (pid 8000)
                3152 kB: com.skyworth.android.skyRMService (pid 1609)
   130293 kB: Foreground
               76955 kB: com.tianci.movieplatform (pid 12501 / activities)
               15270 kB: com.coocaa.os.ccosservice (pid 1834)
               12649 kB: com.tianci.system (pid 1618)
                9611 kB: com.tianci.de (pid 1959)
                7571 kB: com.tianci.push (pid 1869)
                5332 kB: com.coocaa.os.softsettings.provider (pid 2032)
                2905 kB: android.process.media (pid 2242)

Total PSS by category:
    48624 kB: Dalvik
    42488 kB: Unknown
    34769 kB: Dalvik Other
    13977 kB: .dex mmap
    11338 kB: .so mmap
    11302 kB: Native
     6580 kB: Other dev
     2976 kB: Stack
     1503 kB: Other mmap
      472 kB: .apk mmap
      400 kB: Ashmem
       68 kB: .ttf mmap
        0 kB: Cursor
        0 kB: .jar mmap
        0 kB: code mmap
        0 kB: image mmap
        0 kB: Graphics
        0 kB: GL
        0 kB: Memtrack

Total RAM: 463128 kB
 Free RAM: 96924 kB (0 cached pss + 34164 cached + 62760 free)
 Used RAM: 198469 kB (174497 used pss + 636 buffers + 448 shmem + 22888 slab)
 Lost RAM: 167735 kB
     ZRAM: 46828 kB physical used for 83624 kB in swap (98300 kB total swap)
   Tuning: 48 (large 128), oom 108462 kB, restore limit 36154 kB (low-ram)
Applications Memory Usage (kB):
Uptime: 2369942 Realtime: 2369942

Total PSS by process:
    77124 kB: com.tianci.movieplatform (pid 12501 / activities)
    16629 kB: system (pid 1351)
    15383 kB: com.coocaa.os.ccosservice (pid 1834)
    12649 kB: com.tianci.system (pid 1618)
    12085 kB: mediaserver (pid 746)
     9615 kB: com.tianci.de (pid 1959)
     7572 kB: com.tianci.push (pid 1869)
     6610 kB: com.dunn.instrument (pid 8000)
     5332 kB: com.coocaa.os.softsettings.provider (pid 2032)
     3156 kB: com.skyworth.android.skyRMService (pid 1609)
     2905 kB: android.process.media (pid 2242)
      999 kB: zygote (pid 744)
      986 kB: logcat (pid 2086)
      955 kB: surfaceflinger (pid 743)
      733 kB: TvServer (pid 890)
      385 kB: wpa_supplicant (pid 1519)
      345 kB: app_process (pid 8117)
      305 kB: dumpsys (pid 1709)
      269 kB: netd (pid 741)
      231 kB: /init (pid 1)
      200 kB: adbd (pid 1409)
      114 kB: sdcard (pid 753)
      108 kB: healthd (pid 733)
       85 kB: FileDesc_server (pid 749)
       75 kB: coocaa_guard (pid 752)
       72 kB: ueventd (pid 512)
       49 kB: servicemanager (pid 735)
       48 kB: RootApp (pid 878)
       40 kB: busybox (pid 1690)
       33 kB: logwrapper (pid 855)
       24 kB: keypad (pid 740)
       24 kB: VirtualEvent (pid 1250)
        8 kB: drmserver (pid 745)
        8 kB: keystore (pid 748)
        7 kB: vold (pid 736)
        7 kB: debuggerd (pid 742)
        6 kB: sh (pid 734)
        4 kB: hardwared (pid 738)
        4 kB: installd (pid 747)
        4 kB: smobsd (pid 1264)
        4 kB: dhcpcd (pid 1744)
        4 kB: sh (pid 8065)
        0 kB: dumpsys (pid 1734)
        0 kB: busybox (pid 1735)

Total PSS by OOM adjustment:
    18221 kB: Native
               12085 kB: mediaserver (pid 746)
                 999 kB: zygote (pid 744)
                 986 kB: logcat (pid 2086)
                 955 kB: surfaceflinger (pid 743)
                 733 kB: TvServer (pid 890)
                 385 kB: wpa_supplicant (pid 1519)
                 345 kB: app_process (pid 8117)
                 305 kB: dumpsys (pid 1709)
                 269 kB: netd (pid 741)
                 231 kB: /init (pid 1)
                 200 kB: adbd (pid 1409)
                 114 kB: sdcard (pid 753)
                 108 kB: healthd (pid 733)
                  85 kB: FileDesc_server (pid 749)
                  75 kB: coocaa_guard (pid 752)
                  72 kB: ueventd (pid 512)
                  49 kB: servicemanager (pid 735)
                  48 kB: RootApp (pid 878)
                  40 kB: busybox (pid 1690)
                  33 kB: logwrapper (pid 855)
                  24 kB: keypad (pid 740)
                  24 kB: VirtualEvent (pid 1250)
                   8 kB: drmserver (pid 745)
                   8 kB: keystore (pid 748)
                   7 kB: vold (pid 736)
                   7 kB: debuggerd (pid 742)
                   6 kB: sh (pid 734)
                   4 kB: hardwared (pid 738)
                   4 kB: installd (pid 747)
                   4 kB: smobsd (pid 1264)
                   4 kB: dhcpcd (pid 1744)
                   4 kB: sh (pid 8065)
                   0 kB: dumpsys (pid 1734)
                   0 kB: busybox (pid 1735)
    16629 kB: System
               16629 kB: system (pid 1351)
     9766 kB: Persistent
                6610 kB: com.dunn.instrument (pid 8000)
                3156 kB: com.skyworth.android.skyRMService (pid 1609)
   130580 kB: Foreground
               77124 kB: com.tianci.movieplatform (pid 12501 / activities)
               15383 kB: com.coocaa.os.ccosservice (pid 1834)
               12649 kB: com.tianci.system (pid 1618)
                9615 kB: com.tianci.de (pid 1959)
                7572 kB: com.tianci.push (pid 1869)
                5332 kB: com.coocaa.os.softsettings.provider (pid 2032)
                2905 kB: android.process.media (pid 2242)

Total PSS by category:
    48740 kB: Dalvik
    42676 kB: Unknown
    34868 kB: Dalvik Other
    13978 kB: .dex mmap
    11587 kB: .so mmap
    11306 kB: Native
     6585 kB: Other dev
     2980 kB: Stack
     1536 kB: Other mmap
      472 kB: .apk mmap
      400 kB: Ashmem
       68 kB: .ttf mmap
        0 kB: Cursor
        0 kB: .jar mmap
        0 kB: code mmap
        0 kB: image mmap
        0 kB: Graphics
        0 kB: GL
        0 kB: Memtrack

Total RAM: 463128 kB
 Free RAM: 96604 kB (0 cached pss + 34248 cached + 62356 free)
 Used RAM: 199196 kB (175196 used pss + 700 buffers + 448 shmem + 22852 slab)
 Lost RAM: 167328 kB
     ZRAM: 46828 kB physical used for 83624 kB in swap (98300 kB total swap)
   Tuning: 48 (large 128), oom 108462 kB, restore limit 36154 kB (low-ram)
Applications Memory Usage (kB):
Uptime: 2373011 Realtime: 2373011

Total PSS by process:
    77135 kB: com.tianci.movieplatform (pid 12501 / activities)
    16625 kB: system (pid 1351)
    15279 kB: com.coocaa.os.ccosservice (pid 1834)
    12649 kB: com.tianci.system (pid 1618)
    12117 kB: mediaserver (pid 746)
     9611 kB: com.tianci.de (pid 1959)
     7572 kB: com.tianci.push (pid 1869)
     6610 kB: com.dunn.instrument (pid 8000)
     5332 kB: com.coocaa.os.softsettings.provider (pid 2032)
     3156 kB: com.skyworth.android.skyRMService (pid 1609)
     2905 kB: android.process.media (pid 2242)
      999 kB: zygote (pid 744)
      987 kB: logcat (pid 2086)
      956 kB: surfaceflinger (pid 743)
      733 kB: TvServer (pid 890)
      385 kB: wpa_supplicant (pid 1519)
      345 kB: app_process (pid 8117)
      270 kB: netd (pid 741)
      231 kB: /init (pid 1)
      200 kB: adbd (pid 1409)
      114 kB: sdcard (pid 753)
      108 kB: healthd (pid 733)
       85 kB: FileDesc_server (pid 749)
       75 kB: coocaa_guard (pid 752)
       72 kB: ueventd (pid 512)
       49 kB: servicemanager (pid 735)
       48 kB: RootApp (pid 878)
       40 kB: busybox (pid 1690)
       33 kB: logwrapper (pid 855)
       24 kB: keypad (pid 740)
       24 kB: VirtualEvent (pid 1250)
        8 kB: drmserver (pid 745)
        8 kB: keystore (pid 748)
        7 kB: vold (pid 736)
        7 kB: debuggerd (pid 742)
        6 kB: sh (pid 734)
        4 kB: hardwared (pid 738)
        4 kB: installd (pid 747)
        4 kB: smobsd (pid 1264)
        4 kB: dhcpcd (pid 1744)
        4 kB: sh (pid 8065)
        0 kB: dumpsys (pid 1709)
        0 kB: dumpsys (pid 1734)
        0 kB: busybox (pid 1735)

Total PSS by OOM adjustment:
    17951 kB: Native
               12117 kB: mediaserver (pid 746)
                 999 kB: zygote (pid 744)
                 987 kB: logcat (pid 2086)
                 956 kB: surfaceflinger (pid 743)
                 733 kB: TvServer (pid 890)
                 385 kB: wpa_supplicant (pid 1519)
                 345 kB: app_process (pid 8117)
                 270 kB: netd (pid 741)
                 231 kB: /init (pid 1)
                 200 kB: adbd (pid 1409)
                 114 kB: sdcard (pid 753)
                 108 kB: healthd (pid 733)
                  85 kB: FileDesc_server (pid 749)
                  75 kB: coocaa_guard (pid 752)
                  72 kB: ueventd (pid 512)
                  49 kB: servicemanager (pid 735)
                  48 kB: RootApp (pid 878)
                  40 kB: busybox (pid 1690)
                  33 kB: logwrapper (pid 855)
                  24 kB: keypad (pid 740)
                  24 kB: VirtualEvent (pid 1250)
                   8 kB: drmserver (pid 745)
                   8 kB: keystore (pid 748)
                   7 kB: vold (pid 736)
                   7 kB: debuggerd (pid 742)
                   6 kB: sh (pid 734)
                   4 kB: hardwared (pid 738)
                   4 kB: installd (pid 747)
                   4 kB: smobsd (pid 1264)
                   4 kB: dhcpcd (pid 1744)
                   4 kB: sh (pid 8065)
                   0 kB: dumpsys (pid 1709)
                   0 kB: dumpsys (pid 1734)
                   0 kB: busybox (pid 1735)
    16625 kB: System
               16625 kB: system (pid 1351)
     9766 kB: Persistent
                6610 kB: com.dunn.instrument (pid 8000)
                3156 kB: com.skyworth.android.skyRMService (pid 1609)
   130483 kB: Foreground
               77135 kB: com.tianci.movieplatform (pid 12501 / activities)
               15279 kB: com.coocaa.os.ccosservice (pid 1834)
               12649 kB: com.tianci.system (pid 1618)
                9611 kB: com.tianci.de (pid 1959)
                7572 kB: com.tianci.push (pid 1869)
                5332 kB: com.coocaa.os.softsettings.provider (pid 2032)
                2905 kB: android.process.media (pid 2242)

Total PSS by category:
    48724 kB: Dalvik
    42680 kB: Unknown
    34775 kB: Dalvik Other
    13981 kB: .dex mmap
    11358 kB: .so mmap
    11302 kB: Native
     6579 kB: Other dev
     2972 kB: Stack
     1514 kB: Other mmap
      472 kB: .apk mmap
      400 kB: Ashmem
       68 kB: .ttf mmap
        0 kB: Cursor
        0 kB: .jar mmap
        0 kB: code mmap
        0 kB: image mmap
        0 kB: Graphics
        0 kB: GL
        0 kB: Memtrack

Total RAM: 463128 kB
 Free RAM: 96640 kB (0 cached pss + 34248 cached + 62392 free)
 Used RAM: 198845 kB (174825 used pss + 732 buffers + 448 shmem + 22840 slab)
 Lost RAM: 167643 kB
     ZRAM: 46828 kB physical used for 83624 kB in swap (98300 kB total swap)
   Tuning: 48 (large 128), oom 108462 kB, restore limit 36154 kB (low-ram)
Applications Memory Usage (kB):
Uptime: 2375923 Realtime: 2375923

Total PSS by process:
    77155 kB: com.tianci.movieplatform (pid 12501 / activities)
    16521 kB: system (pid 1351)
    15271 kB: com.coocaa.os.ccosservice (pid 1834)
    12649 kB: com.tianci.system (pid 1618)
    12091 kB: mediaserver (pid 746)
     9631 kB: com.tianci.de (pid 1959)
     7572 kB: com.tianci.push (pid 1869)
     6614 kB: com.dunn.instrument (pid 8000)
     5332 kB: com.coocaa.os.softsettings.provider (pid 2032)
     3156 kB: com.skyworth.android.skyRMService (pid 1609)
     2905 kB: android.process.media (pid 2242)
     1215 kB: surfaceflinger (pid 743)
      996 kB: zygote (pid 744)
      986 kB: logcat (pid 2086)
      733 kB: TvServer (pid 890)
      385 kB: wpa_supplicant (pid 1519)
      345 kB: app_process (pid 8117)
      270 kB: netd (pid 741)
      259 kB: dumpsys (pid 1928)
      231 kB: /init (pid 1)
      204 kB: adbd (pid 1409)
      114 kB: sdcard (pid 753)
      108 kB: healthd (pid 733)
       85 kB: FileDesc_server (pid 749)
       75 kB: coocaa_guard (pid 752)
       72 kB: ueventd (pid 512)
       49 kB: servicemanager (pid 735)
       48 kB: RootApp (pid 878)
       40 kB: busybox (pid 1690)
       33 kB: logwrapper (pid 855)
       24 kB: keypad (pid 740)
       24 kB: VirtualEvent (pid 1250)
        8 kB: drmserver (pid 745)
        8 kB: keystore (pid 748)
        7 kB: vold (pid 736)
        7 kB: debuggerd (pid 742)
        6 kB: sh (pid 734)
        4 kB: hardwared (pid 738)
        4 kB: installd (pid 747)
        4 kB: smobsd (pid 1264)
        4 kB: dhcpcd (pid 1744)
        4 kB: sh (pid 8065)

Total PSS by OOM adjustment:
    18443 kB: Native
               12091 kB: mediaserver (pid 746)
                1215 kB: surfaceflinger (pid 743)
                 996 kB: zygote (pid 744)
                 986 kB: logcat (pid 2086)
                 733 kB: TvServer (pid 890)
                 385 kB: wpa_supplicant (pid 1519)
                 345 kB: app_process (pid 8117)
                 270 kB: netd (pid 741)
                 259 kB: dumpsys (pid 1928)
                 231 kB: /init (pid 1)
                 204 kB: adbd (pid 1409)
                 114 kB: sdcard (pid 753)
                 108 kB: healthd (pid 733)
                  85 kB: FileDesc_server (pid 749)
                  75 kB: coocaa_guard (pid 752)
                  72 kB: ueventd (pid 512)
                  49 kB: servicemanager (pid 735)
                  48 kB: RootApp (pid 878)
                  40 kB: busybox (pid 1690)
                  33 kB: logwrapper (pid 855)
                  24 kB: keypad (pid 740)
                  24 kB: VirtualEvent (pid 1250)
                   8 kB: drmserver (pid 745)
                   8 kB: keystore (pid 748)
                   7 kB: vold (pid 736)
                   7 kB: debuggerd (pid 742)
                   6 kB: sh (pid 734)
                   4 kB: hardwared (pid 738)
                   4 kB: installd (pid 747)
                   4 kB: smobsd (pid 1264)
                   4 kB: dhcpcd (pid 1744)
                   4 kB: sh (pid 8065)
    16521 kB: System
               16521 kB: system (pid 1351)
     9770 kB: Persistent
                6614 kB: com.dunn.instrument (pid 8000)
                3156 kB: com.skyworth.android.skyRMService (pid 1609)
   130515 kB: Foreground
               77155 kB: com.tianci.movieplatform (pid 12501 / activities)
               15271 kB: com.coocaa.os.ccosservice (pid 1834)
               12649 kB: com.tianci.system (pid 1618)
                9631 kB: com.tianci.de (pid 1959)
                7572 kB: com.tianci.push (pid 1869)
                5332 kB: com.coocaa.os.softsettings.provider (pid 2032)
                2905 kB: android.process.media (pid 2242)

Total PSS by category:
    48648 kB: Dalvik
    42684 kB: Unknown
    34776 kB: Dalvik Other
    13982 kB: .dex mmap
    11558 kB: Native
    11532 kB: .so mmap
     6585 kB: Other dev
     2996 kB: Stack
     1536 kB: Other mmap
      472 kB: .apk mmap
      412 kB: Ashmem
       68 kB: .ttf mmap
        0 kB: Cursor
        0 kB: .jar mmap
        0 kB: code mmap
        0 kB: image mmap
        0 kB: Graphics
        0 kB: GL
        0 kB: Memtrack

Total RAM: 463128 kB
 Free RAM: 96584 kB (0 cached pss + 34840 cached + 61744 free)
 Used RAM: 199381 kB (175249 used pss + 804 buffers + 460 shmem + 22868 slab)
 Lost RAM: 167163 kB
     ZRAM: 46828 kB physical used for 83624 kB in swap (98300 kB total swap)
   Tuning: 48 (large 128), oom 108462 kB, restore limit 36154 kB (low-ram)
Applications Memory Usage (kB):
Uptime: 2378987 Realtime: 2378987

Total PSS by process:
    77568 kB: com.tianci.movieplatform (pid 12501 / activities)
    16628 kB: system (pid 1351)
    15279 kB: com.coocaa.os.ccosservice (pid 1834)
    12648 kB: com.tianci.system (pid 1618)
    12133 kB: mediaserver (pid 746)
     9751 kB: com.tianci.de (pid 1959)
     7572 kB: com.tianci.push (pid 1869)
     6614 kB: com.dunn.instrument (pid 8000)
     5332 kB: com.coocaa.os.softsettings.provider (pid 2032)
     3187 kB: com.skyworth.android.skyRMService (pid 1609)
     2903 kB: android.process.media (pid 2242)
      987 kB: logcat (pid 2086)
      983 kB: zygote (pid 744)
      955 kB: surfaceflinger (pid 743)
      733 kB: TvServer (pid 890)
      385 kB: wpa_supplicant (pid 1519)
      345 kB: app_process (pid 8117)
      269 kB: netd (pid 741)
      231 kB: /init (pid 1)
      204 kB: adbd (pid 1409)
      114 kB: sdcard (pid 753)
      108 kB: healthd (pid 733)
       85 kB: FileDesc_server (pid 749)
       75 kB: coocaa_guard (pid 752)
       72 kB: ueventd (pid 512)
       49 kB: servicemanager (pid 735)
       48 kB: RootApp (pid 878)
       40 kB: busybox (pid 1690)
       33 kB: logwrapper (pid 855)
       24 kB: keypad (pid 740)
       24 kB: VirtualEvent (pid 1250)
        8 kB: drmserver (pid 745)
        8 kB: keystore (pid 748)
        7 kB: vold (pid 736)
        7 kB: debuggerd (pid 742)
        6 kB: sh (pid 734)
        4 kB: hardwared (pid 738)
        4 kB: installd (pid 747)
        4 kB: smobsd (pid 1264)
        4 kB: dhcpcd (pid 1744)
        4 kB: sh (pid 8065)
        0 kB: dumpsys (pid 1928)

Total PSS by OOM adjustment:
    17953 kB: Native
               12133 kB: mediaserver (pid 746)
                 987 kB: logcat (pid 2086)
                 983 kB: zygote (pid 744)
                 955 kB: surfaceflinger (pid 743)
                 733 kB: TvServer (pid 890)
                 385 kB: wpa_supplicant (pid 1519)
                 345 kB: app_process (pid 8117)
                 269 kB: netd (pid 741)
                 231 kB: /init (pid 1)
                 204 kB: adbd (pid 1409)
                 114 kB: sdcard (pid 753)
                 108 kB: healthd (pid 733)
                  85 kB: FileDesc_server (pid 749)
                  75 kB: coocaa_guard (pid 752)
                  72 kB: ueventd (pid 512)
                  49 kB: servicemanager (pid 735)
                  48 kB: RootApp (pid 878)
                  40 kB: busybox (pid 1690)
                  33 kB: logwrapper (pid 855)
                  24 kB: keypad (pid 740)
                  24 kB: VirtualEvent (pid 1250)
                   8 kB: drmserver (pid 745)
                   8 kB: keystore (pid 748)
                   7 kB: vold (pid 736)
                   7 kB: debuggerd (pid 742)
                   6 kB: sh (pid 734)
                   4 kB: hardwared (pid 738)
                   4 kB: installd (pid 747)
                   4 kB: smobsd (pid 1264)
                   4 kB: dhcpcd (pid 1744)
                   4 kB: sh (pid 8065)
                   0 kB: dumpsys (pid 1928)
    16628 kB: System
               16628 kB: system (pid 1351)
     9801 kB: Persistent
                6614 kB: com.dunn.instrument (pid 8000)
                3187 kB: com.skyworth.android.skyRMService (pid 1609)
   131053 kB: Foreground
               77568 kB: com.tianci.movieplatform (pid 12501 / activities)
               15279 kB: com.coocaa.os.ccosservice (pid 1834)
               12648 kB: com.tianci.system (pid 1618)
                9751 kB: com.tianci.de (pid 1959)
                7572 kB: com.tianci.push (pid 1869)
                5332 kB: com.coocaa.os.softsettings.provider (pid 2032)
                2903 kB: android.process.media (pid 2242)

Total PSS by category:
    48789 kB: Dalvik
    43088 kB: Unknown
    34760 kB: Dalvik Other
    13998 kB: .dex mmap
    11461 kB: .so mmap
    11306 kB: Native
     6579 kB: Other dev
     2988 kB: Stack
     1514 kB: Other mmap
      472 kB: .apk mmap
      412 kB: Ashmem
       68 kB: .ttf mmap
        0 kB: Cursor
        0 kB: .jar mmap
        0 kB: code mmap
        0 kB: image mmap
        0 kB: Graphics
        0 kB: GL
        0 kB: Memtrack

Total RAM: 463128 kB
 Free RAM: 96040 kB (0 cached pss + 34868 cached + 61172 free)
 Used RAM: 199639 kB (175435 used pss + 860 buffers + 460 shmem + 22884 slab)
 Lost RAM: 167449 kB
     ZRAM: 46824 kB physical used for 83620 kB in swap (98300 kB total swap)
   Tuning: 48 (large 128), oom 108462 kB, restore limit 36154 kB (low-ram)
Applications Memory Usage (kB):
Uptime: 2382284 Realtime: 2382284

Total PSS by process:
    78304 kB: com.tianci.movieplatform (pid 12501 / activities)
    16667 kB: system (pid 1351)
    15279 kB: com.coocaa.os.ccosservice (pid 1834)
    12685 kB: com.tianci.system (pid 1618)
    12133 kB: mediaserver (pid 746)
     9751 kB: com.tianci.de (pid 1959)
     7571 kB: com.tianci.push (pid 1869)
     6606 kB: com.dunn.instrument (pid 8000)
     5332 kB: com.coocaa.os.softsettings.provider (pid 2032)
     3188 kB: com.skyworth.android.skyRMService (pid 1609)
     2905 kB: android.process.media (pid 2242)
      999 kB: zygote (pid 744)
      987 kB: logcat (pid 2086)
      956 kB: surfaceflinger (pid 743)
      733 kB: TvServer (pid 890)
      385 kB: wpa_supplicant (pid 1519)
      345 kB: app_process (pid 8117)
      324 kB: dumpsys (pid 2134)
      270 kB: netd (pid 741)
      231 kB: /init (pid 1)
      200 kB: adbd (pid 1409)
      114 kB: sdcard (pid 753)
      108 kB: healthd (pid 733)
       85 kB: FileDesc_server (pid 749)
       75 kB: coocaa_guard (pid 752)
       72 kB: ueventd (pid 512)
       49 kB: servicemanager (pid 735)
       48 kB: RootApp (pid 878)
       40 kB: busybox (pid 1690)
       33 kB: logwrapper (pid 855)
       24 kB: keypad (pid 740)
       24 kB: VirtualEvent (pid 1250)
        8 kB: drmserver (pid 745)
        8 kB: keystore (pid 748)
        7 kB: vold (pid 736)
        7 kB: debuggerd (pid 742)
        6 kB: sh (pid 734)
        4 kB: hardwared (pid 738)
        4 kB: installd (pid 747)
        4 kB: smobsd (pid 1264)
        4 kB: dhcpcd (pid 1744)
        4 kB: sh (pid 8065)

Total PSS by OOM adjustment:
    18291 kB: Native
               12133 kB: mediaserver (pid 746)
                 999 kB: zygote (pid 744)
                 987 kB: logcat (pid 2086)
                 956 kB: surfaceflinger (pid 743)
                 733 kB: TvServer (pid 890)
                 385 kB: wpa_supplicant (pid 1519)
                 345 kB: app_process (pid 8117)
                 324 kB: dumpsys (pid 2134)
                 270 kB: netd (pid 741)
                 231 kB: /init (pid 1)
                 200 kB: adbd (pid 1409)
                 114 kB: sdcard (pid 753)
                 108 kB: healthd (pid 733)
                  85 kB: FileDesc_server (pid 749)
                  75 kB: coocaa_guard (pid 752)
                  72 kB: ueventd (pid 512)
                  49 kB: servicemanager (pid 735)
                  48 kB: RootApp (pid 878)
                  40 kB: busybox (pid 1690)
                  33 kB: logwrapper (pid 855)
                  24 kB: keypad (pid 740)
                  24 kB: VirtualEvent (pid 1250)
                   8 kB: drmserver (pid 745)
                   8 kB: keystore (pid 748)
                   7 kB: vold (pid 736)
                   7 kB: debuggerd (pid 742)
                   6 kB: sh (pid 734)
                   4 kB: hardwared (pid 738)
                   4 kB: installd (pid 747)
                   4 kB: smobsd (pid 1264)
                   4 kB: dhcpcd (pid 1744)
                   4 kB: sh (pid 8065)
    16667 kB: System
               16667 kB: system (pid 1351)
     9794 kB: Persistent
                6606 kB: com.dunn.instrument (pid 8000)
                3188 kB: com.skyworth.android.skyRMService (pid 1609)
   131827 kB: Foreground
               78304 kB: com.tianci.movieplatform (pid 12501 / activities)
               15279 kB: com.coocaa.os.ccosservice (pid 1834)
               12685 kB: com.tianci.system (pid 1618)
                9751 kB: com.tianci.de (pid 1959)
                7571 kB: com.tianci.push (pid 1869)
                5332 kB: com.coocaa.os.softsettings.provider (pid 2032)
                2905 kB: android.process.media (pid 2242)

Total PSS by category:
    48836 kB: Dalvik
    43440 kB: Unknown
    35187 kB: Dalvik Other
    14006 kB: .dex mmap
    11724 kB: .so mmap
    11310 kB: Native
     6584 kB: Other dev
     2984 kB: Stack
     1556 kB: Other mmap
      472 kB: .apk mmap
      412 kB: Ashmem
       68 kB: .ttf mmap
        0 kB: Cursor
        0 kB: .jar mmap
        0 kB: code mmap
        0 kB: image mmap
        0 kB: Graphics
        0 kB: GL
        0 kB: Memtrack

Total RAM: 463128 kB
 Free RAM: 95824 kB (0 cached pss + 34920 cached + 60904 free)
 Used RAM: 200839 kB (176579 used pss + 924 buffers + 460 shmem + 22876 slab)
 Lost RAM: 166465 kB
     ZRAM: 46824 kB physical used for 83620 kB in swap (98300 kB total swap)
   Tuning: 48 (large 128), oom 108462 kB, restore limit 36154 kB (low-ram)
Applications Memory Usage (kB):
Uptime: 2385166 Realtime: 2385166

Total PSS by process:
    78296 kB: com.tianci.movieplatform (pid 12501 / activities)
    16607 kB: system (pid 1351)
    15279 kB: com.coocaa.os.ccosservice (pid 1834)
    12694 kB: com.tianci.system (pid 1618)
    12133 kB: mediaserver (pid 746)
     9747 kB: com.tianci.de (pid 1959)
     7572 kB: com.tianci.push (pid 1869)
     6610 kB: com.dunn.instrument (pid 8000)
     5332 kB: com.coocaa.os.softsettings.provider (pid 2032)
     3101 kB: com.skyworth.android.skyRMService (pid 1609)
     2905 kB: android.process.media (pid 2242)
      999 kB: zygote (pid 744)
      987 kB: logcat (pid 2086)
      960 kB: surfaceflinger (pid 743)
      733 kB: TvServer (pid 890)
      385 kB: wpa_supplicant (pid 1519)
      345 kB: app_process (pid 8117)
      270 kB: netd (pid 741)
      231 kB: /init (pid 1)
      200 kB: adbd (pid 1409)
      114 kB: sdcard (pid 753)
      108 kB: healthd (pid 733)
       85 kB: FileDesc_server (pid 749)
       75 kB: coocaa_guard (pid 752)
       72 kB: ueventd (pid 512)
       49 kB: servicemanager (pid 735)
       48 kB: RootApp (pid 878)
       40 kB: busybox (pid 1690)
       33 kB: logwrapper (pid 855)
       24 kB: keypad (pid 740)
       24 kB: VirtualEvent (pid 1250)
        8 kB: drmserver (pid 745)
        8 kB: keystore (pid 748)
        7 kB: vold (pid 736)
        7 kB: debuggerd (pid 742)
        6 kB: sh (pid 734)
        4 kB: hardwared (pid 738)
        4 kB: installd (pid 747)
        4 kB: smobsd (pid 1264)
        4 kB: dhcpcd (pid 1744)
        4 kB: sh (pid 8065)
        0 kB: dumpsys (pid 2134)

Total PSS by OOM adjustment:
    17971 kB: Native
               12133 kB: mediaserver (pid 746)
                 999 kB: zygote (pid 744)
                 987 kB: logcat (pid 2086)
                 960 kB: surfaceflinger (pid 743)
                 733 kB: TvServer (pid 890)
                 385 kB: wpa_supplicant (pid 1519)
                 345 kB: app_process (pid 8117)
                 270 kB: netd (pid 741)
                 231 kB: /init (pid 1)
                 200 kB: adbd (pid 1409)
                 114 kB: sdcard (pid 753)
                 108 kB: healthd (pid 733)
                  85 kB: FileDesc_server (pid 749)
                  75 kB: coocaa_guard (pid 752)
                  72 kB: ueventd (pid 512)
                  49 kB: servicemanager (pid 735)
                  48 kB: RootApp (pid 878)
                  40 kB: busybox (pid 1690)
                  33 kB: logwrapper (pid 855)
                  24 kB: keypad (pid 740)
                  24 kB: VirtualEvent (pid 1250)
                   8 kB: drmserver (pid 745)
                   8 kB: keystore (pid 748)
                   7 kB: vold (pid 736)
                   7 kB: debuggerd (pid 742)
                   6 kB: sh (pid 734)
                   4 kB: hardwared (pid 738)
                   4 kB: installd (pid 747)
                   4 kB: smobsd (pid 1264)
                   4 kB: dhcpcd (pid 1744)
                   4 kB: sh (pid 8065)
                   0 kB: dumpsys (pid 2134)
    16607 kB: System
               16607 kB: system (pid 1351)
     9711 kB: Persistent
                6610 kB: com.dunn.instrument (pid 8000)
                3101 kB: com.skyworth.android.skyRMService (pid 1609)
   131825 kB: Foreground
               78296 kB: com.tianci.movieplatform (pid 12501 / activities)
               15279 kB: com.coocaa.os.ccosservice (pid 1834)
               12694 kB: com.tianci.system (pid 1618)
                9747 kB: com.tianci.de (pid 1959)
                7572 kB: com.tianci.push (pid 1869)
                5332 kB: com.coocaa.os.softsettings.provider (pid 2032)
                2905 kB: android.process.media (pid 2242)

Total PSS by category:
    48712 kB: Dalvik
    43415 kB: Unknown
    35196 kB: Dalvik Other
    14018 kB: .dex mmap
    11466 kB: .so mmap
    11306 kB: Native
     6579 kB: Other dev
     2956 kB: Stack
     1514 kB: Other mmap
      472 kB: .apk mmap
      412 kB: Ashmem
       68 kB: .ttf mmap
        0 kB: Cursor
        0 kB: .jar mmap
        0 kB: code mmap
        0 kB: image mmap
        0 kB: Graphics
        0 kB: GL
        0 kB: Memtrack

Total RAM: 463128 kB
 Free RAM: 96212 kB (0 cached pss + 35200 cached + 61012 free)
 Used RAM: 200406 kB (176114 used pss + 956 buffers + 460 shmem + 22876 slab)
 Lost RAM: 166510 kB
     ZRAM: 46824 kB physical used for 83620 kB in swap (98300 kB total swap)
   Tuning: 48 (large 128), oom 108462 kB, restore limit 36154 kB (low-ram)
Applications Memory Usage (kB):
Uptime: 2388233 Realtime: 2388233

Total PSS by process:
    77867 kB: com.tianci.movieplatform (pid 12501 / activities)
    16609 kB: system (pid 1351)
    15279 kB: com.coocaa.os.ccosservice (pid 1834)
    12530 kB: com.tianci.system (pid 1618)
    10057 kB: mediaserver (pid 746)
     9743 kB: com.tianci.de (pid 1959)
     7572 kB: com.tianci.push (pid 1869)
     6622 kB: com.dunn.instrument (pid 8000)
     5332 kB: com.coocaa.os.softsettings.provider (pid 2032)
     3102 kB: com.skyworth.android.skyRMService (pid 1609)
     2905 kB: android.process.media (pid 2242)
      999 kB: zygote (pid 744)
      987 kB: logcat (pid 2086)
      956 kB: surfaceflinger (pid 743)
      733 kB: TvServer (pid 890)
      385 kB: wpa_supplicant (pid 1519)
      345 kB: app_process (pid 8117)
      324 kB: dumpsys (pid 2320)
      270 kB: netd (pid 741)
      231 kB: /init (pid 1)
      200 kB: adbd (pid 1409)
      114 kB: sdcard (pid 753)
      108 kB: healthd (pid 733)
       85 kB: FileDesc_server (pid 749)
       75 kB: coocaa_guard (pid 752)
       72 kB: ueventd (pid 512)
       49 kB: servicemanager (pid 735)
       48 kB: RootApp (pid 878)
       40 kB: busybox (pid 1690)
       33 kB: logwrapper (pid 855)
       24 kB: keypad (pid 740)
       24 kB: VirtualEvent (pid 1250)
        8 kB: drmserver (pid 745)
        8 kB: keystore (pid 748)
        7 kB: vold (pid 736)
        7 kB: debuggerd (pid 742)
        6 kB: sh (pid 734)
        4 kB: hardwared (pid 738)
        4 kB: installd (pid 747)
        4 kB: smobsd (pid 1264)
        4 kB: dhcpcd (pid 1744)
        4 kB: sh (pid 8065)

Total PSS by OOM adjustment:
    16215 kB: Native
               10057 kB: mediaserver (pid 746)
                 999 kB: zygote (pid 744)
                 987 kB: logcat (pid 2086)
                 956 kB: surfaceflinger (pid 743)
                 733 kB: TvServer (pid 890)
                 385 kB: wpa_supplicant (pid 1519)
                 345 kB: app_process (pid 8117)
                 324 kB: dumpsys (pid 2320)
                 270 kB: netd (pid 741)
                 231 kB: /init (pid 1)
                 200 kB: adbd (pid 1409)
                 114 kB: sdcard (pid 753)
                 108 kB: healthd (pid 733)
                  85 kB: FileDesc_server (pid 749)
                  75 kB: coocaa_guard (pid 752)
                  72 kB: ueventd (pid 512)
                  49 kB: servicemanager (pid 735)
                  48 kB: RootApp (pid 878)
                  40 kB: busybox (pid 1690)
                  33 kB: logwrapper (pid 855)
                  24 kB: keypad (pid 740)
                  24 kB: VirtualEvent (pid 1250)
                   8 kB: drmserver (pid 745)
                   8 kB: keystore (pid 748)
                   7 kB: vold (pid 736)
                   7 kB: debuggerd (pid 742)
                   6 kB: sh (pid 734)
                   4 kB: hardwared (pid 738)
                   4 kB: installd (pid 747)
                   4 kB: smobsd (pid 1264)
                   4 kB: dhcpcd (pid 1744)
                   4 kB: sh (pid 8065)
    16609 kB: System
               16609 kB: system (pid 1351)
     9724 kB: Persistent
                6622 kB: com.dunn.instrument (pid 8000)
                3102 kB: com.skyworth.android.skyRMService (pid 1609)
   131228 kB: Foreground
               77867 kB: com.tianci.movieplatform (pid 12501 / activities)
               15279 kB: com.coocaa.os.ccosservice (pid 1834)
               12530 kB: com.tianci.system (pid 1618)
                9743 kB: com.tianci.de (pid 1959)
                7572 kB: com.tianci.push (pid 1869)
                5332 kB: com.coocaa.os.softsettings.provider (pid 2032)
                2905 kB: android.process.media (pid 2242)

Total PSS by category:
    48572 kB: Dalvik
    43412 kB: Unknown
    34768 kB: Dalvik Other
    14022 kB: .dex mmap
    11723 kB: .so mmap
     9234 kB: Native
     6585 kB: Other dev
     2952 kB: Stack
     1556 kB: Other mmap
      472 kB: .apk mmap
      412 kB: Ashmem
       68 kB: .ttf mmap
        0 kB: Cursor
        0 kB: .jar mmap
        0 kB: code mmap
        0 kB: image mmap
        0 kB: Graphics
        0 kB: GL
        0 kB: Memtrack

Total RAM: 463128 kB
 Free RAM: 98052 kB (0 cached pss + 35208 cached + 62844 free)
 Used RAM: 198120 kB (173776 used pss + 1004 buffers + 460 shmem + 22880 slab)
 Lost RAM: 166956 kB
     ZRAM: 46824 kB physical used for 83620 kB in swap (98300 kB total swap)
   Tuning: 48 (large 128), oom 108462 kB, restore limit 36154 kB (low-ram)
Applications Memory Usage (kB):
Uptime: 2391065 Realtime: 2391065

Total PSS by process:
    78193 kB: com.tianci.movieplatform (pid 12501 / activities)
    16474 kB: system (pid 1351)
    15271 kB: com.coocaa.os.ccosservice (pid 1834)
    12531 kB: com.tianci.system (pid 1618)
    10057 kB: mediaserver (pid 746)
     9743 kB: com.tianci.de (pid 1959)
     7572 kB: com.tianci.push (pid 1869)
     6614 kB: com.dunn.instrument (pid 8000)
     5332 kB: com.coocaa.os.softsettings.provider (pid 2032)
     3103 kB: com.skyworth.android.skyRMService (pid 1609)
     2905 kB: android.process.media (pid 2242)
      999 kB: zygote (pid 744)
      987 kB: logcat (pid 2086)
      956 kB: surfaceflinger (pid 743)
      733 kB: TvServer (pid 890)
      385 kB: wpa_supplicant (pid 1519)
      345 kB: app_process (pid 8117)
      270 kB: netd (pid 741)
      231 kB: /init (pid 1)
      200 kB: adbd (pid 1409)
      114 kB: sdcard (pid 753)
      108 kB: healthd (pid 733)
       85 kB: FileDesc_server (pid 749)
       75 kB: coocaa_guard (pid 752)
       72 kB: ueventd (pid 512)
       49 kB: servicemanager (pid 735)
       48 kB: RootApp (pid 878)
       40 kB: busybox (pid 1690)
       33 kB: logwrapper (pid 855)
       24 kB: keypad (pid 740)
       24 kB: VirtualEvent (pid 1250)
        8 kB: drmserver (pid 745)
        8 kB: keystore (pid 748)
        7 kB: vold (pid 736)
        7 kB: debuggerd (pid 742)
        6 kB: sh (pid 734)
        4 kB: hardwared (pid 738)
        4 kB: installd (pid 747)
        4 kB: smobsd (pid 1264)
        4 kB: dhcpcd (pid 1744)
        4 kB: sh (pid 8065)
        0 kB: dumpsys (pid 2320)

Total PSS by OOM adjustment:
    15891 kB: Native
               10057 kB: mediaserver (pid 746)
                 999 kB: zygote (pid 744)
                 987 kB: logcat (pid 2086)
                 956 kB: surfaceflinger (pid 743)
                 733 kB: TvServer (pid 890)
                 385 kB: wpa_supplicant (pid 1519)
                 345 kB: app_process (pid 8117)
                 270 kB: netd (pid 741)
                 231 kB: /init (pid 1)
                 200 kB: adbd (pid 1409)
                 114 kB: sdcard (pid 753)
                 108 kB: healthd (pid 733)
                  85 kB: FileDesc_server (pid 749)
                  75 kB: coocaa_guard (pid 752)
                  72 kB: ueventd (pid 512)
                  49 kB: servicemanager (pid 735)
                  48 kB: RootApp (pid 878)
                  40 kB: busybox (pid 1690)
                  33 kB: logwrapper (pid 855)
                  24 kB: keypad (pid 740)
                  24 kB: VirtualEvent (pid 1250)
                   8 kB: drmserver (pid 745)
                   8 kB: keystore (pid 748)
                   7 kB: vold (pid 736)
                   7 kB: debuggerd (pid 742)
                   6 kB: sh (pid 734)
                   4 kB: hardwared (pid 738)
                   4 kB: installd (pid 747)
                   4 kB: smobsd (pid 1264)
                   4 kB: dhcpcd (pid 1744)
                   4 kB: sh (pid 8065)
                   0 kB: dumpsys (pid 2320)
    16474 kB: System
               16474 kB: system (pid 1351)
     9717 kB: Persistent
                6614 kB: com.dunn.instrument (pid 8000)
                3103 kB: com.skyworth.android.skyRMService (pid 1609)
   131547 kB: Foreground
               78193 kB: com.tianci.movieplatform (pid 12501 / activities)
               15271 kB: com.coocaa.os.ccosservice (pid 1834)
               12531 kB: com.tianci.system (pid 1618)
                9743 kB: com.tianci.de (pid 1959)
                7572 kB: com.tianci.push (pid 1869)
                5332 kB: com.coocaa.os.softsettings.provider (pid 2032)
                2905 kB: android.process.media (pid 2242)

Total PSS by category:
    48448 kB: Dalvik
    43707 kB: Unknown
    34772 kB: Dalvik Other
    14022 kB: .dex mmap
    11461 kB: .so mmap
     9230 kB: Native
     6579 kB: Other dev
     2944 kB: Stack
     1514 kB: Other mmap
      472 kB: .apk mmap
      412 kB: Ashmem
       68 kB: .ttf mmap
        0 kB: Cursor
        0 kB: .jar mmap
        0 kB: code mmap
        0 kB: image mmap
        0 kB: Graphics
        0 kB: GL
        0 kB: Memtrack

Total RAM: 463128 kB
 Free RAM: 97456 kB (0 cached pss + 35208 cached + 62248 free)
 Used RAM: 198025 kB (173629 used pss + 1068 buffers + 460 shmem + 22868 slab)
 Lost RAM: 167647 kB
     ZRAM: 46824 kB physical used for 83620 kB in swap (98300 kB total swap)
   Tuning: 48 (large 128), oom 108462 kB, restore limit 36154 kB (low-ram)
Applications Memory Usage (kB):
Uptime: 2394068 Realtime: 2394068

Total PSS by process:
    78283 kB: com.tianci.movieplatform (pid 12501 / activities)
    16574 kB: system (pid 1351)
    15274 kB: com.coocaa.os.ccosservice (pid 1834)
    12531 kB: com.tianci.system (pid 1618)
    10057 kB: mediaserver (pid 746)
     9743 kB: com.tianci.de (pid 1959)
     7571 kB: com.tianci.push (pid 1869)
     6618 kB: com.dunn.instrument (pid 8000)
     5330 kB: com.coocaa.os.softsettings.provider (pid 2032)
     3116 kB: com.skyworth.android.skyRMService (pid 1609)
     2905 kB: android.process.media (pid 2242)
      992 kB: zygote (pid 744)
      987 kB: logcat (pid 2086)
      955 kB: surfaceflinger (pid 743)
      733 kB: TvServer (pid 890)
      385 kB: wpa_supplicant (pid 1519)
      345 kB: app_process (pid 8117)
      324 kB: dumpsys (pid 2527)
      270 kB: netd (pid 741)
      231 kB: /init (pid 1)
      200 kB: adbd (pid 1409)
      114 kB: sdcard (pid 753)
      108 kB: healthd (pid 733)
       85 kB: FileDesc_server (pid 749)
       75 kB: coocaa_guard (pid 752)
       72 kB: ueventd (pid 512)
       49 kB: servicemanager (pid 735)
       48 kB: RootApp (pid 878)
       40 kB: busybox (pid 1690)
       33 kB: logwrapper (pid 855)
       24 kB: keypad (pid 740)
       24 kB: VirtualEvent (pid 1250)
        8 kB: drmserver (pid 745)
        8 kB: keystore (pid 748)
        7 kB: vold (pid 736)
        7 kB: debuggerd (pid 742)
        6 kB: sh (pid 734)
        4 kB: hardwared (pid 738)
        4 kB: installd (pid 747)
        4 kB: smobsd (pid 1264)
        4 kB: dhcpcd (pid 1744)
        4 kB: sh (pid 8065)
        0 kB: sh (pid 2553)
        0 kB: dumpsys (pid 2555)
        0 kB: dumpsys (pid 2556)
        0 kB: grep (pid 2557)

Total PSS by OOM adjustment:
    16207 kB: Native
               10057 kB: mediaserver (pid 746)
                 992 kB: zygote (pid 744)
                 987 kB: logcat (pid 2086)
                 955 kB: surfaceflinger (pid 743)
                 733 kB: TvServer (pid 890)
                 385 kB: wpa_supplicant (pid 1519)
                 345 kB: app_process (pid 8117)
                 324 kB: dumpsys (pid 2527)
                 270 kB: netd (pid 741)
                 231 kB: /init (pid 1)
                 200 kB: adbd (pid 1409)
                 114 kB: sdcard (pid 753)
                 108 kB: healthd (pid 733)
                  85 kB: FileDesc_server (pid 749)
                  75 kB: coocaa_guard (pid 752)
                  72 kB: ueventd (pid 512)
                  49 kB: servicemanager (pid 735)
                  48 kB: RootApp (pid 878)
                  40 kB: busybox (pid 1690)
                  33 kB: logwrapper (pid 855)
                  24 kB: keypad (pid 740)
                  24 kB: VirtualEvent (pid 1250)
                   8 kB: drmserver (pid 745)
                   8 kB: keystore (pid 748)
                   7 kB: vold (pid 736)
                   7 kB: debuggerd (pid 742)
                   6 kB: sh (pid 734)
                   4 kB: hardwared (pid 738)
                   4 kB: installd (pid 747)
                   4 kB: smobsd (pid 1264)
                   4 kB: dhcpcd (pid 1744)
                   4 kB: sh (pid 8065)
                   0 kB: sh (pid 2553)
                   0 kB: dumpsys (pid 2555)
                   0 kB: dumpsys (pid 2556)
                   0 kB: grep (pid 2557)
    16574 kB: System
               16574 kB: system (pid 1351)
     9734 kB: Persistent
                6618 kB: com.dunn.instrument (pid 8000)
                3116 kB: com.skyworth.android.skyRMService (pid 1609)
   131637 kB: Foreground
               78283 kB: com.tianci.movieplatform (pid 12501 / activities)
               15274 kB: com.coocaa.os.ccosservice (pid 1834)
               12531 kB: com.tianci.system (pid 1618)
                9743 kB: com.tianci.de (pid 1959)
                7571 kB: com.tianci.push (pid 1869)
                5330 kB: com.coocaa.os.softsettings.provider (pid 2032)
                2905 kB: android.process.media (pid 2242)

Total PSS by category:
    48564 kB: Dalvik
    43804 kB: Unknown
    34776 kB: Dalvik Other
    14021 kB: .dex mmap
    11709 kB: .so mmap
     9234 kB: Native
     6584 kB: Other dev
     2952 kB: Stack
     1556 kB: Other mmap
      472 kB: .apk mmap
      412 kB: Ashmem
       68 kB: .ttf mmap
        0 kB: Cursor
        0 kB: .jar mmap
        0 kB: code mmap
        0 kB: image mmap
        0 kB: Graphics
        0 kB: GL
        0 kB: Memtrack

Total RAM: 463128 kB
 Free RAM: 97564 kB (0 cached pss + 35276 cached + 62288 free)
 Used RAM: 198576 kB (174152 used pss + 1100 buffers + 460 shmem + 22864 slab)
 Lost RAM: 166988 kB
     ZRAM: 46824 kB physical used for 83620 kB in swap (98300 kB total swap)
   Tuning: 48 (large 128), oom 108462 kB, restore limit 36154 kB (low-ram)
Applications Memory Usage (kB):
Uptime: 2397093 Realtime: 2397093

Total PSS by process:
    78277 kB: com.tianci.movieplatform (pid 12501 / activities)
    16643 kB: system (pid 1351)
    15279 kB: com.coocaa.os.ccosservice (pid 1834)
    12575 kB: com.tianci.system (pid 1618)
    10019 kB: mediaserver (pid 746)
     9743 kB: com.tianci.de (pid 1959)
     7572 kB: com.tianci.push (pid 1869)
     6626 kB: com.dunn.instrument (pid 8000)
     5332 kB: com.coocaa.os.softsettings.provider (pid 2032)
     3116 kB: com.skyworth.android.skyRMService (pid 1609)
     2905 kB: android.process.media (pid 2242)
      996 kB: zygote (pid 744)
      986 kB: logcat (pid 2086)
      956 kB: surfaceflinger (pid 743)
      733 kB: TvServer (pid 890)
      385 kB: wpa_supplicant (pid 1519)
      345 kB: app_process (pid 8117)
      270 kB: netd (pid 741)
      231 kB: /init (pid 1)
      196 kB: adbd (pid 1409)
      114 kB: sdcard (pid 753)
      108 kB: healthd (pid 733)
       85 kB: FileDesc_server (pid 749)
       75 kB: coocaa_guard (pid 752)
       72 kB: ueventd (pid 512)
       49 kB: servicemanager (pid 735)
       48 kB: RootApp (pid 878)
       40 kB: busybox (pid 1690)
       33 kB: logwrapper (pid 855)
       24 kB: keypad (pid 740)
       24 kB: VirtualEvent (pid 1250)
        8 kB: drmserver (pid 745)
        8 kB: keystore (pid 748)
        7 kB: vold (pid 736)
        7 kB: debuggerd (pid 742)
        6 kB: sh (pid 734)
        4 kB: hardwared (pid 738)
        4 kB: installd (pid 747)
        4 kB: smobsd (pid 1264)
        4 kB: dhcpcd (pid 1744)
        4 kB: sh (pid 8065)
        0 kB: dumpsys (pid 2527)
        0 kB: sh (pid 2553)
        0 kB: dumpsys (pid 2555)
        0 kB: dumpsys (pid 2556)
        0 kB: grep (pid 2557)

Total PSS by OOM adjustment:
    15845 kB: Native
               10019 kB: mediaserver (pid 746)
                 996 kB: zygote (pid 744)
                 986 kB: logcat (pid 2086)
                 956 kB: surfaceflinger (pid 743)
                 733 kB: TvServer (pid 890)
                 385 kB: wpa_supplicant (pid 1519)
                 345 kB: app_process (pid 8117)
                 270 kB: netd (pid 741)
                 231 kB: /init (pid 1)
                 196 kB: adbd (pid 1409)
                 114 kB: sdcard (pid 753)
                 108 kB: healthd (pid 733)
                  85 kB: FileDesc_server (pid 749)
                  75 kB: coocaa_guard (pid 752)
                  72 kB: ueventd (pid 512)
                  49 kB: servicemanager (pid 735)
                  48 kB: RootApp (pid 878)
                  40 kB: busybox (pid 1690)
                  33 kB: logwrapper (pid 855)
                  24 kB: keypad (pid 740)
                  24 kB: VirtualEvent (pid 1250)
                   8 kB: drmserver (pid 745)
                   8 kB: keystore (pid 748)
                   7 kB: vold (pid 736)
                   7 kB: debuggerd (pid 742)
                   6 kB: sh (pid 734)
                   4 kB: hardwared (pid 738)
                   4 kB: installd (pid 747)
                   4 kB: smobsd (pid 1264)
                   4 kB: dhcpcd (pid 1744)
                   4 kB: sh (pid 8065)
                   0 kB: dumpsys (pid 2527)
                   0 kB: sh (pid 2553)
                   0 kB: dumpsys (pid 2555)
                   0 kB: dumpsys (pid 2556)
                   0 kB: grep (pid 2557)
    16643 kB: System
               16643 kB: system (pid 1351)
     9742 kB: Persistent
                6626 kB: com.dunn.instrument (pid 8000)
                3116 kB: com.skyworth.android.skyRMService (pid 1609)
   131683 kB: Foreground
               78277 kB: com.tianci.movieplatform (pid 12501 / activities)
               15279 kB: com.coocaa.os.ccosservice (pid 1834)
               12575 kB: com.tianci.system (pid 1618)
                9743 kB: com.tianci.de (pid 1959)
                7572 kB: com.tianci.push (pid 1869)
                5332 kB: com.coocaa.os.softsettings.provider (pid 2032)
                2905 kB: android.process.media (pid 2242)

Total PSS by category:
    48652 kB: Dalvik
    43823 kB: Unknown
    34768 kB: Dalvik Other
    14026 kB: .dex mmap
    11435 kB: .so mmap
     9226 kB: Native
     6580 kB: Other dev
     2946 kB: Stack
     1505 kB: Other mmap
      472 kB: .apk mmap
      412 kB: Ashmem
       68 kB: .ttf mmap
        0 kB: Cursor
        0 kB: .jar mmap
        0 kB: code mmap
        0 kB: image mmap
        0 kB: Graphics
        0 kB: GL
        0 kB: Memtrack

Total RAM: 463128 kB
 Free RAM: 96472 kB (0 cached pss + 35276 cached + 61196 free)
 Used RAM: 198413 kB (173913 used pss + 1172 buffers + 460 shmem + 22868 slab)
 Lost RAM: 168243 kB
     ZRAM: 46824 kB physical used for 83620 kB in swap (98300 kB total swap)
   Tuning: 48 (large 128), oom 108462 kB, restore limit 36154 kB (low-ram)
Applications Memory Usage (kB):
Uptime: 2399899 Realtime: 2399899

Total PSS by process:
    78270 kB: com.tianci.movieplatform (pid 12501 / activities)
    16519 kB: system (pid 1351)
    15279 kB: com.coocaa.os.ccosservice (pid 1834)
    12575 kB: com.tianci.system (pid 1618)
    10247 kB: com.tianci.de (pid 1959)
    10057 kB: mediaserver (pid 746)
     7571 kB: com.tianci.push (pid 1869)
     6622 kB: com.dunn.instrument (pid 8000)
     5332 kB: com.coocaa.os.softsettings.provider (pid 2032)
     3120 kB: com.skyworth.android.skyRMService (pid 1609)
     2905 kB: android.process.media (pid 2242)
      996 kB: zygote (pid 744)
      987 kB: logcat (pid 2086)
      956 kB: surfaceflinger (pid 743)
      733 kB: TvServer (pid 890)
      385 kB: wpa_supplicant (pid 1519)
      345 kB: app_process (pid 8117)
      324 kB: dumpsys (pid 2685)
      270 kB: netd (pid 741)
      231 kB: /init (pid 1)
      204 kB: adbd (pid 1409)
      114 kB: sdcard (pid 753)
      108 kB: healthd (pid 733)
       85 kB: FileDesc_server (pid 749)
       75 kB: coocaa_guard (pid 752)
       72 kB: ueventd (pid 512)
       49 kB: servicemanager (pid 735)
       48 kB: RootApp (pid 878)
       40 kB: busybox (pid 1690)
       33 kB: logwrapper (pid 855)
       24 kB: keypad (pid 740)
       24 kB: VirtualEvent (pid 1250)
        8 kB: drmserver (pid 745)
        8 kB: keystore (pid 748)
        7 kB: vold (pid 736)
        7 kB: debuggerd (pid 742)
        6 kB: sh (pid 734)
        4 kB: hardwared (pid 738)
        4 kB: installd (pid 747)
        4 kB: smobsd (pid 1264)
        4 kB: dhcpcd (pid 1744)
        4 kB: sh (pid 8065)

Total PSS by OOM adjustment:
    16216 kB: Native
               10057 kB: mediaserver (pid 746)
                 996 kB: zygote (pid 744)
                 987 kB: logcat (pid 2086)
                 956 kB: surfaceflinger (pid 743)
                 733 kB: TvServer (pid 890)
                 385 kB: wpa_supplicant (pid 1519)
                 345 kB: app_process (pid 8117)
                 324 kB: dumpsys (pid 2685)
                 270 kB: netd (pid 741)
                 231 kB: /init (pid 1)
                 204 kB: adbd (pid 1409)
                 114 kB: sdcard (pid 753)
                 108 kB: healthd (pid 733)
                  85 kB: FileDesc_server (pid 749)
                  75 kB: coocaa_guard (pid 752)
                  72 kB: ueventd (pid 512)
                  49 kB: servicemanager (pid 735)
                  48 kB: RootApp (pid 878)
                  40 kB: busybox (pid 1690)
                  33 kB: logwrapper (pid 855)
                  24 kB: keypad (pid 740)
                  24 kB: VirtualEvent (pid 1250)
                   8 kB: drmserver (pid 745)
                   8 kB: keystore (pid 748)
                   7 kB: vold (pid 736)
                   7 kB: debuggerd (pid 742)
                   6 kB: sh (pid 734)
                   4 kB: hardwared (pid 738)
                   4 kB: installd (pid 747)
                   4 kB: smobsd (pid 1264)
                   4 kB: dhcpcd (pid 1744)
                   4 kB: sh (pid 8065)
    16519 kB: System
               16519 kB: system (pid 1351)
     9742 kB: Persistent
                6622 kB: com.dunn.instrument (pid 8000)
                3120 kB: com.skyworth.android.skyRMService (pid 1609)
   132179 kB: Foreground
               78270 kB: com.tianci.movieplatform (pid 12501 / activities)
               15279 kB: com.coocaa.os.ccosservice (pid 1834)
               12575 kB: com.tianci.system (pid 1618)
               10247 kB: com.tianci.de (pid 1959)
                7571 kB: com.tianci.push (pid 1869)
                5332 kB: com.coocaa.os.softsettings.provider (pid 2032)
                2905 kB: android.process.media (pid 2242)

Total PSS by category:
    48524 kB: Dalvik
    43836 kB: Unknown
    34768 kB: Dalvik Other
    14526 kB: .dex mmap
    11724 kB: .so mmap
     9234 kB: Native
     6584 kB: Other dev
     2952 kB: Stack
     1556 kB: Other mmap
      472 kB: .apk mmap
      412 kB: Ashmem
       68 kB: .ttf mmap
        0 kB: Cursor
        0 kB: .jar mmap
        0 kB: code mmap
        0 kB: image mmap
        0 kB: Graphics
        0 kB: GL
        0 kB: Memtrack

Total RAM: 463128 kB
 Free RAM: 97524 kB (0 cached pss + 36076 cached + 61448 free)
 Used RAM: 199208 kB (174656 used pss + 1220 buffers + 460 shmem + 22872 slab)
 Lost RAM: 166396 kB
     ZRAM: 46824 kB physical used for 83620 kB in swap (98300 kB total swap)
   Tuning: 48 (large 128), oom 108462 kB, restore limit 36154 kB (low-ram)
Applications Memory Usage (kB):
Uptime: 2402991 Realtime: 2402991

Total PSS by process:
    78263 kB: com.tianci.movieplatform (pid 12501 / activities)
    16647 kB: system (pid 1351)
    15279 kB: com.coocaa.os.ccosservice (pid 1834)
    12575 kB: com.tianci.system (pid 1618)
    10247 kB: com.tianci.de (pid 1959)
    10057 kB: mediaserver (pid 746)
     7572 kB: com.tianci.push (pid 1869)
     6614 kB: com.dunn.instrument (pid 8000)
     5332 kB: com.coocaa.os.softsettings.provider (pid 2032)
     3120 kB: com.skyworth.android.skyRMService (pid 1609)
     2905 kB: android.process.media (pid 2242)
      989 kB: zygote (pid 744)
      987 kB: logcat (pid 2086)
      955 kB: surfaceflinger (pid 743)
      733 kB: TvServer (pid 890)
      385 kB: wpa_supplicant (pid 1519)
      345 kB: app_process (pid 8117)
      270 kB: netd (pid 741)
      231 kB: /init (pid 1)
      204 kB: adbd (pid 1409)
      114 kB: sdcard (pid 753)
      108 kB: healthd (pid 733)
       85 kB: FileDesc_server (pid 749)
       75 kB: coocaa_guard (pid 752)
       72 kB: ueventd (pid 512)
       49 kB: servicemanager (pid 735)
       48 kB: RootApp (pid 878)
       40 kB: busybox (pid 1690)
       33 kB: logwrapper (pid 855)
       24 kB: keypad (pid 740)
       24 kB: VirtualEvent (pid 1250)
        8 kB: drmserver (pid 745)
        8 kB: keystore (pid 748)
        7 kB: vold (pid 736)
        7 kB: debuggerd (pid 742)
        6 kB: sh (pid 734)
        4 kB: hardwared (pid 738)
        4 kB: installd (pid 747)
        4 kB: smobsd (pid 1264)
        4 kB: dhcpcd (pid 1744)
        4 kB: sh (pid 8065)
        0 kB: dumpsys (pid 2685)

Total PSS by OOM adjustment:
    15884 kB: Native
               10057 kB: mediaserver (pid 746)
                 989 kB: zygote (pid 744)
                 987 kB: logcat (pid 2086)
                 955 kB: surfaceflinger (pid 743)
                 733 kB: TvServer (pid 890)
                 385 kB: wpa_supplicant (pid 1519)
                 345 kB: app_process (pid 8117)
                 270 kB: netd (pid 741)
                 231 kB: /init (pid 1)
                 204 kB: adbd (pid 1409)
                 114 kB: sdcard (pid 753)
                 108 kB: healthd (pid 733)
                  85 kB: FileDesc_server (pid 749)
                  75 kB: coocaa_guard (pid 752)
                  72 kB: ueventd (pid 512)
                  49 kB: servicemanager (pid 735)
                  48 kB: RootApp (pid 878)
                  40 kB: busybox (pid 1690)
                  33 kB: logwrapper (pid 855)
                  24 kB: keypad (pid 740)
                  24 kB: VirtualEvent (pid 1250)
                   8 kB: drmserver (pid 745)
                   8 kB: keystore (pid 748)
                   7 kB: vold (pid 736)
                   7 kB: debuggerd (pid 742)
                   6 kB: sh (pid 734)
                   4 kB: hardwared (pid 738)
                   4 kB: installd (pid 747)
                   4 kB: smobsd (pid 1264)
                   4 kB: dhcpcd (pid 1744)
                   4 kB: sh (pid 8065)
