Applications Memory Usage (kB):
Uptime: 1903795 Realtime: 1903795

Total PSS by process:
    62278 kB: com.tianci.movieplatform (pid 16320 / activities)
    33818 kB: com.ccos.tv.homepage (pid 15834 / activities)
    14561 kB: system (pid 15637)
    13275 kB: com.tianci.ad (pid 16450)
    12120 kB: mediaserver (pid 15246)
    11533 kB: com.tianci.system (pid 15820)
    10352 kB: com.tianci.de (pid 16137)
     8862 kB: com.coocaa.os.ccosservice (pid 16236)
     8285 kB: com.tianci.movieplatform:daemon (pid 21200)
     7955 kB: com.coocaa.sysreport (pid 17857)
     7694 kB: com.tianci.push (pid 15973)
     5395 kB: com.coocaa.os.softsettings.provider (pid 16039)
     2998 kB: com.dunn.instrument (pid 15811)
     1295 kB: zygote (pid 15244)
     1001 kB: surfaceflinger (pid 741)
      818 kB: TvServer (pid 1116)
      385 kB: wpa_supplicant (pid 15706)
      345 kB: app_process (pid 15968)
      326 kB: logcat (pid 15793)
      321 kB: dumpsys (pid 27046)
      253 kB: netd (pid 15245)
      245 kB: keystore (pid 748)
      230 kB: /init (pid 1)
      211 kB: sh (pid 733)
      200 kB: adbd (pid 1411)
      138 kB: sdcard (pid 754)
      108 kB: healthd (pid 732)
      108 kB: vold (pid 735)
       77 kB: FileDesc_server (pid 749)
       72 kB: ueventd (pid 512)
       63 kB: coocaa_guard (pid 751)
       49 kB: servicemanager (pid 734)
       48 kB: RootApp (pid 1088)
       41 kB: logwrapper (pid 1048)
       40 kB: busybox (pid 1626)
       24 kB: keypad (pid 738)
       24 kB: VirtualEvent (pid 1230)
        8 kB: drmserver (pid 744)
        4 kB: hardwared (pid 736)
        4 kB: debuggerd (pid 740)
        4 kB: installd (pid 747)
        4 kB: smobsd (pid 1247)
        4 kB: dhcpcd (pid 15708)
        4 kB: sh (pid 15896)

Total PSS by OOM adjustment:
    18574 kB: Native
               12120 kB: mediaserver (pid 15246)
                1295 kB: zygote (pid 15244)
                1001 kB: surfaceflinger (pid 741)
                 818 kB: TvServer (pid 1116)
                 385 kB: wpa_supplicant (pid 15706)
                 345 kB: app_process (pid 15968)
                 326 kB: logcat (pid 15793)
                 321 kB: dumpsys (pid 27046)
                 253 kB: netd (pid 15245)
                 245 kB: keystore (pid 748)
                 230 kB: /init (pid 1)
                 211 kB: sh (pid 733)
                 200 kB: adbd (pid 1411)
                 138 kB: sdcard (pid 754)
                 108 kB: healthd (pid 732)
                 108 kB: vold (pid 735)
                  77 kB: FileDesc_server (pid 749)
                  72 kB: ueventd (pid 512)
                  63 kB: coocaa_guard (pid 751)
                  49 kB: servicemanager (pid 734)
                  48 kB: RootApp (pid 1088)
                  41 kB: logwrapper (pid 1048)
                  40 kB: busybox (pid 1626)
                  24 kB: keypad (pid 738)
                  24 kB: VirtualEvent (pid 1230)
                   8 kB: drmserver (pid 744)
                   4 kB: hardwared (pid 736)
                   4 kB: debuggerd (pid 740)
                   4 kB: installd (pid 747)
                   4 kB: smobsd (pid 1247)
                   4 kB: dhcpcd (pid 15708)
                   4 kB: sh (pid 15896)
    14561 kB: System
               14561 kB: system (pid 15637)
     2998 kB: Persistent
                2998 kB: com.dunn.instrument (pid 15811)
    97252 kB: Foreground
               62278 kB: com.tianci.movieplatform (pid 16320 / activities)
               11533 kB: com.tianci.system (pid 15820)
               10352 kB: com.tianci.de (pid 16137)
                7694 kB: com.tianci.push (pid 15973)
                5395 kB: com.coocaa.os.softsettings.provider (pid 16039)
     8862 kB: Visible
                8862 kB: com.coocaa.os.ccosservice (pid 16236)
    21230 kB: A Services
               13275 kB: com.tianci.ad (pid 16450)
                7955 kB: com.coocaa.sysreport (pid 17857)
    33818 kB: Previous
               33818 kB: com.ccos.tv.homepage (pid 15834 / activities)
     8285 kB: B Services
                8285 kB: com.tianci.movieplatform:daemon (pid 21200)

Total PSS by category:
    63623 kB: Dalvik
    43360 kB: Dalvik Other
    37979 kB: Unknown
    17128 kB: .dex mmap
    13586 kB: .so mmap
    10872 kB: Native
    10086 kB: Other dev
     3784 kB: Ashmem
     2888 kB: Stack
     1817 kB: Other mmap
      457 kB: .apk mmap
        0 kB: Cursor
        0 kB: .jar mmap
        0 kB: .ttf mmap
        0 kB: code mmap
        0 kB: image mmap
        0 kB: Graphics
        0 kB: GL
        0 kB: Memtrack

Total RAM: 463128 kB
 Free RAM: 80328 kB (0 cached pss + 58308 cached + 22020 free)
 Used RAM: 229596 kB (205580 used pss + 1076 buffers + 476 shmem + 22464 slab)
 Lost RAM: 153204 kB
     ZRAM: 42348 kB physical used for 86552 kB in swap (98300 kB total swap)
   Tuning: 48 (large 128), oom 108462 kB, restore limit 36154 kB (low-ram)
Applications Memory Usage (kB):
Uptime: 1906939 Realtime: 1906939

Total PSS by process:
    61063 kB: com.tianci.movieplatform (pid 16320 / activities)
    35454 kB: com.ccos.tv.homepage (pid 15834 / activities)
    14615 kB: system (pid 15637)
    13091 kB: com.tianci.ad (pid 16450)
    12120 kB: mediaserver (pid 15246)
    11453 kB: com.tianci.system (pid 15820)
    10338 kB: com.tianci.de (pid 16137)
     8787 kB: com.coocaa.os.ccosservice (pid 16236)
     8249 kB: com.tianci.movieplatform:daemon (pid 21200)
     7907 kB: com.coocaa.sysreport (pid 17857)
     7428 kB: com.tianci.push (pid 15973)
     5251 kB: com.coocaa.os.softsettings.provider (pid 16039)
     2983 kB: com.dunn.instrument (pid 15811)
     1291 kB: zygote (pid 15244)
      997 kB: surfaceflinger (pid 741)
      802 kB: TvServer (pid 1116)
      385 kB: wpa_supplicant (pid 15706)
      345 kB: app_process (pid 15968)
      322 kB: logcat (pid 15793)
      253 kB: netd (pid 15245)
      245 kB: keystore (pid 748)
      230 kB: /init (pid 1)
      211 kB: sh (pid 733)
      200 kB: adbd (pid 1411)
      138 kB: sdcard (pid 754)
      108 kB: healthd (pid 732)
      108 kB: vold (pid 735)
       77 kB: FileDesc_server (pid 749)
       72 kB: ueventd (pid 512)
       63 kB: coocaa_guard (pid 751)
       49 kB: servicemanager (pid 734)
       48 kB: RootApp (pid 1088)
       41 kB: logwrapper (pid 1048)
       40 kB: busybox (pid 1626)
       24 kB: keypad (pid 738)
       24 kB: VirtualEvent (pid 1230)
        8 kB: drmserver (pid 744)
        4 kB: hardwared (pid 736)
        4 kB: debuggerd (pid 740)
        4 kB: installd (pid 747)
        4 kB: smobsd (pid 1247)
        4 kB: dhcpcd (pid 15708)
        4 kB: sh (pid 15896)
        0 kB: dumpsys (pid 27046)

Total PSS by OOM adjustment:
    18225 kB: Native
               12120 kB: mediaserver (pid 15246)
                1291 kB: zygote (pid 15244)
                 997 kB: surfaceflinger (pid 741)
                 802 kB: TvServer (pid 1116)
                 385 kB: wpa_supplicant (pid 15706)
                 345 kB: app_process (pid 15968)
                 322 kB: logcat (pid 15793)
                 253 kB: netd (pid 15245)
                 245 kB: keystore (pid 748)
                 230 kB: /init (pid 1)
                 211 kB: sh (pid 733)
                 200 kB: adbd (pid 1411)
                 138 kB: sdcard (pid 754)
                 108 kB: healthd (pid 732)
                 108 kB: vold (pid 735)
                  77 kB: FileDesc_server (pid 749)
                  72 kB: ueventd (pid 512)
                  63 kB: coocaa_guard (pid 751)
                  49 kB: servicemanager (pid 734)
                  48 kB: RootApp (pid 1088)
                  41 kB: logwrapper (pid 1048)
                  40 kB: busybox (pid 1626)
                  24 kB: keypad (pid 738)
                  24 kB: VirtualEvent (pid 1230)
                   8 kB: drmserver (pid 744)
                   4 kB: hardwared (pid 736)
                   4 kB: debuggerd (pid 740)
                   4 kB: installd (pid 747)
                   4 kB: smobsd (pid 1247)
                   4 kB: dhcpcd (pid 15708)
                   4 kB: sh (pid 15896)
                   0 kB: dumpsys (pid 27046)
    14615 kB: System
               14615 kB: system (pid 15637)
     2983 kB: Persistent
                2983 kB: com.dunn.instrument (pid 15811)
    95533 kB: Foreground
               61063 kB: com.tianci.movieplatform (pid 16320 / activities)
               11453 kB: com.tianci.system (pid 15820)
               10338 kB: com.tianci.de (pid 16137)
                7428 kB: com.tianci.push (pid 15973)
                5251 kB: com.coocaa.os.softsettings.provider (pid 16039)
     8787 kB: Visible
                8787 kB: com.coocaa.os.ccosservice (pid 16236)
    20998 kB: A Services
               13091 kB: com.tianci.ad (pid 16450)
                7907 kB: com.coocaa.sysreport (pid 17857)
    35454 kB: Previous
               35454 kB: com.ccos.tv.homepage (pid 15834 / activities)
     8249 kB: B Services
                8249 kB: com.tianci.movieplatform:daemon (pid 21200)

Total PSS by category:
    63539 kB: Dalvik
    43326 kB: Dalvik Other
    36619 kB: Unknown
    18411 kB: .dex mmap
    13303 kB: .so mmap
    10860 kB: Native
    10082 kB: Other dev
     3628 kB: Ashmem
     2860 kB: Stack
     1759 kB: Other mmap
      457 kB: .apk mmap
        0 kB: Cursor
        0 kB: .jar mmap
        0 kB: .ttf mmap
        0 kB: code mmap
        0 kB: image mmap
        0 kB: Graphics
        0 kB: GL
        0 kB: Memtrack

Total RAM: 463128 kB
 Free RAM: 81384 kB (0 cached pss + 37176 cached + 44208 free)
 Used RAM: 228080 kB (204844 used pss + 272 buffers + 476 shmem + 22488 slab)
 Lost RAM: 153664 kB
     ZRAM: 42624 kB physical used for 87396 kB in swap (98300 kB total swap)
   Tuning: 48 (large 128), oom 108462 kB, restore limit 36154 kB (low-ram)
Applications Memory Usage (kB):
Uptime: 1909648 Realtime: 1909648

Total PSS by process:
    62011 kB: com.tianci.movieplatform (pid 16320 / activities)
    35462 kB: com.ccos.tv.homepage (pid 15834 / activities)
    14627 kB: system (pid 15637)
    13090 kB: com.tianci.ad (pid 16450)
    12120 kB: mediaserver (pid 15246)
    11453 kB: com.tianci.system (pid 15820)
    10346 kB: com.tianci.de (pid 16137)
     8787 kB: com.coocaa.os.ccosservice (pid 16236)
     8249 kB: com.tianci.movieplatform:daemon (pid 21200)
     7907 kB: com.coocaa.sysreport (pid 17857)
     7428 kB: com.tianci.push (pid 15973)
     5251 kB: com.coocaa.os.softsettings.provider (pid 16039)
     2983 kB: com.dunn.instrument (pid 15811)
     1291 kB: zygote (pid 15244)
      997 kB: surfaceflinger (pid 741)
      802 kB: TvServer (pid 1116)
      385 kB: wpa_supplicant (pid 15706)
      345 kB: app_process (pid 15968)
      322 kB: logcat (pid 15793)
      321 kB: dumpsys (pid 27190)
      253 kB: netd (pid 15245)
      245 kB: keystore (pid 748)
      230 kB: /init (pid 1)
      211 kB: sh (pid 733)
      200 kB: adbd (pid 1411)
      138 kB: sdcard (pid 754)
      108 kB: healthd (pid 732)
      108 kB: vold (pid 735)
       77 kB: FileDesc_server (pid 749)
       72 kB: ueventd (pid 512)
       63 kB: coocaa_guard (pid 751)
       49 kB: servicemanager (pid 734)
       48 kB: RootApp (pid 1088)
       41 kB: logwrapper (pid 1048)
       40 kB: busybox (pid 1626)
       24 kB: keypad (pid 738)
       24 kB: VirtualEvent (pid 1230)
        8 kB: drmserver (pid 744)
        4 kB: hardwared (pid 736)
        4 kB: debuggerd (pid 740)
        4 kB: installd (pid 747)
        4 kB: smobsd (pid 1247)
        4 kB: dhcpcd (pid 15708)
        4 kB: sh (pid 15896)
        0 kB: busybox (pid 27196)

Total PSS by OOM adjustment:
    18546 kB: Native
               12120 kB: mediaserver (pid 15246)
                1291 kB: zygote (pid 15244)
                 997 kB: surfaceflinger (pid 741)
                 802 kB: TvServer (pid 1116)
                 385 kB: wpa_supplicant (pid 15706)
                 345 kB: app_process (pid 15968)
                 322 kB: logcat (pid 15793)
                 321 kB: dumpsys (pid 27190)
                 253 kB: netd (pid 15245)
                 245 kB: keystore (pid 748)
                 230 kB: /init (pid 1)
                 211 kB: sh (pid 733)
                 200 kB: adbd (pid 1411)
                 138 kB: sdcard (pid 754)
                 108 kB: healthd (pid 732)
                 108 kB: vold (pid 735)
                  77 kB: FileDesc_server (pid 749)
                  72 kB: ueventd (pid 512)
                  63 kB: coocaa_guard (pid 751)
                  49 kB: servicemanager (pid 734)
                  48 kB: RootApp (pid 1088)
                  41 kB: logwrapper (pid 1048)
                  40 kB: busybox (pid 1626)
                  24 kB: keypad (pid 738)
                  24 kB: VirtualEvent (pid 1230)
                   8 kB: drmserver (pid 744)
                   4 kB: hardwared (pid 736)
                   4 kB: debuggerd (pid 740)
                   4 kB: installd (pid 747)
                   4 kB: smobsd (pid 1247)
                   4 kB: dhcpcd (pid 15708)
                   4 kB: sh (pid 15896)
                   0 kB: busybox (pid 27196)
    14627 kB: System
               14627 kB: system (pid 15637)
     2983 kB: Persistent
                2983 kB: com.dunn.instrument (pid 15811)
    96489 kB: Foreground
               62011 kB: com.tianci.movieplatform (pid 16320 / activities)
               11453 kB: com.tianci.system (pid 15820)
               10346 kB: com.tianci.de (pid 16137)
                7428 kB: com.tianci.push (pid 15973)
                5251 kB: com.coocaa.os.softsettings.provider (pid 16039)
     8787 kB: Visible
                8787 kB: com.coocaa.os.ccosservice (pid 16236)
    20997 kB: A Services
               13090 kB: com.tianci.ad (pid 16450)
                7907 kB: com.coocaa.sysreport (pid 17857)
    35462 kB: Previous
               35462 kB: com.ccos.tv.homepage (pid 15834 / activities)
     8249 kB: B Services
                8249 kB: com.tianci.movieplatform:daemon (pid 21200)

Total PSS by category:
    63551 kB: Dalvik
    43326 kB: Dalvik Other
    37587 kB: Unknown
    18411 kB: .dex mmap
    13557 kB: .so mmap
    10864 kB: Native
    10086 kB: Other dev
     3628 kB: Ashmem
     2872 kB: Stack
     1801 kB: Other mmap
      457 kB: .apk mmap
        0 kB: Cursor
        0 kB: .jar mmap
        0 kB: .ttf mmap
        0 kB: code mmap
        0 kB: image mmap
        0 kB: Graphics
        0 kB: GL
        0 kB: Memtrack

Total RAM: 463128 kB
 Free RAM: 81664 kB (0 cached pss + 37176 cached + 44488 free)
 Used RAM: 229384 kB (206140 used pss + 272 buffers + 476 shmem + 22496 slab)
 Lost RAM: 152080 kB
     ZRAM: 42624 kB physical used for 87392 kB in swap (98300 kB total swap)
   Tuning: 48 (large 128), oom 108462 kB, restore limit 36154 kB (low-ram)
Applications Memory Usage (kB):
Uptime: 1912297 Realtime: 1912297

Total PSS by process:
    61811 kB: com.tianci.movieplatform (pid 16320 / activities)
    35462 kB: com.ccos.tv.homepage (pid 15834 / activities)
    14627 kB: system (pid 15637)
    13091 kB: com.tianci.ad (pid 16450)
    12120 kB: mediaserver (pid 15246)
    11457 kB: com.tianci.system (pid 15820)
    10346 kB: com.tianci.de (pid 16137)
     8795 kB: com.coocaa.os.ccosservice (pid 16236)
     8249 kB: com.tianci.movieplatform:daemon (pid 21200)
     7907 kB: com.coocaa.sysreport (pid 17857)
     7428 kB: com.tianci.push (pid 15973)
     5251 kB: com.coocaa.os.softsettings.provider (pid 16039)
     2983 kB: com.dunn.instrument (pid 15811)
     1291 kB: zygote (pid 15244)
      997 kB: surfaceflinger (pid 741)
      802 kB: TvServer (pid 1116)
      385 kB: wpa_supplicant (pid 15706)
      345 kB: app_process (pid 15968)
      322 kB: logcat (pid 15793)
      253 kB: netd (pid 15245)
      245 kB: keystore (pid 748)
      230 kB: /init (pid 1)
      211 kB: sh (pid 733)
      200 kB: adbd (pid 1411)
      138 kB: sdcard (pid 754)
      108 kB: healthd (pid 732)
      108 kB: vold (pid 735)
       77 kB: FileDesc_server (pid 749)
       72 kB: ueventd (pid 512)
       63 kB: coocaa_guard (pid 751)
       49 kB: servicemanager (pid 734)
       48 kB: RootApp (pid 1088)
       41 kB: logwrapper (pid 1048)
       40 kB: busybox (pid 1626)
       24 kB: keypad (pid 738)
       24 kB: VirtualEvent (pid 1230)
        8 kB: drmserver (pid 744)
        4 kB: hardwared (pid 736)
        4 kB: debuggerd (pid 740)
        4 kB: installd (pid 747)
        4 kB: smobsd (pid 1247)
        4 kB: dhcpcd (pid 15708)
        4 kB: sh (pid 15896)
        0 kB: dumpsys (pid 27190)
        0 kB: busybox (pid 27196)

Total PSS by OOM adjustment:
    18225 kB: Native
               12120 kB: mediaserver (pid 15246)
                1291 kB: zygote (pid 15244)
                 997 kB: surfaceflinger (pid 741)
                 802 kB: TvServer (pid 1116)
                 385 kB: wpa_supplicant (pid 15706)
                 345 kB: app_process (pid 15968)
                 322 kB: logcat (pid 15793)
                 253 kB: netd (pid 15245)
                 245 kB: keystore (pid 748)
                 230 kB: /init (pid 1)
                 211 kB: sh (pid 733)
                 200 kB: adbd (pid 1411)
                 138 kB: sdcard (pid 754)
                 108 kB: healthd (pid 732)
                 108 kB: vold (pid 735)
                  77 kB: FileDesc_server (pid 749)
                  72 kB: ueventd (pid 512)
                  63 kB: coocaa_guard (pid 751)
                  49 kB: servicemanager (pid 734)
                  48 kB: RootApp (pid 1088)
                  41 kB: logwrapper (pid 1048)
                  40 kB: busybox (pid 1626)
                  24 kB: keypad (pid 738)
                  24 kB: VirtualEvent (pid 1230)
                   8 kB: drmserver (pid 744)
                   4 kB: hardwared (pid 736)
                   4 kB: debuggerd (pid 740)
                   4 kB: installd (pid 747)
                   4 kB: smobsd (pid 1247)
                   4 kB: dhcpcd (pid 15708)
                   4 kB: sh (pid 15896)
                   0 kB: dumpsys (pid 27190)
                   0 kB: busybox (pid 27196)
    14627 kB: System
               14627 kB: system (pid 15637)
     2983 kB: Persistent
                2983 kB: com.dunn.instrument (pid 15811)
    96293 kB: Foreground
               61811 kB: com.tianci.movieplatform (pid 16320 / activities)
               11457 kB: com.tianci.system (pid 15820)
               10346 kB: com.tianci.de (pid 16137)
                7428 kB: com.tianci.push (pid 15973)
                5251 kB: com.coocaa.os.softsettings.provider (pid 16039)
     8795 kB: Visible
                8795 kB: com.coocaa.os.ccosservice (pid 16236)
    20998 kB: A Services
               13091 kB: com.tianci.ad (pid 16450)
                7907 kB: com.coocaa.sysreport (pid 17857)
    35462 kB: Previous
               35462 kB: com.ccos.tv.homepage (pid 15834 / activities)
     8249 kB: B Services
                8249 kB: com.tianci.movieplatform:daemon (pid 21200)

Total PSS by category:
    63499 kB: Dalvik
    43326 kB: Dalvik Other
    37431 kB: Unknown
    18411 kB: .dex mmap
    13307 kB: .so mmap
    10860 kB: Native
    10082 kB: Other dev
     3628 kB: Ashmem
     2872 kB: Stack
     1759 kB: Other mmap
      457 kB: .apk mmap
        0 kB: Cursor
        0 kB: .jar mmap
        0 kB: .ttf mmap
        0 kB: code mmap
        0 kB: image mmap
        0 kB: Graphics
        0 kB: GL
        0 kB: Memtrack

Total RAM: 463128 kB
 Free RAM: 82084 kB (0 cached pss + 37472 cached + 44612 free)
 Used RAM: 228848 kB (205632 used pss + 288 buffers + 476 shmem + 22452 slab)
 Lost RAM: 152196 kB
     ZRAM: 42624 kB physical used for 87392 kB in swap (98300 kB total swap)
   Tuning: 48 (large 128), oom 108462 kB, restore limit 36154 kB (low-ram)
Applications Memory Usage (kB):
Uptime: 1915046 Realtime: 1915046

Total PSS by process:
    62019 kB: com.tianci.movieplatform (pid 16320 / activities)
    35494 kB: com.ccos.tv.homepage (pid 15834 / activities)
    14627 kB: system (pid 15637)
    13091 kB: com.tianci.ad (pid 16450)
    12113 kB: mediaserver (pid 15246)
    11457 kB: com.tianci.system (pid 15820)
    10350 kB: com.tianci.de (pid 16137)
     8795 kB: com.coocaa.os.ccosservice (pid 16236)
     8249 kB: com.tianci.movieplatform:daemon (pid 21200)
     7907 kB: com.coocaa.sysreport (pid 17857)
     7428 kB: com.tianci.push (pid 15973)
     5251 kB: com.coocaa.os.softsettings.provider (pid 16039)
     2983 kB: com.dunn.instrument (pid 15811)
     1291 kB: zygote (pid 15244)
      997 kB: surfaceflinger (pid 741)
      802 kB: TvServer (pid 1116)
      385 kB: wpa_supplicant (pid 15706)
      345 kB: app_process (pid 15968)
      322 kB: logcat (pid 15793)
      291 kB: dumpsys (pid 27323)
      253 kB: netd (pid 15245)
      245 kB: keystore (pid 748)
      230 kB: /init (pid 1)
      211 kB: sh (pid 733)
      200 kB: adbd (pid 1411)
      138 kB: sdcard (pid 754)
      108 kB: healthd (pid 732)
      108 kB: vold (pid 735)
       77 kB: FileDesc_server (pid 749)
       72 kB: ueventd (pid 512)
       63 kB: coocaa_guard (pid 751)
       49 kB: servicemanager (pid 734)
       48 kB: RootApp (pid 1088)
       41 kB: logwrapper (pid 1048)
       40 kB: busybox (pid 1626)
       24 kB: keypad (pid 738)
       24 kB: VirtualEvent (pid 1230)
        8 kB: drmserver (pid 744)
        4 kB: hardwared (pid 736)
        4 kB: debuggerd (pid 740)
        4 kB: installd (pid 747)
        4 kB: smobsd (pid 1247)
        4 kB: dhcpcd (pid 15708)
        4 kB: sh (pid 15896)
        0 kB: busybox (pid 27335)

Total PSS by OOM adjustment:
    18509 kB: Native
               12113 kB: mediaserver (pid 15246)
                1291 kB: zygote (pid 15244)
                 997 kB: surfaceflinger (pid 741)
                 802 kB: TvServer (pid 1116)
                 385 kB: wpa_supplicant (pid 15706)
                 345 kB: app_process (pid 15968)
                 322 kB: logcat (pid 15793)
                 291 kB: dumpsys (pid 27323)
                 253 kB: netd (pid 15245)
                 245 kB: keystore (pid 748)
                 230 kB: /init (pid 1)
                 211 kB: sh (pid 733)
                 200 kB: adbd (pid 1411)
                 138 kB: sdcard (pid 754)
                 108 kB: healthd (pid 732)
                 108 kB: vold (pid 735)
                  77 kB: FileDesc_server (pid 749)
                  72 kB: ueventd (pid 512)
                  63 kB: coocaa_guard (pid 751)
                  49 kB: servicemanager (pid 734)
                  48 kB: RootApp (pid 1088)
                  41 kB: logwrapper (pid 1048)
                  40 kB: busybox (pid 1626)
                  24 kB: keypad (pid 738)
                  24 kB: VirtualEvent (pid 1230)
                   8 kB: drmserver (pid 744)
                   4 kB: hardwared (pid 736)
                   4 kB: debuggerd (pid 740)
                   4 kB: installd (pid 747)
                   4 kB: smobsd (pid 1247)
                   4 kB: dhcpcd (pid 15708)
                   4 kB: sh (pid 15896)
                   0 kB: busybox (pid 27335)
    14627 kB: System
               14627 kB: system (pid 15637)
     2983 kB: Persistent
                2983 kB: com.dunn.instrument (pid 15811)
    96505 kB: Foreground
               62019 kB: com.tianci.movieplatform (pid 16320 / activities)
               11457 kB: com.tianci.system (pid 15820)
               10350 kB: com.tianci.de (pid 16137)
                7428 kB: com.tianci.push (pid 15973)
                5251 kB: com.coocaa.os.softsettings.provider (pid 16039)
     8795 kB: Visible
                8795 kB: com.coocaa.os.ccosservice (pid 16236)
    20998 kB: A Services
               13091 kB: com.tianci.ad (pid 16450)
                7907 kB: com.coocaa.sysreport (pid 17857)
    35494 kB: Previous
               35494 kB: com.ccos.tv.homepage (pid 15834 / activities)
     8249 kB: B Services
                8249 kB: com.tianci.movieplatform:daemon (pid 21200)

Total PSS by category:
    63591 kB: Dalvik
    43322 kB: Dalvik Other
    37507 kB: Unknown
    18443 kB: .dex mmap
    13597 kB: .so mmap
    10864 kB: Native
    10086 kB: Other dev
     3628 kB: Ashmem
     2876 kB: Stack
     1789 kB: Other mmap
      457 kB: .apk mmap
        0 kB: Cursor
        0 kB: .jar mmap
        0 kB: .ttf mmap
        0 kB: code mmap
        0 kB: image mmap
        0 kB: Graphics
        0 kB: GL
        0 kB: Memtrack

Total RAM: 463128 kB
 Free RAM: 81628 kB (0 cached pss + 37704 cached + 43924 free)
 Used RAM: 229400 kB (206160 used pss + 304 buffers + 476 shmem + 22460 slab)
 Lost RAM: 152100 kB
     ZRAM: 42624 kB physical used for 87392 kB in swap (98300 kB total swap)
   Tuning: 48 (large 128), oom 108462 kB, restore limit 36154 kB (low-ram)
Applications Memory Usage (kB):
Uptime: 1917735 Realtime: 1917735

Total PSS by process:
    62024 kB: com.tianci.movieplatform (pid 16320 / activities)
    35494 kB: com.ccos.tv.homepage (pid 15834 / activities)
    14629 kB: system (pid 15637)
    13091 kB: com.tianci.ad (pid 16450)
    12120 kB: mediaserver (pid 15246)
    11457 kB: com.tianci.system (pid 15820)
    10350 kB: com.tianci.de (pid 16137)
     8795 kB: com.coocaa.os.ccosservice (pid 16236)
     8249 kB: com.tianci.movieplatform:daemon (pid 21200)
     7907 kB: com.coocaa.sysreport (pid 17857)
     7428 kB: com.tianci.push (pid 15973)
     5251 kB: com.coocaa.os.softsettings.provider (pid 16039)
     2983 kB: com.dunn.instrument (pid 15811)
     1291 kB: zygote (pid 15244)
      997 kB: surfaceflinger (pid 741)
      802 kB: TvServer (pid 1116)
      385 kB: wpa_supplicant (pid 15706)
      345 kB: app_process (pid 15968)
      322 kB: logcat (pid 15793)
      253 kB: netd (pid 15245)
      245 kB: keystore (pid 748)
      230 kB: /init (pid 1)
      211 kB: sh (pid 733)
      204 kB: adbd (pid 1411)
      138 kB: sdcard (pid 754)
      108 kB: healthd (pid 732)
      108 kB: vold (pid 735)
       77 kB: FileDesc_server (pid 749)
       72 kB: ueventd (pid 512)
       63 kB: coocaa_guard (pid 751)
       49 kB: servicemanager (pid 734)
       48 kB: RootApp (pid 1088)
       41 kB: logwrapper (pid 1048)
       40 kB: busybox (pid 1626)
       24 kB: keypad (pid 738)
       24 kB: VirtualEvent (pid 1230)
        8 kB: drmserver (pid 744)
        4 kB: hardwared (pid 736)
        4 kB: debuggerd (pid 740)
        4 kB: installd (pid 747)
        4 kB: smobsd (pid 1247)
        4 kB: dhcpcd (pid 15708)
        4 kB: sh (pid 15896)
        0 kB: dumpsys (pid 27323)
        0 kB: busybox (pid 27335)

Total PSS by OOM adjustment:
    18229 kB: Native
               12120 kB: mediaserver (pid 15246)
                1291 kB: zygote (pid 15244)
                 997 kB: surfaceflinger (pid 741)
                 802 kB: TvServer (pid 1116)
                 385 kB: wpa_supplicant (pid 15706)
                 345 kB: app_process (pid 15968)
                 322 kB: logcat (pid 15793)
                 253 kB: netd (pid 15245)
                 245 kB: keystore (pid 748)
                 230 kB: /init (pid 1)
                 211 kB: sh (pid 733)
                 204 kB: adbd (pid 1411)
                 138 kB: sdcard (pid 754)
                 108 kB: healthd (pid 732)
                 108 kB: vold (pid 735)
                  77 kB: FileDesc_server (pid 749)
                  72 kB: ueventd (pid 512)
                  63 kB: coocaa_guard (pid 751)
                  49 kB: servicemanager (pid 734)
                  48 kB: RootApp (pid 1088)
                  41 kB: logwrapper (pid 1048)
                  40 kB: busybox (pid 1626)
                  24 kB: keypad (pid 738)
                  24 kB: VirtualEvent (pid 1230)
                   8 kB: drmserver (pid 744)
                   4 kB: hardwared (pid 736)
                   4 kB: debuggerd (pid 740)
                   4 kB: installd (pid 747)
                   4 kB: smobsd (pid 1247)
                   4 kB: dhcpcd (pid 15708)
                   4 kB: sh (pid 15896)
                   0 kB: dumpsys (pid 27323)
                   0 kB: busybox (pid 27335)
    14629 kB: System
               14629 kB: system (pid 15637)
     2983 kB: Persistent
                2983 kB: com.dunn.instrument (pid 15811)
    96510 kB: Foreground
               62024 kB: com.tianci.movieplatform (pid 16320 / activities)
               11457 kB: com.tianci.system (pid 15820)
               10350 kB: com.tianci.de (pid 16137)
                7428 kB: com.tianci.push (pid 15973)
                5251 kB: com.coocaa.os.softsettings.provider (pid 16039)
     8795 kB: Visible
                8795 kB: com.coocaa.os.ccosservice (pid 16236)
    20998 kB: A Services
               13091 kB: com.tianci.ad (pid 16450)
                7907 kB: com.coocaa.sysreport (pid 17857)
    35494 kB: Previous
               35494 kB: com.ccos.tv.homepage (pid 15834 / activities)
     8249 kB: B Services
                8249 kB: com.tianci.movieplatform:daemon (pid 21200)

Total PSS by category:
    63599 kB: Dalvik
    43322 kB: Dalvik Other
    37495 kB: Unknown
    18443 kB: .dex mmap
    13370 kB: .so mmap
    10860 kB: Native
    10082 kB: Other dev
     3628 kB: Ashmem
     2872 kB: Stack
     1759 kB: Other mmap
      457 kB: .apk mmap
        0 kB: Cursor
        0 kB: .jar mmap
        0 kB: .ttf mmap
        0 kB: code mmap
        0 kB: image mmap
        0 kB: Graphics
        0 kB: GL
        0 kB: Memtrack

Total RAM: 463128 kB
 Free RAM: 80516 kB (0 cached pss + 37740 cached + 42776 free)
 Used RAM: 229143 kB (205887 used pss + 320 buffers + 476 shmem + 22460 slab)
 Lost RAM: 153469 kB
     ZRAM: 42624 kB physical used for 87392 kB in swap (98300 kB total swap)
   Tuning: 48 (large 128), oom 108462 kB, restore limit 36154 kB (low-ram)
Applications Memory Usage (kB):
Uptime: 1920611 Realtime: 1920611

Total PSS by process:
    64941 kB: com.tianci.movieplatform (pid 16320 / activities)
    35494 kB: com.ccos.tv.homepage (pid 15834 / activities)
    14629 kB: system (pid 15637)
    13091 kB: com.tianci.ad (pid 16450)
    11457 kB: com.tianci.system (pid 15820)
    10350 kB: com.tianci.de (pid 16137)
     9784 kB: mediaserver (pid 15246)
     8795 kB: com.coocaa.os.ccosservice (pid 16236)
     8249 kB: com.tianci.movieplatform:daemon (pid 21200)
     7907 kB: com.coocaa.sysreport (pid 17857)
     7428 kB: com.tianci.push (pid 15973)
     5251 kB: com.coocaa.os.softsettings.provider (pid 16039)
     2983 kB: com.dunn.instrument (pid 15811)
     1291 kB: zygote (pid 15244)
      997 kB: surfaceflinger (pid 741)
      802 kB: TvServer (pid 1116)
      385 kB: wpa_supplicant (pid 15706)
      345 kB: app_process (pid 15968)
      322 kB: logcat (pid 15793)
      321 kB: dumpsys (pid 27423)
      253 kB: netd (pid 15245)
      245 kB: keystore (pid 748)
      230 kB: /init (pid 1)
      211 kB: sh (pid 733)
      200 kB: adbd (pid 1411)
      138 kB: sdcard (pid 754)
      108 kB: healthd (pid 732)
      108 kB: vold (pid 735)
       77 kB: FileDesc_server (pid 749)
       72 kB: ueventd (pid 512)
       63 kB: coocaa_guard (pid 751)
       49 kB: servicemanager (pid 734)
       48 kB: RootApp (pid 1088)
       41 kB: logwrapper (pid 1048)
       40 kB: busybox (pid 1626)
       24 kB: keypad (pid 738)
       24 kB: VirtualEvent (pid 1230)
        8 kB: drmserver (pid 744)
        4 kB: hardwared (pid 736)
        4 kB: debuggerd (pid 740)
        4 kB: installd (pid 747)
        4 kB: smobsd (pid 1247)
        4 kB: dhcpcd (pid 15708)
        4 kB: sh (pid 15896)

Total PSS by OOM adjustment:
    16210 kB: Native
                9784 kB: mediaserver (pid 15246)
                1291 kB: zygote (pid 15244)
                 997 kB: surfaceflinger (pid 741)
                 802 kB: TvServer (pid 1116)
                 385 kB: wpa_supplicant (pid 15706)
                 345 kB: app_process (pid 15968)
                 322 kB: logcat (pid 15793)
                 321 kB: dumpsys (pid 27423)
                 253 kB: netd (pid 15245)
                 245 kB: keystore (pid 748)
                 230 kB: /init (pid 1)
                 211 kB: sh (pid 733)
                 200 kB: adbd (pid 1411)
                 138 kB: sdcard (pid 754)
                 108 kB: healthd (pid 732)
                 108 kB: vold (pid 735)
                  77 kB: FileDesc_server (pid 749)
                  72 kB: ueventd (pid 512)
                  63 kB: coocaa_guard (pid 751)
                  49 kB: servicemanager (pid 734)
                  48 kB: RootApp (pid 1088)
                  41 kB: logwrapper (pid 1048)
                  40 kB: busybox (pid 1626)
                  24 kB: keypad (pid 738)
                  24 kB: VirtualEvent (pid 1230)
                   8 kB: drmserver (pid 744)
                   4 kB: hardwared (pid 736)
                   4 kB: debuggerd (pid 740)
                   4 kB: installd (pid 747)
                   4 kB: smobsd (pid 1247)
                   4 kB: dhcpcd (pid 15708)
                   4 kB: sh (pid 15896)
    14629 kB: System
               14629 kB: system (pid 15637)
     2983 kB: Persistent
                2983 kB: com.dunn.instrument (pid 15811)
    99427 kB: Foreground
               64941 kB: com.tianci.movieplatform (pid 16320 / activities)
               11457 kB: com.tianci.system (pid 15820)
               10350 kB: com.tianci.de (pid 16137)
                7428 kB: com.tianci.push (pid 15973)
                5251 kB: com.coocaa.os.softsettings.provider (pid 16039)
     8795 kB: Visible
                8795 kB: com.coocaa.os.ccosservice (pid 16236)
    20998 kB: A Services
               13091 kB: com.tianci.ad (pid 16450)
                7907 kB: com.coocaa.sysreport (pid 17857)
    35494 kB: Previous
               35494 kB: com.ccos.tv.homepage (pid 15834 / activities)
     8249 kB: B Services
                8249 kB: com.tianci.movieplatform:daemon (pid 21200)

Total PSS by category:
    63535 kB: Dalvik
    43322 kB: Dalvik Other
    40543 kB: Unknown
    18443 kB: .dex mmap
    13570 kB: .so mmap
    10086 kB: Other dev
     8528 kB: Native
     3628 kB: Ashmem
     2872 kB: Stack
     1801 kB: Other mmap
      457 kB: .apk mmap
        0 kB: Cursor
        0 kB: .jar mmap
        0 kB: .ttf mmap
        0 kB: code mmap
        0 kB: image mmap
        0 kB: Graphics
        0 kB: GL
        0 kB: Memtrack

Total RAM: 463128 kB
 Free RAM: 81060 kB (0 cached pss + 37740 cached + 43320 free)
 Used RAM: 230041 kB (206785 used pss + 336 buffers + 476 shmem + 22444 slab)
 Lost RAM: 152027 kB
     ZRAM: 42624 kB physical used for 87392 kB in swap (98300 kB total swap)
   Tuning: 48 (large 128), oom 108462 kB, restore limit 36154 kB (low-ram)
Applications Memory Usage (kB):
Uptime: 1923387 Realtime: 1923387

Total PSS by process:
    65045 kB: com.tianci.movieplatform (pid 16320 / activities)
    35494 kB: com.ccos.tv.homepage (pid 15834 / activities)
    14625 kB: system (pid 15637)
    13091 kB: com.tianci.ad (pid 16450)
    11457 kB: com.tianci.system (pid 15820)
    10354 kB: com.tianci.de (pid 16137)
     9784 kB: mediaserver (pid 15246)
     8787 kB: com.coocaa.os.ccosservice (pid 16236)
     8249 kB: com.tianci.movieplatform:daemon (pid 21200)
     7906 kB: com.coocaa.sysreport (pid 17857)
     7428 kB: com.tianci.push (pid 15973)
     5251 kB: com.coocaa.os.softsettings.provider (pid 16039)
     2983 kB: com.dunn.instrument (pid 15811)
     1291 kB: zygote (pid 15244)
      997 kB: surfaceflinger (pid 741)
      802 kB: TvServer (pid 1116)
      385 kB: wpa_supplicant (pid 15706)
      345 kB: app_process (pid 15968)
      322 kB: logcat (pid 15793)
      253 kB: netd (pid 15245)
      245 kB: keystore (pid 748)
      230 kB: /init (pid 1)
      211 kB: sh (pid 733)
      200 kB: adbd (pid 1411)
      138 kB: sdcard (pid 754)
      108 kB: healthd (pid 732)
      108 kB: vold (pid 735)
       77 kB: FileDesc_server (pid 749)
       72 kB: ueventd (pid 512)
       63 kB: coocaa_guard (pid 751)
       49 kB: servicemanager (pid 734)
       48 kB: RootApp (pid 1088)
       41 kB: logwrapper (pid 1048)
       40 kB: busybox (pid 1626)
       24 kB: keypad (pid 738)
       24 kB: VirtualEvent (pid 1230)
        8 kB: drmserver (pid 744)
        4 kB: hardwared (pid 736)
        4 kB: debuggerd (pid 740)
        4 kB: installd (pid 747)
        4 kB: smobsd (pid 1247)
        4 kB: dhcpcd (pid 15708)
        4 kB: sh (pid 15896)
        0 kB: dumpsys (pid 27423)

Total PSS by OOM adjustment:
    15889 kB: Native
                9784 kB: mediaserver (pid 15246)
                1291 kB: zygote (pid 15244)
                 997 kB: surfaceflinger (pid 741)
                 802 kB: TvServer (pid 1116)
                 385 kB: wpa_supplicant (pid 15706)
                 345 kB: app_process (pid 15968)
                 322 kB: logcat (pid 15793)
                 253 kB: netd (pid 15245)
                 245 kB: keystore (pid 748)
                 230 kB: /init (pid 1)
                 211 kB: sh (pid 733)
                 200 kB: adbd (pid 1411)
                 138 kB: sdcard (pid 754)
                 108 kB: healthd (pid 732)
                 108 kB: vold (pid 735)
                  77 kB: FileDesc_server (pid 749)
                  72 kB: ueventd (pid 512)
                  63 kB: coocaa_guard (pid 751)
                  49 kB: servicemanager (pid 734)
                  48 kB: RootApp (pid 1088)
                  41 kB: logwrapper (pid 1048)
                  40 kB: busybox (pid 1626)
                  24 kB: keypad (pid 738)
                  24 kB: VirtualEvent (pid 1230)
                   8 kB: drmserver (pid 744)
                   4 kB: hardwared (pid 736)
                   4 kB: debuggerd (pid 740)
                   4 kB: installd (pid 747)
                   4 kB: smobsd (pid 1247)
                   4 kB: dhcpcd (pid 15708)
                   4 kB: sh (pid 15896)
                   0 kB: dumpsys (pid 27423)
    14625 kB: System
               14625 kB: system (pid 15637)
     2983 kB: Persistent
                2983 kB: com.dunn.instrument (pid 15811)
    99535 kB: Foreground
               65045 kB: com.tianci.movieplatform (pid 16320 / activities)
               11457 kB: com.tianci.system (pid 15820)
               10354 kB: com.tianci.de (pid 16137)
                7428 kB: com.tianci.push (pid 15973)
                5251 kB: com.coocaa.os.softsettings.provider (pid 16039)
     8787 kB: Visible
                8787 kB: com.coocaa.os.ccosservice (pid 16236)
    20997 kB: A Services
               13091 kB: com.tianci.ad (pid 16450)
                7906 kB: com.coocaa.sysreport (pid 17857)
    35494 kB: Previous
               35494 kB: com.ccos.tv.homepage (pid 15834 / activities)
     8249 kB: B Services
                8249 kB: com.tianci.movieplatform:daemon (pid 21200)

Total PSS by category:
    63635 kB: Dalvik
    43322 kB: Dalvik Other
    40531 kB: Unknown
    18443 kB: .dex mmap
    13310 kB: .so mmap
    10082 kB: Other dev
     8524 kB: Native
     3628 kB: Ashmem
     2868 kB: Stack
     1759 kB: Other mmap
      457 kB: .apk mmap
        0 kB: Cursor
        0 kB: .jar mmap
        0 kB: .ttf mmap
        0 kB: code mmap
        0 kB: image mmap
        0 kB: Graphics
        0 kB: GL
        0 kB: Memtrack

Total RAM: 463128 kB
 Free RAM: 80972 kB (0 cached pss + 37748 cached + 43224 free)
 Used RAM: 229831 kB (206559 used pss + 336 buffers + 476 shmem + 22460 slab)
 Lost RAM: 152325 kB
     ZRAM: 42624 kB physical used for 87392 kB in swap (98300 kB total swap)
   Tuning: 48 (large 128), oom 108462 kB, restore limit 36154 kB (low-ram)
Applications Memory Usage (kB):
Uptime: 1926032 Realtime: 1926032

Total PSS by process:
    65117 kB: com.tianci.movieplatform (pid 16320 / activities)
    35494 kB: com.ccos.tv.homepage (pid 15834 / activities)
    14629 kB: system (pid 15637)
    13090 kB: com.tianci.ad (pid 16450)
    11457 kB: com.tianci.system (pid 15820)
    10362 kB: com.tianci.de (pid 16137)
     9784 kB: mediaserver (pid 15246)
     8795 kB: com.coocaa.os.ccosservice (pid 16236)
     8249 kB: com.tianci.movieplatform:daemon (pid 21200)
     7907 kB: com.coocaa.sysreport (pid 17857)
     7428 kB: com.tianci.push (pid 15973)
     5251 kB: com.coocaa.os.softsettings.provider (pid 16039)
     2983 kB: com.dunn.instrument (pid 15811)
     1291 kB: zygote (pid 15244)
      997 kB: surfaceflinger (pid 741)
      802 kB: TvServer (pid 1116)
      385 kB: wpa_supplicant (pid 15706)
      345 kB: app_process (pid 15968)
      322 kB: logcat (pid 15793)
      321 kB: dumpsys (pid 27529)
      253 kB: netd (pid 15245)
      245 kB: keystore (pid 748)
      230 kB: /init (pid 1)
      211 kB: sh (pid 733)
      200 kB: adbd (pid 1411)
      138 kB: sdcard (pid 754)
      108 kB: healthd (pid 732)
      108 kB: vold (pid 735)
       77 kB: FileDesc_server (pid 749)
       72 kB: ueventd (pid 512)
       63 kB: coocaa_guard (pid 751)
       49 kB: servicemanager (pid 734)
       48 kB: RootApp (pid 1088)
       41 kB: logwrapper (pid 1048)
       40 kB: busybox (pid 1626)
       24 kB: keypad (pid 738)
       24 kB: VirtualEvent (pid 1230)
        8 kB: drmserver (pid 744)
        4 kB: hardwared (pid 736)
        4 kB: debuggerd (pid 740)
        4 kB: installd (pid 747)
        4 kB: smobsd (pid 1247)
        4 kB: dhcpcd (pid 15708)
        4 kB: sh (pid 15896)

Total PSS by OOM adjustment:
    16210 kB: Native
                9784 kB: mediaserver (pid 15246)
                1291 kB: zygote (pid 15244)
                 997 kB: surfaceflinger (pid 741)
                 802 kB: TvServer (pid 1116)
                 385 kB: wpa_supplicant (pid 15706)
                 345 kB: app_process (pid 15968)
                 322 kB: logcat (pid 15793)
                 321 kB: dumpsys (pid 27529)
                 253 kB: netd (pid 15245)
                 245 kB: keystore (pid 748)
                 230 kB: /init (pid 1)
                 211 kB: sh (pid 733)
                 200 kB: adbd (pid 1411)
                 138 kB: sdcard (pid 754)
                 108 kB: healthd (pid 732)
                 108 kB: vold (pid 735)
                  77 kB: FileDesc_server (pid 749)
                  72 kB: ueventd (pid 512)
                  63 kB: coocaa_guard (pid 751)
                  49 kB: servicemanager (pid 734)
                  48 kB: RootApp (pid 1088)
                  41 kB: logwrapper (pid 1048)
                  40 kB: busybox (pid 1626)
                  24 kB: keypad (pid 738)
                  24 kB: VirtualEvent (pid 1230)
                   8 kB: drmserver (pid 744)
                   4 kB: hardwared (pid 736)
                   4 kB: debuggerd (pid 740)
                   4 kB: installd (pid 747)
                   4 kB: smobsd (pid 1247)
                   4 kB: dhcpcd (pid 15708)
                   4 kB: sh (pid 15896)
    14629 kB: System
               14629 kB: system (pid 15637)
     2983 kB: Persistent
                2983 kB: com.dunn.instrument (pid 15811)
    99615 kB: Foreground
               65117 kB: com.tianci.movieplatform (pid 16320 / activities)
               11457 kB: com.tianci.system (pid 15820)
               10362 kB: com.tianci.de (pid 16137)
                7428 kB: com.tianci.push (pid 15973)
                5251 kB: com.coocaa.os.softsettings.provider (pid 16039)
     8795 kB: Visible
                8795 kB: com.coocaa.os.ccosservice (pid 16236)
    20997 kB: A Services
               13090 kB: com.tianci.ad (pid 16450)
                7907 kB: com.coocaa.sysreport (pid 17857)
    35494 kB: Previous
               35494 kB: com.ccos.tv.homepage (pid 15834 / activities)
     8249 kB: B Services
                8249 kB: com.tianci.movieplatform:daemon (pid 21200)

Total PSS by category:
    63647 kB: Dalvik
    43322 kB: Dalvik Other
    40607 kB: Unknown
    18443 kB: .dex mmap
    13569 kB: .so mmap
    10086 kB: Other dev
     8528 kB: Native
     3628 kB: Ashmem
     2884 kB: Stack
     1801 kB: Other mmap
      457 kB: .apk mmap
        0 kB: Cursor
        0 kB: .jar mmap
        0 kB: .ttf mmap
        0 kB: code mmap
        0 kB: image mmap
        0 kB: Graphics
        0 kB: GL
        0 kB: Memtrack

Total RAM: 463128 kB
 Free RAM: 81012 kB (0 cached pss + 37752 cached + 43260 free)
 Used RAM: 230328 kB (206972 used pss + 376 buffers + 476 shmem + 22504 slab)
 Lost RAM: 151788 kB
     ZRAM: 42624 kB physical used for 87392 kB in swap (98300 kB total swap)
   Tuning: 48 (large 128), oom 108462 kB, restore limit 36154 kB (low-ram)
Applications Memory Usage (kB):
Uptime: 1928723 Realtime: 1928723

Total PSS by process:
    64993 kB: com.tianci.movieplatform (pid 16320 / activities)
    35494 kB: com.ccos.tv.homepage (pid 15834 / activities)
    14628 kB: system (pid 15637)
    13091 kB: com.tianci.ad (pid 16450)
    11461 kB: com.tianci.system (pid 15820)
    10350 kB: com.tianci.de (pid 16137)
     9784 kB: mediaserver (pid 15246)
     8795 kB: com.coocaa.os.ccosservice (pid 16236)
     8249 kB: com.tianci.movieplatform:daemon (pid 21200)
     7907 kB: com.coocaa.sysreport (pid 17857)
     7428 kB: com.tianci.push (pid 15973)
     5251 kB: com.coocaa.os.softsettings.provider (pid 16039)
     2983 kB: com.dunn.instrument (pid 15811)
     1291 kB: zygote (pid 15244)
      997 kB: surfaceflinger (pid 741)
      802 kB: TvServer (pid 1116)
      385 kB: wpa_supplicant (pid 15706)
      345 kB: app_process (pid 15968)
      322 kB: logcat (pid 15793)
      253 kB: netd (pid 15245)
      245 kB: keystore (pid 748)
      230 kB: /init (pid 1)
      200 kB: adbd (pid 1411)
      156 kB: sh (pid 733)
      138 kB: sdcard (pid 754)
      108 kB: healthd (pid 732)
      107 kB: vold (pid 735)
       77 kB: FileDesc_server (pid 749)
       72 kB: ueventd (pid 512)
       63 kB: coocaa_guard (pid 751)
       49 kB: servicemanager (pid 734)
       48 kB: RootApp (pid 1088)
       41 kB: logwrapper (pid 1048)
       40 kB: busybox (pid 1626)
       24 kB: keypad (pid 738)
       24 kB: VirtualEvent (pid 1230)
        8 kB: drmserver (pid 744)
        4 kB: hardwared (pid 736)
        4 kB: debuggerd (pid 740)
        4 kB: installd (pid 747)
        4 kB: smobsd (pid 1247)
        4 kB: dhcpcd (pid 15708)
        4 kB: sh (pid 15896)
        0 kB: dumpsys (pid 27529)

Total PSS by OOM adjustment:
    15833 kB: Native
                9784 kB: mediaserver (pid 15246)
                1291 kB: zygote (pid 15244)
                 997 kB: surfaceflinger (pid 741)
                 802 kB: TvServer (pid 1116)
                 385 kB: wpa_supplicant (pid 15706)
                 345 kB: app_process (pid 15968)
                 322 kB: logcat (pid 15793)
                 253 kB: netd (pid 15245)
                 245 kB: keystore (pid 748)
                 230 kB: /init (pid 1)
                 200 kB: adbd (pid 1411)
                 156 kB: sh (pid 733)
                 138 kB: sdcard (pid 754)
                 108 kB: healthd (pid 732)
                 107 kB: vold (pid 735)
                  77 kB: FileDesc_server (pid 749)
                  72 kB: ueventd (pid 512)
                  63 kB: coocaa_guard (pid 751)
                  49 kB: servicemanager (pid 734)
                  48 kB: RootApp (pid 1088)
                  41 kB: logwrapper (pid 1048)
                  40 kB: busybox (pid 1626)
                  24 kB: keypad (pid 738)
                  24 kB: VirtualEvent (pid 1230)
                   8 kB: drmserver (pid 744)
                   4 kB: hardwared (pid 736)
                   4 kB: debuggerd (pid 740)
                   4 kB: installd (pid 747)
                   4 kB: smobsd (pid 1247)
                   4 kB: dhcpcd (pid 15708)
                   4 kB: sh (pid 15896)
                   0 kB: dumpsys (pid 27529)
    14628 kB: System
               14628 kB: system (pid 15637)
     2983 kB: Persistent
                2983 kB: com.dunn.instrument (pid 15811)
    99483 kB: Foreground
               64993 kB: com.tianci.movieplatform (pid 16320 / activities)
               11461 kB: com.tianci.system (pid 15820)
               10350 kB: com.tianci.de (pid 16137)
                7428 kB: com.tianci.push (pid 15973)
                5251 kB: com.coocaa.os.softsettings.provider (pid 16039)
     8795 kB: Visible
                8795 kB: com.coocaa.os.ccosservice (pid 16236)
    20998 kB: A Services
               13091 kB: com.tianci.ad (pid 16450)
                7907 kB: com.coocaa.sysreport (pid 17857)
    35494 kB: Previous
               35494 kB: com.ccos.tv.homepage (pid 15834 / activities)
     8249 kB: B Services
                8249 kB: com.tianci.movieplatform:daemon (pid 21200)

Total PSS by category:
    63587 kB: Dalvik
    43322 kB: Dalvik Other
    40535 kB: Unknown
    18443 kB: .dex mmap
    13312 kB: .so mmap
    10082 kB: Other dev
     8524 kB: Native
     3628 kB: Ashmem
     2868 kB: Stack
     1705 kB: Other mmap
      457 kB: .apk mmap
        0 kB: Cursor
        0 kB: .jar mmap
        0 kB: .ttf mmap
        0 kB: code mmap
        0 kB: image mmap
        0 kB: Graphics
        0 kB: GL
        0 kB: Memtrack

Total RAM: 463128 kB
 Free RAM: 79988 kB (0 cached pss + 37752 cached + 42236 free)
 Used RAM: 229823 kB (206463 used pss + 376 buffers + 476 shmem + 22508 slab)
 Lost RAM: 153317 kB
     ZRAM: 42624 kB physical used for 87392 kB in swap (98300 kB total swap)
   Tuning: 48 (large 128), oom 108462 kB, restore limit 36154 kB (low-ram)
Applications Memory Usage (kB):
Uptime: 1931555 Realtime: 1931555

Total PSS by process:
    65025 kB: com.tianci.movieplatform (pid 16320 / activities)
    35494 kB: com.ccos.tv.homepage (pid 15834 / activities)
    14629 kB: system (pid 15637)
    13091 kB: com.tianci.ad (pid 16450)
    11461 kB: com.tianci.system (pid 15820)
    11012 kB: mediaserver (pid 15246)
    10350 kB: com.tianci.de (pid 16137)
     8795 kB: com.coocaa.os.ccosservice (pid 16236)
     8249 kB: com.tianci.movieplatform:daemon (pid 21200)
     7907 kB: com.coocaa.sysreport (pid 17857)
     7428 kB: com.tianci.push (pid 15973)
     5251 kB: com.coocaa.os.softsettings.provider (pid 16039)
     2983 kB: com.dunn.instrument (pid 15811)
     1291 kB: zygote (pid 15244)
      997 kB: surfaceflinger (pid 741)
      802 kB: TvServer (pid 1116)
      385 kB: wpa_supplicant (pid 15706)
      345 kB: app_process (pid 15968)
      322 kB: logcat (pid 15793)
      321 kB: dumpsys (pid 27647)
      253 kB: netd (pid 15245)
      244 kB: keystore (pid 748)
      230 kB: /init (pid 1)
      211 kB: sh (pid 733)
      200 kB: adbd (pid 1411)
      138 kB: sdcard (pid 754)
      108 kB: healthd (pid 732)
      108 kB: vold (pid 735)
       77 kB: FileDesc_server (pid 749)
       72 kB: ueventd (pid 512)
       62 kB: coocaa_guard (pid 751)
       49 kB: servicemanager (pid 734)
       48 kB: RootApp (pid 1088)
       41 kB: logwrapper (pid 1048)
       40 kB: busybox (pid 1626)
       24 kB: keypad (pid 738)
       24 kB: VirtualEvent (pid 1230)
        8 kB: drmserver (pid 744)
        4 kB: hardwared (pid 736)
        4 kB: debuggerd (pid 740)
        4 kB: installd (pid 747)
        4 kB: smobsd (pid 1247)
        4 kB: dhcpcd (pid 15708)
        4 kB: sh (pid 15896)

Total PSS by OOM adjustment:
    17436 kB: Native
               11012 kB: mediaserver (pid 15246)
                1291 kB: zygote (pid 15244)
                 997 kB: surfaceflinger (pid 741)
                 802 kB: TvServer (pid 1116)
                 385 kB: wpa_supplicant (pid 15706)
                 345 kB: app_process (pid 15968)
                 322 kB: logcat (pid 15793)
                 321 kB: dumpsys (pid 27647)
                 253 kB: netd (pid 15245)
                 244 kB: keystore (pid 748)
                 230 kB: /init (pid 1)
                 211 kB: sh (pid 733)
                 200 kB: adbd (pid 1411)
                 138 kB: sdcard (pid 754)
                 108 kB: healthd (pid 732)
                 108 kB: vold (pid 735)
                  77 kB: FileDesc_server (pid 749)
                  72 kB: ueventd (pid 512)
                  62 kB: coocaa_guard (pid 751)
                  49 kB: servicemanager (pid 734)
                  48 kB: RootApp (pid 1088)
                  41 kB: logwrapper (pid 1048)
                  40 kB: busybox (pid 1626)
                  24 kB: keypad (pid 738)
                  24 kB: VirtualEvent (pid 1230)
                   8 kB: drmserver (pid 744)
                   4 kB: hardwared (pid 736)
                   4 kB: debuggerd (pid 740)
                   4 kB: installd (pid 747)
                   4 kB: smobsd (pid 1247)
                   4 kB: dhcpcd (pid 15708)
                   4 kB: sh (pid 15896)
    14629 kB: System
               14629 kB: system (pid 15637)
     2983 kB: Persistent
                2983 kB: com.dunn.instrument (pid 15811)
    99515 kB: Foreground
               65025 kB: com.tianci.movieplatform (pid 16320 / activities)
               11461 kB: com.tianci.system (pid 15820)
               10350 kB: com.tianci.de (pid 16137)
                7428 kB: com.tianci.push (pid 15973)
                5251 kB: com.coocaa.os.softsettings.provider (pid 16039)
     8795 kB: Visible
                8795 kB: com.coocaa.os.ccosservice (pid 16236)
    20998 kB: A Services
               13091 kB: com.tianci.ad (pid 16450)
                7907 kB: com.coocaa.sysreport (pid 17857)
    35494 kB: Previous
               35494 kB: com.ccos.tv.homepage (pid 15834 / activities)
     8249 kB: B Services
                8249 kB: com.tianci.movieplatform:daemon (pid 21200)

Total PSS by category:
    63615 kB: Dalvik
    43326 kB: Dalvik Other
    40639 kB: Unknown
    18443 kB: .dex mmap
    13568 kB: .so mmap
    10086 kB: Other dev
     9664 kB: Native
     3628 kB: Ashmem
     2872 kB: Stack
     1801 kB: Other mmap
      457 kB: .apk mmap
        0 kB: Cursor
        0 kB: .jar mmap
        0 kB: .ttf mmap
        0 kB: code mmap
        0 kB: image mmap
        0 kB: Graphics
        0 kB: GL
        0 kB: Memtrack

Total RAM: 463128 kB
 Free RAM: 79492 kB (0 cached pss + 37752 cached + 41740 free)
 Used RAM: 231483 kB (208099 used pss + 392 buffers + 476 shmem + 22516 slab)
 Lost RAM: 152153 kB
     ZRAM: 42624 kB physical used for 87392 kB in swap (98300 kB total swap)
   Tuning: 48 (large 128), oom 108462 kB, restore limit 36154 kB (low-ram)
Applications Memory Usage (kB):
Uptime: 1934335 Realtime: 1934335

Total PSS by process:
    63464 kB: com.tianci.movieplatform (pid 16320 / activities)
    35494 kB: com.ccos.tv.homepage (pid 15834 / activities)
    14617 kB: system (pid 15637)
    13091 kB: com.tianci.ad (pid 16450)
    11461 kB: com.tianci.system (pid 15820)
    11012 kB: mediaserver (pid 15246)
    10350 kB: com.tianci.de (pid 16137)
     8795 kB: com.coocaa.os.ccosservice (pid 16236)
     8249 kB: com.tianci.movieplatform:daemon (pid 21200)
     7907 kB: com.coocaa.sysreport (pid 17857)
     7428 kB: com.tianci.push (pid 15973)
     5251 kB: com.coocaa.os.softsettings.provider (pid 16039)
     2983 kB: com.dunn.instrument (pid 15811)
     1291 kB: zygote (pid 15244)
      997 kB: surfaceflinger (pid 741)
      802 kB: TvServer (pid 1116)
      385 kB: wpa_supplicant (pid 15706)
      345 kB: app_process (pid 15968)
      322 kB: logcat (pid 15793)
      253 kB: netd (pid 15245)
      245 kB: keystore (pid 748)
      230 kB: /init (pid 1)
      211 kB: sh (pid 733)
      204 kB: adbd (pid 1411)
      138 kB: sdcard (pid 754)
      108 kB: healthd (pid 732)
      108 kB: vold (pid 735)
       77 kB: FileDesc_server (pid 749)
       72 kB: ueventd (pid 512)
       63 kB: coocaa_guard (pid 751)
       49 kB: servicemanager (pid 734)
       48 kB: RootApp (pid 1088)
       41 kB: logwrapper (pid 1048)
       40 kB: busybox (pid 1626)
       24 kB: keypad (pid 738)
       24 kB: VirtualEvent (pid 1230)
        8 kB: drmserver (pid 744)
        4 kB: hardwared (pid 736)
        4 kB: debuggerd (pid 740)
        4 kB: installd (pid 747)
        4 kB: smobsd (pid 1247)
        4 kB: dhcpcd (pid 15708)
        4 kB: sh (pid 15896)
        0 kB: dumpsys (pid 27647)

Total PSS by OOM adjustment:
    17121 kB: Native
               11012 kB: mediaserver (pid 15246)
                1291 kB: zygote (pid 15244)
                 997 kB: surfaceflinger (pid 741)
                 802 kB: TvServer (pid 1116)
                 385 kB: wpa_supplicant (pid 15706)
                 345 kB: app_process (pid 15968)
                 322 kB: logcat (pid 15793)
                 253 kB: netd (pid 15245)
                 245 kB: keystore (pid 748)
                 230 kB: /init (pid 1)
                 211 kB: sh (pid 733)
                 204 kB: adbd (pid 1411)
                 138 kB: sdcard (pid 754)
                 108 kB: healthd (pid 732)
                 108 kB: vold (pid 735)
                  77 kB: FileDesc_server (pid 749)
                  72 kB: ueventd (pid 512)
                  63 kB: coocaa_guard (pid 751)
                  49 kB: servicemanager (pid 734)
                  48 kB: RootApp (pid 1088)
                  41 kB: logwrapper (pid 1048)
                  40 kB: busybox (pid 1626)
                  24 kB: keypad (pid 738)
                  24 kB: VirtualEvent (pid 1230)
                   8 kB: drmserver (pid 744)
                   4 kB: hardwared (pid 736)
                   4 kB: debuggerd (pid 740)
                   4 kB: installd (pid 747)
                   4 kB: smobsd (pid 1247)
                   4 kB: dhcpcd (pid 15708)
                   4 kB: sh (pid 15896)
                   0 kB: dumpsys (pid 27647)
    14617 kB: System
               14617 kB: system (pid 15637)
     2983 kB: Persistent
                2983 kB: com.dunn.instrument (pid 15811)
    97954 kB: Foreground
               63464 kB: com.tianci.movieplatform (pid 16320 / activities)
               11461 kB: com.tianci.system (pid 15820)
               10350 kB: com.tianci.de (pid 16137)
                7428 kB: com.tianci.push (pid 15973)
                5251 kB: com.coocaa.os.softsettings.provider (pid 16039)
     8795 kB: Visible
                8795 kB: com.coocaa.os.ccosservice (pid 16236)
    20998 kB: A Services
               13091 kB: com.tianci.ad (pid 16450)
                7907 kB: com.coocaa.sysreport (pid 17857)
    35494 kB: Previous
               35494 kB: com.ccos.tv.homepage (pid 15834 / activities)
     8249 kB: B Services
                8249 kB: com.tianci.movieplatform:daemon (pid 21200)

Total PSS by category:
    63495 kB: Dalvik
    43326 kB: Dalvik Other
    39427 kB: Unknown
    18443 kB: .dex mmap
    13062 kB: .so mmap
    10082 kB: Other dev
     9660 kB: Native
     3628 kB: Ashmem
     2872 kB: Stack
     1759 kB: Other mmap
      457 kB: .apk mmap
        0 kB: Cursor
        0 kB: .jar mmap
        0 kB: .ttf mmap
        0 kB: code mmap
        0 kB: image mmap
        0 kB: Graphics
        0 kB: GL
        0 kB: Memtrack

Total RAM: 463128 kB
 Free RAM: 81020 kB (0 cached pss + 37752 cached + 43268 free)
 Used RAM: 229611 kB (206211 used pss + 408 buffers + 476 shmem + 22516 slab)
 Lost RAM: 152497 kB
     ZRAM: 42624 kB physical used for 87392 kB in swap (98300 kB total swap)
   Tuning: 48 (large 128), oom 108462 kB, restore limit 36154 kB (low-ram)
Applications Memory Usage (kB):
Uptime: 1937018 Realtime: 1937018

Total PSS by process:
    63545 kB: com.tianci.movieplatform (pid 16320 / activities)
    35526 kB: com.ccos.tv.homepage (pid 15834 / activities)
    14617 kB: system (pid 15637)
    13091 kB: com.tianci.ad (pid 16450)
    11461 kB: com.tianci.system (pid 15820)
    11012 kB: mediaserver (pid 15246)
    10350 kB: com.tianci.de (pid 16137)
     8787 kB: com.coocaa.os.ccosservice (pid 16236)
     8249 kB: com.tianci.movieplatform:daemon (pid 21200)
     7907 kB: com.coocaa.sysreport (pid 17857)
     7428 kB: com.tianci.push (pid 15973)
     5251 kB: com.coocaa.os.softsettings.provider (pid 16039)
     2983 kB: com.dunn.instrument (pid 15811)
     1291 kB: zygote (pid 15244)
      997 kB: surfaceflinger (pid 741)
      802 kB: TvServer (pid 1116)
      385 kB: wpa_supplicant (pid 15706)
      345 kB: app_process (pid 15968)
      322 kB: logcat (pid 15793)
      321 kB: dumpsys (pid 27756)
      253 kB: netd (pid 15245)
      245 kB: keystore (pid 748)
      230 kB: /init (pid 1)
      211 kB: sh (pid 733)
      200 kB: adbd (pid 1411)
      138 kB: sdcard (pid 754)
      108 kB: healthd (pid 732)
      108 kB: vold (pid 735)
       77 kB: FileDesc_server (pid 749)
       72 kB: ueventd (pid 512)
       63 kB: coocaa_guard (pid 751)
       49 kB: servicemanager (pid 734)
       48 kB: RootApp (pid 1088)
       41 kB: logwrapper (pid 1048)
       40 kB: busybox (pid 1626)
       24 kB: keypad (pid 738)
       24 kB: VirtualEvent (pid 1230)
        8 kB: drmserver (pid 744)
        4 kB: hardwared (pid 736)
        4 kB: debuggerd (pid 740)
        4 kB: installd (pid 747)
        4 kB: smobsd (pid 1247)
        4 kB: dhcpcd (pid 15708)
        4 kB: sh (pid 15896)

Total PSS by OOM adjustment:
    17438 kB: Native
               11012 kB: mediaserver (pid 15246)
                1291 kB: zygote (pid 15244)
                 997 kB: surfaceflinger (pid 741)
                 802 kB: TvServer (pid 1116)
                 385 kB: wpa_supplicant (pid 15706)
                 345 kB: app_process (pid 15968)
                 322 kB: logcat (pid 15793)
                 321 kB: dumpsys (pid 27756)
                 253 kB: netd (pid 15245)
                 245 kB: keystore (pid 748)
                 230 kB: /init (pid 1)
                 211 kB: sh (pid 733)
                 200 kB: adbd (pid 1411)
                 138 kB: sdcard (pid 754)
                 108 kB: healthd (pid 732)
                 108 kB: vold (pid 735)
                  77 kB: FileDesc_server (pid 749)
                  72 kB: ueventd (pid 512)
                  63 kB: coocaa_guard (pid 751)
                  49 kB: servicemanager (pid 734)
                  48 kB: RootApp (pid 1088)
                  41 kB: logwrapper (pid 1048)
                  40 kB: busybox (pid 1626)
                  24 kB: keypad (pid 738)
                  24 kB: VirtualEvent (pid 1230)
                   8 kB: drmserver (pid 744)
                   4 kB: hardwared (pid 736)
                   4 kB: debuggerd (pid 740)
                   4 kB: installd (pid 747)
                   4 kB: smobsd (pid 1247)
                   4 kB: dhcpcd (pid 15708)
                   4 kB: sh (pid 15896)
    14617 kB: System
               14617 kB: system (pid 15637)
     2983 kB: Persistent
                2983 kB: com.dunn.instrument (pid 15811)
    98035 kB: Foreground
               63545 kB: com.tianci.movieplatform (pid 16320 / activities)
               11461 kB: com.tianci.system (pid 15820)
               10350 kB: com.tianci.de (pid 16137)
                7428 kB: com.tianci.push (pid 15973)
                5251 kB: com.coocaa.os.softsettings.provider (pid 16039)
     8787 kB: Visible
                8787 kB: com.coocaa.os.ccosservice (pid 16236)
    20998 kB: A Services
               13091 kB: com.tianci.ad (pid 16450)
                7907 kB: com.coocaa.sysreport (pid 17857)
    35526 kB: Previous
               35526 kB: com.ccos.tv.homepage (pid 15834 / activities)
     8249 kB: B Services
                8249 kB: com.tianci.movieplatform:daemon (pid 21200)

Total PSS by category:
    63515 kB: Dalvik
    43334 kB: Dalvik Other
    39499 kB: Unknown
    18467 kB: .dex mmap
    13314 kB: .so mmap
    10086 kB: Other dev
     9664 kB: Native
     3628 kB: Ashmem
     2868 kB: Stack
     1801 kB: Other mmap
      457 kB: .apk mmap
        0 kB: Cursor
        0 kB: .jar mmap
        0 kB: .ttf mmap
        0 kB: code mmap
        0 kB: image mmap
        0 kB: Graphics
        0 kB: GL
        0 kB: Memtrack

Total RAM: 463128 kB
 Free RAM: 81032 kB (0 cached pss + 38288 cached + 42744 free)
 Used RAM: 230089 kB (206633 used pss + 424 buffers + 476 shmem + 22556 slab)
 Lost RAM: 152007 kB
     ZRAM: 42624 kB physical used for 87380 kB in swap (98300 kB total swap)
   Tuning: 48 (large 128), oom 108462 kB, restore limit 36154 kB (low-ram)
Applications Memory Usage (kB):
Uptime: 1939758 Realtime: 1939758

Total PSS by process:
    63613 kB: com.tianci.movieplatform (pid 16320 / activities)
    35526 kB: com.ccos.tv.homepage (pid 15834 / activities)
    14641 kB: system (pid 15637)
    13091 kB: com.tianci.ad (pid 16450)
    11461 kB: com.tianci.system (pid 15820)
    11012 kB: mediaserver (pid 15246)
    10350 kB: com.tianci.de (pid 16137)
     8787 kB: com.coocaa.os.ccosservice (pid 16236)
     8249 kB: com.tianci.movieplatform:daemon (pid 21200)
     7907 kB: com.coocaa.sysreport (pid 17857)
     7428 kB: com.tianci.push (pid 15973)
     5251 kB: com.coocaa.os.softsettings.provider (pid 16039)
     2983 kB: com.dunn.instrument (pid 15811)
     1291 kB: zygote (pid 15244)
      997 kB: surfaceflinger (pid 741)
      802 kB: TvServer (pid 1116)
      385 kB: wpa_supplicant (pid 15706)
      345 kB: app_process (pid 15968)
      322 kB: logcat (pid 15793)
      253 kB: netd (pid 15245)
      245 kB: keystore (pid 748)
      230 kB: /init (pid 1)
      211 kB: sh (pid 733)
      200 kB: adbd (pid 1411)
      138 kB: sdcard (pid 754)
      108 kB: healthd (pid 732)
      108 kB: vold (pid 735)
       77 kB: FileDesc_server (pid 749)
       72 kB: ueventd (pid 512)
       63 kB: coocaa_guard (pid 751)
       49 kB: servicemanager (pid 734)
       48 kB: RootApp (pid 1088)
       41 kB: logwrapper (pid 1048)
       40 kB: busybox (pid 1626)
       24 kB: keypad (pid 738)
       24 kB: VirtualEvent (pid 1230)
        8 kB: drmserver (pid 744)
        4 kB: hardwared (pid 736)
        4 kB: debuggerd (pid 740)
        4 kB: installd (pid 747)
        4 kB: smobsd (pid 1247)
        4 kB: dhcpcd (pid 15708)
        4 kB: sh (pid 15896)
        0 kB: dumpsys (pid 27756)

Total PSS by OOM adjustment:
    17117 kB: Native
               11012 kB: mediaserver (pid 15246)
                1291 kB: zygote (pid 15244)
                 997 kB: surfaceflinger (pid 741)
                 802 kB: TvServer (pid 1116)
                 385 kB: wpa_supplicant (pid 15706)
                 345 kB: app_process (pid 15968)
                 322 kB: logcat (pid 15793)
                 253 kB: netd (pid 15245)
                 245 kB: keystore (pid 748)
                 230 kB: /init (pid 1)
                 211 kB: sh (pid 733)
                 200 kB: adbd (pid 1411)
                 138 kB: sdcard (pid 754)
                 108 kB: healthd (pid 732)
                 108 kB: vold (pid 735)
                  77 kB: FileDesc_server (pid 749)
                  72 kB: ueventd (pid 512)
                  63 kB: coocaa_guard (pid 751)
                  49 kB: servicemanager (pid 734)
                  48 kB: RootApp (pid 1088)
                  41 kB: logwrapper (pid 1048)
                  40 kB: busybox (pid 1626)
                  24 kB: keypad (pid 738)
                  24 kB: VirtualEvent (pid 1230)
                   8 kB: drmserver (pid 744)
                   4 kB: hardwared (pid 736)
                   4 kB: debuggerd (pid 740)
                   4 kB: installd (pid 747)
                   4 kB: smobsd (pid 1247)
                   4 kB: dhcpcd (pid 15708)
                   4 kB: sh (pid 15896)
                   0 kB: dumpsys (pid 27756)
    14641 kB: System
               14641 kB: system (pid 15637)
     2983 kB: Persistent
                2983 kB: com.dunn.instrument (pid 15811)
    98103 kB: Foreground
               63613 kB: com.tianci.movieplatform (pid 16320 / activities)
               11461 kB: com.tianci.system (pid 15820)
               10350 kB: com.tianci.de (pid 16137)
                7428 kB: com.tianci.push (pid 15973)
                5251 kB: com.coocaa.os.softsettings.provider (pid 16039)
     8787 kB: Visible
                8787 kB: com.coocaa.os.ccosservice (pid 16236)
    20998 kB: A Services
               13091 kB: com.tianci.ad (pid 16450)
                7907 kB: com.coocaa.sysreport (pid 17857)
    35526 kB: Previous
               35526 kB: com.ccos.tv.homepage (pid 15834 / activities)
     8249 kB: B Services
                8249 kB: com.tianci.movieplatform:daemon (pid 21200)

Total PSS by category:
    63583 kB: Dalvik
    43330 kB: Dalvik Other
    39487 kB: Unknown
    18495 kB: .dex mmap
    13059 kB: .so mmap
    10082 kB: Other dev
     9660 kB: Native
     3628 kB: Ashmem
     2864 kB: Stack
     1759 kB: Other mmap
      457 kB: .apk mmap
        0 kB: Cursor
        0 kB: .jar mmap
        0 kB: .ttf mmap
        0 kB: code mmap
        0 kB: image mmap
        0 kB: Graphics
        0 kB: GL
        0 kB: Memtrack

Total RAM: 463128 kB
 Free RAM: 81452 kB (0 cached pss + 38644 cached + 42808 free)
 Used RAM: 229832 kB (206404 used pss + 424 buffers + 476 shmem + 22528 slab)
 Lost RAM: 151844 kB
     ZRAM: 42624 kB physical used for 87380 kB in swap (98300 kB total swap)
   Tuning: 48 (large 128), oom 108462 kB, restore limit 36154 kB (low-ram)
Applications Memory Usage (kB):
Uptime: 1942634 Realtime: 1942634

Total PSS by process:
    64425 kB: com.tianci.movieplatform (pid 16320 / activities)
    35526 kB: com.ccos.tv.homepage (pid 15834 / activities)
    14661 kB: system (pid 15637)
    13091 kB: com.tianci.ad (pid 16450)
    13020 kB: mediaserver (pid 15246)
    11513 kB: com.tianci.system (pid 15820)
    10382 kB: com.tianci.de (pid 16137)
     8795 kB: com.coocaa.os.ccosservice (pid 16236)
     8249 kB: com.tianci.movieplatform:daemon (pid 21200)
     7907 kB: com.coocaa.sysreport (pid 17857)
     7428 kB: com.tianci.push (pid 15973)
     5251 kB: com.coocaa.os.softsettings.provider (pid 16039)
     2983 kB: com.dunn.instrument (pid 15811)
     1291 kB: zygote (pid 15244)
      997 kB: surfaceflinger (pid 741)
      802 kB: TvServer (pid 1116)
      385 kB: wpa_supplicant (pid 15706)
      345 kB: app_process (pid 15968)
      322 kB: logcat (pid 15793)
      321 kB: dumpsys (pid 27879)
      253 kB: netd (pid 15245)
      245 kB: keystore (pid 748)
      230 kB: /init (pid 1)
      211 kB: sh (pid 733)
      200 kB: adbd (pid 1411)
      138 kB: sdcard (pid 754)
      108 kB: healthd (pid 732)
      108 kB: vold (pid 735)
       77 kB: FileDesc_server (pid 749)
       72 kB: ueventd (pid 512)
       63 kB: coocaa_guard (pid 751)
       49 kB: servicemanager (pid 734)
       48 kB: RootApp (pid 1088)
       41 kB: logwrapper (pid 1048)
       40 kB: busybox (pid 1626)
       24 kB: keypad (pid 738)
       24 kB: VirtualEvent (pid 1230)
        8 kB: drmserver (pid 744)
        4 kB: hardwared (pid 736)
        4 kB: debuggerd (pid 740)
        4 kB: installd (pid 747)
        4 kB: smobsd (pid 1247)
        4 kB: dhcpcd (pid 15708)
        4 kB: sh (pid 15896)

Total PSS by OOM adjustment:
    19446 kB: Native
               13020 kB: mediaserver (pid 15246)
                1291 kB: zygote (pid 15244)
                 997 kB: surfaceflinger (pid 741)
                 802 kB: TvServer (pid 1116)
                 385 kB: wpa_supplicant (pid 15706)
                 345 kB: app_process (pid 15968)
                 322 kB: logcat (pid 15793)
                 321 kB: dumpsys (pid 27879)
                 253 kB: netd (pid 15245)
                 245 kB: keystore (pid 748)
                 230 kB: /init (pid 1)
                 211 kB: sh (pid 733)
                 200 kB: adbd (pid 1411)
                 138 kB: sdcard (pid 754)
                 108 kB: healthd (pid 732)
                 108 kB: vold (pid 735)
                  77 kB: FileDesc_server (pid 749)
                  72 kB: ueventd (pid 512)
                  63 kB: coocaa_guard (pid 751)
                  49 kB: servicemanager (pid 734)
                  48 kB: RootApp (pid 1088)
                  41 kB: logwrapper (pid 1048)
                  40 kB: busybox (pid 1626)
                  24 kB: keypad (pid 738)
                  24 kB: VirtualEvent (pid 1230)
                   8 kB: drmserver (pid 744)
                   4 kB: hardwared (pid 736)
                   4 kB: debuggerd (pid 740)
                   4 kB: installd (pid 747)
                   4 kB: smobsd (pid 1247)
                   4 kB: dhcpcd (pid 15708)
                   4 kB: sh (pid 15896)
    14661 kB: System
               14661 kB: system (pid 15637)
     2983 kB: Persistent
                2983 kB: com.dunn.instrument (pid 15811)
    98999 kB: Foreground
               64425 kB: com.tianci.movieplatform (pid 16320 / activities)
               11513 kB: com.tianci.system (pid 15820)
               10382 kB: com.tianci.de (pid 16137)
                7428 kB: com.tianci.push (pid 15973)
                5251 kB: com.coocaa.os.softsettings.provider (pid 16039)
     8795 kB: Visible
                8795 kB: com.coocaa.os.ccosservice (pid 16236)
    20998 kB: A Services
               13091 kB: com.tianci.ad (pid 16450)
                7907 kB: com.coocaa.sysreport (pid 17857)
    35526 kB: Previous
               35526 kB: com.ccos.tv.homepage (pid 15834 / activities)
     8249 kB: B Services
                8249 kB: com.tianci.movieplatform:daemon (pid 21200)

Total PSS by category:
    63651 kB: Dalvik
    43334 kB: Dalvik Other
    40415 kB: Unknown
    18495 kB: .dex mmap
    13318 kB: .so mmap
    11572 kB: Native
    10086 kB: Other dev
     3628 kB: Ashmem
     2900 kB: Stack
     1801 kB: Other mmap
      457 kB: .apk mmap
        0 kB: Cursor
        0 kB: .jar mmap
        0 kB: .ttf mmap
        0 kB: code mmap
        0 kB: image mmap
        0 kB: Graphics
        0 kB: GL
        0 kB: Memtrack

Total RAM: 463128 kB
 Free RAM: 80008 kB (0 cached pss + 38644 cached + 41364 free)
 Used RAM: 233141 kB (209657 used pss + 440 buffers + 476 shmem + 22568 slab)
 Lost RAM: 149979 kB
     ZRAM: 42624 kB physical used for 87380 kB in swap (98300 kB total swap)
   Tuning: 48 (large 128), oom 108462 kB, restore limit 36154 kB (low-ram)
Applications Memory Usage (kB):
Uptime: 1945386 Realtime: 1945386

Total PSS by process:
    62553 kB: com.tianci.movieplatform (pid 16320 / activities)
    35526 kB: com.ccos.tv.homepage (pid 15834 / activities)
    14661 kB: system (pid 15637)
    13091 kB: com.tianci.ad (pid 16450)
    13020 kB: mediaserver (pid 15246)
    11513 kB: com.tianci.system (pid 15820)
    10390 kB: com.tianci.de (pid 16137)
     8795 kB: com.coocaa.os.ccosservice (pid 16236)
     8249 kB: com.tianci.movieplatform:daemon (pid 21200)
     7907 kB: com.coocaa.sysreport (pid 17857)
     7428 kB: com.tianci.push (pid 15973)
     5251 kB: com.coocaa.os.softsettings.provider (pid 16039)
     2983 kB: com.dunn.instrument (pid 15811)
     1291 kB: zygote (pid 15244)
      996 kB: surfaceflinger (pid 741)
      802 kB: TvServer (pid 1116)
      385 kB: wpa_supplicant (pid 15706)
      345 kB: app_process (pid 15968)
      322 kB: logcat (pid 15793)
      253 kB: netd (pid 15245)
      244 kB: keystore (pid 748)
      230 kB: /init (pid 1)
      211 kB: sh (pid 733)
      200 kB: adbd (pid 1411)
      138 kB: sdcard (pid 754)
      108 kB: healthd (pid 732)
      108 kB: vold (pid 735)
       77 kB: FileDesc_server (pid 749)
       72 kB: ueventd (pid 512)
       63 kB: coocaa_guard (pid 751)
       49 kB: servicemanager (pid 734)
       48 kB: RootApp (pid 1088)
       41 kB: logwrapper (pid 1048)
       40 kB: busybox (pid 1626)
       24 kB: keypad (pid 738)
       24 kB: VirtualEvent (pid 1230)
        8 kB: drmserver (pid 744)
        4 kB: hardwared (pid 736)
        4 kB: debuggerd (pid 740)
        4 kB: installd (pid 747)
        4 kB: smobsd (pid 1247)
        4 kB: dhcpcd (pid 15708)
        4 kB: sh (pid 15896)
        0 kB: dumpsys (pid 27879)

Total PSS by OOM adjustment:
    19123 kB: Native
               13020 kB: mediaserver (pid 15246)
                1291 kB: zygote (pid 15244)
                 996 kB: surfaceflinger (pid 741)
                 802 kB: TvServer (pid 1116)
                 385 kB: wpa_supplicant (pid 15706)
                 345 kB: app_process (pid 15968)
                 322 kB: logcat (pid 15793)
                 253 kB: netd (pid 15245)
                 244 kB: keystore (pid 748)
                 230 kB: /init (pid 1)
                 211 kB: sh (pid 733)
                 200 kB: adbd (pid 1411)
                 138 kB: sdcard (pid 754)
                 108 kB: healthd (pid 732)
                 108 kB: vold (pid 735)
                  77 kB: FileDesc_server (pid 749)
                  72 kB: ueventd (pid 512)
                  63 kB: coocaa_guard (pid 751)
                  49 kB: servicemanager (pid 734)
                  48 kB: RootApp (pid 1088)
                  41 kB: logwrapper (pid 1048)
                  40 kB: busybox (pid 1626)
                  24 kB: keypad (pid 738)
                  24 kB: VirtualEvent (pid 1230)
                   8 kB: drmserver (pid 744)
                   4 kB: hardwared (pid 736)
                   4 kB: debuggerd (pid 740)
                   4 kB: installd (pid 747)
                   4 kB: smobsd (pid 1247)
                   4 kB: dhcpcd (pid 15708)
                   4 kB: sh (pid 15896)
                   0 kB: dumpsys (pid 27879)
    14661 kB: System
               14661 kB: system (pid 15637)
     2983 kB: Persistent
                2983 kB: com.dunn.instrument (pid 15811)
    97135 kB: Foreground
               62553 kB: com.tianci.movieplatform (pid 16320 / activities)
               11513 kB: com.tianci.system (pid 15820)
               10390 kB: com.tianci.de (pid 16137)
                7428 kB: com.tianci.push (pid 15973)
                5251 kB: com.coocaa.os.softsettings.provider (pid 16039)
     8795 kB: Visible
                8795 kB: com.coocaa.os.ccosservice (pid 16236)
    20998 kB: A Services
               13091 kB: com.tianci.ad (pid 16450)
                7907 kB: com.coocaa.sysreport (pid 17857)
    35526 kB: Previous
               35526 kB: com.ccos.tv.homepage (pid 15834 / activities)
     8249 kB: B Services
                8249 kB: com.tianci.movieplatform:daemon (pid 21200)

Total PSS by category:
    63663 kB: Dalvik
    43334 kB: Dalvik Other
    38519 kB: Unknown
    18495 kB: .dex mmap
    13061 kB: .so mmap
    11568 kB: Native
    10082 kB: Other dev
     3628 kB: Ashmem
     2904 kB: Stack
     1759 kB: Other mmap
      457 kB: .apk mmap
        0 kB: Cursor
        0 kB: .jar mmap
        0 kB: .ttf mmap
        0 kB: code mmap
        0 kB: image mmap
        0 kB: Graphics
        0 kB: GL
        0 kB: Memtrack

Total RAM: 463128 kB
 Free RAM: 79784 kB (0 cached pss + 38644 cached + 41140 free)
 Used RAM: 230970 kB (207470 used pss + 456 buffers + 476 shmem + 22568 slab)
 Lost RAM: 152374 kB
     ZRAM: 42624 kB physical used for 87380 kB in swap (98300 kB total swap)
   Tuning: 48 (large 128), oom 108462 kB, restore limit 36154 kB (low-ram)
Applications Memory Usage (kB):
Uptime: 1948033 Realtime: 1948033

Total PSS by process:
    62597 kB: com.tianci.movieplatform (pid 16320 / activities)
    35526 kB: com.ccos.tv.homepage (pid 15834 / activities)
    14661 kB: system (pid 15637)
    13091 kB: com.tianci.ad (pid 16450)
    13020 kB: mediaserver (pid 15246)
    11513 kB: com.tianci.system (pid 15820)
    10374 kB: com.tianci.de (pid 16137)
     8795 kB: com.coocaa.os.ccosservice (pid 16236)
     8249 kB: com.tianci.movieplatform:daemon (pid 21200)
     7907 kB: com.coocaa.sysreport (pid 17857)
     7428 kB: com.tianci.push (pid 15973)
     5251 kB: com.coocaa.os.softsettings.provider (pid 16039)
     2983 kB: com.dunn.instrument (pid 15811)
     1291 kB: zygote (pid 15244)
      997 kB: surfaceflinger (pid 741)
      802 kB: TvServer (pid 1116)
      385 kB: wpa_supplicant (pid 15706)
      345 kB: app_process (pid 15968)
      322 kB: logcat (pid 15793)
      321 kB: dumpsys (pid 28034)
      253 kB: netd (pid 15245)
      245 kB: keystore (pid 748)
      230 kB: /init (pid 1)
      211 kB: sh (pid 733)
      204 kB: adbd (pid 1411)
      138 kB: sdcard (pid 754)
      108 kB: healthd (pid 732)
      108 kB: vold (pid 735)
       77 kB: FileDesc_server (pid 749)
       72 kB: ueventd (pid 512)
       63 kB: coocaa_guard (pid 751)
       49 kB: servicemanager (pid 734)
       48 kB: RootApp (pid 1088)
       41 kB: logwrapper (pid 1048)
       40 kB: busybox (pid 1626)
       24 kB: keypad (pid 738)
       24 kB: VirtualEvent (pid 1230)
        8 kB: drmserver (pid 744)
        4 kB: hardwared (pid 736)
        4 kB: debuggerd (pid 740)
        4 kB: installd (pid 747)
        4 kB: smobsd (pid 1247)
        4 kB: dhcpcd (pid 15708)
        4 kB: sh (pid 15896)

Total PSS by OOM adjustment:
    19450 kB: Native
               13020 kB: mediaserver (pid 15246)
                1291 kB: zygote (pid 15244)
                 997 kB: surfaceflinger (pid 741)
                 802 kB: TvServer (pid 1116)
                 385 kB: wpa_supplicant (pid 15706)
                 345 kB: app_process (pid 15968)
                 322 kB: logcat (pid 15793)
                 321 kB: dumpsys (pid 28034)
                 253 kB: netd (pid 15245)
                 245 kB: keystore (pid 748)
                 230 kB: /init (pid 1)
                 211 kB: sh (pid 733)
                 204 kB: adbd (pid 1411)
                 138 kB: sdcard (pid 754)
                 108 kB: healthd (pid 732)
                 108 kB: vold (pid 735)
                  77 kB: FileDesc_server (pid 749)
                  72 kB: ueventd (pid 512)
                  63 kB: coocaa_guard (pid 751)
                  49 kB: servicemanager (pid 734)
                  48 kB: RootApp (pid 1088)
                  41 kB: logwrapper (pid 1048)
                  40 kB: busybox (pid 1626)
                  24 kB: keypad (pid 738)
                  24 kB: VirtualEvent (pid 1230)
                   8 kB: drmserver (pid 744)
                   4 kB: hardwared (pid 736)
                   4 kB: debuggerd (pid 740)
                   4 kB: installd (pid 747)
                   4 kB: smobsd (pid 1247)
                   4 kB: dhcpcd (pid 15708)
                   4 kB: sh (pid 15896)
    14661 kB: System
               14661 kB: system (pid 15637)
     2983 kB: Persistent
                2983 kB: com.dunn.instrument (pid 15811)
    97163 kB: Foreground
               62597 kB: com.tianci.movieplatform (pid 16320 / activities)
               11513 kB: com.tianci.system (pid 15820)
               10374 kB: com.tianci.de (pid 16137)
                7428 kB: com.tianci.push (pid 15973)
                5251 kB: com.coocaa.os.softsettings.provider (pid 16039)
     8795 kB: Visible
                8795 kB: com.coocaa.os.ccosservice (pid 16236)
    20998 kB: A Services
               13091 kB: com.tianci.ad (pid 16450)
                7907 kB: com.coocaa.sysreport (pid 17857)
    35526 kB: Previous
               35526 kB: com.ccos.tv.homepage (pid 15834 / activities)
     8249 kB: B Services
                8249 kB: com.tianci.movieplatform:daemon (pid 21200)

Total PSS by category:
    63707 kB: Dalvik
    43334 kB: Dalvik Other
    38531 kB: Unknown
    18495 kB: .dex mmap
    13318 kB: .so mmap
    11572 kB: Native
    10086 kB: Other dev
     3628 kB: Ashmem
     2896 kB: Stack
     1801 kB: Other mmap
      457 kB: .apk mmap
        0 kB: Cursor
        0 kB: .jar mmap
        0 kB: .ttf mmap
        0 kB: code mmap
        0 kB: image mmap
        0 kB: Graphics
        0 kB: GL
        0 kB: Memtrack

Total RAM: 463128 kB
 Free RAM: 80012 kB (0 cached pss + 38644 cached + 41368 free)
 Used RAM: 231293 kB (207825 used pss + 456 buffers + 476 shmem + 22536 slab)
 Lost RAM: 151823 kB
     ZRAM: 42624 kB physical used for 87380 kB in swap (98300 kB total swap)
   Tuning: 48 (large 128), oom 108462 kB, restore limit 36154 kB (low-ram)
Applications Memory Usage (kB):
Uptime: 1950652 Realtime: 1950652

Total PSS by process:
    62505 kB: com.tianci.movieplatform (pid 16320 / activities)
    35525 kB: com.ccos.tv.homepage (pid 15834 / activities)
    14665 kB: system (pid 15637)
    13091 kB: com.tianci.ad (pid 16450)
    12928 kB: mediaserver (pid 15246)
    11513 kB: com.tianci.system (pid 15820)
    10358 kB: com.tianci.de (pid 16137)
     8795 kB: com.coocaa.os.ccosservice (pid 16236)
     8249 kB: com.tianci.movieplatform:daemon (pid 21200)
     7907 kB: com.coocaa.sysreport (pid 17857)
     7428 kB: com.tianci.push (pid 15973)
     5251 kB: com.coocaa.os.softsettings.provider (pid 16039)
     2983 kB: com.dunn.instrument (pid 15811)
     1291 kB: zygote (pid 15244)
      997 kB: surfaceflinger (pid 741)
      802 kB: TvServer (pid 1116)
      385 kB: wpa_supplicant (pid 15706)
      345 kB: app_process (pid 15968)
      322 kB: logcat (pid 15793)
      253 kB: netd (pid 15245)
      245 kB: keystore (pid 748)
      230 kB: /init (pid 1)
      211 kB: sh (pid 733)
      200 kB: adbd (pid 1411)
      138 kB: sdcard (pid 754)
      108 kB: healthd (pid 732)
      108 kB: vold (pid 735)
       77 kB: FileDesc_server (pid 749)
       72 kB: ueventd (pid 512)
       63 kB: coocaa_guard (pid 751)
       49 kB: servicemanager (pid 734)
       48 kB: RootApp (pid 1088)
       41 kB: logwrapper (pid 1048)
       40 kB: busybox (pid 1626)
       24 kB: keypad (pid 738)
       24 kB: VirtualEvent (pid 1230)
        8 kB: drmserver (pid 744)
        4 kB: hardwared (pid 736)
        4 kB: debuggerd (pid 740)
        4 kB: installd (pid 747)
        4 kB: smobsd (pid 1247)
        4 kB: dhcpcd (pid 15708)
        4 kB: sh (pid 15896)
        0 kB: dumpsys (pid 28034)

Total PSS by OOM adjustment:
    19033 kB: Native
               12928 kB: mediaserver (pid 15246)
                1291 kB: zygote (pid 15244)
                 997 kB: surfaceflinger (pid 741)
                 802 kB: TvServer (pid 1116)
                 385 kB: wpa_supplicant (pid 15706)
                 345 kB: app_process (pid 15968)
                 322 kB: logcat (pid 15793)
                 253 kB: netd (pid 15245)
                 245 kB: keystore (pid 748)
                 230 kB: /init (pid 1)
                 211 kB: sh (pid 733)
                 200 kB: adbd (pid 1411)
                 138 kB: sdcard (pid 754)
                 108 kB: healthd (pid 732)
                 108 kB: vold (pid 735)
                  77 kB: FileDesc_server (pid 749)
                  72 kB: ueventd (pid 512)
                  63 kB: coocaa_guard (pid 751)
                  49 kB: servicemanager (pid 734)
                  48 kB: RootApp (pid 1088)
                  41 kB: logwrapper (pid 1048)
                  40 kB: busybox (pid 1626)
                  24 kB: keypad (pid 738)
                  24 kB: VirtualEvent (pid 1230)
                   8 kB: drmserver (pid 744)
                   4 kB: hardwared (pid 736)
                   4 kB: debuggerd (pid 740)
                   4 kB: installd (pid 747)
                   4 kB: smobsd (pid 1247)
                   4 kB: dhcpcd (pid 15708)
                   4 kB: sh (pid 15896)
                   0 kB: dumpsys (pid 28034)
    14665 kB: System
               14665 kB: system (pid 15637)
     2983 kB: Persistent
                2983 kB: com.dunn.instrument (pid 15811)
    97055 kB: Foreground
               62505 kB: com.tianci.movieplatform (pid 16320 / activities)
               11513 kB: com.tianci.system (pid 15820)
               10358 kB: com.tianci.de (pid 16137)
                7428 kB: com.tianci.push (pid 15973)
                5251 kB: com.coocaa.os.softsettings.provider (pid 16039)
     8795 kB: Visible
                8795 kB: com.coocaa.os.ccosservice (pid 16236)
    20998 kB: A Services
               13091 kB: com.tianci.ad (pid 16450)
                7907 kB: com.coocaa.sysreport (pid 17857)
    35525 kB: Previous
               35525 kB: com.ccos.tv.homepage (pid 15834 / activities)
     8249 kB: B Services
                8249 kB: com.tianci.movieplatform:daemon (pid 21200)

Total PSS by category:
    63711 kB: Dalvik
    43334 kB: Dalvik Other
    38339 kB: Unknown
    18495 kB: .dex mmap
    13062 kB: .so mmap
    11568 kB: Native
    10082 kB: Other dev
     3628 kB: Ashmem
     2868 kB: Stack
     1759 kB: Other mmap
      457 kB: .apk mmap
        0 kB: Cursor
        0 kB: .jar mmap
        0 kB: .ttf mmap
        0 kB: code mmap
        0 kB: image mmap
        0 kB: Graphics
        0 kB: GL
        0 kB: Memtrack

Total RAM: 463128 kB
 Free RAM: 80652 kB (0 cached pss + 38652 cached + 42000 free)
 Used RAM: 230767 kB (207303 used pss + 472 buffers + 476 shmem + 22516 slab)
 Lost RAM: 151709 kB
     ZRAM: 42624 kB physical used for 87380 kB in swap (98300 kB total swap)
   Tuning: 48 (large 128), oom 108462 kB, restore limit 36154 kB (low-ram)
Applications Memory Usage (kB):
Uptime: 1953347 Realtime: 1953347

Total PSS by process:
    62777 kB: com.tianci.movieplatform (pid 16320 / activities)
    35530 kB: com.ccos.tv.homepage (pid 15834 / activities)
    15756 kB: mediaserver (pid 15246)
    14661 kB: system (pid 15637)
    13091 kB: com.tianci.ad (pid 16450)
    11513 kB: com.tianci.system (pid 15820)
    10354 kB: com.tianci.de (pid 16137)
     8787 kB: com.coocaa.os.ccosservice (pid 16236)
     8249 kB: com.tianci.movieplatform:daemon (pid 21200)
     7907 kB: com.coocaa.sysreport (pid 17857)
     7428 kB: com.tianci.push (pid 15973)
     5251 kB: com.coocaa.os.softsettings.provider (pid 16039)
     2983 kB: com.dunn.instrument (pid 15811)
     1291 kB: zygote (pid 15244)
      997 kB: surfaceflinger (pid 741)
      802 kB: TvServer (pid 1116)
      385 kB: wpa_supplicant (pid 15706)
      345 kB: app_process (pid 15968)
      322 kB: logcat (pid 15793)
      321 kB: dumpsys (pid 28120)
      253 kB: netd (pid 15245)
      245 kB: keystore (pid 748)
      230 kB: /init (pid 1)
      211 kB: sh (pid 733)
      200 kB: adbd (pid 1411)
      138 kB: sdcard (pid 754)
      108 kB: healthd (pid 732)
      108 kB: vold (pid 735)
       77 kB: FileDesc_server (pid 749)
       72 kB: ueventd (pid 512)
       63 kB: coocaa_guard (pid 751)
       49 kB: servicemanager (pid 734)
       48 kB: RootApp (pid 1088)
       41 kB: logwrapper (pid 1048)
       40 kB: busybox (pid 1626)
       24 kB: keypad (pid 738)
       24 kB: VirtualEvent (pid 1230)
        8 kB: drmserver (pid 744)
        4 kB: hardwared (pid 736)
        4 kB: debuggerd (pid 740)
        4 kB: installd (pid 747)
        4 kB: smobsd (pid 1247)
        4 kB: dhcpcd (pid 15708)
        4 kB: sh (pid 15896)

Total PSS by OOM adjustment:
    22182 kB: Native
               15756 kB: mediaserver (pid 15246)
                1291 kB: zygote (pid 15244)
                 997 kB: surfaceflinger (pid 741)
                 802 kB: TvServer (pid 1116)
                 385 kB: wpa_supplicant (pid 15706)
                 345 kB: app_process (pid 15968)
                 322 kB: logcat (pid 15793)
                 321 kB: dumpsys (pid 28120)
                 253 kB: netd (pid 15245)
                 245 kB: keystore (pid 748)
                 230 kB: /init (pid 1)
                 211 kB: sh (pid 733)
                 200 kB: adbd (pid 1411)
                 138 kB: sdcard (pid 754)
                 108 kB: healthd (pid 732)
                 108 kB: vold (pid 735)
                  77 kB: FileDesc_server (pid 749)
                  72 kB: ueventd (pid 512)
                  63 kB: coocaa_guard (pid 751)
                  49 kB: servicemanager (pid 734)
                  48 kB: RootApp (pid 1088)
                  41 kB: logwrapper (pid 1048)
                  40 kB: busybox (pid 1626)
                  24 kB: keypad (pid 738)
                  24 kB: VirtualEvent (pid 1230)
                   8 kB: drmserver (pid 744)
                   4 kB: hardwared (pid 736)
                   4 kB: debuggerd (pid 740)
                   4 kB: installd (pid 747)
                   4 kB: smobsd (pid 1247)
                   4 kB: dhcpcd (pid 15708)
                   4 kB: sh (pid 15896)
    14661 kB: System
               14661 kB: system (pid 15637)
     2983 kB: Persistent
                2983 kB: com.dunn.instrument (pid 15811)
    97323 kB: Foreground
               62777 kB: com.tianci.movieplatform (pid 16320 / activities)
               11513 kB: com.tianci.system (pid 15820)
               10354 kB: com.tianci.de (pid 16137)
                7428 kB: com.tianci.push (pid 15973)
                5251 kB: com.coocaa.os.softsettings.provider (pid 16039)
     8787 kB: Visible
                8787 kB: com.coocaa.os.ccosservice (pid 16236)
    20998 kB: A Services
               13091 kB: com.tianci.ad (pid 16450)
                7907 kB: com.coocaa.sysreport (pid 17857)
    35530 kB: Previous
               35530 kB: com.ccos.tv.homepage (pid 15834 / activities)
     8249 kB: B Services
                8249 kB: com.tianci.movieplatform:daemon (pid 21200)

Total PSS by category:
    63675 kB: Dalvik
    43554 kB: Dalvik Other
    41267 kB: Unknown
    18495 kB: .dex mmap
    13314 kB: .so mmap
    11572 kB: Native
    10086 kB: Other dev
     3628 kB: Ashmem
     2864 kB: Stack
     1801 kB: Other mmap
      457 kB: .apk mmap
        0 kB: Cursor
        0 kB: .jar mmap
        0 kB: .ttf mmap
        0 kB: code mmap
        0 kB: image mmap
        0 kB: Graphics
        0 kB: GL
        0 kB: Memtrack

Total RAM: 463128 kB
 Free RAM: 74304 kB (0 cached pss + 38652 cached + 35652 free)
 Used RAM: 234193 kB (210713 used pss + 488 buffers + 476 shmem + 22516 slab)
 Lost RAM: 154631 kB
     ZRAM: 42624 kB physical used for 87376 kB in swap (98300 kB total swap)
   Tuning: 48 (large 128), oom 108462 kB, restore limit 36154 kB (low-ram)
Applications Memory Usage (kB):
Uptime: 1956242 Realtime: 1956242

Total PSS by process:
    63413 kB: com.tianci.movieplatform (pid 16320 / activities)
    35530 kB: com.ccos.tv.homepage (pid 15834 / activities)
    14660 kB: system (pid 15637)
    13091 kB: com.tianci.ad (pid 16450)
    12928 kB: mediaserver (pid 15246)
    11513 kB: com.tianci.system (pid 15820)
    10350 kB: com.tianci.de (pid 16137)
     8795 kB: com.coocaa.os.ccosservice (pid 16236)
     8249 kB: com.tianci.movieplatform:daemon (pid 21200)
     7907 kB: com.coocaa.sysreport (pid 17857)
     7428 kB: com.tianci.push (pid 15973)
     5251 kB: com.coocaa.os.softsettings.provider (pid 16039)
     2983 kB: com.dunn.instrument (pid 15811)
     1291 kB: zygote (pid 15244)
      997 kB: surfaceflinger (pid 741)
      802 kB: TvServer (pid 1116)
      385 kB: wpa_supplicant (pid 15706)
      345 kB: app_process (pid 15968)
      322 kB: logcat (pid 15793)
      253 kB: netd (pid 15245)
      245 kB: keystore (pid 748)
      230 kB: /init (pid 1)
      211 kB: sh (pid 733)
      200 kB: adbd (pid 1411)
      138 kB: sdcard (pid 754)
      108 kB: healthd (pid 732)
      108 kB: vold (pid 735)
       77 kB: FileDesc_server (pid 749)
       72 kB: ueventd (pid 512)
       63 kB: coocaa_guard (pid 751)
       49 kB: servicemanager (pid 734)
       48 kB: RootApp (pid 1088)
       41 kB: logwrapper (pid 1048)
       40 kB: busybox (pid 1626)
       24 kB: keypad (pid 738)
       24 kB: VirtualEvent (pid 1230)
        8 kB: drmserver (pid 744)
        4 kB: hardwared (pid 736)
        4 kB: debuggerd (pid 740)
        4 kB: installd (pid 747)
        4 kB: smobsd (pid 1247)
        4 kB: dhcpcd (pid 15708)
        4 kB: sh (pid 15896)
        0 kB: dumpsys (pid 28120)

Total PSS by OOM adjustment:
    19033 kB: Native
               12928 kB: mediaserver (pid 15246)
                1291 kB: zygote (pid 15244)
                 997 kB: surfaceflinger (pid 741)
                 802 kB: TvServer (pid 1116)
                 385 kB: wpa_supplicant (pid 15706)
                 345 kB: app_process (pid 15968)
                 322 kB: logcat (pid 15793)
                 253 kB: netd (pid 15245)
                 245 kB: keystore (pid 748)
                 230 kB: /init (pid 1)
                 211 kB: sh (pid 733)
                 200 kB: adbd (pid 1411)
                 138 kB: sdcard (pid 754)
                 108 kB: healthd (pid 732)
                 108 kB: vold (pid 735)
                  77 kB: FileDesc_server (pid 749)
                  72 kB: ueventd (pid 512)
                  63 kB: coocaa_guard (pid 751)
                  49 kB: servicemanager (pid 734)
                  48 kB: RootApp (pid 1088)
                  41 kB: logwrapper (pid 1048)
                  40 kB: busybox (pid 1626)
                  24 kB: keypad (pid 738)
                  24 kB: VirtualEvent (pid 1230)
                   8 kB: drmserver (pid 744)
                   4 kB: hardwared (pid 736)
                   4 kB: debuggerd (pid 740)
                   4 kB: installd (pid 747)
                   4 kB: smobsd (pid 1247)
                   4 kB: dhcpcd (pid 15708)
                   4 kB: sh (pid 15896)
                   0 kB: dumpsys (pid 28120)
    14660 kB: System
               14660 kB: system (pid 15637)
     2983 kB: Persistent
                2983 kB: com.dunn.instrument (pid 15811)
    97955 kB: Foreground
               63413 kB: com.tianci.movieplatform (pid 16320 / activities)
               11513 kB: com.tianci.system (pid 15820)
               10350 kB: com.tianci.de (pid 16137)
                7428 kB: com.tianci.push (pid 15973)
                5251 kB: com.coocaa.os.softsettings.provider (pid 16039)
     8795 kB: Visible
                8795 kB: com.coocaa.os.ccosservice (pid 16236)
    20998 kB: A Services
               13091 kB: com.tianci.ad (pid 16450)
                7907 kB: com.coocaa.sysreport (pid 17857)
    35530 kB: Previous
               35530 kB: com.ccos.tv.homepage (pid 15834 / activities)
     8249 kB: B Services
                8249 kB: com.tianci.movieplatform:daemon (pid 21200)

Total PSS by category:
    63675 kB: Dalvik
    43338 kB: Dalvik Other
    38623 kB: Unknown
    18495 kB: .dex mmap
    13718 kB: .so mmap
    11568 kB: Native
    10082 kB: Other dev
     3628 kB: Ashmem
     2860 kB: Stack
     1759 kB: Other mmap
      457 kB: .apk mmap
        0 kB: Cursor
        0 kB: .jar mmap
        0 kB: .ttf mmap
        0 kB: code mmap
        0 kB: image mmap
        0 kB: Graphics
        0 kB: GL
        0 kB: Memtrack

Total RAM: 463128 kB
 Free RAM: 79168 kB (0 cached pss + 38700 cached + 40468 free)
 Used RAM: 231715 kB (208203 used pss + 504 buffers + 476 shmem + 22532 slab)
 Lost RAM: 152245 kB
     ZRAM: 42624 kB physical used for 87376 kB in swap (98300 kB total swap)
   Tuning: 48 (large 128), oom 108462 kB, restore limit 36154 kB (low-ram)
Applications Memory Usage (kB):
Uptime: 1958957 Realtime: 1958957

Total PSS by process:
    60981 kB: com.tianci.movieplatform (pid 16320 / activities)
    35534 kB: com.ccos.tv.homepage (pid 15834 / activities)
    14661 kB: system (pid 15637)
    13091 kB: com.tianci.ad (pid 16450)
    12830 kB: mediaserver (pid 15246)
    11657 kB: com.tianci.system (pid 15820)
    10350 kB: com.tianci.de (pid 16137)
     8795 kB: com.coocaa.os.ccosservice (pid 16236)
     8249 kB: com.tianci.movieplatform:daemon (pid 21200)
     7907 kB: com.coocaa.sysreport (pid 17857)
     7428 kB: com.tianci.push (pid 15973)
     5251 kB: com.coocaa.os.softsettings.provider (pid 16039)
     2983 kB: com.dunn.instrument (pid 15811)
     1315 kB: zygote (pid 15244)
      997 kB: surfaceflinger (pid 741)
      802 kB: TvServer (pid 1116)
      385 kB: wpa_supplicant (pid 15706)
      346 kB: app_process (pid 15968)
      322 kB: logcat (pid 15793)
      322 kB: dumpsys (pid 28246)
      255 kB: netd (pid 15245)
      245 kB: keystore (pid 748)
      230 kB: /init (pid 1)
      211 kB: sh (pid 733)
      204 kB: adbd (pid 1411)
      138 kB: sdcard (pid 754)
      108 kB: healthd (pid 732)
      108 kB: vold (pid 735)
       77 kB: FileDesc_server (pid 749)
       72 kB: ueventd (pid 512)
       63 kB: coocaa_guard (pid 751)
