Applications Memory Usage (kB):
Uptime: 1342430 Realtime: 1342430

Total PSS by process:
    87209 kB: com.ccos.tv.homepage (pid 5079 / activities)
    21703 kB: com.tianci.movieplatform (pid 4526)
    20585 kB: system (pid 3891)
    14992 kB: com.coocaa.os.ccosservice (pid 4445)
    14516 kB: com.tianci.de (pid 5202)
    13102 kB: com.tianci.system (pid 4079)
    11708 kB: com.tianci.ad (pid 5516)
    10607 kB: com.tianci.user (pid 7353)
     9153 kB: com.coocaa.sysreport (pid 7397)
     8127 kB: com.coocaa.os.softsettings.provider (pid 4646)
     7394 kB: com.tianci.push (pid 4206)
     4898 kB: android.process.media (pid 5493)
     3585 kB: com.skyworth.android.skyRMService (pid 4070)
     3274 kB: com.dunn.instrument (pid 4061)
     1883 kB: zygote (pid 3497)
     1868 kB: app_process (pid 4264)
     1550 kB: logcat (pid 6982)
     1280 kB: surfaceflinger (pid 743)
      825 kB: TvServer (pid 1146)
      474 kB: wpa_supplicant (pid 3963)
      413 kB: mediaserver (pid 3499)
      275 kB: dumpsys (pid 14063)
      246 kB: /init (pid 1)
      237 kB: netd (pid 3498)
      236 kB: keystore (pid 748)
      212 kB: adbd (pid 1403)
      171 kB: sh (pid 733)
      149 kB: sdcard (pid 754)
      136 kB: debuggerd (pid 742)
      131 kB: vold (pid 735)
      128 kB: healthd (pid 732)
       85 kB: coocaa_guard (pid 752)
       79 kB: sh (pid 4133)
       72 kB: ueventd (pid 512)
       68 kB: installd (pid 747)
       68 kB: busybox (pid 1581)
       60 kB: servicemanager (pid 734)
       59 kB: VirtualEvent (pid 1249)
       48 kB: RootApp (pid 1114)
       45 kB: logwrapper (pid 1110)
       41 kB: drmserver (pid 745)
       39 kB: dhcpcd (pid 3985)
       37 kB: keypad (pid 739)
       32 kB: FileDesc_server (pid 749)
       26 kB: hardwared (pid 736)
        7 kB: smobsd (pid 1252)

Total PSS by OOM adjustment:
    10980 kB: Native
                1883 kB: zygote (pid 3497)
                1868 kB: app_process (pid 4264)
                1550 kB: logcat (pid 6982)
                1280 kB: surfaceflinger (pid 743)
                 825 kB: TvServer (pid 1146)
                 474 kB: wpa_supplicant (pid 3963)
                 413 kB: mediaserver (pid 3499)
                 275 kB: dumpsys (pid 14063)
                 246 kB: /init (pid 1)
                 237 kB: netd (pid 3498)
                 236 kB: keystore (pid 748)
                 212 kB: adbd (pid 1403)
                 171 kB: sh (pid 733)
                 149 kB: sdcard (pid 754)
                 136 kB: debuggerd (pid 742)
                 131 kB: vold (pid 735)
                 128 kB: healthd (pid 732)
                  85 kB: coocaa_guard (pid 752)
                  79 kB: sh (pid 4133)
                  72 kB: ueventd (pid 512)
                  68 kB: installd (pid 747)
                  68 kB: busybox (pid 1581)
                  60 kB: servicemanager (pid 734)
                  59 kB: VirtualEvent (pid 1249)
                  48 kB: RootApp (pid 1114)
                  45 kB: logwrapper (pid 1110)
                  41 kB: drmserver (pid 745)
                  39 kB: dhcpcd (pid 3985)
                  37 kB: keypad (pid 739)
                  32 kB: FileDesc_server (pid 749)
                  26 kB: hardwared (pid 736)
                   7 kB: smobsd (pid 1252)
    20585 kB: System
               20585 kB: system (pid 3891)
     6859 kB: Persistent
                3585 kB: com.skyworth.android.skyRMService (pid 4070)
                3274 kB: com.dunn.instrument (pid 4061)
   142111 kB: Foreground
               87209 kB: com.ccos.tv.homepage (pid 5079 / activities)
               14992 kB: com.coocaa.os.ccosservice (pid 4445)
               14516 kB: com.tianci.de (pid 5202)
               13102 kB: com.tianci.system (pid 4079)
                7394 kB: com.tianci.push (pid 4206)
                4898 kB: android.process.media (pid 5493)
    29830 kB: Perceptible
               21703 kB: com.tianci.movieplatform (pid 4526)
                8127 kB: com.coocaa.os.softsettings.provider (pid 4646)
    11708 kB: A Services
               11708 kB: com.tianci.ad (pid 5516)
     9153 kB: B Services
                9153 kB: com.coocaa.sysreport (pid 7397)
    10607 kB: Cached
               10607 kB: com.tianci.user (pid 7353)

Total PSS by category:
    67993 kB: Dalvik
    55268 kB: Dalvik Other
    37464 kB: Unknown
    31094 kB: .dex mmap
    16079 kB: .so mmap
    15030 kB: Other dev
     8256 kB: Ashmem
     3300 kB: Stack
     2556 kB: Native
     2291 kB: .apk mmap
     2074 kB: Other mmap
      424 kB: .ttf mmap
        4 kB: Cursor
        0 kB: .jar mmap
        0 kB: code mmap
        0 kB: image mmap
        0 kB: Graphics
        0 kB: GL
        0 kB: Memtrack

Total RAM: 463128 kB
 Free RAM: 144595 kB (10607 cached pss + 99396 cached + 34592 free)
 Used RAM: 256946 kB (231226 used pss + 4072 buffers + 136 shmem + 21512 slab)
 Lost RAM: 61587 kB
     ZRAM: 6876 kB physical used for 21052 kB in swap (98300 kB total swap)
   Tuning: 48 (large 128), oom 108462 kB, restore limit 36154 kB (low-ram)
Applications Memory Usage (kB):
Uptime: 1345182 Realtime: 1345182

Total PSS by process:
    86253 kB: com.ccos.tv.homepage (pid 5079 / activities)
    21703 kB: com.tianci.movieplatform (pid 4526)
    20665 kB: system (pid 3891)
    14980 kB: com.coocaa.os.ccosservice (pid 4445)
    14512 kB: com.tianci.de (pid 5202)
    13102 kB: com.tianci.system (pid 4079)
    11702 kB: com.tianci.ad (pid 5516)
    10589 kB: com.tianci.user (pid 7353)
     9153 kB: com.coocaa.sysreport (pid 7397)
     8127 kB: com.coocaa.os.softsettings.provider (pid 4646)
     7394 kB: com.tianci.push (pid 4206)
     4898 kB: android.process.media (pid 5493)
     3585 kB: com.skyworth.android.skyRMService (pid 4070)
     3274 kB: com.dunn.instrument (pid 4061)
     1883 kB: zygote (pid 3497)
     1868 kB: app_process (pid 4264)
     1550 kB: logcat (pid 6982)
     1280 kB: surfaceflinger (pid 743)
      825 kB: TvServer (pid 1146)
      474 kB: wpa_supplicant (pid 3963)
      413 kB: mediaserver (pid 3499)
      246 kB: /init (pid 1)
      237 kB: netd (pid 3498)
      236 kB: keystore (pid 748)
      212 kB: adbd (pid 1403)
      171 kB: sh (pid 733)
      149 kB: sdcard (pid 754)
      136 kB: debuggerd (pid 742)
      131 kB: vold (pid 735)
      128 kB: healthd (pid 732)
       85 kB: coocaa_guard (pid 752)
       79 kB: sh (pid 4133)
       72 kB: ueventd (pid 512)
       68 kB: installd (pid 747)
       68 kB: busybox (pid 1581)
       60 kB: servicemanager (pid 734)
       59 kB: VirtualEvent (pid 1249)
       48 kB: RootApp (pid 1114)
       45 kB: logwrapper (pid 1110)
       41 kB: drmserver (pid 745)
       39 kB: dhcpcd (pid 3985)
       37 kB: keypad (pid 739)
       32 kB: FileDesc_server (pid 749)
       26 kB: hardwared (pid 736)
        7 kB: smobsd (pid 1252)
        0 kB: dumpsys (pid 14063)

Total PSS by OOM adjustment:
    10705 kB: Native
                1883 kB: zygote (pid 3497)
                1868 kB: app_process (pid 4264)
                1550 kB: logcat (pid 6982)
                1280 kB: surfaceflinger (pid 743)
                 825 kB: TvServer (pid 1146)
                 474 kB: wpa_supplicant (pid 3963)
                 413 kB: mediaserver (pid 3499)
                 246 kB: /init (pid 1)
                 237 kB: netd (pid 3498)
                 236 kB: keystore (pid 748)
                 212 kB: adbd (pid 1403)
                 171 kB: sh (pid 733)
                 149 kB: sdcard (pid 754)
                 136 kB: debuggerd (pid 742)
                 131 kB: vold (pid 735)
                 128 kB: healthd (pid 732)
                  85 kB: coocaa_guard (pid 752)
                  79 kB: sh (pid 4133)
                  72 kB: ueventd (pid 512)
                  68 kB: installd (pid 747)
                  68 kB: busybox (pid 1581)
                  60 kB: servicemanager (pid 734)
                  59 kB: VirtualEvent (pid 1249)
                  48 kB: RootApp (pid 1114)
                  45 kB: logwrapper (pid 1110)
                  41 kB: drmserver (pid 745)
                  39 kB: dhcpcd (pid 3985)
                  37 kB: keypad (pid 739)
                  32 kB: FileDesc_server (pid 749)
                  26 kB: hardwared (pid 736)
                   7 kB: smobsd (pid 1252)
                   0 kB: dumpsys (pid 14063)
    20665 kB: System
               20665 kB: system (pid 3891)
     6859 kB: Persistent
                3585 kB: com.skyworth.android.skyRMService (pid 4070)
                3274 kB: com.dunn.instrument (pid 4061)
   141139 kB: Foreground
               86253 kB: com.ccos.tv.homepage (pid 5079 / activities)
               14980 kB: com.coocaa.os.ccosservice (pid 4445)
               14512 kB: com.tianci.de (pid 5202)
               13102 kB: com.tianci.system (pid 4079)
                7394 kB: com.tianci.push (pid 4206)
                4898 kB: android.process.media (pid 5493)
    29830 kB: Perceptible
               21703 kB: com.tianci.movieplatform (pid 4526)
                8127 kB: com.coocaa.os.softsettings.provider (pid 4646)
    11702 kB: A Services
               11702 kB: com.tianci.ad (pid 5516)
     9153 kB: B Services
                9153 kB: com.coocaa.sysreport (pid 7397)
    10589 kB: Cached
               10589 kB: com.tianci.user (pid 7353)

Total PSS by category:
    68601 kB: Dalvik
    55268 kB: Dalvik Other
    36676 kB: Unknown
    31114 kB: .dex mmap
    16137 kB: .so mmap
    12606 kB: Other dev
     9224 kB: Ashmem
     3348 kB: Stack
     2635 kB: .apk mmap
     2552 kB: Native
     2053 kB: Other mmap
      424 kB: .ttf mmap
        4 kB: Cursor
        0 kB: .jar mmap
        0 kB: code mmap
        0 kB: image mmap
        0 kB: Graphics
        0 kB: GL
        0 kB: Memtrack

Total RAM: 463128 kB
 Free RAM: 154105 kB (10589 cached pss + 100108 cached + 43408 free)
 Used RAM: 255893 kB (230053 used pss + 4072 buffers + 136 shmem + 21632 slab)
 Lost RAM: 53130 kB
     ZRAM: 6876 kB physical used for 21052 kB in swap (98300 kB total swap)
   Tuning: 48 (large 128), oom 108462 kB, restore limit 36154 kB (low-ram)
Applications Memory Usage (kB):
Uptime: 1347905 Realtime: 1347905

Total PSS by process:
   101257 kB: com.ccos.tv.homepage (pid 5079 / activities)
    21699 kB: com.tianci.movieplatform (pid 4526)
    20069 kB: system (pid 3891)
    14976 kB: com.coocaa.os.ccosservice (pid 4445)
    14516 kB: com.tianci.de (pid 5202)
    13326 kB: com.tianci.system (pid 4079)
    11698 kB: com.tianci.ad (pid 5516)
    10581 kB: com.tianci.user (pid 7353)
     9153 kB: com.coocaa.sysreport (pid 7397)
     8127 kB: com.coocaa.os.softsettings.provider (pid 4646)
     7394 kB: com.tianci.push (pid 4206)
     4898 kB: android.process.media (pid 5493)
     3585 kB: com.skyworth.android.skyRMService (pid 4070)
     3274 kB: com.dunn.instrument (pid 4061)
     1879 kB: zygote (pid 3497)
     1868 kB: app_process (pid 4264)
     1550 kB: logcat (pid 6982)
     1280 kB: surfaceflinger (pid 743)
      825 kB: TvServer (pid 1146)
      474 kB: wpa_supplicant (pid 3963)
      413 kB: mediaserver (pid 3499)
      295 kB: dumpsys (pid 14185)
      246 kB: /init (pid 1)
      237 kB: netd (pid 3498)
      236 kB: keystore (pid 748)
      212 kB: adbd (pid 1403)
      171 kB: sh (pid 733)
      149 kB: sdcard (pid 754)
      136 kB: debuggerd (pid 742)
      131 kB: vold (pid 735)
      128 kB: healthd (pid 732)
       85 kB: coocaa_guard (pid 752)
       79 kB: sh (pid 4133)
       72 kB: ueventd (pid 512)
       68 kB: installd (pid 747)
       68 kB: busybox (pid 1581)
       60 kB: servicemanager (pid 734)
       59 kB: VirtualEvent (pid 1249)
       48 kB: RootApp (pid 1114)
       45 kB: logwrapper (pid 1110)
       41 kB: drmserver (pid 745)
       39 kB: dhcpcd (pid 3985)
       37 kB: keypad (pid 739)
       32 kB: FileDesc_server (pid 749)
       26 kB: hardwared (pid 736)
        7 kB: smobsd (pid 1252)

Total PSS by OOM adjustment:
    10996 kB: Native
                1879 kB: zygote (pid 3497)
                1868 kB: app_process (pid 4264)
                1550 kB: logcat (pid 6982)
                1280 kB: surfaceflinger (pid 743)
                 825 kB: TvServer (pid 1146)
                 474 kB: wpa_supplicant (pid 3963)
                 413 kB: mediaserver (pid 3499)
                 295 kB: dumpsys (pid 14185)
                 246 kB: /init (pid 1)
                 237 kB: netd (pid 3498)
                 236 kB: keystore (pid 748)
                 212 kB: adbd (pid 1403)
                 171 kB: sh (pid 733)
                 149 kB: sdcard (pid 754)
                 136 kB: debuggerd (pid 742)
                 131 kB: vold (pid 735)
                 128 kB: healthd (pid 732)
                  85 kB: coocaa_guard (pid 752)
                  79 kB: sh (pid 4133)
                  72 kB: ueventd (pid 512)
                  68 kB: installd (pid 747)
                  68 kB: busybox (pid 1581)
                  60 kB: servicemanager (pid 734)
                  59 kB: VirtualEvent (pid 1249)
                  48 kB: RootApp (pid 1114)
                  45 kB: logwrapper (pid 1110)
                  41 kB: drmserver (pid 745)
                  39 kB: dhcpcd (pid 3985)
                  37 kB: keypad (pid 739)
                  32 kB: FileDesc_server (pid 749)
                  26 kB: hardwared (pid 736)
                   7 kB: smobsd (pid 1252)
    20069 kB: System
               20069 kB: system (pid 3891)
     6859 kB: Persistent
                3585 kB: com.skyworth.android.skyRMService (pid 4070)
                3274 kB: com.dunn.instrument (pid 4061)
   156367 kB: Foreground
              101257 kB: com.ccos.tv.homepage (pid 5079 / activities)
               14976 kB: com.coocaa.os.ccosservice (pid 4445)
               14516 kB: com.tianci.de (pid 5202)
               13326 kB: com.tianci.system (pid 4079)
                7394 kB: com.tianci.push (pid 4206)
                4898 kB: android.process.media (pid 5493)
    29826 kB: Perceptible
               21699 kB: com.tianci.movieplatform (pid 4526)
                8127 kB: com.coocaa.os.softsettings.provider (pid 4646)
    11698 kB: A Services
               11698 kB: com.tianci.ad (pid 5516)
     9153 kB: B Services
                9153 kB: com.coocaa.sysreport (pid 7397)
    10581 kB: Cached
               10581 kB: com.tianci.user (pid 7353)

Total PSS by category:
    68801 kB: Dalvik
    55276 kB: Dalvik Other
    38332 kB: Unknown
    31078 kB: .dex mmap
    20220 kB: Ashmem
    16387 kB: .so mmap
    15106 kB: Other dev
     3312 kB: Stack
     2556 kB: Native
     2074 kB: Other mmap
     1979 kB: .apk mmap
      424 kB: .ttf mmap
        4 kB: Cursor
        0 kB: .jar mmap
        0 kB: code mmap
        0 kB: image mmap
        0 kB: Graphics
        0 kB: GL
        0 kB: Memtrack

Total RAM: 463128 kB
 Free RAM: 145717 kB (10581 cached pss + 101200 cached + 33936 free)
 Used RAM: 270860 kB (244968 used pss + 4080 buffers + 136 shmem + 21676 slab)
 Lost RAM: 46551 kB
     ZRAM: 6876 kB physical used for 21052 kB in swap (98300 kB total swap)
   Tuning: 48 (large 128), oom 108462 kB, restore limit 36154 kB (low-ram)
Applications Memory Usage (kB):
Uptime: 1350783 Realtime: 1350783

Total PSS by process:
   109359 kB: com.ccos.tv.homepage (pid 5079 / activities)
    21695 kB: com.tianci.movieplatform (pid 4526)
    19853 kB: system (pid 3891)
    14938 kB: com.coocaa.os.ccosservice (pid 4445)
    14516 kB: com.tianci.de (pid 5202)
    13318 kB: com.tianci.system (pid 4079)
    11694 kB: com.tianci.ad (pid 5516)
    10553 kB: com.tianci.user (pid 7353)
     9153 kB: com.coocaa.sysreport (pid 7397)
     8127 kB: com.coocaa.os.softsettings.provider (pid 4646)
     7390 kB: com.tianci.push (pid 4206)
     4894 kB: android.process.media (pid 5493)
     3585 kB: com.skyworth.android.skyRMService (pid 4070)
     3274 kB: com.dunn.instrument (pid 4061)
     1879 kB: zygote (pid 3497)
     1866 kB: app_process (pid 4264)
     1550 kB: logcat (pid 6982)
     1280 kB: surfaceflinger (pid 743)
      825 kB: TvServer (pid 1146)
      474 kB: wpa_supplicant (pid 3963)
      413 kB: mediaserver (pid 3499)
      246 kB: /init (pid 1)
      237 kB: netd (pid 3498)
      236 kB: keystore (pid 748)
      216 kB: adbd (pid 1403)
      171 kB: sh (pid 733)
      149 kB: sdcard (pid 754)
      136 kB: debuggerd (pid 742)
      131 kB: vold (pid 735)
      128 kB: healthd (pid 732)
       85 kB: coocaa_guard (pid 752)
       79 kB: sh (pid 4133)
       72 kB: ueventd (pid 512)
       68 kB: installd (pid 747)
       68 kB: busybox (pid 1581)
       60 kB: servicemanager (pid 734)
       59 kB: VirtualEvent (pid 1249)
       48 kB: RootApp (pid 1114)
       45 kB: logwrapper (pid 1110)
       41 kB: drmserver (pid 745)
       39 kB: dhcpcd (pid 3985)
       37 kB: keypad (pid 739)
       32 kB: FileDesc_server (pid 749)
       26 kB: hardwared (pid 736)
        7 kB: smobsd (pid 1252)
        0 kB: dumpsys (pid 14185)

Total PSS by OOM adjustment:
    10703 kB: Native
                1879 kB: zygote (pid 3497)
                1866 kB: app_process (pid 4264)
                1550 kB: logcat (pid 6982)
                1280 kB: surfaceflinger (pid 743)
                 825 kB: TvServer (pid 1146)
                 474 kB: wpa_supplicant (pid 3963)
                 413 kB: mediaserver (pid 3499)
                 246 kB: /init (pid 1)
                 237 kB: netd (pid 3498)
                 236 kB: keystore (pid 748)
                 216 kB: adbd (pid 1403)
                 171 kB: sh (pid 733)
                 149 kB: sdcard (pid 754)
                 136 kB: debuggerd (pid 742)
                 131 kB: vold (pid 735)
                 128 kB: healthd (pid 732)
                  85 kB: coocaa_guard (pid 752)
                  79 kB: sh (pid 4133)
                  72 kB: ueventd (pid 512)
                  68 kB: installd (pid 747)
                  68 kB: busybox (pid 1581)
                  60 kB: servicemanager (pid 734)
                  59 kB: VirtualEvent (pid 1249)
                  48 kB: RootApp (pid 1114)
                  45 kB: logwrapper (pid 1110)
                  41 kB: drmserver (pid 745)
                  39 kB: dhcpcd (pid 3985)
                  37 kB: keypad (pid 739)
                  32 kB: FileDesc_server (pid 749)
                  26 kB: hardwared (pid 736)
                   7 kB: smobsd (pid 1252)
                   0 kB: dumpsys (pid 14185)
    19853 kB: System
               19853 kB: system (pid 3891)
     6859 kB: Persistent
                3585 kB: com.skyworth.android.skyRMService (pid 4070)
                3274 kB: com.dunn.instrument (pid 4061)
   164415 kB: Foreground
              109359 kB: com.ccos.tv.homepage (pid 5079 / activities)
               14938 kB: com.coocaa.os.ccosservice (pid 4445)
               14516 kB: com.tianci.de (pid 5202)
               13318 kB: com.tianci.system (pid 4079)
                7390 kB: com.tianci.push (pid 4206)
                4894 kB: android.process.media (pid 5493)
    29822 kB: Perceptible
               21695 kB: com.tianci.movieplatform (pid 4526)
                8127 kB: com.coocaa.os.softsettings.provider (pid 4646)
    11694 kB: A Services
               11694 kB: com.tianci.ad (pid 5516)
     9153 kB: B Services
                9153 kB: com.coocaa.sysreport (pid 7397)
    10553 kB: Cached
               10553 kB: com.tianci.user (pid 7353)

Total PSS by category:
    68793 kB: Dalvik
    55284 kB: Dalvik Other
    39332 kB: Unknown
    31014 kB: .dex mmap
    22289 kB: Other dev
    19880 kB: Ashmem
    16108 kB: .so mmap
     3316 kB: Stack
     2552 kB: Native
     2053 kB: Other mmap
     2003 kB: .apk mmap
      424 kB: .ttf mmap
        4 kB: Cursor
        0 kB: .jar mmap
        0 kB: code mmap
        0 kB: image mmap
        0 kB: Graphics
        0 kB: GL
        0 kB: Memtrack

Total RAM: 463128 kB
 Free RAM: 145657 kB (10553 cached pss + 102732 cached + 32372 free)
 Used RAM: 278443 kB (252499 used pss + 4100 buffers + 136 shmem + 21708 slab)
 Lost RAM: 39028 kB
     ZRAM: 6876 kB physical used for 21052 kB in swap (98300 kB total swap)
   Tuning: 48 (large 128), oom 108462 kB, restore limit 36154 kB (low-ram)
Applications Memory Usage (kB):
Uptime: 1353554 Realtime: 1353554

Total PSS by process:
   105381 kB: com.ccos.tv.homepage (pid 5079 / activities)
    21695 kB: com.tianci.movieplatform (pid 4526)
    19969 kB: system (pid 3891)
    14938 kB: com.coocaa.os.ccosservice (pid 4445)
    14513 kB: com.tianci.de (pid 5202)
    13414 kB: com.tianci.system (pid 4079)
    11694 kB: com.tianci.ad (pid 5516)
    10553 kB: com.tianci.user (pid 7353)
     9153 kB: com.coocaa.sysreport (pid 7397)
     8127 kB: com.coocaa.os.softsettings.provider (pid 4646)
     7390 kB: com.tianci.push (pid 4206)
     4895 kB: android.process.media (pid 5493)
     3585 kB: com.skyworth.android.skyRMService (pid 4070)
     3274 kB: com.dunn.instrument (pid 4061)
     1879 kB: zygote (pid 3497)
     1868 kB: app_process (pid 4264)
     1550 kB: logcat (pid 6982)
     1284 kB: surfaceflinger (pid 743)
      825 kB: TvServer (pid 1146)
      474 kB: wpa_supplicant (pid 3963)
      413 kB: mediaserver (pid 3499)
      299 kB: dumpsys (pid 14292)
      246 kB: /init (pid 1)
      236 kB: keystore (pid 748)
      236 kB: netd (pid 3498)
      212 kB: adbd (pid 1403)
      171 kB: sh (pid 733)
      149 kB: sdcard (pid 754)
      136 kB: debuggerd (pid 742)
      131 kB: vold (pid 735)
      128 kB: healthd (pid 732)
       85 kB: coocaa_guard (pid 752)
       79 kB: sh (pid 4133)
       72 kB: ueventd (pid 512)
       68 kB: installd (pid 747)
       68 kB: busybox (pid 1581)
       60 kB: servicemanager (pid 734)
       59 kB: VirtualEvent (pid 1249)
       48 kB: RootApp (pid 1114)
       45 kB: logwrapper (pid 1110)
       41 kB: drmserver (pid 745)
       39 kB: dhcpcd (pid 3985)
       37 kB: keypad (pid 739)
       32 kB: FileDesc_server (pid 749)
       26 kB: hardwared (pid 736)
        7 kB: smobsd (pid 1252)

Total PSS by OOM adjustment:
    11003 kB: Native
                1879 kB: zygote (pid 3497)
                1868 kB: app_process (pid 4264)
                1550 kB: logcat (pid 6982)
                1284 kB: surfaceflinger (pid 743)
                 825 kB: TvServer (pid 1146)
                 474 kB: wpa_supplicant (pid 3963)
                 413 kB: mediaserver (pid 3499)
                 299 kB: dumpsys (pid 14292)
                 246 kB: /init (pid 1)
                 236 kB: keystore (pid 748)
                 236 kB: netd (pid 3498)
                 212 kB: adbd (pid 1403)
                 171 kB: sh (pid 733)
                 149 kB: sdcard (pid 754)
                 136 kB: debuggerd (pid 742)
                 131 kB: vold (pid 735)
                 128 kB: healthd (pid 732)
                  85 kB: coocaa_guard (pid 752)
                  79 kB: sh (pid 4133)
                  72 kB: ueventd (pid 512)
                  68 kB: installd (pid 747)
                  68 kB: busybox (pid 1581)
                  60 kB: servicemanager (pid 734)
                  59 kB: VirtualEvent (pid 1249)
                  48 kB: RootApp (pid 1114)
                  45 kB: logwrapper (pid 1110)
                  41 kB: drmserver (pid 745)
                  39 kB: dhcpcd (pid 3985)
                  37 kB: keypad (pid 739)
                  32 kB: FileDesc_server (pid 749)
                  26 kB: hardwared (pid 736)
                   7 kB: smobsd (pid 1252)
    19969 kB: System
               19969 kB: system (pid 3891)
     6859 kB: Persistent
                3585 kB: com.skyworth.android.skyRMService (pid 4070)
                3274 kB: com.dunn.instrument (pid 4061)
   160531 kB: Foreground
              105381 kB: com.ccos.tv.homepage (pid 5079 / activities)
               14938 kB: com.coocaa.os.ccosservice (pid 4445)
               14513 kB: com.tianci.de (pid 5202)
               13414 kB: com.tianci.system (pid 4079)
                7390 kB: com.tianci.push (pid 4206)
                4895 kB: android.process.media (pid 5493)
    29822 kB: Perceptible
               21695 kB: com.tianci.movieplatform (pid 4526)
                8127 kB: com.coocaa.os.softsettings.provider (pid 4646)
    11694 kB: A Services
               11694 kB: com.tianci.ad (pid 5516)
     9153 kB: B Services
                9153 kB: com.coocaa.sysreport (pid 7397)
    10553 kB: Cached
               10553 kB: com.tianci.user (pid 7353)

Total PSS by category:
    68861 kB: Dalvik
    55290 kB: Dalvik Other
    38752 kB: Unknown
    31196 kB: .dex mmap
    19780 kB: Ashmem
    18957 kB: Other dev
    16363 kB: .so mmap
     3324 kB: Stack
     2556 kB: Native
     2074 kB: Other mmap
     2003 kB: .apk mmap
      424 kB: .ttf mmap
        4 kB: Cursor
        0 kB: .jar mmap
        0 kB: code mmap
        0 kB: image mmap
        0 kB: Graphics
        0 kB: GL
        0 kB: Memtrack

Total RAM: 463128 kB
 Free RAM: 150585 kB (10553 cached pss + 103092 cached + 36940 free)
 Used RAM: 275011 kB (249031 used pss + 4100 buffers + 136 shmem + 21744 slab)
 Lost RAM: 37532 kB
     ZRAM: 6876 kB physical used for 21052 kB in swap (98300 kB total swap)
   Tuning: 48 (large 128), oom 108462 kB, restore limit 36154 kB (low-ram)
Applications Memory Usage (kB):
Uptime: 1356397 Realtime: 1356397

Total PSS by process:
   100533 kB: com.ccos.tv.homepage (pid 5079 / activities)
    21695 kB: com.tianci.movieplatform (pid 4526)
    20107 kB: system (pid 3891)
    14936 kB: com.coocaa.os.ccosservice (pid 4445)
    14513 kB: com.tianci.de (pid 5202)
    13074 kB: com.tianci.system (pid 4079)
    11694 kB: com.tianci.ad (pid 5516)
    10553 kB: com.tianci.user (pid 7353)
     9153 kB: com.coocaa.sysreport (pid 7397)
     8127 kB: com.coocaa.os.softsettings.provider (pid 4646)
     7390 kB: com.tianci.push (pid 4206)
     4895 kB: android.process.media (pid 5493)
     3621 kB: com.skyworth.android.skyRMService (pid 4070)
     3314 kB: com.dunn.instrument (pid 4061)
     1917 kB: zygote (pid 3497)
     1896 kB: app_process (pid 4264)
     1550 kB: logcat (pid 6982)
     1281 kB: surfaceflinger (pid 743)
      827 kB: TvServer (pid 1146)
      477 kB: wpa_supplicant (pid 3963)
      415 kB: mediaserver (pid 3499)
      246 kB: /init (pid 1)
      239 kB: netd (pid 3498)
      238 kB: keystore (pid 748)
      212 kB: adbd (pid 1403)
      171 kB: sh (pid 733)
      150 kB: sdcard (pid 754)
      138 kB: debuggerd (pid 742)
      133 kB: vold (pid 735)
      128 kB: healthd (pid 732)
       86 kB: coocaa_guard (pid 752)
       79 kB: sh (pid 4133)
       72 kB: ueventd (pid 512)
       69 kB: installd (pid 747)
       68 kB: busybox (pid 1581)
       61 kB: servicemanager (pid 734)
       59 kB: VirtualEvent (pid 1249)
       48 kB: RootApp (pid 1114)
       45 kB: logwrapper (pid 1110)
       42 kB: drmserver (pid 745)
       39 kB: dhcpcd (pid 3985)
       37 kB: keypad (pid 739)
       33 kB: FileDesc_server (pid 749)
       27 kB: hardwared (pid 736)
        7 kB: smobsd (pid 1252)
        0 kB: dumpsys (pid 14292)

Total PSS by OOM adjustment:
    10790 kB: Native
                1917 kB: zygote (pid 3497)
                1896 kB: app_process (pid 4264)
                1550 kB: logcat (pid 6982)
                1281 kB: surfaceflinger (pid 743)
                 827 kB: TvServer (pid 1146)
                 477 kB: wpa_supplicant (pid 3963)
                 415 kB: mediaserver (pid 3499)
                 246 kB: /init (pid 1)
                 239 kB: netd (pid 3498)
                 238 kB: keystore (pid 748)
                 212 kB: adbd (pid 1403)
                 171 kB: sh (pid 733)
                 150 kB: sdcard (pid 754)
                 138 kB: debuggerd (pid 742)
                 133 kB: vold (pid 735)
                 128 kB: healthd (pid 732)
                  86 kB: coocaa_guard (pid 752)
                  79 kB: sh (pid 4133)
                  72 kB: ueventd (pid 512)
                  69 kB: installd (pid 747)
                  68 kB: busybox (pid 1581)
                  61 kB: servicemanager (pid 734)
                  59 kB: VirtualEvent (pid 1249)
                  48 kB: RootApp (pid 1114)
                  45 kB: logwrapper (pid 1110)
                  42 kB: drmserver (pid 745)
                  39 kB: dhcpcd (pid 3985)
                  37 kB: keypad (pid 739)
                  33 kB: FileDesc_server (pid 749)
                  27 kB: hardwared (pid 736)
                   7 kB: smobsd (pid 1252)
                   0 kB: dumpsys (pid 14292)
    20107 kB: System
               20107 kB: system (pid 3891)
     6935 kB: Persistent
                3621 kB: com.skyworth.android.skyRMService (pid 4070)
                3314 kB: com.dunn.instrument (pid 4061)
   155341 kB: Foreground
              100533 kB: com.ccos.tv.homepage (pid 5079 / activities)
               14936 kB: com.coocaa.os.ccosservice (pid 4445)
               14513 kB: com.tianci.de (pid 5202)
               13074 kB: com.tianci.system (pid 4079)
                7390 kB: com.tianci.push (pid 4206)
                4895 kB: android.process.media (pid 5493)
    29822 kB: Perceptible
               21695 kB: com.tianci.movieplatform (pid 4526)
                8127 kB: com.coocaa.os.softsettings.provider (pid 4646)
    11694 kB: A Services
               11694 kB: com.tianci.ad (pid 5516)
     9153 kB: B Services
                9153 kB: com.coocaa.sysreport (pid 7397)
    10553 kB: Cached
               10553 kB: com.tianci.user (pid 7353)

Total PSS by category:
    68756 kB: Dalvik
    55308 kB: Dalvik Other
    38896 kB: Unknown
    31324 kB: .dex mmap
    20300 kB: Ashmem
    16168 kB: .so mmap
    13279 kB: Other dev
     3324 kB: Stack
     2552 kB: Native
     2057 kB: Other mmap
     2003 kB: .apk mmap
      424 kB: .ttf mmap
        4 kB: Cursor
        0 kB: .jar mmap
        0 kB: code mmap
        0 kB: image mmap
        0 kB: Graphics
        0 kB: GL
        0 kB: Memtrack

Total RAM: 463128 kB
 Free RAM: 154157 kB (10553 cached pss + 103564 cached + 40040 free)
 Used RAM: 269858 kB (243842 used pss + 4108 buffers + 136 shmem + 21772 slab)
 Lost RAM: 39113 kB
     ZRAM: 6876 kB physical used for 21052 kB in swap (98300 kB total swap)
   Tuning: 48 (large 128), oom 108462 kB, restore limit 36154 kB (low-ram)
Applications Memory Usage (kB):
Uptime: 1359499 Realtime: 1359499

Total PSS by process:
    98192 kB: com.ccos.tv.homepage (pid 5079 / activities)
    21762 kB: com.tianci.movieplatform (pid 4526)
    20106 kB: system (pid 3891)
    15010 kB: com.coocaa.os.ccosservice (pid 4445)
    14590 kB: com.tianci.de (pid 5202)
    13142 kB: com.tianci.system (pid 4079)
    10630 kB: com.tianci.user (pid 7353)
     9233 kB: com.coocaa.sysreport (pid 7397)
     8183 kB: com.coocaa.os.softsettings.provider (pid 4646)
     7450 kB: com.tianci.push (pid 4206)
     4946 kB: android.process.media (pid 5493)
     3666 kB: com.skyworth.android.skyRMService (pid 4070)
     3315 kB: com.dunn.instrument (pid 4061)
     1918 kB: zygote (pid 3497)
     1896 kB: app_process (pid 4264)
     1550 kB: logcat (pid 6982)
     1281 kB: surfaceflinger (pid 743)
      827 kB: TvServer (pid 1146)
      477 kB: wpa_supplicant (pid 3963)
      415 kB: mediaserver (pid 3499)
      299 kB: dumpsys (pid 14420)
      246 kB: /init (pid 1)
      239 kB: netd (pid 3498)
      238 kB: keystore (pid 748)
      212 kB: adbd (pid 1403)
      171 kB: sh (pid 733)
      150 kB: sdcard (pid 754)
      138 kB: debuggerd (pid 742)
      133 kB: vold (pid 735)
      128 kB: healthd (pid 732)
       86 kB: coocaa_guard (pid 752)
       79 kB: sh (pid 4133)
       72 kB: ueventd (pid 512)
       69 kB: installd (pid 747)
       68 kB: busybox (pid 1581)
       61 kB: servicemanager (pid 734)
       59 kB: VirtualEvent (pid 1249)
       48 kB: RootApp (pid 1114)
       45 kB: logwrapper (pid 1110)
       42 kB: drmserver (pid 745)
       39 kB: dhcpcd (pid 3985)
       37 kB: keypad (pid 739)
       33 kB: FileDesc_server (pid 749)
       27 kB: hardwared (pid 736)
        7 kB: smobsd (pid 1252)

Total PSS by OOM adjustment:
    11090 kB: Native
                1918 kB: zygote (pid 3497)
                1896 kB: app_process (pid 4264)
                1550 kB: logcat (pid 6982)
                1281 kB: surfaceflinger (pid 743)
                 827 kB: TvServer (pid 1146)
                 477 kB: wpa_supplicant (pid 3963)
                 415 kB: mediaserver (pid 3499)
                 299 kB: dumpsys (pid 14420)
                 246 kB: /init (pid 1)
                 239 kB: netd (pid 3498)
                 238 kB: keystore (pid 748)
                 212 kB: adbd (pid 1403)
                 171 kB: sh (pid 733)
                 150 kB: sdcard (pid 754)
                 138 kB: debuggerd (pid 742)
                 133 kB: vold (pid 735)
                 128 kB: healthd (pid 732)
                  86 kB: coocaa_guard (pid 752)
                  79 kB: sh (pid 4133)
                  72 kB: ueventd (pid 512)
                  69 kB: installd (pid 747)
                  68 kB: busybox (pid 1581)
                  61 kB: servicemanager (pid 734)
                  59 kB: VirtualEvent (pid 1249)
                  48 kB: RootApp (pid 1114)
                  45 kB: logwrapper (pid 1110)
                  42 kB: drmserver (pid 745)
                  39 kB: dhcpcd (pid 3985)
                  37 kB: keypad (pid 739)
                  33 kB: FileDesc_server (pid 749)
                  27 kB: hardwared (pid 736)
                   7 kB: smobsd (pid 1252)
    20106 kB: System
               20106 kB: system (pid 3891)
     6981 kB: Persistent
                3666 kB: com.skyworth.android.skyRMService (pid 4070)
                3315 kB: com.dunn.instrument (pid 4061)
   153330 kB: Foreground
               98192 kB: com.ccos.tv.homepage (pid 5079 / activities)
               15010 kB: com.coocaa.os.ccosservice (pid 4445)
               14590 kB: com.tianci.de (pid 5202)
               13142 kB: com.tianci.system (pid 4079)
                7450 kB: com.tianci.push (pid 4206)
                4946 kB: android.process.media (pid 5493)
    29945 kB: Perceptible
               21762 kB: com.tianci.movieplatform (pid 4526)
                8183 kB: com.coocaa.os.softsettings.provider (pid 4646)
     9233 kB: A Services
                9233 kB: com.coocaa.sysreport (pid 7397)
    10630 kB: Cached
               10630 kB: com.tianci.user (pid 7353)

Total PSS by category:
    65161 kB: Dalvik
    52146 kB: Dalvik Other
    37792 kB: Unknown
    28780 kB: .dex mmap
    19764 kB: Ashmem
    16202 kB: .so mmap
    11189 kB: Other dev
     3220 kB: Stack
     2556 kB: Native
     2075 kB: Other mmap
     2002 kB: .apk mmap
      424 kB: .ttf mmap
        4 kB: Cursor
        0 kB: .jar mmap
        0 kB: code mmap
        0 kB: image mmap
        0 kB: Graphics
        0 kB: GL
        0 kB: Memtrack

Total RAM: 463128 kB
 Free RAM: 160750 kB (10630 cached pss + 103480 cached + 46640 free)
 Used RAM: 256713 kB (230685 used pss + 4108 buffers + 136 shmem + 21784 slab)
 Lost RAM: 45665 kB
     ZRAM: 6876 kB physical used for 21052 kB in swap (98300 kB total swap)
   Tuning: 48 (large 128), oom 108462 kB, restore limit 36154 kB (low-ram)
Applications Memory Usage (kB):
Uptime: 1362016 Realtime: 1362016

Total PSS by process:
   103580 kB: com.ccos.tv.homepage (pid 5079 / activities)
    21763 kB: com.tianci.movieplatform (pid 4526)
    19934 kB: system (pid 3891)
    15010 kB: com.coocaa.os.ccosservice (pid 4445)
    14594 kB: com.tianci.de (pid 5202)
    13150 kB: com.tianci.system (pid 4079)
    10618 kB: com.tianci.user (pid 7353)
     9233 kB: com.coocaa.sysreport (pid 7397)
     8183 kB: com.coocaa.os.softsettings.provider (pid 4646)
     7450 kB: com.tianci.push (pid 4206)
     4946 kB: android.process.media (pid 5493)
     3665 kB: com.skyworth.android.skyRMService (pid 4070)
     3315 kB: com.dunn.instrument (pid 4061)
     1918 kB: zygote (pid 3497)
     1896 kB: app_process (pid 4264)
     1550 kB: logcat (pid 6982)
     1281 kB: surfaceflinger (pid 743)
      827 kB: TvServer (pid 1146)
      477 kB: wpa_supplicant (pid 3963)
      415 kB: mediaserver (pid 3499)
      246 kB: /init (pid 1)
      239 kB: netd (pid 3498)
      238 kB: keystore (pid 748)
      212 kB: adbd (pid 1403)
      171 kB: sh (pid 733)
      150 kB: sdcard (pid 754)
      138 kB: debuggerd (pid 742)
      133 kB: vold (pid 735)
      128 kB: healthd (pid 732)
       86 kB: coocaa_guard (pid 752)
       79 kB: sh (pid 4133)
       72 kB: ueventd (pid 512)
       69 kB: installd (pid 747)
       68 kB: busybox (pid 1581)
       61 kB: servicemanager (pid 734)
       59 kB: VirtualEvent (pid 1249)
       48 kB: RootApp (pid 1114)
       45 kB: logwrapper (pid 1110)
       42 kB: drmserver (pid 745)
       39 kB: dhcpcd (pid 3985)
       37 kB: keypad (pid 739)
       33 kB: FileDesc_server (pid 749)
       27 kB: hardwared (pid 736)
        7 kB: smobsd (pid 1252)
        0 kB: dumpsys (pid 14420)

Total PSS by OOM adjustment:
    10791 kB: Native
                1918 kB: zygote (pid 3497)
                1896 kB: app_process (pid 4264)
                1550 kB: logcat (pid 6982)
                1281 kB: surfaceflinger (pid 743)
                 827 kB: TvServer (pid 1146)
                 477 kB: wpa_supplicant (pid 3963)
                 415 kB: mediaserver (pid 3499)
                 246 kB: /init (pid 1)
                 239 kB: netd (pid 3498)
                 238 kB: keystore (pid 748)
                 212 kB: adbd (pid 1403)
                 171 kB: sh (pid 733)
                 150 kB: sdcard (pid 754)
                 138 kB: debuggerd (pid 742)
                 133 kB: vold (pid 735)
                 128 kB: healthd (pid 732)
                  86 kB: coocaa_guard (pid 752)
                  79 kB: sh (pid 4133)
                  72 kB: ueventd (pid 512)
                  69 kB: installd (pid 747)
                  68 kB: busybox (pid 1581)
                  61 kB: servicemanager (pid 734)
                  59 kB: VirtualEvent (pid 1249)
                  48 kB: RootApp (pid 1114)
                  45 kB: logwrapper (pid 1110)
                  42 kB: drmserver (pid 745)
                  39 kB: dhcpcd (pid 3985)
                  37 kB: keypad (pid 739)
                  33 kB: FileDesc_server (pid 749)
                  27 kB: hardwared (pid 736)
                   7 kB: smobsd (pid 1252)
                   0 kB: dumpsys (pid 14420)
    19934 kB: System
               19934 kB: system (pid 3891)
     6980 kB: Persistent
                3665 kB: com.skyworth.android.skyRMService (pid 4070)
                3315 kB: com.dunn.instrument (pid 4061)
   158730 kB: Foreground
              103580 kB: com.ccos.tv.homepage (pid 5079 / activities)
               15010 kB: com.coocaa.os.ccosservice (pid 4445)
               14594 kB: com.tianci.de (pid 5202)
               13150 kB: com.tianci.system (pid 4079)
                7450 kB: com.tianci.push (pid 4206)
                4946 kB: android.process.media (pid 5493)
    29946 kB: Perceptible
               21763 kB: com.tianci.movieplatform (pid 4526)
                8183 kB: com.coocaa.os.softsettings.provider (pid 4646)
     9233 kB: A Services
                9233 kB: com.coocaa.sysreport (pid 7397)
    10618 kB: Cached
               10618 kB: com.tianci.user (pid 7353)

Total PSS by category:
    65077 kB: Dalvik
    51894 kB: Dalvik Other
    37908 kB: Unknown
    28756 kB: .dex mmap
    20004 kB: Ashmem
    16393 kB: Other dev
    15948 kB: .so mmap
     3220 kB: Stack
     2552 kB: Native
     2054 kB: Other mmap
     1998 kB: .apk mmap
      424 kB: .ttf mmap
        4 kB: Cursor
        0 kB: .jar mmap
        0 kB: code mmap
        0 kB: image mmap
        0 kB: Graphics
        0 kB: GL
        0 kB: Memtrack

Total RAM: 463128 kB
 Free RAM: 151666 kB (10618 cached pss + 102928 cached + 38120 free)
 Used RAM: 261706 kB (235614 used pss + 4148 buffers + 136 shmem + 21808 slab)
 Lost RAM: 49756 kB
     ZRAM: 6876 kB physical used for 21052 kB in swap (98300 kB total swap)
   Tuning: 48 (large 128), oom 108462 kB, restore limit 36154 kB (low-ram)
Applications Memory Usage (kB):
Uptime: 1364895 Realtime: 1364895

Total PSS by process:
   102064 kB: com.ccos.tv.homepage (pid 5079 / activities)
    21762 kB: com.tianci.movieplatform (pid 4526)
    19986 kB: system (pid 3891)
    15001 kB: com.coocaa.os.ccosservice (pid 4445)
    14602 kB: com.tianci.de (pid 5202)
    13149 kB: com.tianci.system (pid 4079)
    10610 kB: com.tianci.user (pid 7353)
     9232 kB: com.coocaa.sysreport (pid 7397)
     8183 kB: com.coocaa.os.softsettings.provider (pid 4646)
     7450 kB: com.tianci.push (pid 4206)
     4946 kB: android.process.media (pid 5493)
     3664 kB: com.skyworth.android.skyRMService (pid 4070)
     3315 kB: com.dunn.instrument (pid 4061)
     1918 kB: zygote (pid 3497)
     1896 kB: app_process (pid 4264)
     1550 kB: logcat (pid 6982)
     1285 kB: surfaceflinger (pid 743)
      827 kB: TvServer (pid 1146)
      477 kB: wpa_supplicant (pid 3963)
      415 kB: mediaserver (pid 3499)
      299 kB: dumpsys (pid 14532)
      246 kB: /init (pid 1)
      239 kB: netd (pid 3498)
      238 kB: keystore (pid 748)
      212 kB: adbd (pid 1403)
      171 kB: sh (pid 733)
      150 kB: sdcard (pid 754)
      138 kB: debuggerd (pid 742)
      133 kB: vold (pid 735)
      128 kB: healthd (pid 732)
       86 kB: coocaa_guard (pid 752)
       79 kB: sh (pid 4133)
       72 kB: ueventd (pid 512)
       69 kB: installd (pid 747)
       68 kB: busybox (pid 1581)
       61 kB: servicemanager (pid 734)
       59 kB: VirtualEvent (pid 1249)
       48 kB: RootApp (pid 1114)
       45 kB: logwrapper (pid 1110)
       42 kB: drmserver (pid 745)
       39 kB: dhcpcd (pid 3985)
       37 kB: keypad (pid 739)
       33 kB: FileDesc_server (pid 749)
       27 kB: hardwared (pid 736)
        7 kB: smobsd (pid 1252)
        0 kB: busybox (pid 14544)

Total PSS by OOM adjustment:
    11094 kB: Native
                1918 kB: zygote (pid 3497)
                1896 kB: app_process (pid 4264)
                1550 kB: logcat (pid 6982)
                1285 kB: surfaceflinger (pid 743)
                 827 kB: TvServer (pid 1146)
                 477 kB: wpa_supplicant (pid 3963)
                 415 kB: mediaserver (pid 3499)
                 299 kB: dumpsys (pid 14532)
                 246 kB: /init (pid 1)
                 239 kB: netd (pid 3498)
                 238 kB: keystore (pid 748)
                 212 kB: adbd (pid 1403)
                 171 kB: sh (pid 733)
                 150 kB: sdcard (pid 754)
                 138 kB: debuggerd (pid 742)
                 133 kB: vold (pid 735)
                 128 kB: healthd (pid 732)
                  86 kB: coocaa_guard (pid 752)
                  79 kB: sh (pid 4133)
                  72 kB: ueventd (pid 512)
                  69 kB: installd (pid 747)
                  68 kB: busybox (pid 1581)
                  61 kB: servicemanager (pid 734)
                  59 kB: VirtualEvent (pid 1249)
                  48 kB: RootApp (pid 1114)
                  45 kB: logwrapper (pid 1110)
                  42 kB: drmserver (pid 745)
                  39 kB: dhcpcd (pid 3985)
                  37 kB: keypad (pid 739)
                  33 kB: FileDesc_server (pid 749)
                  27 kB: hardwared (pid 736)
                   7 kB: smobsd (pid 1252)
                   0 kB: busybox (pid 14544)
    19986 kB: System
               19986 kB: system (pid 3891)
     6979 kB: Persistent
                3664 kB: com.skyworth.android.skyRMService (pid 4070)
                3315 kB: com.dunn.instrument (pid 4061)
   157212 kB: Foreground
              102064 kB: com.ccos.tv.homepage (pid 5079 / activities)
               15001 kB: com.coocaa.os.ccosservice (pid 4445)
               14602 kB: com.tianci.de (pid 5202)
               13149 kB: com.tianci.system (pid 4079)
                7450 kB: com.tianci.push (pid 4206)
                4946 kB: android.process.media (pid 5493)
    29945 kB: Perceptible
               21762 kB: com.tianci.movieplatform (pid 4526)
                8183 kB: com.coocaa.os.softsettings.provider (pid 4646)
     9232 kB: A Services
                9232 kB: com.coocaa.sysreport (pid 7397)
    10610 kB: Cached
               10610 kB: com.tianci.user (pid 7353)

Total PSS by category:
    65069 kB: Dalvik
    51882 kB: Dalvik Other
    37108 kB: Unknown
    28774 kB: .dex mmap
    20112 kB: Ashmem
    16203 kB: .so mmap
    15609 kB: Other dev
     3240 kB: Stack
     2556 kB: Native
     2075 kB: Other mmap
     2002 kB: .apk mmap
      424 kB: .ttf mmap
        4 kB: Cursor
        0 kB: .jar mmap
        0 kB: code mmap
        0 kB: image mmap
        0 kB: Graphics
        0 kB: GL
        0 kB: Memtrack

Total RAM: 463128 kB
 Free RAM: 157270 kB (10610 cached pss + 103264 cached + 43396 free)
 Used RAM: 260572 kB (234448 used pss + 4148 buffers + 136 shmem + 21840 slab)
 Lost RAM: 45286 kB
     ZRAM: 6876 kB physical used for 21052 kB in swap (98300 kB total swap)
   Tuning: 48 (large 128), oom 108462 kB, restore limit 36154 kB (low-ram)
Applications Memory Usage (kB):
Uptime: 1367500 Realtime: 1367500

Total PSS by process:
   102090 kB: com.ccos.tv.homepage (pid 5079 / activities)
    21762 kB: com.tianci.movieplatform (pid 4526)
    20074 kB: system (pid 3891)
    15001 kB: com.coocaa.os.ccosservice (pid 4445)
    14590 kB: com.tianci.de (pid 5202)
    13149 kB: com.tianci.system (pid 4079)
    10610 kB: com.tianci.user (pid 7353)
     9231 kB: com.coocaa.sysreport (pid 7397)
     8183 kB: com.coocaa.os.softsettings.provider (pid 4646)
     7450 kB: com.tianci.push (pid 4206)
     4946 kB: android.process.media (pid 5493)
     3668 kB: com.skyworth.android.skyRMService (pid 4070)
     3315 kB: com.dunn.instrument (pid 4061)
     1918 kB: zygote (pid 3497)
     1896 kB: app_process (pid 4264)
     1550 kB: logcat (pid 6982)
     1281 kB: surfaceflinger (pid 743)
      827 kB: TvServer (pid 1146)
      477 kB: wpa_supplicant (pid 3963)
      415 kB: mediaserver (pid 3499)
      246 kB: /init (pid 1)
      239 kB: netd (pid 3498)
      238 kB: keystore (pid 748)
      212 kB: adbd (pid 1403)
      171 kB: sh (pid 733)
      150 kB: sdcard (pid 754)
      138 kB: debuggerd (pid 742)
      133 kB: vold (pid 735)
      128 kB: healthd (pid 732)
       86 kB: coocaa_guard (pid 752)
       79 kB: sh (pid 4133)
       72 kB: ueventd (pid 512)
       69 kB: installd (pid 747)
       68 kB: busybox (pid 1581)
       61 kB: servicemanager (pid 734)
       59 kB: VirtualEvent (pid 1249)
       48 kB: RootApp (pid 1114)
       45 kB: logwrapper (pid 1110)
       42 kB: drmserver (pid 745)
       39 kB: dhcpcd (pid 3985)
       37 kB: keypad (pid 739)
       33 kB: FileDesc_server (pid 749)
       27 kB: hardwared (pid 736)
        7 kB: smobsd (pid 1252)
        0 kB: dumpsys (pid 14532)
        0 kB: busybox (pid 14544)

Total PSS by OOM adjustment:
    10791 kB: Native
                1918 kB: zygote (pid 3497)
                1896 kB: app_process (pid 4264)
                1550 kB: logcat (pid 6982)
                1281 kB: surfaceflinger (pid 743)
                 827 kB: TvServer (pid 1146)
                 477 kB: wpa_supplicant (pid 3963)
                 415 kB: mediaserver (pid 3499)
                 246 kB: /init (pid 1)
                 239 kB: netd (pid 3498)
                 238 kB: keystore (pid 748)
                 212 kB: adbd (pid 1403)
                 171 kB: sh (pid 733)
                 150 kB: sdcard (pid 754)
                 138 kB: debuggerd (pid 742)
                 133 kB: vold (pid 735)
                 128 kB: healthd (pid 732)
                  86 kB: coocaa_guard (pid 752)
                  79 kB: sh (pid 4133)
                  72 kB: ueventd (pid 512)
                  69 kB: installd (pid 747)
                  68 kB: busybox (pid 1581)
                  61 kB: servicemanager (pid 734)
                  59 kB: VirtualEvent (pid 1249)
                  48 kB: RootApp (pid 1114)
                  45 kB: logwrapper (pid 1110)
                  42 kB: drmserver (pid 745)
                  39 kB: dhcpcd (pid 3985)
                  37 kB: keypad (pid 739)
                  33 kB: FileDesc_server (pid 749)
                  27 kB: hardwared (pid 736)
                   7 kB: smobsd (pid 1252)
                   0 kB: dumpsys (pid 14532)
                   0 kB: busybox (pid 14544)
    20074 kB: System
               20074 kB: system (pid 3891)
     6983 kB: Persistent
                3668 kB: com.skyworth.android.skyRMService (pid 4070)
                3315 kB: com.dunn.instrument (pid 4061)
   157226 kB: Foreground
              102090 kB: com.ccos.tv.homepage (pid 5079 / activities)
               15001 kB: com.coocaa.os.ccosservice (pid 4445)
               14590 kB: com.tianci.de (pid 5202)
               13149 kB: com.tianci.system (pid 4079)
                7450 kB: com.tianci.push (pid 4206)
                4946 kB: android.process.media (pid 5493)
    29945 kB: Perceptible
               21762 kB: com.tianci.movieplatform (pid 4526)
                8183 kB: com.coocaa.os.softsettings.provider (pid 4646)
     9231 kB: A Services
                9231 kB: com.coocaa.sysreport (pid 7397)
    10610 kB: Cached
               10610 kB: com.tianci.user (pid 7353)

Total PSS by category:
    65169 kB: Dalvik
    51882 kB: Dalvik Other
    37096 kB: Unknown
    28788 kB: .dex mmap
    20112 kB: Ashmem
    15948 kB: .so mmap
    15605 kB: Other dev
     3224 kB: Stack
     2552 kB: Native
     2054 kB: Other mmap
     2002 kB: .apk mmap
      424 kB: .ttf mmap
        4 kB: Cursor
        0 kB: .jar mmap
        0 kB: code mmap
        0 kB: image mmap
        0 kB: Graphics
        0 kB: GL
        0 kB: Memtrack

Total RAM: 463128 kB
 Free RAM: 158186 kB (10610 cached pss + 103660 cached + 43916 free)
 Used RAM: 260394 kB (234250 used pss + 4156 buffers + 136 shmem + 21852 slab)
 Lost RAM: 44548 kB
     ZRAM: 6876 kB physical used for 21052 kB in swap (98300 kB total swap)
   Tuning: 48 (large 128), oom 108462 kB, restore limit 36154 kB (low-ram)
Applications Memory Usage (kB):
Uptime: 1370287 Realtime: 1370287

Total PSS by process:
   127342 kB: com.ccos.tv.homepage (pid 5079 / activities)
    21762 kB: com.tianci.movieplatform (pid 4526)
    20070 kB: system (pid 3891)
    15001 kB: com.coocaa.os.ccosservice (pid 4445)
    14590 kB: com.tianci.de (pid 5202)
    13145 kB: com.tianci.system (pid 4079)
    10610 kB: com.tianci.user (pid 7353)
     9232 kB: com.coocaa.sysreport (pid 7397)
     8183 kB: com.coocaa.os.softsettings.provider (pid 4646)
     7450 kB: com.tianci.push (pid 4206)
     4946 kB: android.process.media (pid 5493)
     3668 kB: com.skyworth.android.skyRMService (pid 4070)
     3315 kB: com.dunn.instrument (pid 4061)
     1918 kB: zygote (pid 3497)
     1896 kB: app_process (pid 4264)
     1550 kB: logcat (pid 6982)
     1281 kB: surfaceflinger (pid 743)
      827 kB: TvServer (pid 1146)
      477 kB: wpa_supplicant (pid 3963)
      415 kB: mediaserver (pid 3499)
      299 kB: dumpsys (pid 14666)
      246 kB: /init (pid 1)
      239 kB: netd (pid 3498)
      238 kB: keystore (pid 748)
      212 kB: adbd (pid 1403)
      171 kB: sh (pid 733)
      150 kB: sdcard (pid 754)
      138 kB: debuggerd (pid 742)
      133 kB: vold (pid 735)
      128 kB: healthd (pid 732)
       86 kB: coocaa_guard (pid 752)
       79 kB: sh (pid 4133)
       72 kB: ueventd (pid 512)
       69 kB: installd (pid 747)
       68 kB: busybox (pid 1581)
       61 kB: servicemanager (pid 734)
       59 kB: VirtualEvent (pid 1249)
       48 kB: RootApp (pid 1114)
       45 kB: logwrapper (pid 1110)
       42 kB: drmserver (pid 745)
       39 kB: dhcpcd (pid 3985)
       37 kB: keypad (pid 739)
       33 kB: FileDesc_server (pid 749)
       27 kB: hardwared (pid 736)
        7 kB: smobsd (pid 1252)

Total PSS by OOM adjustment:
    11090 kB: Native
                1918 kB: zygote (pid 3497)
                1896 kB: app_process (pid 4264)
                1550 kB: logcat (pid 6982)
                1281 kB: surfaceflinger (pid 743)
                 827 kB: TvServer (pid 1146)
                 477 kB: wpa_supplicant (pid 3963)
                 415 kB: mediaserver (pid 3499)
                 299 kB: dumpsys (pid 14666)
                 246 kB: /init (pid 1)
                 239 kB: netd (pid 3498)
                 238 kB: keystore (pid 748)
                 212 kB: adbd (pid 1403)
                 171 kB: sh (pid 733)
                 150 kB: sdcard (pid 754)
                 138 kB: debuggerd (pid 742)
                 133 kB: vold (pid 735)
                 128 kB: healthd (pid 732)
                  86 kB: coocaa_guard (pid 752)
                  79 kB: sh (pid 4133)
                  72 kB: ueventd (pid 512)
                  69 kB: installd (pid 747)
                  68 kB: busybox (pid 1581)
                  61 kB: servicemanager (pid 734)
                  59 kB: VirtualEvent (pid 1249)
                  48 kB: RootApp (pid 1114)
                  45 kB: logwrapper (pid 1110)
                  42 kB: drmserver (pid 745)
                  39 kB: dhcpcd (pid 3985)
                  37 kB: keypad (pid 739)
                  33 kB: FileDesc_server (pid 749)
                  27 kB: hardwared (pid 736)
                   7 kB: smobsd (pid 1252)
    20070 kB: System
               20070 kB: system (pid 3891)
     6983 kB: Persistent
                3668 kB: com.skyworth.android.skyRMService (pid 4070)
                3315 kB: com.dunn.instrument (pid 4061)
   182474 kB: Foreground
              127342 kB: com.ccos.tv.homepage (pid 5079 / activities)
               15001 kB: com.coocaa.os.ccosservice (pid 4445)
               14590 kB: com.tianci.de (pid 5202)
               13145 kB: com.tianci.system (pid 4079)
                7450 kB: com.tianci.push (pid 4206)
                4946 kB: android.process.media (pid 5493)
    29945 kB: Perceptible
               21762 kB: com.tianci.movieplatform (pid 4526)
                8183 kB: com.coocaa.os.softsettings.provider (pid 4646)
     9232 kB: A Services
                9232 kB: com.coocaa.sysreport (pid 7397)
    10610 kB: Cached
               10610 kB: com.tianci.user (pid 7353)

Total PSS by category:
    65165 kB: Dalvik
    58640 kB: Unknown
    51882 kB: Dalvik Other
    28768 kB: .dex mmap
    20716 kB: Ashmem
    18701 kB: Other dev
    16203 kB: .so mmap
     3268 kB: Stack
     2556 kB: Native
     2075 kB: Other mmap
     2002 kB: .apk mmap
      424 kB: .ttf mmap
        4 kB: Cursor
        0 kB: .jar mmap
        0 kB: code mmap
        0 kB: image mmap
        0 kB: Graphics
        0 kB: GL
        0 kB: Memtrack

Total RAM: 463128 kB
 Free RAM: 158494 kB (10610 cached pss + 103372 cached + 44512 free)
 Used RAM: 285950 kB (259794 used pss + 4156 buffers + 136 shmem + 21864 slab)
 Lost RAM: 18684 kB
     ZRAM: 6876 kB physical used for 21052 kB in swap (98300 kB total swap)
   Tuning: 48 (large 128), oom 108462 kB, restore limit 36154 kB (low-ram)
Applications Memory Usage (kB):
Uptime: 1373184 Realtime: 1373184

Total PSS by process:
   107314 kB: com.ccos.tv.homepage (pid 5079 / activities)
    21762 kB: com.tianci.movieplatform (pid 4526)
    19898 kB: system (pid 3891)
    14993 kB: com.coocaa.os.ccosservice (pid 4445)
    14586 kB: com.tianci.de (pid 5202)
    13145 kB: com.tianci.system (pid 4079)
    10610 kB: com.tianci.user (pid 7353)
     9232 kB: com.coocaa.sysreport (pid 7397)
     8183 kB: com.coocaa.os.softsettings.provider (pid 4646)
     7450 kB: com.tianci.push (pid 4206)
     4945 kB: android.process.media (pid 5493)
     3667 kB: com.skyworth.android.skyRMService (pid 4070)
     3315 kB: com.dunn.instrument (pid 4061)
     1918 kB: zygote (pid 3497)
     1896 kB: app_process (pid 4264)
     1550 kB: logcat (pid 6982)
     1285 kB: surfaceflinger (pid 743)
      827 kB: TvServer (pid 1146)
      477 kB: wpa_supplicant (pid 3963)
      415 kB: mediaserver (pid 3499)
      246 kB: /init (pid 1)
      239 kB: netd (pid 3498)
      238 kB: keystore (pid 748)
      212 kB: adbd (pid 1403)
      171 kB: sh (pid 733)
      150 kB: sdcard (pid 754)
      138 kB: debuggerd (pid 742)
      133 kB: vold (pid 735)
      128 kB: healthd (pid 732)
       86 kB: coocaa_guard (pid 752)
       79 kB: sh (pid 4133)
       72 kB: ueventd (pid 512)
       69 kB: installd (pid 747)
       68 kB: busybox (pid 1581)
       61 kB: servicemanager (pid 734)
       59 kB: VirtualEvent (pid 1249)
       48 kB: RootApp (pid 1114)
       45 kB: logwrapper (pid 1110)
       42 kB: drmserver (pid 745)
       39 kB: dhcpcd (pid 3985)
       37 kB: keypad (pid 739)
       33 kB: FileDesc_server (pid 749)
       27 kB: hardwared (pid 736)
        7 kB: smobsd (pid 1252)
        0 kB: dumpsys (pid 14666)

Total PSS by OOM adjustment:
    10795 kB: Native
                1918 kB: zygote (pid 3497)
                1896 kB: app_process (pid 4264)
                1550 kB: logcat (pid 6982)
                1285 kB: surfaceflinger (pid 743)
                 827 kB: TvServer (pid 1146)
                 477 kB: wpa_supplicant (pid 3963)
                 415 kB: mediaserver (pid 3499)
                 246 kB: /init (pid 1)
                 239 kB: netd (pid 3498)
                 238 kB: keystore (pid 748)
                 212 kB: adbd (pid 1403)
                 171 kB: sh (pid 733)
                 150 kB: sdcard (pid 754)
                 138 kB: debuggerd (pid 742)
                 133 kB: vold (pid 735)
                 128 kB: healthd (pid 732)
                  86 kB: coocaa_guard (pid 752)
                  79 kB: sh (pid 4133)
                  72 kB: ueventd (pid 512)
                  69 kB: installd (pid 747)
                  68 kB: busybox (pid 1581)
                  61 kB: servicemanager (pid 734)
                  59 kB: VirtualEvent (pid 1249)
                  48 kB: RootApp (pid 1114)
                  45 kB: logwrapper (pid 1110)
                  42 kB: drmserver (pid 745)
                  39 kB: dhcpcd (pid 3985)
                  37 kB: keypad (pid 739)
                  33 kB: FileDesc_server (pid 749)
                  27 kB: hardwared (pid 736)
                   7 kB: smobsd (pid 1252)
                   0 kB: dumpsys (pid 14666)
    19898 kB: System
               19898 kB: system (pid 3891)
     6982 kB: Persistent
                3667 kB: com.skyworth.android.skyRMService (pid 4070)
                3315 kB: com.dunn.instrument (pid 4061)
   162433 kB: Foreground
              107314 kB: com.ccos.tv.homepage (pid 5079 / activities)
               14993 kB: com.coocaa.os.ccosservice (pid 4445)
               14586 kB: com.tianci.de (pid 5202)
               13145 kB: com.tianci.system (pid 4079)
                7450 kB: com.tianci.push (pid 4206)
                4945 kB: android.process.media (pid 5493)
    29945 kB: Perceptible
               21762 kB: com.tianci.movieplatform (pid 4526)
                8183 kB: com.coocaa.os.softsettings.provider (pid 4646)
     9232 kB: A Services
                9232 kB: com.coocaa.sysreport (pid 7397)
    10610 kB: Cached
               10610 kB: com.tianci.user (pid 7353)

Total PSS by category:
    65013 kB: Dalvik
    51882 kB: Dalvik Other
    38640 kB: Unknown
    28752 kB: .dex mmap
    20408 kB: Ashmem
    19301 kB: Other dev
    15651 kB: .so mmap
     3224 kB: Stack
     2552 kB: Native
     2054 kB: Other mmap
     1990 kB: .apk mmap
      424 kB: .ttf mmap
        4 kB: Cursor
        0 kB: .jar mmap
        0 kB: code mmap
        0 kB: image mmap
        0 kB: Graphics
        0 kB: GL
        0 kB: Memtrack

Total RAM: 463128 kB
 Free RAM: 154474 kB (10610 cached pss + 103464 cached + 40400 free)
 Used RAM: 265465 kB (239285 used pss + 4172 buffers + 136 shmem + 21872 slab)
 Lost RAM: 43189 kB
     ZRAM: 6876 kB physical used for 21052 kB in swap (98300 kB total swap)
   Tuning: 48 (large 128), oom 108462 kB, restore limit 36154 kB (low-ram)
Applications Memory Usage (kB):
Uptime: 1376001 Realtime: 1376001

Total PSS by process:
   113214 kB: com.ccos.tv.homepage (pid 5079 / activities)
    21806 kB: com.tianci.movieplatform (pid 4526)
    20005 kB: system (pid 3891)
    15001 kB: com.coocaa.os.ccosservice (pid 4445)
    14586 kB: com.tianci.de (pid 5202)
    13145 kB: com.tianci.system (pid 4079)
    10602 kB: com.tianci.user (pid 7353)
     9232 kB: com.coocaa.sysreport (pid 7397)
     8183 kB: com.coocaa.os.softsettings.provider (pid 4646)
     7450 kB: com.tianci.push (pid 4206)
     4946 kB: android.process.media (pid 5493)
     3587 kB: com.skyworth.android.skyRMService (pid 4070)
     3315 kB: com.dunn.instrument (pid 4061)
     1918 kB: zygote (pid 3497)
     1896 kB: app_process (pid 4264)
     1550 kB: logcat (pid 6982)
     1281 kB: surfaceflinger (pid 743)
      827 kB: TvServer (pid 1146)
      477 kB: wpa_supplicant (pid 3963)
      415 kB: mediaserver (pid 3499)
      299 kB: dumpsys (pid 14792)
      246 kB: /init (pid 1)
      239 kB: netd (pid 3498)
      238 kB: keystore (pid 748)
      212 kB: adbd (pid 1403)
      171 kB: sh (pid 733)
      150 kB: sdcard (pid 754)
      138 kB: debuggerd (pid 742)
      133 kB: vold (pid 735)
      128 kB: healthd (pid 732)
       86 kB: coocaa_guard (pid 752)
       79 kB: sh (pid 4133)
       72 kB: ueventd (pid 512)
       69 kB: installd (pid 747)
       68 kB: busybox (pid 1581)
       61 kB: servicemanager (pid 734)
       59 kB: VirtualEvent (pid 1249)
       48 kB: RootApp (pid 1114)
       45 kB: logwrapper (pid 1110)
       42 kB: drmserver (pid 745)
       39 kB: dhcpcd (pid 3985)
       37 kB: keypad (pid 739)
       33 kB: FileDesc_server (pid 749)
       27 kB: hardwared (pid 736)
        7 kB: smobsd (pid 1252)

Total PSS by OOM adjustment:
    11090 kB: Native
                1918 kB: zygote (pid 3497)
                1896 kB: app_process (pid 4264)
                1550 kB: logcat (pid 6982)
                1281 kB: surfaceflinger (pid 743)
                 827 kB: TvServer (pid 1146)
                 477 kB: wpa_supplicant (pid 3963)
                 415 kB: mediaserver (pid 3499)
                 299 kB: dumpsys (pid 14792)
                 246 kB: /init (pid 1)
                 239 kB: netd (pid 3498)
                 238 kB: keystore (pid 748)
                 212 kB: adbd (pid 1403)
                 171 kB: sh (pid 733)
                 150 kB: sdcard (pid 754)
                 138 kB: debuggerd (pid 742)
                 133 kB: vold (pid 735)
                 128 kB: healthd (pid 732)
                  86 kB: coocaa_guard (pid 752)
                  79 kB: sh (pid 4133)
                  72 kB: ueventd (pid 512)
                  69 kB: installd (pid 747)
                  68 kB: busybox (pid 1581)
                  61 kB: servicemanager (pid 734)
                  59 kB: VirtualEvent (pid 1249)
                  48 kB: RootApp (pid 1114)
                  45 kB: logwrapper (pid 1110)
                  42 kB: drmserver (pid 745)
                  39 kB: dhcpcd (pid 3985)
                  37 kB: keypad (pid 739)
                  33 kB: FileDesc_server (pid 749)
                  27 kB: hardwared (pid 736)
                   7 kB: smobsd (pid 1252)
    20005 kB: System
               20005 kB: system (pid 3891)
     6902 kB: Persistent
                3587 kB: com.skyworth.android.skyRMService (pid 4070)
                3315 kB: com.dunn.instrument (pid 4061)
   168342 kB: Foreground
              113214 kB: com.ccos.tv.homepage (pid 5079 / activities)
               15001 kB: com.coocaa.os.ccosservice (pid 4445)
               14586 kB: com.tianci.de (pid 5202)
               13145 kB: com.tianci.system (pid 4079)
                7450 kB: com.tianci.push (pid 4206)
                4946 kB: android.process.media (pid 5493)
    29989 kB: Perceptible
               21806 kB: com.tianci.movieplatform (pid 4526)
                8183 kB: com.coocaa.os.softsettings.provider (pid 4646)
     9232 kB: A Services
                9232 kB: com.coocaa.sysreport (pid 7397)
    10602 kB: Cached
               10602 kB: com.tianci.user (pid 7353)

Total PSS by category:
    65061 kB: Dalvik
    51882 kB: Dalvik Other
    37604 kB: Unknown
    28744 kB: .dex mmap
    24513 kB: Other dev
    21812 kB: Ashmem
    16201 kB: .so mmap
     3292 kB: Stack
     2556 kB: Native
     2075 kB: Other mmap
     1994 kB: .apk mmap
      424 kB: .ttf mmap
        4 kB: Cursor
        0 kB: .jar mmap
        0 kB: code mmap
        0 kB: image mmap
        0 kB: Graphics
        0 kB: GL
        0 kB: Memtrack

Total RAM: 463128 kB
 Free RAM: 156866 kB (10602 cached pss + 103276 cached + 42988 free)
 Used RAM: 271744 kB (245560 used pss + 4172 buffers + 136 shmem + 21876 slab)
 Lost RAM: 34518 kB
     ZRAM: 6876 kB physical used for 21052 kB in swap (98300 kB total swap)
   Tuning: 48 (large 128), oom 108462 kB, restore limit 36154 kB (low-ram)
Applications Memory Usage (kB):
Uptime: 1378701 Realtime: 1378701

Total PSS by process:
   102676 kB: com.ccos.tv.homepage (pid 5079 / activities)
    21806 kB: com.tianci.movieplatform (pid 4526)
    20070 kB: system (pid 3891)
    15001 kB: com.coocaa.os.ccosservice (pid 4445)
    14591 kB: com.tianci.de (pid 5202)
    13145 kB: com.tianci.system (pid 4079)
    10593 kB: com.tianci.user (pid 7353)
     9232 kB: com.coocaa.sysreport (pid 7397)
     8183 kB: com.coocaa.os.softsettings.provider (pid 4646)
     7450 kB: com.tianci.push (pid 4206)
     4946 kB: android.process.media (pid 5493)
     3588 kB: com.skyworth.android.skyRMService (pid 4070)
     3315 kB: com.dunn.instrument (pid 4061)
     1918 kB: zygote (pid 3497)
     1896 kB: app_process (pid 4264)
     1550 kB: logcat (pid 6982)
     1281 kB: surfaceflinger (pid 743)
      827 kB: TvServer (pid 1146)
      477 kB: wpa_supplicant (pid 3963)
      415 kB: mediaserver (pid 3499)
      246 kB: /init (pid 1)
      239 kB: netd (pid 3498)
      238 kB: keystore (pid 748)
      216 kB: adbd (pid 1403)
      171 kB: sh (pid 733)
      150 kB: sdcard (pid 754)
      138 kB: debuggerd (pid 742)
      133 kB: vold (pid 735)
      128 kB: healthd (pid 732)
       86 kB: coocaa_guard (pid 752)
       79 kB: sh (pid 4133)
       72 kB: ueventd (pid 512)
       69 kB: installd (pid 747)
       68 kB: busybox (pid 1581)
       61 kB: servicemanager (pid 734)
       59 kB: VirtualEvent (pid 1249)
       48 kB: RootApp (pid 1114)
       45 kB: logwrapper (pid 1110)
       42 kB: drmserver (pid 745)
       39 kB: dhcpcd (pid 3985)
       37 kB: keypad (pid 739)
       33 kB: FileDesc_server (pid 749)
       27 kB: hardwared (pid 736)
        7 kB: smobsd (pid 1252)
        0 kB: dumpsys (pid 14792)

Total PSS by OOM adjustment:
    10795 kB: Native
                1918 kB: zygote (pid 3497)
                1896 kB: app_process (pid 4264)
                1550 kB: logcat (pid 6982)
                1281 kB: surfaceflinger (pid 743)
                 827 kB: TvServer (pid 1146)
                 477 kB: wpa_supplicant (pid 3963)
                 415 kB: mediaserver (pid 3499)
                 246 kB: /init (pid 1)
                 239 kB: netd (pid 3498)
                 238 kB: keystore (pid 748)
                 216 kB: adbd (pid 1403)
                 171 kB: sh (pid 733)
                 150 kB: sdcard (pid 754)
                 138 kB: debuggerd (pid 742)
                 133 kB: vold (pid 735)
                 128 kB: healthd (pid 732)
                  86 kB: coocaa_guard (pid 752)
                  79 kB: sh (pid 4133)
                  72 kB: ueventd (pid 512)
                  69 kB: installd (pid 747)
                  68 kB: busybox (pid 1581)
                  61 kB: servicemanager (pid 734)
                  59 kB: VirtualEvent (pid 1249)
                  48 kB: RootApp (pid 1114)
                  45 kB: logwrapper (pid 1110)
                  42 kB: drmserver (pid 745)
                  39 kB: dhcpcd (pid 3985)
                  37 kB: keypad (pid 739)
                  33 kB: FileDesc_server (pid 749)
                  27 kB: hardwared (pid 736)
                   7 kB: smobsd (pid 1252)
                   0 kB: dumpsys (pid 14792)
    20070 kB: System
               20070 kB: system (pid 3891)
     6903 kB: Persistent
                3588 kB: com.skyworth.android.skyRMService (pid 4070)
                3315 kB: com.dunn.instrument (pid 4061)
   157809 kB: Foreground
              102676 kB: com.ccos.tv.homepage (pid 5079 / activities)
               15001 kB: com.coocaa.os.ccosservice (pid 4445)
               14591 kB: com.tianci.de (pid 5202)
               13145 kB: com.tianci.system (pid 4079)
                7450 kB: com.tianci.push (pid 4206)
                4946 kB: android.process.media (pid 5493)
    29989 kB: Perceptible
               21806 kB: com.tianci.movieplatform (pid 4526)
                8183 kB: com.coocaa.os.softsettings.provider (pid 4646)
     9232 kB: A Services
                9232 kB: com.coocaa.sysreport (pid 7397)
    10593 kB: Cached
               10593 kB: com.tianci.user (pid 7353)

Total PSS by category:
    65101 kB: Dalvik
    52239 kB: Dalvik Other
    37596 kB: Unknown
    28833 kB: .dex mmap
    20144 kB: Ashmem
    15949 kB: .so mmap
    15245 kB: Other dev
     3256 kB: Stack
     2552 kB: Native
     2054 kB: Other mmap
     1994 kB: .apk mmap
      424 kB: .ttf mmap
        4 kB: Cursor
        0 kB: .jar mmap
        0 kB: code mmap
        0 kB: image mmap
        0 kB: Graphics
        0 kB: GL
        0 kB: Memtrack

Total RAM: 463128 kB
 Free RAM: 152705 kB (10593 cached pss + 103900 cached + 38212 free)
 Used RAM: 260998 kB (234798 used pss + 4180 buffers + 136 shmem + 21884 slab)
 Lost RAM: 49425 kB
     ZRAM: 6876 kB physical used for 21052 kB in swap (98300 kB total swap)
   Tuning: 48 (large 128), oom 108462 kB, restore limit 36154 kB (low-ram)
Applications Memory Usage (kB):
Uptime: 1381348 Realtime: 1381348

Total PSS by process:
   106206 kB: com.ccos.tv.homepage (pid 5079 / activities)
    21806 kB: com.tianci.movieplatform (pid 4526)
    20175 kB: system (pid 3891)
    14980 kB: com.coocaa.os.ccosservice (pid 4445)
    14623 kB: com.tianci.de (pid 5202)
    13145 kB: com.tianci.system (pid 4079)
    10593 kB: com.tianci.user (pid 7353)
     9231 kB: com.coocaa.sysreport (pid 7397)
     8183 kB: com.coocaa.os.softsettings.provider (pid 4646)
     7450 kB: com.tianci.push (pid 4206)
     4946 kB: android.process.media (pid 5493)
     3600 kB: com.skyworth.android.skyRMService (pid 4070)
     3315 kB: com.dunn.instrument (pid 4061)
     1918 kB: zygote (pid 3497)
     1896 kB: app_process (pid 4264)
     1550 kB: logcat (pid 6982)
     1281 kB: surfaceflinger (pid 743)
      827 kB: TvServer (pid 1146)
      477 kB: wpa_supplicant (pid 3963)
      415 kB: mediaserver (pid 3499)
      299 kB: dumpsys (pid 14896)
      246 kB: /init (pid 1)
      239 kB: netd (pid 3498)
      238 kB: keystore (pid 748)
      212 kB: adbd (pid 1403)
      171 kB: sh (pid 733)
      150 kB: sdcard (pid 754)
      138 kB: debuggerd (pid 742)
      133 kB: vold (pid 735)
      128 kB: healthd (pid 732)
       86 kB: coocaa_guard (pid 752)
       79 kB: sh (pid 4133)
       72 kB: ueventd (pid 512)
       69 kB: installd (pid 747)
       68 kB: busybox (pid 1581)
       61 kB: servicemanager (pid 734)
       59 kB: VirtualEvent (pid 1249)
       48 kB: RootApp (pid 1114)
       45 kB: logwrapper (pid 1110)
       42 kB: drmserver (pid 745)
       39 kB: dhcpcd (pid 3985)
       37 kB: keypad (pid 739)
       33 kB: FileDesc_server (pid 749)
       27 kB: hardwared (pid 736)
        7 kB: smobsd (pid 1252)

Total PSS by OOM adjustment:
    11090 kB: Native
                1918 kB: zygote (pid 3497)
                1896 kB: app_process (pid 4264)
                1550 kB: logcat (pid 6982)
                1281 kB: surfaceflinger (pid 743)
                 827 kB: TvServer (pid 1146)
                 477 kB: wpa_supplicant (pid 3963)
                 415 kB: mediaserver (pid 3499)
                 299 kB: dumpsys (pid 14896)
                 246 kB: /init (pid 1)
                 239 kB: netd (pid 3498)
                 238 kB: keystore (pid 748)
                 212 kB: adbd (pid 1403)
                 171 kB: sh (pid 733)
                 150 kB: sdcard (pid 754)
                 138 kB: debuggerd (pid 742)
                 133 kB: vold (pid 735)
                 128 kB: healthd (pid 732)
                  86 kB: coocaa_guard (pid 752)
                  79 kB: sh (pid 4133)
                  72 kB: ueventd (pid 512)
                  69 kB: installd (pid 747)
                  68 kB: busybox (pid 1581)
                  61 kB: servicemanager (pid 734)
                  59 kB: VirtualEvent (pid 1249)
                  48 kB: RootApp (pid 1114)
                  45 kB: logwrapper (pid 1110)
                  42 kB: drmserver (pid 745)
                  39 kB: dhcpcd (pid 3985)
                  37 kB: keypad (pid 739)
                  33 kB: FileDesc_server (pid 749)
                  27 kB: hardwared (pid 736)
                   7 kB: smobsd (pid 1252)
    20175 kB: System
               20175 kB: system (pid 3891)
     6915 kB: Persistent
                3600 kB: com.skyworth.android.skyRMService (pid 4070)
                3315 kB: com.dunn.instrument (pid 4061)
   161350 kB: Foreground
              106206 kB: com.ccos.tv.homepage (pid 5079 / activities)
               14980 kB: com.coocaa.os.ccosservice (pid 4445)
               14623 kB: com.tianci.de (pid 5202)
               13145 kB: com.tianci.system (pid 4079)
                7450 kB: com.tianci.push (pid 4206)
                4946 kB: android.process.media (pid 5493)
    29989 kB: Perceptible
               21806 kB: com.tianci.movieplatform (pid 4526)
                8183 kB: com.coocaa.os.softsettings.provider (pid 4646)
     9231 kB: A Services
                9231 kB: com.coocaa.sysreport (pid 7397)
    10593 kB: Cached
               10593 kB: com.tianci.user (pid 7353)

Total PSS by category:
    65113 kB: Dalvik
    51892 kB: Dalvik Other
    38200 kB: Unknown
    28848 kB: .dex mmap
    19525 kB: Other dev
    19264 kB: Ashmem
    16202 kB: .so mmap
     3280 kB: Stack
     2556 kB: Native
     2075 kB: Other mmap
     1960 kB: .apk mmap
      424 kB: .ttf mmap
        4 kB: Cursor
        0 kB: .jar mmap
        0 kB: code mmap
        0 kB: image mmap
        0 kB: Graphics
        0 kB: GL
        0 kB: Memtrack

Total RAM: 463128 kB
 Free RAM: 150961 kB (10593 cached pss + 111124 cached + 29244 free)
 Used RAM: 265054 kB (238750 used pss + 4196 buffers + 136 shmem + 21972 slab)
 Lost RAM: 47113 kB
     ZRAM: 6876 kB physical used for 21052 kB in swap (98300 kB total swap)
   Tuning: 48 (large 128), oom 108462 kB, restore limit 36154 kB (low-ram)
Applications Memory Usage (kB):
Uptime: 1383889 Realtime: 1383889

Total PSS by process:
    88390 kB: com.ccos.tv.homepage (pid 5079 / activities)
    21803 kB: com.tianci.movieplatform (pid 4526)
    20900 kB: system (pid 3891)
    14985 kB: com.coocaa.os.ccosservice (pid 4445)
    14594 kB: com.tianci.de (pid 5202)
    13145 kB: com.tianci.system (pid 4079)
    10597 kB: com.tianci.user (pid 7353)
     9233 kB: com.coocaa.sysreport (pid 7397)
     8183 kB: com.coocaa.os.softsettings.provider (pid 4646)
     7450 kB: com.tianci.push (pid 4206)
     4946 kB: android.process.media (pid 5493)
     3599 kB: com.skyworth.android.skyRMService (pid 4070)
     3315 kB: com.dunn.instrument (pid 4061)
     1918 kB: zygote (pid 3497)
     1896 kB: app_process (pid 4264)
     1550 kB: logcat (pid 6982)
     1281 kB: surfaceflinger (pid 743)
      827 kB: TvServer (pid 1146)
      477 kB: wpa_supplicant (pid 3963)
      415 kB: mediaserver (pid 3499)
      246 kB: /init (pid 1)
      239 kB: netd (pid 3498)
      238 kB: keystore (pid 748)
      212 kB: adbd (pid 1403)
      171 kB: sh (pid 733)
      150 kB: sdcard (pid 754)
      138 kB: debuggerd (pid 742)
      133 kB: vold (pid 735)
      128 kB: healthd (pid 732)
       86 kB: coocaa_guard (pid 752)
       79 kB: sh (pid 4133)
       72 kB: ueventd (pid 512)
       69 kB: installd (pid 747)
       68 kB: busybox (pid 1581)
       61 kB: servicemanager (pid 734)
       59 kB: VirtualEvent (pid 1249)
       48 kB: RootApp (pid 1114)
       45 kB: logwrapper (pid 1110)
       42 kB: drmserver (pid 745)
       39 kB: dhcpcd (pid 3985)
       37 kB: keypad (pid 739)
       33 kB: FileDesc_server (pid 749)
       27 kB: hardwared (pid 736)
        7 kB: smobsd (pid 1252)
        0 kB: dumpsys (pid 14896)

Total PSS by OOM adjustment:
    10791 kB: Native
                1918 kB: zygote (pid 3497)
                1896 kB: app_process (pid 4264)
                1550 kB: logcat (pid 6982)
                1281 kB: surfaceflinger (pid 743)
                 827 kB: TvServer (pid 1146)
                 477 kB: wpa_supplicant (pid 3963)
                 415 kB: mediaserver (pid 3499)
                 246 kB: /init (pid 1)
                 239 kB: netd (pid 3498)
                 238 kB: keystore (pid 748)
                 212 kB: adbd (pid 1403)
                 171 kB: sh (pid 733)
                 150 kB: sdcard (pid 754)
                 138 kB: debuggerd (pid 742)
                 133 kB: vold (pid 735)
                 128 kB: healthd (pid 732)
                  86 kB: coocaa_guard (pid 752)
                  79 kB: sh (pid 4133)
                  72 kB: ueventd (pid 512)
                  69 kB: installd (pid 747)
                  68 kB: busybox (pid 1581)
                  61 kB: servicemanager (pid 734)
                  59 kB: VirtualEvent (pid 1249)
                  48 kB: RootApp (pid 1114)
                  45 kB: logwrapper (pid 1110)
                  42 kB: drmserver (pid 745)
                  39 kB: dhcpcd (pid 3985)
                  37 kB: keypad (pid 739)
                  33 kB: FileDesc_server (pid 749)
                  27 kB: hardwared (pid 736)
                   7 kB: smobsd (pid 1252)
                   0 kB: dumpsys (pid 14896)
    20900 kB: System
               20900 kB: system (pid 3891)
     6914 kB: Persistent
                3599 kB: com.skyworth.android.skyRMService (pid 4070)
                3315 kB: com.dunn.instrument (pid 4061)
   143510 kB: Foreground
               88390 kB: com.ccos.tv.homepage (pid 5079 / activities)
               14985 kB: com.coocaa.os.ccosservice (pid 4445)
               14594 kB: com.tianci.de (pid 5202)
               13145 kB: com.tianci.system (pid 4079)
                7450 kB: com.tianci.push (pid 4206)
                4946 kB: android.process.media (pid 5493)
    29986 kB: Perceptible
               21803 kB: com.tianci.movieplatform (pid 4526)
                8183 kB: com.coocaa.os.softsettings.provider (pid 4646)
     9233 kB: A Services
                9233 kB: com.coocaa.sysreport (pid 7397)
    10597 kB: Cached
               10597 kB: com.tianci.user (pid 7353)

Total PSS by category:
    65529 kB: Dalvik
    52020 kB: Dalvik Other
    38228 kB: Unknown
    31288 kB: .dex mmap
    17733 kB: Other dev
    15948 kB: .so mmap
     3252 kB: Stack
     2867 kB: .apk mmap
     2552 kB: Native
     2054 kB: Other mmap
      424 kB: .ttf mmap
       32 kB: Ashmem
        4 kB: Cursor
        0 kB: .jar mmap
        0 kB: code mmap
        0 kB: image mmap
        0 kB: Graphics
        0 kB: GL
        0 kB: Memtrack

Total RAM: 463128 kB
 Free RAM: 188581 kB (10597 cached pss + 115316 cached + 62668 free)
 Used RAM: 247678 kB (221334 used pss + 4212 buffers + 136 shmem + 21996 slab)
 Lost RAM: 26869 kB
     ZRAM: 6876 kB physical used for 21052 kB in swap (98300 kB total swap)
   Tuning: 48 (large 128), oom 108462 kB, restore limit 36154 kB (low-ram)
Applications Memory Usage (kB):
Uptime: 1386619 Realtime: 1386619

Total PSS by process:
   101698 kB: com.ccos.tv.homepage (pid 5079 / activities)
    21797 kB: com.tianci.movieplatform (pid 4526)
    20890 kB: system (pid 3891)
    14985 kB: com.coocaa.os.ccosservice (pid 4445)
    14594 kB: com.tianci.de (pid 5202)
    13144 kB: com.tianci.system (pid 4079)
    10602 kB: com.tianci.user (pid 7353)
     9228 kB: com.coocaa.sysreport (pid 7397)
     8183 kB: com.coocaa.os.softsettings.provider (pid 4646)
     7462 kB: com.tianci.push (pid 4206)
     4946 kB: android.process.media (pid 5493)
     3600 kB: com.skyworth.android.skyRMService (pid 4070)
     3315 kB: com.dunn.instrument (pid 4061)
     1918 kB: zygote (pid 3497)
     1896 kB: app_process (pid 4264)
     1285 kB: surfaceflinger (pid 743)
      826 kB: TvServer (pid 1146)
      534 kB: logcat (pid 6982)
      476 kB: wpa_supplicant (pid 3963)
      414 kB: mediaserver (pid 3499)
      299 kB: dumpsys (pid 15017)
      246 kB: /init (pid 1)
      239 kB: netd (pid 3498)
      238 kB: keystore (pid 748)
      212 kB: adbd (pid 1403)
      171 kB: sh (pid 733)
      149 kB: sdcard (pid 754)
      138 kB: debuggerd (pid 742)
      133 kB: vold (pid 735)
      128 kB: healthd (pid 732)
       86 kB: coocaa_guard (pid 752)
       72 kB: ueventd (pid 512)
       69 kB: installd (pid 747)
       68 kB: busybox (pid 1581)
       61 kB: servicemanager (pid 734)
       59 kB: VirtualEvent (pid 1249)
       56 kB: sh (pid 4133)
       48 kB: RootApp (pid 1114)
       45 kB: logwrapper (pid 1110)
       42 kB: drmserver (pid 745)
       38 kB: dhcpcd (pid 3985)
       37 kB: keypad (pid 739)
       33 kB: FileDesc_server (pid 749)
       27 kB: hardwared (pid 736)
        7 kB: smobsd (pid 1252)
        0 kB: busybox (pid 15023)

Total PSS by OOM adjustment:
    10050 kB: Native
                1918 kB: zygote (pid 3497)
                1896 kB: app_process (pid 4264)
                1285 kB: surfaceflinger (pid 743)
                 826 kB: TvServer (pid 1146)
                 534 kB: logcat (pid 6982)
                 476 kB: wpa_supplicant (pid 3963)
                 414 kB: mediaserver (pid 3499)
                 299 kB: dumpsys (pid 15017)
                 246 kB: /init (pid 1)
                 239 kB: netd (pid 3498)
                 238 kB: keystore (pid 748)
                 212 kB: adbd (pid 1403)
                 171 kB: sh (pid 733)
                 149 kB: sdcard (pid 754)
                 138 kB: debuggerd (pid 742)
                 133 kB: vold (pid 735)
                 128 kB: healthd (pid 732)
                  86 kB: coocaa_guard (pid 752)
                  72 kB: ueventd (pid 512)
                  69 kB: installd (pid 747)
                  68 kB: busybox (pid 1581)
                  61 kB: servicemanager (pid 734)
                  59 kB: VirtualEvent (pid 1249)
                  56 kB: sh (pid 4133)
                  48 kB: RootApp (pid 1114)
                  45 kB: logwrapper (pid 1110)
                  42 kB: drmserver (pid 745)
                  38 kB: dhcpcd (pid 3985)
                  37 kB: keypad (pid 739)
                  33 kB: FileDesc_server (pid 749)
                  27 kB: hardwared (pid 736)
                   7 kB: smobsd (pid 1252)
                   0 kB: busybox (pid 15023)
    20890 kB: System
               20890 kB: system (pid 3891)
     6915 kB: Persistent
                3600 kB: com.skyworth.android.skyRMService (pid 4070)
                3315 kB: com.dunn.instrument (pid 4061)
   156829 kB: Foreground
              101698 kB: com.ccos.tv.homepage (pid 5079 / activities)
               14985 kB: com.coocaa.os.ccosservice (pid 4445)
               14594 kB: com.tianci.de (pid 5202)
               13144 kB: com.tianci.system (pid 4079)
                7462 kB: com.tianci.push (pid 4206)
                4946 kB: android.process.media (pid 5493)
    29980 kB: Perceptible
               21797 kB: com.tianci.movieplatform (pid 4526)
                8183 kB: com.coocaa.os.softsettings.provider (pid 4646)
     9228 kB: A Services
                9228 kB: com.coocaa.sysreport (pid 7397)
    10602 kB: Cached
               10602 kB: com.tianci.user (pid 7353)

Total PSS by category:
    69537 kB: Dalvik
    52024 kB: Dalvik Other
    35900 kB: Unknown
    30875 kB: .dex mmap
    19428 kB: Other dev
    16198 kB: .so mmap
    10488 kB: Ashmem
     3260 kB: Stack
     2715 kB: .apk mmap
     2053 kB: Other mmap
     1540 kB: Native
      472 kB: .ttf mmap
        4 kB: Cursor
        0 kB: .jar mmap
        0 kB: code mmap
        0 kB: image mmap
        0 kB: Graphics
        0 kB: GL
        0 kB: Memtrack

Total RAM: 463128 kB
 Free RAM: 162522 kB (10602 cached pss + 113800 cached + 38120 free)
 Used RAM: 260300 kB (233892 used pss + 4236 buffers + 136 shmem + 22036 slab)
 Lost RAM: 40306 kB
     ZRAM: 6876 kB physical used for 21052 kB in swap (98300 kB total swap)
   Tuning: 48 (large 128), oom 108462 kB, restore limit 36154 kB (low-ram)
Applications Memory Usage (kB):
Uptime: 1389289 Realtime: 1389289

Total PSS by process:
   116782 kB: com.ccos.tv.homepage (pid 5079 / activities)
    21793 kB: com.tianci.movieplatform (pid 4526)
    20888 kB: system (pid 3891)
    14981 kB: com.coocaa.os.ccosservice (pid 4445)
    14613 kB: com.tianci.de (pid 5202)
    13140 kB: com.tianci.system (pid 4079)
    10602 kB: com.tianci.user (pid 7353)
     9226 kB: com.coocaa.sysreport (pid 7397)
     8183 kB: com.coocaa.os.softsettings.provider (pid 4646)
     7274 kB: com.tianci.push (pid 4206)
     4946 kB: android.process.media (pid 5493)
     3604 kB: com.skyworth.android.skyRMService (pid 4070)
     3315 kB: com.dunn.instrument (pid 4061)
     1918 kB: zygote (pid 3497)
     1896 kB: app_process (pid 4264)
     1281 kB: surfaceflinger (pid 743)
     1158 kB: logcat (pid 6982)
      827 kB: TvServer (pid 1146)
      477 kB: wpa_supplicant (pid 3963)
      415 kB: mediaserver (pid 3499)
      246 kB: /init (pid 1)
      239 kB: netd (pid 3498)
      238 kB: keystore (pid 748)
      212 kB: adbd (pid 1403)
      171 kB: sh (pid 733)
      150 kB: sdcard (pid 754)
      138 kB: debuggerd (pid 742)
      133 kB: vold (pid 735)
      128 kB: healthd (pid 732)
       86 kB: coocaa_guard (pid 752)
       72 kB: ueventd (pid 512)
       69 kB: installd (pid 747)
       68 kB: busybox (pid 1581)
       64 kB: sh (pid 4133)
       61 kB: servicemanager (pid 734)
       59 kB: VirtualEvent (pid 1249)
       48 kB: RootApp (pid 1114)
       45 kB: logwrapper (pid 1110)
       42 kB: drmserver (pid 745)
       39 kB: dhcpcd (pid 3985)
       37 kB: keypad (pid 739)
       33 kB: FileDesc_server (pid 749)
       27 kB: hardwared (pid 736)
        7 kB: smobsd (pid 1252)
        0 kB: dumpsys (pid 15017)
        0 kB: busybox (pid 15023)

Total PSS by OOM adjustment:
    10384 kB: Native
                1918 kB: zygote (pid 3497)
                1896 kB: app_process (pid 4264)
                1281 kB: surfaceflinger (pid 743)
                1158 kB: logcat (pid 6982)
                 827 kB: TvServer (pid 1146)
                 477 kB: wpa_supplicant (pid 3963)
                 415 kB: mediaserver (pid 3499)
                 246 kB: /init (pid 1)
                 239 kB: netd (pid 3498)
                 238 kB: keystore (pid 748)
                 212 kB: adbd (pid 1403)
                 171 kB: sh (pid 733)
                 150 kB: sdcard (pid 754)
                 138 kB: debuggerd (pid 742)
                 133 kB: vold (pid 735)
                 128 kB: healthd (pid 732)
                  86 kB: coocaa_guard (pid 752)
                  72 kB: ueventd (pid 512)
                  69 kB: installd (pid 747)
                  68 kB: busybox (pid 1581)
                  64 kB: sh (pid 4133)
                  61 kB: servicemanager (pid 734)
                  59 kB: VirtualEvent (pid 1249)
                  48 kB: RootApp (pid 1114)
                  45 kB: logwrapper (pid 1110)
                  42 kB: drmserver (pid 745)
                  39 kB: dhcpcd (pid 3985)
                  37 kB: keypad (pid 739)
                  33 kB: FileDesc_server (pid 749)
                  27 kB: hardwared (pid 736)
                   7 kB: smobsd (pid 1252)
                   0 kB: dumpsys (pid 15017)
                   0 kB: busybox (pid 15023)
    20888 kB: System
               20888 kB: system (pid 3891)
     6919 kB: Persistent
                3604 kB: com.skyworth.android.skyRMService (pid 4070)
                3315 kB: com.dunn.instrument (pid 4061)
   171736 kB: Foreground
              116782 kB: com.ccos.tv.homepage (pid 5079 / activities)
               14981 kB: com.coocaa.os.ccosservice (pid 4445)
               14613 kB: com.tianci.de (pid 5202)
               13140 kB: com.tianci.system (pid 4079)
                7274 kB: com.tianci.push (pid 4206)
                4946 kB: android.process.media (pid 5493)
    29976 kB: Perceptible
               21793 kB: com.tianci.movieplatform (pid 4526)
                8183 kB: com.coocaa.os.softsettings.provider (pid 4646)
     9226 kB: A Services
                9226 kB: com.coocaa.sysreport (pid 7397)
    10602 kB: Cached
               10602 kB: com.tianci.user (pid 7353)

Total PSS by category:
    69777 kB: Dalvik
    52263 kB: Dalvik Other
    38580 kB: Unknown
    30843 kB: .dex mmap
    22944 kB: Ashmem
    18713 kB: Other dev
    15945 kB: .so mmap
     3284 kB: Stack
     2707 kB: .apk mmap
     2160 kB: Native
     2039 kB: Other mmap
      472 kB: .ttf mmap
        4 kB: Cursor
        0 kB: .jar mmap
        0 kB: code mmap
        0 kB: image mmap
        0 kB: Graphics
        0 kB: GL
        0 kB: Memtrack

Total RAM: 463128 kB
 Free RAM: 160110 kB (10602 cached pss + 100856 cached + 48652 free)
 Used RAM: 275225 kB (249129 used pss + 3932 buffers + 136 shmem + 22028 slab)
 Lost RAM: 27793 kB
     ZRAM: 6968 kB physical used for 21264 kB in swap (98300 kB total swap)
   Tuning: 48 (large 128), oom 108462 kB, restore limit 36154 kB (low-ram)
Applications Memory Usage (kB):
Uptime: 1392067 Realtime: 1392067

Total PSS by process:
   111502 kB: com.ccos.tv.homepage (pid 5079 / activities)
    21793 kB: com.tianci.movieplatform (pid 4526)
    20112 kB: system (pid 3891)
    14981 kB: com.coocaa.os.ccosservice (pid 4445)
    14612 kB: com.tianci.de (pid 5202)
    13224 kB: com.tianci.system (pid 4079)
    10594 kB: com.tianci.user (pid 7353)
     9226 kB: com.coocaa.sysreport (pid 7397)
     8183 kB: com.coocaa.os.softsettings.provider (pid 4646)
     7274 kB: com.tianci.push (pid 4206)
     4946 kB: android.process.media (pid 5493)
     3604 kB: com.skyworth.android.skyRMService (pid 4070)
     3319 kB: com.dunn.instrument (pid 4061)
     1918 kB: zygote (pid 3497)
     1896 kB: app_process (pid 4264)
     1281 kB: surfaceflinger (pid 743)
     1158 kB: logcat (pid 6982)
      827 kB: TvServer (pid 1146)
      477 kB: wpa_supplicant (pid 3963)
      415 kB: mediaserver (pid 3499)
      299 kB: dumpsys (pid 15091)
      246 kB: /init (pid 1)
      239 kB: netd (pid 3498)
      238 kB: keystore (pid 748)
      212 kB: adbd (pid 1403)
      171 kB: sh (pid 733)
      150 kB: sdcard (pid 754)
      138 kB: debuggerd (pid 742)
      133 kB: vold (pid 735)
      128 kB: healthd (pid 732)
       86 kB: coocaa_guard (pid 752)
       79 kB: sh (pid 4133)
       72 kB: ueventd (pid 512)
       69 kB: installd (pid 747)
       68 kB: busybox (pid 1581)
       61 kB: servicemanager (pid 734)
       59 kB: VirtualEvent (pid 1249)
       48 kB: RootApp (pid 1114)
       45 kB: logwrapper (pid 1110)
       42 kB: drmserver (pid 745)
       39 kB: dhcpcd (pid 3985)
       37 kB: keypad (pid 739)
       33 kB: FileDesc_server (pid 749)
       27 kB: hardwared (pid 736)
        7 kB: smobsd (pid 1252)

Total PSS by OOM adjustment:
    10698 kB: Native
                1918 kB: zygote (pid 3497)
                1896 kB: app_process (pid 4264)
                1281 kB: surfaceflinger (pid 743)
                1158 kB: logcat (pid 6982)
                 827 kB: TvServer (pid 1146)
                 477 kB: wpa_supplicant (pid 3963)
                 415 kB: mediaserver (pid 3499)
                 299 kB: dumpsys (pid 15091)
                 246 kB: /init (pid 1)
                 239 kB: netd (pid 3498)
                 238 kB: keystore (pid 748)
                 212 kB: adbd (pid 1403)
                 171 kB: sh (pid 733)
                 150 kB: sdcard (pid 754)
                 138 kB: debuggerd (pid 742)
                 133 kB: vold (pid 735)
                 128 kB: healthd (pid 732)
                  86 kB: coocaa_guard (pid 752)
                  79 kB: sh (pid 4133)
                  72 kB: ueventd (pid 512)
                  69 kB: installd (pid 747)
                  68 kB: busybox (pid 1581)
                  61 kB: servicemanager (pid 734)
                  59 kB: VirtualEvent (pid 1249)
                  48 kB: RootApp (pid 1114)
                  45 kB: logwrapper (pid 1110)
                  42 kB: drmserver (pid 745)
                  39 kB: dhcpcd (pid 3985)
                  37 kB: keypad (pid 739)
                  33 kB: FileDesc_server (pid 749)
                  27 kB: hardwared (pid 736)
                   7 kB: smobsd (pid 1252)
    20112 kB: System
               20112 kB: system (pid 3891)
     6923 kB: Persistent
                3604 kB: com.skyworth.android.skyRMService (pid 4070)
                3319 kB: com.dunn.instrument (pid 4061)
   166539 kB: Foreground
              111502 kB: com.ccos.tv.homepage (pid 5079 / activities)
               14981 kB: com.coocaa.os.ccosservice (pid 4445)
               14612 kB: com.tianci.de (pid 5202)
               13224 kB: com.tianci.system (pid 4079)
                7274 kB: com.tianci.push (pid 4206)
                4946 kB: android.process.media (pid 5493)
    29976 kB: Perceptible
               21793 kB: com.tianci.movieplatform (pid 4526)
                8183 kB: com.coocaa.os.softsettings.provider (pid 4646)
     9226 kB: A Services
                9226 kB: com.coocaa.sysreport (pid 7397)
    10594 kB: Cached
               10594 kB: com.tianci.user (pid 7353)

Total PSS by category:
    66001 kB: Dalvik
    51895 kB: Dalvik Other
    40748 kB: Unknown
    30791 kB: .dex mmap
    19697 kB: Other dev
    18772 kB: Ashmem
    16198 kB: .so mmap
     3244 kB: Stack
     2164 kB: Native
     2075 kB: Other mmap
     2007 kB: .apk mmap
      472 kB: .ttf mmap
        4 kB: Cursor
        0 kB: .jar mmap
        0 kB: code mmap
        0 kB: image mmap
        0 kB: Graphics
        0 kB: GL
        0 kB: Memtrack

Total RAM: 463128 kB
 Free RAM: 158154 kB (10594 cached pss + 100468 cached + 47092 free)
 Used RAM: 269582 kB (243474 used pss + 3932 buffers + 136 shmem + 22040 slab)
 Lost RAM: 35392 kB
     ZRAM: 6968 kB physical used for 21264 kB in swap (98300 kB total swap)
   Tuning: 48 (large 128), oom 108462 kB, restore limit 36154 kB (low-ram)
Applications Memory Usage (kB):
Uptime: 1394447 Realtime: 1394447

Total PSS by process:
   109952 kB: com.ccos.tv.homepage (pid 5079 / activities)
    21793 kB: com.tianci.movieplatform (pid 4526)
    20144 kB: system (pid 3891)
    14981 kB: com.coocaa.os.ccosservice (pid 4445)
    14585 kB: com.tianci.de (pid 5202)
    13224 kB: com.tianci.system (pid 4079)
    10594 kB: com.tianci.user (pid 7353)
     9226 kB: com.coocaa.sysreport (pid 7397)
     8183 kB: com.coocaa.os.softsettings.provider (pid 4646)
     7274 kB: com.tianci.push (pid 4206)
     4946 kB: android.process.media (pid 5493)
     3604 kB: com.skyworth.android.skyRMService (pid 4070)
     3319 kB: com.dunn.instrument (pid 4061)
     1918 kB: zygote (pid 3497)
     1896 kB: app_process (pid 4264)
     1501 kB: surfaceflinger (pid 743)
     1158 kB: logcat (pid 6982)
      827 kB: TvServer (pid 1146)
      477 kB: wpa_supplicant (pid 3963)
      415 kB: mediaserver (pid 3499)
      246 kB: /init (pid 1)
      239 kB: netd (pid 3498)
      238 kB: keystore (pid 748)
      212 kB: adbd (pid 1403)
      150 kB: sdcard (pid 754)
      149 kB: sh (pid 733)
      136 kB: debuggerd (pid 742)
      131 kB: vold (pid 735)
      128 kB: healthd (pid 732)
       86 kB: coocaa_guard (pid 752)
       79 kB: sh (pid 4133)
       72 kB: ueventd (pid 512)
       69 kB: installd (pid 747)
       68 kB: busybox (pid 1581)
       60 kB: servicemanager (pid 734)
       59 kB: VirtualEvent (pid 1249)
       48 kB: RootApp (pid 1114)
       45 kB: logwrapper (pid 1110)
       42 kB: drmserver (pid 745)
       39 kB: dhcpcd (pid 3985)
       37 kB: keypad (pid 739)
       33 kB: FileDesc_server (pid 749)
       27 kB: hardwared (pid 736)
        7 kB: smobsd (pid 1252)
        0 kB: dumpsys (pid 15091)

Total PSS by OOM adjustment:
    10592 kB: Native
                1918 kB: zygote (pid 3497)
                1896 kB: app_process (pid 4264)
                1501 kB: surfaceflinger (pid 743)
                1158 kB: logcat (pid 6982)
                 827 kB: TvServer (pid 1146)
                 477 kB: wpa_supplicant (pid 3963)
                 415 kB: mediaserver (pid 3499)
                 246 kB: /init (pid 1)
                 239 kB: netd (pid 3498)
                 238 kB: keystore (pid 748)
                 212 kB: adbd (pid 1403)
                 150 kB: sdcard (pid 754)
                 149 kB: sh (pid 733)
                 136 kB: debuggerd (pid 742)
                 131 kB: vold (pid 735)
                 128 kB: healthd (pid 732)
                  86 kB: coocaa_guard (pid 752)
                  79 kB: sh (pid 4133)
                  72 kB: ueventd (pid 512)
                  69 kB: installd (pid 747)
                  68 kB: busybox (pid 1581)
                  60 kB: servicemanager (pid 734)
                  59 kB: VirtualEvent (pid 1249)
                  48 kB: RootApp (pid 1114)
                  45 kB: logwrapper (pid 1110)
                  42 kB: drmserver (pid 745)
                  39 kB: dhcpcd (pid 3985)
                  37 kB: keypad (pid 739)
                  33 kB: FileDesc_server (pid 749)
                  27 kB: hardwared (pid 736)
                   7 kB: smobsd (pid 1252)
                   0 kB: dumpsys (pid 15091)
    20144 kB: System
               20144 kB: system (pid 3891)
     6923 kB: Persistent
                3604 kB: com.skyworth.android.skyRMService (pid 4070)
                3319 kB: com.dunn.instrument (pid 4061)
   164962 kB: Foreground
              109952 kB: com.ccos.tv.homepage (pid 5079 / activities)
               14981 kB: com.coocaa.os.ccosservice (pid 4445)
               14585 kB: com.tianci.de (pid 5202)
               13224 kB: com.tianci.system (pid 4079)
                7274 kB: com.tianci.push (pid 4206)
                4946 kB: android.process.media (pid 5493)
    29976 kB: Perceptible
               21793 kB: com.tianci.movieplatform (pid 4526)
                8183 kB: com.coocaa.os.softsettings.provider (pid 4646)
     9226 kB: A Services
                9226 kB: com.coocaa.sysreport (pid 7397)
    10594 kB: Cached
               10594 kB: com.tianci.user (pid 7353)

Total PSS by category:
    66005 kB: Dalvik
    51895 kB: Dalvik Other
    39864 kB: Unknown
    30793 kB: .dex mmap
    19112 kB: Ashmem
    18585 kB: Other dev
    15940 kB: .so mmap
     3248 kB: Stack
     2372 kB: Native
     2032 kB: Other mmap
     2007 kB: .apk mmap
      560 kB: .ttf mmap
        4 kB: Cursor
        0 kB: .jar mmap
        0 kB: code mmap
        0 kB: image mmap
        0 kB: Graphics
        0 kB: GL
        0 kB: Memtrack

Total RAM: 463128 kB
 Free RAM: 151990 kB (10594 cached pss + 102104 cached + 39292 free)
 Used RAM: 267955 kB (241823 used pss + 3948 buffers + 136 shmem + 22048 slab)
 Lost RAM: 43183 kB
     ZRAM: 6968 kB physical used for 21264 kB in swap (98300 kB total swap)
   Tuning: 48 (large 128), oom 108462 kB, restore limit 36154 kB (low-ram)
Applications Memory Usage (kB):
Uptime: 1397169 Realtime: 1397169

