Applications Memory Usage (kB):
Uptime: 231848 Realtime: 231848

Total PSS by process:
    79515 kB: com.tianci.movieplatform (pid 1603 / activities)
    20712 kB: system (pid 1349)
    18051 kB: com.tianci.system (pid 1588)
    17310 kB: com.tianci.de (pid 2027)
    17106 kB: com.coocaa.os.ccosservice (pid 1741)
    13980 kB: com.tianci.push (pid 1756)
    13594 kB: com.tianci.user (pid 3370)
    11531 kB: com.tianci.ad (pid 2262)
    10228 kB: com.coocaa.sysreport (pid 1929)
     9517 kB: com.coocaa.os.softsettings.provider (pid 1917)
     7752 kB: mediaserver (pid 747)
     6996 kB: com.tianci.ad:adUpgrade (pid 2834)
     6411 kB: zygote (pid 743)
     5228 kB: android.process.media (pid 1623)
     4132 kB: com.skyworth.android.skyRMService (pid 1578)
     3673 kB: TvServer (pid 1057)
     1634 kB: surfaceflinger (pid 742)
      843 kB: wpa_supplicant (pid 1505)
      541 kB: drmserver (pid 746)
      371 kB: netd (pid 740)
      318 kB: /init (pid 1)
      293 kB: VirtualEvent (pid 1272)
      278 kB: keystore (pid 749)
      229 kB: dhcpcd (pid 1848)
      215 kB: vold (pid 736)
      204 kB: adbd (pid 1437)
      148 kB: RootApp (pid 1046)
      141 kB: sh (pid 734)
      123 kB: coocaa_guard (pid 755)
      119 kB: FileDesc_server (pid 751)
      114 kB: sdcard (pid 757)
      112 kB: healthd (pid 733)
       72 kB: ueventd (pid 512)
       53 kB: servicemanager (pid 735)
       49 kB: keypad (pid 739)
       46 kB: logwrapper (pid 1041)
       37 kB: hardwared (pid 737)
       36 kB: installd (pid 748)
       31 kB: debuggerd (pid 741)
       19 kB: smobsd (pid 1276)

Total PSS by OOM adjustment:
    23862 kB: Native
                7752 kB: mediaserver (pid 747)
                6411 kB: zygote (pid 743)
                3673 kB: TvServer (pid 1057)
                1634 kB: surfaceflinger (pid 742)
                 843 kB: wpa_supplicant (pid 1505)
                 541 kB: drmserver (pid 746)
                 371 kB: netd (pid 740)
                 318 kB: /init (pid 1)
                 293 kB: VirtualEvent (pid 1272)
                 278 kB: keystore (pid 749)
                 229 kB: dhcpcd (pid 1848)
                 215 kB: vold (pid 736)
                 204 kB: adbd (pid 1437)
                 148 kB: RootApp (pid 1046)
                 141 kB: sh (pid 734)
                 123 kB: coocaa_guard (pid 755)
                 119 kB: FileDesc_server (pid 751)
                 114 kB: sdcard (pid 757)
                 112 kB: healthd (pid 733)
                  72 kB: ueventd (pid 512)
                  53 kB: servicemanager (pid 735)
                  49 kB: keypad (pid 739)
                  46 kB: logwrapper (pid 1041)
                  37 kB: hardwared (pid 737)
                  36 kB: installd (pid 748)
                  31 kB: debuggerd (pid 741)
                  19 kB: smobsd (pid 1276)
    20712 kB: System
               20712 kB: system (pid 1349)
     4132 kB: Persistent
                4132 kB: com.skyworth.android.skyRMService (pid 1578)
   172238 kB: Foreground
               79515 kB: com.tianci.movieplatform (pid 1603 / activities)
               18051 kB: com.tianci.system (pid 1588)
               17310 kB: com.tianci.de (pid 2027)
               17106 kB: com.coocaa.os.ccosservice (pid 1741)
               13980 kB: com.tianci.push (pid 1756)
               11531 kB: com.tianci.ad (pid 2262)
                9517 kB: com.coocaa.os.softsettings.provider (pid 1917)
                5228 kB: android.process.media (pid 1623)
    10228 kB: A Services
               10228 kB: com.coocaa.sysreport (pid 1929)
     6996 kB: B Services
                6996 kB: com.tianci.ad:adUpgrade (pid 2834)
    13594 kB: Cached
               13594 kB: com.tianci.user (pid 3370)

Total PSS by category:
    55519 kB: Dalvik
    51596 kB: Dalvik Other
    49211 kB: .dex mmap
    30764 kB: Unknown
    24271 kB: .so mmap
    10201 kB: Other dev
    10068 kB: Ashmem
     5704 kB: Native
     5683 kB: .apk mmap
     4174 kB: Other mmap
     3568 kB: Stack
      847 kB: .ttf mmap
      152 kB: .jar mmap
        4 kB: Cursor
        0 kB: code mmap
        0 kB: image mmap
        0 kB: Graphics
        0 kB: GL
        0 kB: Memtrack

Total RAM: 463128 kB
 Free RAM: 194790 kB (13594 cached pss + 127188 cached + 54008 free)
 Used RAM: 265476 kB (238168 used pss + 7092 buffers + 184 shmem + 20032 slab)
 Lost RAM: 2862 kB
     ZRAM: 3324 kB physical used for 8156 kB in swap (98300 kB total swap)
   Tuning: 48 (large 128), oom 108462 kB, restore limit 36154 kB (low-ram)
Applications Memory Usage (kB):
Uptime: 234335 Realtime: 234335

Total PSS by process:
    92158 kB: com.tianci.movieplatform (pid 1603 / activities)
    20759 kB: system (pid 1349)
    18051 kB: com.tianci.system (pid 1588)
    17318 kB: com.tianci.de (pid 2027)
    17097 kB: com.coocaa.os.ccosservice (pid 1741)
    13980 kB: com.tianci.push (pid 1756)
    13593 kB: com.tianci.user (pid 3370)
    11531 kB: com.tianci.ad (pid 2262)
    10236 kB: com.coocaa.sysreport (pid 1929)
     9517 kB: com.coocaa.os.softsettings.provider (pid 1917)
     7752 kB: mediaserver (pid 747)
     6995 kB: com.tianci.ad:adUpgrade (pid 2834)
     6411 kB: zygote (pid 743)
     5229 kB: android.process.media (pid 1623)
     4132 kB: com.skyworth.android.skyRMService (pid 1578)
     3673 kB: TvServer (pid 1057)
     1638 kB: surfaceflinger (pid 742)
      843 kB: wpa_supplicant (pid 1505)
      541 kB: drmserver (pid 746)
      371 kB: netd (pid 740)
      318 kB: /init (pid 1)
      293 kB: VirtualEvent (pid 1272)
      278 kB: keystore (pid 749)
      229 kB: dhcpcd (pid 1848)
      215 kB: vold (pid 736)
      204 kB: adbd (pid 1437)
      148 kB: RootApp (pid 1046)
      141 kB: sh (pid 734)
      123 kB: coocaa_guard (pid 755)
      119 kB: FileDesc_server (pid 751)
      114 kB: sdcard (pid 757)
      112 kB: healthd (pid 733)
       72 kB: ueventd (pid 512)
       53 kB: servicemanager (pid 735)
       49 kB: keypad (pid 739)
       46 kB: logwrapper (pid 1041)
       37 kB: hardwared (pid 737)
       36 kB: installd (pid 748)
       31 kB: debuggerd (pid 741)
       19 kB: smobsd (pid 1276)

Total PSS by OOM adjustment:
    23866 kB: Native
                7752 kB: mediaserver (pid 747)
                6411 kB: zygote (pid 743)
                3673 kB: TvServer (pid 1057)
                1638 kB: surfaceflinger (pid 742)
                 843 kB: wpa_supplicant (pid 1505)
                 541 kB: drmserver (pid 746)
                 371 kB: netd (pid 740)
                 318 kB: /init (pid 1)
                 293 kB: VirtualEvent (pid 1272)
                 278 kB: keystore (pid 749)
                 229 kB: dhcpcd (pid 1848)
                 215 kB: vold (pid 736)
                 204 kB: adbd (pid 1437)
                 148 kB: RootApp (pid 1046)
                 141 kB: sh (pid 734)
                 123 kB: coocaa_guard (pid 755)
                 119 kB: FileDesc_server (pid 751)
                 114 kB: sdcard (pid 757)
                 112 kB: healthd (pid 733)
                  72 kB: ueventd (pid 512)
                  53 kB: servicemanager (pid 735)
                  49 kB: keypad (pid 739)
                  46 kB: logwrapper (pid 1041)
                  37 kB: hardwared (pid 737)
                  36 kB: installd (pid 748)
                  31 kB: debuggerd (pid 741)
                  19 kB: smobsd (pid 1276)
    20759 kB: System
               20759 kB: system (pid 1349)
     4132 kB: Persistent
                4132 kB: com.skyworth.android.skyRMService (pid 1578)
   195117 kB: Foreground
               92158 kB: com.tianci.movieplatform (pid 1603 / activities)
               18051 kB: com.tianci.system (pid 1588)
               17318 kB: com.tianci.de (pid 2027)
               17097 kB: com.coocaa.os.ccosservice (pid 1741)
               13980 kB: com.tianci.push (pid 1756)
               11531 kB: com.tianci.ad (pid 2262)
               10236 kB: com.coocaa.sysreport (pid 1929)
                9517 kB: com.coocaa.os.softsettings.provider (pid 1917)
                5229 kB: android.process.media (pid 1623)
     6995 kB: B Services
                6995 kB: com.tianci.ad:adUpgrade (pid 2834)
    13593 kB: Cached
               13593 kB: com.tianci.user (pid 3370)

Total PSS by category:
    56343 kB: Dalvik
    51616 kB: Dalvik Other
    49508 kB: .dex mmap
    34344 kB: Unknown
    24277 kB: .so mmap
    17588 kB: Ashmem
    10585 kB: Other dev
     5704 kB: Native
     5683 kB: .apk mmap
     4175 kB: Other mmap
     3596 kB: Stack
      887 kB: .ttf mmap
      152 kB: .jar mmap
        4 kB: Cursor
        0 kB: code mmap
        0 kB: image mmap
        0 kB: Graphics
        0 kB: GL
        0 kB: Memtrack

Total RAM: 463128 kB
 Free RAM: 180453 kB (13593 cached pss + 132212 cached + 34648 free)
 Used RAM: 279221 kB (250869 used pss + 7940 buffers + 184 shmem + 20228 slab)
 Lost RAM: 3454 kB
     ZRAM: 3324 kB physical used for 8156 kB in swap (98300 kB total swap)
   Tuning: 48 (large 128), oom 108462 kB, restore limit 36154 kB (low-ram)
Applications Memory Usage (kB):
Uptime: 237095 Realtime: 237095

Total PSS by process:
   110995 kB: com.tianci.movieplatform (pid 1603 / activities)
    20647 kB: system (pid 1349)
    18054 kB: com.tianci.system (pid 1588)
    17326 kB: com.tianci.de (pid 2027)
    17097 kB: com.coocaa.os.ccosservice (pid 1741)
    13976 kB: com.tianci.push (pid 1756)
    13593 kB: com.tianci.user (pid 3370)
    11531 kB: com.tianci.ad (pid 2262)
    10228 kB: com.coocaa.sysreport (pid 1929)
     9517 kB: com.coocaa.os.softsettings.provider (pid 1917)
     7752 kB: mediaserver (pid 747)
     6995 kB: com.tianci.ad:adUpgrade (pid 2834)
     6411 kB: zygote (pid 743)
     5232 kB: android.process.media (pid 1623)
     4139 kB: com.skyworth.android.skyRMService (pid 1578)
     3673 kB: TvServer (pid 1057)
     1634 kB: surfaceflinger (pid 742)
      843 kB: wpa_supplicant (pid 1505)
      541 kB: drmserver (pid 746)
      371 kB: netd (pid 740)
      318 kB: /init (pid 1)
      293 kB: VirtualEvent (pid 1272)
      278 kB: keystore (pid 749)
      229 kB: dhcpcd (pid 1848)
      215 kB: vold (pid 736)
      204 kB: adbd (pid 1437)
      180 kB: dumpsys (pid 4891)
      148 kB: RootApp (pid 1046)
      141 kB: sh (pid 734)
      123 kB: coocaa_guard (pid 755)
      119 kB: FileDesc_server (pid 751)
      114 kB: sdcard (pid 757)
      112 kB: healthd (pid 733)
       72 kB: ueventd (pid 512)
       53 kB: servicemanager (pid 735)
       49 kB: keypad (pid 739)
       46 kB: logwrapper (pid 1041)
       37 kB: hardwared (pid 737)
       36 kB: installd (pid 748)
       31 kB: debuggerd (pid 741)
       19 kB: smobsd (pid 1276)
        0 kB: sh (pid 4918)
        0 kB: ps (pid 4920)
        0 kB: grep (pid 4921)
        0 kB: awk (pid 4922)

Total PSS by OOM adjustment:
    24042 kB: Native
                7752 kB: mediaserver (pid 747)
                6411 kB: zygote (pid 743)
                3673 kB: TvServer (pid 1057)
                1634 kB: surfaceflinger (pid 742)
                 843 kB: wpa_supplicant (pid 1505)
                 541 kB: drmserver (pid 746)
                 371 kB: netd (pid 740)
                 318 kB: /init (pid 1)
                 293 kB: VirtualEvent (pid 1272)
                 278 kB: keystore (pid 749)
                 229 kB: dhcpcd (pid 1848)
                 215 kB: vold (pid 736)
                 204 kB: adbd (pid 1437)
                 180 kB: dumpsys (pid 4891)
                 148 kB: RootApp (pid 1046)
                 141 kB: sh (pid 734)
                 123 kB: coocaa_guard (pid 755)
                 119 kB: FileDesc_server (pid 751)
                 114 kB: sdcard (pid 757)
                 112 kB: healthd (pid 733)
                  72 kB: ueventd (pid 512)
                  53 kB: servicemanager (pid 735)
                  49 kB: keypad (pid 739)
                  46 kB: logwrapper (pid 1041)
                  37 kB: hardwared (pid 737)
                  36 kB: installd (pid 748)
                  31 kB: debuggerd (pid 741)
                  19 kB: smobsd (pid 1276)
                   0 kB: sh (pid 4918)
                   0 kB: ps (pid 4920)
                   0 kB: grep (pid 4921)
                   0 kB: awk (pid 4922)
    20647 kB: System
               20647 kB: system (pid 1349)
     4139 kB: Persistent
                4139 kB: com.skyworth.android.skyRMService (pid 1578)
   213956 kB: Foreground
              110995 kB: com.tianci.movieplatform (pid 1603 / activities)
               18054 kB: com.tianci.system (pid 1588)
               17326 kB: com.tianci.de (pid 2027)
               17097 kB: com.coocaa.os.ccosservice (pid 1741)
               13976 kB: com.tianci.push (pid 1756)
               11531 kB: com.tianci.ad (pid 2262)
               10228 kB: com.coocaa.sysreport (pid 1929)
                9517 kB: com.coocaa.os.softsettings.provider (pid 1917)
                5232 kB: android.process.media (pid 1623)
     6995 kB: B Services
                6995 kB: com.tianci.ad:adUpgrade (pid 2834)
    13593 kB: Cached
               13593 kB: com.tianci.user (pid 3370)

Total PSS by category:
    56888 kB: Dalvik
    51628 kB: Dalvik Other
    49745 kB: .dex mmap
    35064 kB: Unknown
    28532 kB: Ashmem
    24404 kB: .so mmap
    16497 kB: Other dev
     5708 kB: Native
     5683 kB: .apk mmap
     4200 kB: Other mmap
     3652 kB: Stack
     1215 kB: .ttf mmap
      152 kB: .jar mmap
        4 kB: Cursor
        0 kB: code mmap
        0 kB: image mmap
        0 kB: Graphics
        0 kB: GL
        0 kB: Memtrack

Total RAM: 463128 kB
 Free RAM: 167697 kB (13593 cached pss + 135628 cached + 18476 free)
 Used RAM: 298623 kB (269779 used pss + 8344 buffers + 184 shmem + 20316 slab)
 Lost RAM: -3192 kB
     ZRAM: 3324 kB physical used for 8156 kB in swap (98300 kB total swap)
   Tuning: 48 (large 128), oom 108462 kB, restore limit 36154 kB (low-ram)
Applications Memory Usage (kB):
Uptime: 240182 Realtime: 240182

Total PSS by process:
    97828 kB: com.tianci.movieplatform (pid 1603 / activities)
    20755 kB: system (pid 1349)
    18190 kB: com.tianci.system (pid 1588)
    17351 kB: com.coocaa.os.ccosservice (pid 1741)
    17338 kB: com.tianci.de (pid 2027)
    13979 kB: com.tianci.push (pid 1756)
    13593 kB: com.tianci.user (pid 3370)
    11530 kB: com.tianci.ad (pid 2262)
    10224 kB: com.coocaa.sysreport (pid 1929)
     9520 kB: com.coocaa.os.softsettings.provider (pid 1917)
     7752 kB: mediaserver (pid 747)
     6995 kB: com.tianci.ad:adUpgrade (pid 2834)
     6411 kB: zygote (pid 743)
     5232 kB: android.process.media (pid 1623)
     4179 kB: com.skyworth.android.skyRMService (pid 1578)
     3673 kB: TvServer (pid 1057)
     1874 kB: surfaceflinger (pid 742)
      843 kB: wpa_supplicant (pid 1505)
      541 kB: drmserver (pid 746)
      371 kB: netd (pid 740)
      318 kB: /init (pid 1)
      293 kB: VirtualEvent (pid 1272)
      278 kB: keystore (pid 749)
      229 kB: dhcpcd (pid 1848)
      215 kB: vold (pid 736)
      204 kB: adbd (pid 1437)
      148 kB: RootApp (pid 1046)
      141 kB: sh (pid 734)
      122 kB: coocaa_guard (pid 755)
      118 kB: FileDesc_server (pid 751)
      114 kB: sdcard (pid 757)
      112 kB: healthd (pid 733)
       72 kB: ueventd (pid 512)
       53 kB: servicemanager (pid 735)
       49 kB: keypad (pid 739)
       46 kB: logwrapper (pid 1041)
       37 kB: hardwared (pid 737)
       36 kB: installd (pid 748)
       31 kB: debuggerd (pid 741)
       19 kB: smobsd (pid 1276)
        0 kB: dumpsys (pid 4891)
        0 kB: sh (pid 4918)
        0 kB: ps (pid 4920)
        0 kB: grep (pid 4921)
        0 kB: awk (pid 4922)

Total PSS by OOM adjustment:
    24100 kB: Native
                7752 kB: mediaserver (pid 747)
                6411 kB: zygote (pid 743)
                3673 kB: TvServer (pid 1057)
                1874 kB: surfaceflinger (pid 742)
                 843 kB: wpa_supplicant (pid 1505)
                 541 kB: drmserver (pid 746)
                 371 kB: netd (pid 740)
                 318 kB: /init (pid 1)
                 293 kB: VirtualEvent (pid 1272)
                 278 kB: keystore (pid 749)
                 229 kB: dhcpcd (pid 1848)
                 215 kB: vold (pid 736)
                 204 kB: adbd (pid 1437)
                 148 kB: RootApp (pid 1046)
                 141 kB: sh (pid 734)
                 122 kB: coocaa_guard (pid 755)
                 118 kB: FileDesc_server (pid 751)
                 114 kB: sdcard (pid 757)
                 112 kB: healthd (pid 733)
                  72 kB: ueventd (pid 512)
                  53 kB: servicemanager (pid 735)
                  49 kB: keypad (pid 739)
                  46 kB: logwrapper (pid 1041)
                  37 kB: hardwared (pid 737)
                  36 kB: installd (pid 748)
                  31 kB: debuggerd (pid 741)
                  19 kB: smobsd (pid 1276)
                   0 kB: dumpsys (pid 4891)
                   0 kB: sh (pid 4918)
                   0 kB: ps (pid 4920)
                   0 kB: grep (pid 4921)
                   0 kB: awk (pid 4922)
    20755 kB: System
               20755 kB: system (pid 1349)
     4179 kB: Persistent
                4179 kB: com.skyworth.android.skyRMService (pid 1578)
   201192 kB: Foreground
               97828 kB: com.tianci.movieplatform (pid 1603 / activities)
               18190 kB: com.tianci.system (pid 1588)
               17351 kB: com.coocaa.os.ccosservice (pid 1741)
               17338 kB: com.tianci.de (pid 2027)
               13979 kB: com.tianci.push (pid 1756)
               11530 kB: com.tianci.ad (pid 2262)
               10224 kB: com.coocaa.sysreport (pid 1929)
                9520 kB: com.coocaa.os.softsettings.provider (pid 1917)
                5232 kB: android.process.media (pid 1623)
     6995 kB: A Services
                6995 kB: com.tianci.ad:adUpgrade (pid 2834)
    13593 kB: Cached
               13593 kB: com.tianci.user (pid 3370)

Total PSS by category:
    57245 kB: Dalvik
    51620 kB: Dalvik Other
    49960 kB: .dex mmap
    34948 kB: Unknown
    24291 kB: .so mmap
    21232 kB: Ashmem
    10741 kB: Other dev
     5936 kB: Native
     5683 kB: .apk mmap
     4179 kB: Other mmap
     3624 kB: Stack
     1199 kB: .ttf mmap
      152 kB: .jar mmap
        4 kB: Cursor
        0 kB: code mmap
        0 kB: image mmap
        0 kB: Graphics
        0 kB: GL
        0 kB: Memtrack

Total RAM: 463128 kB
 Free RAM: 174877 kB (13593 cached pss + 135920 cached + 25364 free)
 Used RAM: 286605 kB (257221 used pss + 8816 buffers + 184 shmem + 20384 slab)
 Lost RAM: 1646 kB
     ZRAM: 3324 kB physical used for 8156 kB in swap (98300 kB total swap)
   Tuning: 48 (large 128), oom 108462 kB, restore limit 36154 kB (low-ram)
Applications Memory Usage (kB):
Uptime: 242887 Realtime: 242887

Total PSS by process:
    99039 kB: com.tianci.movieplatform (pid 1603 / activities)
    20808 kB: system (pid 1349)
    18190 kB: com.tianci.system (pid 1588)
    17350 kB: com.tianci.de (pid 2027)
    17349 kB: com.coocaa.os.ccosservice (pid 1741)
    13979 kB: com.tianci.push (pid 1756)
    13593 kB: com.tianci.user (pid 3370)
    11530 kB: com.tianci.ad (pid 2262)
    10316 kB: com.coocaa.sysreport (pid 1929)
     9520 kB: com.coocaa.os.softsettings.provider (pid 1917)
     7752 kB: mediaserver (pid 747)
     6995 kB: com.tianci.ad:adUpgrade (pid 2834)
     6411 kB: zygote (pid 743)
     5232 kB: android.process.media (pid 1623)
     4183 kB: com.skyworth.android.skyRMService (pid 1578)
     3673 kB: TvServer (pid 1057)
     1634 kB: surfaceflinger (pid 742)
      843 kB: wpa_supplicant (pid 1505)
      541 kB: drmserver (pid 746)
      371 kB: netd (pid 740)
      318 kB: /init (pid 1)
      293 kB: VirtualEvent (pid 1272)
      278 kB: keystore (pid 749)
      229 kB: dhcpcd (pid 1848)
      215 kB: vold (pid 736)
      204 kB: adbd (pid 1437)
      180 kB: dumpsys (pid 4997)
      148 kB: RootApp (pid 1046)
      141 kB: sh (pid 734)
      123 kB: coocaa_guard (pid 755)
      119 kB: FileDesc_server (pid 751)
      114 kB: sdcard (pid 757)
      112 kB: healthd (pid 733)
       72 kB: ueventd (pid 512)
       53 kB: servicemanager (pid 735)
       49 kB: keypad (pid 739)
       46 kB: logwrapper (pid 1041)
       37 kB: hardwared (pid 737)
       36 kB: installd (pid 748)
       31 kB: debuggerd (pid 741)
       19 kB: smobsd (pid 1276)

Total PSS by OOM adjustment:
    24042 kB: Native
                7752 kB: mediaserver (pid 747)
                6411 kB: zygote (pid 743)
                3673 kB: TvServer (pid 1057)
                1634 kB: surfaceflinger (pid 742)
                 843 kB: wpa_supplicant (pid 1505)
                 541 kB: drmserver (pid 746)
                 371 kB: netd (pid 740)
                 318 kB: /init (pid 1)
                 293 kB: VirtualEvent (pid 1272)
                 278 kB: keystore (pid 749)
                 229 kB: dhcpcd (pid 1848)
                 215 kB: vold (pid 736)
                 204 kB: adbd (pid 1437)
                 180 kB: dumpsys (pid 4997)
                 148 kB: RootApp (pid 1046)
                 141 kB: sh (pid 734)
                 123 kB: coocaa_guard (pid 755)
                 119 kB: FileDesc_server (pid 751)
                 114 kB: sdcard (pid 757)
                 112 kB: healthd (pid 733)
                  72 kB: ueventd (pid 512)
                  53 kB: servicemanager (pid 735)
                  49 kB: keypad (pid 739)
                  46 kB: logwrapper (pid 1041)
                  37 kB: hardwared (pid 737)
                  36 kB: installd (pid 748)
                  31 kB: debuggerd (pid 741)
                  19 kB: smobsd (pid 1276)
    20808 kB: System
               20808 kB: system (pid 1349)
     4183 kB: Persistent
                4183 kB: com.skyworth.android.skyRMService (pid 1578)
   202505 kB: Foreground
               99039 kB: com.tianci.movieplatform (pid 1603 / activities)
               18190 kB: com.tianci.system (pid 1588)
               17350 kB: com.tianci.de (pid 2027)
               17349 kB: com.coocaa.os.ccosservice (pid 1741)
               13979 kB: com.tianci.push (pid 1756)
               11530 kB: com.tianci.ad (pid 2262)
               10316 kB: com.coocaa.sysreport (pid 1929)
                9520 kB: com.coocaa.os.softsettings.provider (pid 1917)
                5232 kB: android.process.media (pid 1623)
     6995 kB: A Services
                6995 kB: com.tianci.ad:adUpgrade (pid 2834)
    13593 kB: Cached
               13593 kB: com.tianci.user (pid 3370)

Total PSS by category:
    57437 kB: Dalvik
    52007 kB: Dalvik Other
    49964 kB: .dex mmap
    35012 kB: Unknown
    24427 kB: .so mmap
    21976 kB: Ashmem
    10741 kB: Other dev
     5708 kB: Native
     5683 kB: .apk mmap
     4200 kB: Other mmap
     3616 kB: Stack
     1199 kB: .ttf mmap
      152 kB: .jar mmap
        4 kB: Cursor
        0 kB: code mmap
        0 kB: image mmap
        0 kB: Graphics
        0 kB: GL
        0 kB: Memtrack

Total RAM: 463128 kB
 Free RAM: 171305 kB (13593 cached pss + 136436 cached + 21276 free)
 Used RAM: 288305 kB (258533 used pss + 9188 buffers + 184 shmem + 20400 slab)
 Lost RAM: 3518 kB
     ZRAM: 3324 kB physical used for 8156 kB in swap (98300 kB total swap)
   Tuning: 48 (large 128), oom 108462 kB, restore limit 36154 kB (low-ram)
Applications Memory Usage (kB):
Uptime: 245591 Realtime: 245592

Total PSS by process:
   113715 kB: com.tianci.movieplatform (pid 1603 / activities)
    20640 kB: system (pid 1349)
    17906 kB: com.tianci.system (pid 1588)
    17362 kB: com.tianci.de (pid 2027)
    16934 kB: com.coocaa.os.ccosservice (pid 1741)
    13967 kB: com.tianci.push (pid 1756)
    13593 kB: com.tianci.user (pid 3370)
    11530 kB: com.tianci.ad (pid 2262)
    10280 kB: com.coocaa.sysreport (pid 1929)
     9520 kB: com.coocaa.os.softsettings.provider (pid 1917)
     7752 kB: mediaserver (pid 747)
     6995 kB: com.tianci.ad:adUpgrade (pid 2834)
     6411 kB: zygote (pid 743)
     5232 kB: android.process.media (pid 1623)
     4183 kB: com.skyworth.android.skyRMService (pid 1578)
     3673 kB: TvServer (pid 1057)
     1634 kB: surfaceflinger (pid 742)
      843 kB: wpa_supplicant (pid 1505)
      541 kB: drmserver (pid 746)
      371 kB: netd (pid 740)
      318 kB: /init (pid 1)
      293 kB: VirtualEvent (pid 1272)
      278 kB: keystore (pid 749)
      229 kB: dhcpcd (pid 1848)
      215 kB: vold (pid 736)
      208 kB: adbd (pid 1437)
      148 kB: RootApp (pid 1046)
      141 kB: sh (pid 734)
      123 kB: coocaa_guard (pid 755)
      119 kB: FileDesc_server (pid 751)
      114 kB: sdcard (pid 757)
      112 kB: healthd (pid 733)
       72 kB: ueventd (pid 512)
       53 kB: servicemanager (pid 735)
       49 kB: keypad (pid 739)
       46 kB: logwrapper (pid 1041)
       37 kB: hardwared (pid 737)
       36 kB: installd (pid 748)
       31 kB: debuggerd (pid 741)
       19 kB: smobsd (pid 1276)
        0 kB: dumpsys (pid 4997)

Total PSS by OOM adjustment:
    23866 kB: Native
                7752 kB: mediaserver (pid 747)
                6411 kB: zygote (pid 743)
                3673 kB: TvServer (pid 1057)
                1634 kB: surfaceflinger (pid 742)
                 843 kB: wpa_supplicant (pid 1505)
                 541 kB: drmserver (pid 746)
                 371 kB: netd (pid 740)
                 318 kB: /init (pid 1)
                 293 kB: VirtualEvent (pid 1272)
                 278 kB: keystore (pid 749)
                 229 kB: dhcpcd (pid 1848)
                 215 kB: vold (pid 736)
                 208 kB: adbd (pid 1437)
                 148 kB: RootApp (pid 1046)
                 141 kB: sh (pid 734)
                 123 kB: coocaa_guard (pid 755)
                 119 kB: FileDesc_server (pid 751)
                 114 kB: sdcard (pid 757)
                 112 kB: healthd (pid 733)
                  72 kB: ueventd (pid 512)
                  53 kB: servicemanager (pid 735)
                  49 kB: keypad (pid 739)
                  46 kB: logwrapper (pid 1041)
                  37 kB: hardwared (pid 737)
                  36 kB: installd (pid 748)
                  31 kB: debuggerd (pid 741)
                  19 kB: smobsd (pid 1276)
                   0 kB: dumpsys (pid 4997)
    20640 kB: System
               20640 kB: system (pid 1349)
     4183 kB: Persistent
                4183 kB: com.skyworth.android.skyRMService (pid 1578)
   216446 kB: Foreground
              113715 kB: com.tianci.movieplatform (pid 1603 / activities)
               17906 kB: com.tianci.system (pid 1588)
               17362 kB: com.tianci.de (pid 2027)
               16934 kB: com.coocaa.os.ccosservice (pid 1741)
               13967 kB: com.tianci.push (pid 1756)
               11530 kB: com.tianci.ad (pid 2262)
               10280 kB: com.coocaa.sysreport (pid 1929)
                9520 kB: com.coocaa.os.softsettings.provider (pid 1917)
                5232 kB: android.process.media (pid 1623)
     6995 kB: A Services
                6995 kB: com.tianci.ad:adUpgrade (pid 2834)
    13593 kB: Cached
               13593 kB: com.tianci.user (pid 3370)

Total PSS by category:
    57257 kB: Dalvik
    51935 kB: Dalvik Other
    49536 kB: .dex mmap
    37136 kB: Unknown
    29036 kB: Ashmem
    24293 kB: .so mmap
    15973 kB: Other dev
     5708 kB: Native
     5683 kB: .apk mmap
     4179 kB: Other mmap
     3612 kB: Stack
     1215 kB: .ttf mmap
      152 kB: .jar mmap
        8 kB: Cursor
        0 kB: code mmap
        0 kB: image mmap
        0 kB: Graphics
        0 kB: GL
        0 kB: Memtrack

Total RAM: 463128 kB
 Free RAM: 159009 kB (13593 cached pss + 136164 cached + 9252 free)
 Used RAM: 302358 kB (272130 used pss + 9560 buffers + 184 shmem + 20484 slab)
 Lost RAM: 1761 kB
     ZRAM: 3324 kB physical used for 8156 kB in swap (98300 kB total swap)
   Tuning: 48 (large 128), oom 108462 kB, restore limit 36154 kB (low-ram)
Applications Memory Usage (kB):
Uptime: 248583 Realtime: 248583

Total PSS by process:
   113520 kB: com.tianci.movieplatform (pid 1603 / activities)
    20733 kB: system (pid 1349)
    17905 kB: com.tianci.system (pid 1588)
    17370 kB: com.tianci.de (pid 2027)
    16935 kB: com.coocaa.os.ccosservice (pid 1741)
    13967 kB: com.tianci.push (pid 1756)
    13591 kB: com.tianci.user (pid 3370)
    11529 kB: com.tianci.ad (pid 2262)
    10476 kB: com.coocaa.sysreport (pid 1929)
     9521 kB: com.coocaa.os.softsettings.provider (pid 1917)
     7752 kB: mediaserver (pid 747)
     6995 kB: com.tianci.ad:adUpgrade (pid 2834)
     6411 kB: zygote (pid 743)
     5232 kB: android.process.media (pid 1623)
     4243 kB: com.skyworth.android.skyRMService (pid 1578)
     3673 kB: TvServer (pid 1057)
     1638 kB: surfaceflinger (pid 742)
      839 kB: wpa_supplicant (pid 1505)
      541 kB: drmserver (pid 746)
      371 kB: netd (pid 740)
      318 kB: /init (pid 1)
      293 kB: VirtualEvent (pid 1272)
      278 kB: keystore (pid 749)
      229 kB: dhcpcd (pid 1848)
      215 kB: vold (pid 736)
      208 kB: adbd (pid 1437)
      180 kB: dumpsys (pid 5125)
      148 kB: RootApp (pid 1046)
      141 kB: sh (pid 734)
      123 kB: coocaa_guard (pid 755)
      119 kB: FileDesc_server (pid 751)
      114 kB: sdcard (pid 757)
      112 kB: healthd (pid 733)
       72 kB: ueventd (pid 512)
       53 kB: servicemanager (pid 735)
       49 kB: keypad (pid 739)
       46 kB: logwrapper (pid 1041)
       37 kB: hardwared (pid 737)
       36 kB: installd (pid 748)
       31 kB: debuggerd (pid 741)
       19 kB: smobsd (pid 1276)

Total PSS by OOM adjustment:
    24046 kB: Native
                7752 kB: mediaserver (pid 747)
                6411 kB: zygote (pid 743)
                3673 kB: TvServer (pid 1057)
                1638 kB: surfaceflinger (pid 742)
                 839 kB: wpa_supplicant (pid 1505)
                 541 kB: drmserver (pid 746)
                 371 kB: netd (pid 740)
                 318 kB: /init (pid 1)
                 293 kB: VirtualEvent (pid 1272)
                 278 kB: keystore (pid 749)
                 229 kB: dhcpcd (pid 1848)
                 215 kB: vold (pid 736)
                 208 kB: adbd (pid 1437)
                 180 kB: dumpsys (pid 5125)
                 148 kB: RootApp (pid 1046)
                 141 kB: sh (pid 734)
                 123 kB: coocaa_guard (pid 755)
                 119 kB: FileDesc_server (pid 751)
                 114 kB: sdcard (pid 757)
                 112 kB: healthd (pid 733)
                  72 kB: ueventd (pid 512)
                  53 kB: servicemanager (pid 735)
                  49 kB: keypad (pid 739)
                  46 kB: logwrapper (pid 1041)
                  37 kB: hardwared (pid 737)
                  36 kB: installd (pid 748)
                  31 kB: debuggerd (pid 741)
                  19 kB: smobsd (pid 1276)
    20733 kB: System
               20733 kB: system (pid 1349)
     4243 kB: Persistent
                4243 kB: com.skyworth.android.skyRMService (pid 1578)
   216455 kB: Foreground
              113520 kB: com.tianci.movieplatform (pid 1603 / activities)
               17905 kB: com.tianci.system (pid 1588)
               17370 kB: com.tianci.de (pid 2027)
               16935 kB: com.coocaa.os.ccosservice (pid 1741)
               13967 kB: com.tianci.push (pid 1756)
               11529 kB: com.tianci.ad (pid 2262)
               10476 kB: com.coocaa.sysreport (pid 1929)
                9521 kB: com.coocaa.os.softsettings.provider (pid 1917)
                5232 kB: android.process.media (pid 1623)
     6995 kB: A Services
                6995 kB: com.tianci.ad:adUpgrade (pid 2834)
    13591 kB: Cached
               13591 kB: com.tianci.user (pid 3370)

Total PSS by category:
    57557 kB: Dalvik
    51664 kB: Dalvik Other
    49550 kB: .dex mmap
    37120 kB: Unknown
    29100 kB: Ashmem
    24430 kB: .so mmap
    16057 kB: Other dev
     5712 kB: Native
     5683 kB: .apk mmap
     4195 kB: Other mmap
     3620 kB: Stack
     1219 kB: .ttf mmap
      152 kB: .jar mmap
        4 kB: Cursor
        0 kB: code mmap
        0 kB: image mmap
        0 kB: Graphics
        0 kB: GL
        0 kB: Memtrack

Total RAM: 463128 kB
 Free RAM: 154531 kB (13591 cached pss + 136544 cached + 4396 free)
 Used RAM: 303056 kB (272472 used pss + 9856 buffers + 184 shmem + 20544 slab)
 Lost RAM: 5541 kB
     ZRAM: 3332 kB physical used for 8176 kB in swap (98300 kB total swap)
   Tuning: 48 (large 128), oom 108462 kB, restore limit 36154 kB (low-ram)
Applications Memory Usage (kB):
Uptime: 251527 Realtime: 251527

Total PSS by process:
   115471 kB: com.tianci.movieplatform (pid 1603 / activities)
    20708 kB: system (pid 1349)
    17890 kB: com.tianci.system (pid 1588)
    17172 kB: com.tianci.de (pid 2027)
    16946 kB: com.coocaa.os.ccosservice (pid 1741)
    13953 kB: com.tianci.push (pid 1756)
    13589 kB: com.tianci.user (pid 3370)
    11526 kB: com.tianci.ad (pid 2262)
    10460 kB: com.coocaa.sysreport (pid 1929)
     9518 kB: com.coocaa.os.softsettings.provider (pid 1917)
     7752 kB: mediaserver (pid 747)
     6993 kB: com.tianci.ad:adUpgrade (pid 2834)
     6410 kB: zygote (pid 743)
     5229 kB: android.process.media (pid 1623)
     4243 kB: com.skyworth.android.skyRMService (pid 1578)
     3673 kB: TvServer (pid 1057)
     1634 kB: surfaceflinger (pid 742)
      839 kB: wpa_supplicant (pid 1505)
      541 kB: drmserver (pid 746)
      371 kB: netd (pid 740)
      318 kB: /init (pid 1)
      293 kB: VirtualEvent (pid 1272)
      278 kB: keystore (pid 749)
      229 kB: dhcpcd (pid 1848)
      214 kB: vold (pid 736)
      208 kB: adbd (pid 1437)
      148 kB: RootApp (pid 1046)
      123 kB: coocaa_guard (pid 755)
      119 kB: FileDesc_server (pid 751)
      114 kB: sdcard (pid 757)
      112 kB: healthd (pid 733)
       77 kB: sh (pid 734)
       72 kB: ueventd (pid 512)
       53 kB: servicemanager (pid 735)
       49 kB: keypad (pid 739)
       46 kB: logwrapper (pid 1041)
       37 kB: hardwared (pid 737)
       36 kB: installd (pid 748)
       31 kB: debuggerd (pid 741)
       19 kB: smobsd (pid 1276)
        0 kB: dumpsys (pid 5125)

Total PSS by OOM adjustment:
    23796 kB: Native
                7752 kB: mediaserver (pid 747)
                6410 kB: zygote (pid 743)
                3673 kB: TvServer (pid 1057)
                1634 kB: surfaceflinger (pid 742)
                 839 kB: wpa_supplicant (pid 1505)
                 541 kB: drmserver (pid 746)
                 371 kB: netd (pid 740)
                 318 kB: /init (pid 1)
                 293 kB: VirtualEvent (pid 1272)
                 278 kB: keystore (pid 749)
                 229 kB: dhcpcd (pid 1848)
                 214 kB: vold (pid 736)
                 208 kB: adbd (pid 1437)
                 148 kB: RootApp (pid 1046)
                 123 kB: coocaa_guard (pid 755)
                 119 kB: FileDesc_server (pid 751)
                 114 kB: sdcard (pid 757)
                 112 kB: healthd (pid 733)
                  77 kB: sh (pid 734)
                  72 kB: ueventd (pid 512)
                  53 kB: servicemanager (pid 735)
                  49 kB: keypad (pid 739)
                  46 kB: logwrapper (pid 1041)
                  37 kB: hardwared (pid 737)
                  36 kB: installd (pid 748)
                  31 kB: debuggerd (pid 741)
                  19 kB: smobsd (pid 1276)
                   0 kB: dumpsys (pid 5125)
    20708 kB: System
               20708 kB: system (pid 1349)
     4243 kB: Persistent
                4243 kB: com.skyworth.android.skyRMService (pid 1578)
   218165 kB: Foreground
              115471 kB: com.tianci.movieplatform (pid 1603 / activities)
               17890 kB: com.tianci.system (pid 1588)
               17172 kB: com.tianci.de (pid 2027)
               16946 kB: com.coocaa.os.ccosservice (pid 1741)
               13953 kB: com.tianci.push (pid 1756)
               11526 kB: com.tianci.ad (pid 2262)
               10460 kB: com.coocaa.sysreport (pid 1929)
                9518 kB: com.coocaa.os.softsettings.provider (pid 1917)
                5229 kB: android.process.media (pid 1623)
     6993 kB: A Services
                6993 kB: com.tianci.ad:adUpgrade (pid 2834)
    13589 kB: Cached
               13589 kB: com.tianci.user (pid 3370)

Total PSS by category:
    57753 kB: Dalvik
    51595 kB: Dalvik Other
    49526 kB: .dex mmap
    37332 kB: Unknown
    32252 kB: Ashmem
    24283 kB: .so mmap
    14265 kB: Other dev
     5708 kB: Native
     5675 kB: .apk mmap
     4078 kB: Other mmap
     3648 kB: Stack
     1223 kB: .ttf mmap
      152 kB: .jar mmap
        4 kB: Cursor
        0 kB: code mmap
        0 kB: image mmap
        0 kB: Graphics
        0 kB: GL
        0 kB: Memtrack

Total RAM: 463128 kB
 Free RAM: 158317 kB (13589 cached pss + 134688 cached + 10040 free)
 Used RAM: 303889 kB (273905 used pss + 9220 buffers + 184 shmem + 20580 slab)
 Lost RAM: 922 kB
     ZRAM: 3352 kB physical used for 8240 kB in swap (98300 kB total swap)
   Tuning: 48 (large 128), oom 108462 kB, restore limit 36154 kB (low-ram)
Applications Memory Usage (kB):
Uptime: 254232 Realtime: 254232

Total PSS by process:
   113307 kB: com.tianci.movieplatform (pid 1603 / activities)
    20763 kB: system (pid 1349)
    17922 kB: com.tianci.system (pid 1588)
    17180 kB: com.tianci.de (pid 2027)
    16954 kB: com.coocaa.os.ccosservice (pid 1741)
    13953 kB: com.tianci.push (pid 1756)
    13589 kB: com.tianci.user (pid 3370)
    11526 kB: com.tianci.ad (pid 2262)
    10388 kB: com.coocaa.sysreport (pid 1929)
     9518 kB: com.coocaa.os.softsettings.provider (pid 1917)
     7752 kB: mediaserver (pid 747)
     6993 kB: com.tianci.ad:adUpgrade (pid 2834)
     6411 kB: zygote (pid 743)
     5229 kB: android.process.media (pid 1623)
     4071 kB: com.skyworth.android.skyRMService (pid 1578)
     3673 kB: TvServer (pid 1057)
     1634 kB: surfaceflinger (pid 742)
      843 kB: wpa_supplicant (pid 1505)
      541 kB: drmserver (pid 746)
      371 kB: netd (pid 740)
      318 kB: /init (pid 1)
      293 kB: VirtualEvent (pid 1272)
      278 kB: keystore (pid 749)
      229 kB: dhcpcd (pid 1848)
      215 kB: vold (pid 736)
      208 kB: adbd (pid 1437)
      180 kB: dumpsys (pid 5229)
      148 kB: RootApp (pid 1046)
      141 kB: sh (pid 734)
      123 kB: coocaa_guard (pid 755)
      119 kB: FileDesc_server (pid 751)
      114 kB: sdcard (pid 757)
      112 kB: healthd (pid 733)
       72 kB: ueventd (pid 512)
       53 kB: servicemanager (pid 735)
       49 kB: keypad (pid 739)
       46 kB: logwrapper (pid 1041)
       37 kB: hardwared (pid 737)
       36 kB: installd (pid 748)
       31 kB: debuggerd (pid 741)
       19 kB: smobsd (pid 1276)

Total PSS by OOM adjustment:
    24046 kB: Native
                7752 kB: mediaserver (pid 747)
                6411 kB: zygote (pid 743)
                3673 kB: TvServer (pid 1057)
                1634 kB: surfaceflinger (pid 742)
                 843 kB: wpa_supplicant (pid 1505)
                 541 kB: drmserver (pid 746)
                 371 kB: netd (pid 740)
                 318 kB: /init (pid 1)
                 293 kB: VirtualEvent (pid 1272)
                 278 kB: keystore (pid 749)
                 229 kB: dhcpcd (pid 1848)
                 215 kB: vold (pid 736)
                 208 kB: adbd (pid 1437)
                 180 kB: dumpsys (pid 5229)
                 148 kB: RootApp (pid 1046)
                 141 kB: sh (pid 734)
                 123 kB: coocaa_guard (pid 755)
                 119 kB: FileDesc_server (pid 751)
                 114 kB: sdcard (pid 757)
                 112 kB: healthd (pid 733)
                  72 kB: ueventd (pid 512)
                  53 kB: servicemanager (pid 735)
                  49 kB: keypad (pid 739)
                  46 kB: logwrapper (pid 1041)
                  37 kB: hardwared (pid 737)
                  36 kB: installd (pid 748)
                  31 kB: debuggerd (pid 741)
                  19 kB: smobsd (pid 1276)
    20763 kB: System
               20763 kB: system (pid 1349)
     4071 kB: Persistent
                4071 kB: com.skyworth.android.skyRMService (pid 1578)
   215977 kB: Foreground
              113307 kB: com.tianci.movieplatform (pid 1603 / activities)
               17922 kB: com.tianci.system (pid 1588)
               17180 kB: com.tianci.de (pid 2027)
               16954 kB: com.coocaa.os.ccosservice (pid 1741)
               13953 kB: com.tianci.push (pid 1756)
               11526 kB: com.tianci.ad (pid 2262)
               10388 kB: com.coocaa.sysreport (pid 1929)
                9518 kB: com.coocaa.os.softsettings.provider (pid 1917)
                5229 kB: android.process.media (pid 1623)
     6993 kB: A Services
                6993 kB: com.tianci.ad:adUpgrade (pid 2834)
    13589 kB: Cached
               13589 kB: com.tianci.user (pid 3370)

Total PSS by category:
    57593 kB: Dalvik
    51602 kB: Dalvik Other
    49530 kB: .dex mmap
    37292 kB: Unknown
    30052 kB: Ashmem
    24432 kB: .so mmap
    14405 kB: Other dev
     5712 kB: Native
     5675 kB: .apk mmap
     4163 kB: Other mmap
     3612 kB: Stack
     1215 kB: .ttf mmap
      152 kB: .jar mmap
        4 kB: Cursor
        0 kB: code mmap
        0 kB: image mmap
        0 kB: Graphics
        0 kB: GL
        0 kB: Memtrack

Total RAM: 463128 kB
 Free RAM: 158669 kB (13589 cached pss + 134752 cached + 10328 free)
 Used RAM: 302194 kB (271850 used pss + 9552 buffers + 184 shmem + 20608 slab)
 Lost RAM: 2265 kB
     ZRAM: 3352 kB physical used for 8240 kB in swap (98300 kB total swap)
   Tuning: 48 (large 128), oom 108462 kB, restore limit 36154 kB (low-ram)
Applications Memory Usage (kB):
Uptime: 256577 Realtime: 256577

Total PSS by process:
   118855 kB: com.tianci.movieplatform (pid 1603 / activities)
    20752 kB: system (pid 1349)
    17914 kB: com.tianci.system (pid 1588)
    17180 kB: com.tianci.de (pid 2027)
    16938 kB: com.coocaa.os.ccosservice (pid 1741)
    13950 kB: com.tianci.push (pid 1756)
    13589 kB: com.tianci.user (pid 3370)
    11525 kB: com.tianci.ad (pid 2262)
    10388 kB: com.coocaa.sysreport (pid 1929)
     9518 kB: com.coocaa.os.softsettings.provider (pid 1917)
     7752 kB: mediaserver (pid 747)
     6993 kB: com.tianci.ad:adUpgrade (pid 2834)
     6411 kB: zygote (pid 743)
     5229 kB: android.process.media (pid 1623)
     4075 kB: com.skyworth.android.skyRMService (pid 1578)
     3673 kB: TvServer (pid 1057)
     1634 kB: surfaceflinger (pid 742)
      839 kB: wpa_supplicant (pid 1505)
      541 kB: drmserver (pid 746)
      371 kB: netd (pid 740)
      318 kB: /init (pid 1)
      293 kB: VirtualEvent (pid 1272)
      278 kB: keystore (pid 749)
      229 kB: dhcpcd (pid 1848)
      215 kB: vold (pid 736)
      208 kB: adbd (pid 1437)
      148 kB: RootApp (pid 1046)
      141 kB: sh (pid 734)
      123 kB: coocaa_guard (pid 755)
      119 kB: FileDesc_server (pid 751)
      114 kB: sdcard (pid 757)
      112 kB: healthd (pid 733)
       72 kB: ueventd (pid 512)
       53 kB: servicemanager (pid 735)
       49 kB: keypad (pid 739)
       46 kB: logwrapper (pid 1041)
       37 kB: hardwared (pid 737)
       36 kB: installd (pid 748)
       31 kB: debuggerd (pid 741)
       19 kB: smobsd (pid 1276)
        0 kB: dumpsys (pid 5229)

Total PSS by OOM adjustment:
    23862 kB: Native
                7752 kB: mediaserver (pid 747)
                6411 kB: zygote (pid 743)
                3673 kB: TvServer (pid 1057)
                1634 kB: surfaceflinger (pid 742)
                 839 kB: wpa_supplicant (pid 1505)
                 541 kB: drmserver (pid 746)
                 371 kB: netd (pid 740)
                 318 kB: /init (pid 1)
                 293 kB: VirtualEvent (pid 1272)
                 278 kB: keystore (pid 749)
                 229 kB: dhcpcd (pid 1848)
                 215 kB: vold (pid 736)
                 208 kB: adbd (pid 1437)
                 148 kB: RootApp (pid 1046)
                 141 kB: sh (pid 734)
                 123 kB: coocaa_guard (pid 755)
                 119 kB: FileDesc_server (pid 751)
                 114 kB: sdcard (pid 757)
                 112 kB: healthd (pid 733)
                  72 kB: ueventd (pid 512)
                  53 kB: servicemanager (pid 735)
                  49 kB: keypad (pid 739)
                  46 kB: logwrapper (pid 1041)
                  37 kB: hardwared (pid 737)
                  36 kB: installd (pid 748)
                  31 kB: debuggerd (pid 741)
                  19 kB: smobsd (pid 1276)
                   0 kB: dumpsys (pid 5229)
    20752 kB: System
               20752 kB: system (pid 1349)
     4075 kB: Persistent
                4075 kB: com.skyworth.android.skyRMService (pid 1578)
   221497 kB: Foreground
              118855 kB: com.tianci.movieplatform (pid 1603 / activities)
               17914 kB: com.tianci.system (pid 1588)
               17180 kB: com.tianci.de (pid 2027)
               16938 kB: com.coocaa.os.ccosservice (pid 1741)
               13950 kB: com.tianci.push (pid 1756)
               11525 kB: com.tianci.ad (pid 2262)
               10388 kB: com.coocaa.sysreport (pid 1929)
                9518 kB: com.coocaa.os.softsettings.provider (pid 1917)
                5229 kB: android.process.media (pid 1623)
     6993 kB: A Services
                6993 kB: com.tianci.ad:adUpgrade (pid 2834)
    13589 kB: Cached
               13589 kB: com.tianci.user (pid 3370)

Total PSS by category:
    57917 kB: Dalvik
    51636 kB: Dalvik Other
    49514 kB: .dex mmap
    37292 kB: Unknown
    29188 kB: Ashmem
    24297 kB: .so mmap
    20329 kB: Other dev
     5708 kB: Native
     5675 kB: .apk mmap
     4137 kB: Other mmap
     3600 kB: Stack
     1319 kB: .ttf mmap
      152 kB: .jar mmap
        4 kB: Cursor
        0 kB: code mmap
        0 kB: image mmap
        0 kB: Graphics
        0 kB: GL
        0 kB: Memtrack

Total RAM: 463128 kB
 Free RAM: 153253 kB (13589 cached pss + 131376 cached + 8288 free)
 Used RAM: 306955 kB (277179 used pss + 8924 buffers + 184 shmem + 20668 slab)
 Lost RAM: 2920 kB
     ZRAM: 3352 kB physical used for 8252 kB in swap (98300 kB total swap)
   Tuning: 48 (large 128), oom 108462 kB, restore limit 36154 kB (low-ram)
Applications Memory Usage (kB):
Uptime: 259287 Realtime: 259287

Total PSS by process:
   118539 kB: com.tianci.movieplatform (pid 1603 / activities)
    20606 kB: system (pid 1349)
    17914 kB: com.tianci.system (pid 1588)
    17180 kB: com.tianci.de (pid 2027)
    16922 kB: com.coocaa.os.ccosservice (pid 1741)
    13950 kB: com.tianci.push (pid 1756)
    13589 kB: com.tianci.user (pid 3370)
    11526 kB: com.tianci.ad (pid 2262)
    10388 kB: com.coocaa.sysreport (pid 1929)
     9518 kB: com.coocaa.os.softsettings.provider (pid 1917)
     7752 kB: mediaserver (pid 747)
     6994 kB: com.tianci.ad:adUpgrade (pid 2834)
     6411 kB: zygote (pid 743)
     5229 kB: android.process.media (pid 1623)
     4075 kB: com.skyworth.android.skyRMService (pid 1578)
     3673 kB: TvServer (pid 1057)
     1634 kB: surfaceflinger (pid 742)
      839 kB: wpa_supplicant (pid 1505)
      541 kB: drmserver (pid 746)
      371 kB: netd (pid 740)
      318 kB: /init (pid 1)
      293 kB: VirtualEvent (pid 1272)
      278 kB: keystore (pid 749)
      229 kB: dhcpcd (pid 1848)
      215 kB: vold (pid 736)
      208 kB: adbd (pid 1437)
      180 kB: dumpsys (pid 5320)
      148 kB: RootApp (pid 1046)
      141 kB: sh (pid 734)
      123 kB: coocaa_guard (pid 755)
      118 kB: FileDesc_server (pid 751)
      114 kB: sdcard (pid 757)
      112 kB: healthd (pid 733)
       72 kB: ueventd (pid 512)
       53 kB: servicemanager (pid 735)
       49 kB: keypad (pid 739)
       46 kB: logwrapper (pid 1041)
       37 kB: hardwared (pid 737)
       35 kB: installd (pid 748)
       31 kB: debuggerd (pid 741)
       19 kB: smobsd (pid 1276)

Total PSS by OOM adjustment:
    24040 kB: Native
                7752 kB: mediaserver (pid 747)
                6411 kB: zygote (pid 743)
                3673 kB: TvServer (pid 1057)
                1634 kB: surfaceflinger (pid 742)
                 839 kB: wpa_supplicant (pid 1505)
                 541 kB: drmserver (pid 746)
                 371 kB: netd (pid 740)
                 318 kB: /init (pid 1)
                 293 kB: VirtualEvent (pid 1272)
                 278 kB: keystore (pid 749)
                 229 kB: dhcpcd (pid 1848)
                 215 kB: vold (pid 736)
                 208 kB: adbd (pid 1437)
                 180 kB: dumpsys (pid 5320)
                 148 kB: RootApp (pid 1046)
                 141 kB: sh (pid 734)
                 123 kB: coocaa_guard (pid 755)
                 118 kB: FileDesc_server (pid 751)
                 114 kB: sdcard (pid 757)
                 112 kB: healthd (pid 733)
                  72 kB: ueventd (pid 512)
                  53 kB: servicemanager (pid 735)
                  49 kB: keypad (pid 739)
                  46 kB: logwrapper (pid 1041)
                  37 kB: hardwared (pid 737)
                  35 kB: installd (pid 748)
                  31 kB: debuggerd (pid 741)
                  19 kB: smobsd (pid 1276)
    20606 kB: System
               20606 kB: system (pid 1349)
     4075 kB: Persistent
                4075 kB: com.skyworth.android.skyRMService (pid 1578)
   221166 kB: Foreground
              118539 kB: com.tianci.movieplatform (pid 1603 / activities)
               17914 kB: com.tianci.system (pid 1588)
               17180 kB: com.tianci.de (pid 2027)
               16922 kB: com.coocaa.os.ccosservice (pid 1741)
               13950 kB: com.tianci.push (pid 1756)
               11526 kB: com.tianci.ad (pid 2262)
               10388 kB: com.coocaa.sysreport (pid 1929)
                9518 kB: com.coocaa.os.softsettings.provider (pid 1917)
                5229 kB: android.process.media (pid 1623)
     6994 kB: A Services
                6994 kB: com.tianci.ad:adUpgrade (pid 2834)
    13589 kB: Cached
               13589 kB: com.tianci.user (pid 3370)

Total PSS by category:
    58013 kB: Dalvik
    51629 kB: Dalvik Other
    49492 kB: .dex mmap
    37272 kB: Unknown
    29188 kB: Ashmem
    24430 kB: .so mmap
    19781 kB: Other dev
     5712 kB: Native
     5679 kB: .apk mmap
     4159 kB: Other mmap
     3640 kB: Stack
     1319 kB: .ttf mmap
      152 kB: .jar mmap
        4 kB: Cursor
        0 kB: code mmap
        0 kB: image mmap
        0 kB: Graphics
        0 kB: GL
        0 kB: Memtrack

Total RAM: 463128 kB
 Free RAM: 153013 kB (13589 cached pss + 129944 cached + 9480 free)
 Used RAM: 306845 kB (276881 used pss + 9080 buffers + 184 shmem + 20700 slab)
 Lost RAM: 3270 kB
     ZRAM: 3352 kB physical used for 8280 kB in swap (98300 kB total swap)
   Tuning: 48 (large 128), oom 108462 kB, restore limit 36154 kB (low-ram)
Applications Memory Usage (kB):
Uptime: 261665 Realtime: 261665

Total PSS by process:
   139208 kB: com.tianci.movieplatform (pid 1603 / activities)
    20519 kB: system (pid 1349)
    17771 kB: com.tianci.system (pid 1588)
    16969 kB: com.tianci.de (pid 2027)
    16933 kB: com.coocaa.os.ccosservice (pid 1741)
    13895 kB: com.tianci.push (pid 1756)
    13523 kB: com.tianci.user (pid 3370)
    11497 kB: com.tianci.ad (pid 2262)
    10318 kB: com.coocaa.sysreport (pid 1929)
     9461 kB: com.coocaa.os.softsettings.provider (pid 1917)
     7028 kB: mediaserver (pid 747)
     6955 kB: com.tianci.ad:adUpgrade (pid 2834)
     6405 kB: zygote (pid 743)
     5199 kB: android.process.media (pid 1623)
     4061 kB: com.skyworth.android.skyRMService (pid 1578)
     2217 kB: TvServer (pid 1057)
     1633 kB: surfaceflinger (pid 742)
      831 kB: wpa_supplicant (pid 1505)
      541 kB: drmserver (pid 746)
      371 kB: netd (pid 740)
      318 kB: /init (pid 1)
      293 kB: VirtualEvent (pid 1272)
      278 kB: keystore (pid 749)
      229 kB: dhcpcd (pid 1848)
      211 kB: vold (pid 736)
      208 kB: adbd (pid 1437)
      148 kB: RootApp (pid 1046)
      141 kB: sh (pid 734)
      123 kB: coocaa_guard (pid 755)
      119 kB: FileDesc_server (pid 751)
      114 kB: sdcard (pid 757)
      112 kB: healthd (pid 733)
       72 kB: ueventd (pid 512)
       53 kB: servicemanager (pid 735)
       49 kB: keypad (pid 739)
       46 kB: logwrapper (pid 1041)
       37 kB: hardwared (pid 737)
       36 kB: installd (pid 748)
       31 kB: debuggerd (pid 741)
       19 kB: smobsd (pid 1276)
        0 kB: dumpsys (pid 5320)

Total PSS by OOM adjustment:
    21663 kB: Native
                7028 kB: mediaserver (pid 747)
                6405 kB: zygote (pid 743)
                2217 kB: TvServer (pid 1057)
                1633 kB: surfaceflinger (pid 742)
                 831 kB: wpa_supplicant (pid 1505)
                 541 kB: drmserver (pid 746)
                 371 kB: netd (pid 740)
                 318 kB: /init (pid 1)
                 293 kB: VirtualEvent (pid 1272)
                 278 kB: keystore (pid 749)
                 229 kB: dhcpcd (pid 1848)
                 211 kB: vold (pid 736)
                 208 kB: adbd (pid 1437)
                 148 kB: RootApp (pid 1046)
                 141 kB: sh (pid 734)
                 123 kB: coocaa_guard (pid 755)
                 119 kB: FileDesc_server (pid 751)
                 114 kB: sdcard (pid 757)
                 112 kB: healthd (pid 733)
                  72 kB: ueventd (pid 512)
                  53 kB: servicemanager (pid 735)
                  49 kB: keypad (pid 739)
                  46 kB: logwrapper (pid 1041)
                  37 kB: hardwared (pid 737)
                  36 kB: installd (pid 748)
                  31 kB: debuggerd (pid 741)
                  19 kB: smobsd (pid 1276)
                   0 kB: dumpsys (pid 5320)
    20519 kB: System
               20519 kB: system (pid 1349)
     4061 kB: Persistent
                4061 kB: com.skyworth.android.skyRMService (pid 1578)
   241251 kB: Foreground
              139208 kB: com.tianci.movieplatform (pid 1603 / activities)
               17771 kB: com.tianci.system (pid 1588)
               16969 kB: com.tianci.de (pid 2027)
               16933 kB: com.coocaa.os.ccosservice (pid 1741)
               13895 kB: com.tianci.push (pid 1756)
               11497 kB: com.tianci.ad (pid 2262)
               10318 kB: com.coocaa.sysreport (pid 1929)
                9461 kB: com.coocaa.os.softsettings.provider (pid 1917)
                5199 kB: android.process.media (pid 1623)
     6955 kB: A Services
                6955 kB: com.tianci.ad:adUpgrade (pid 2834)
    13523 kB: Cached
               13523 kB: com.tianci.user (pid 3370)

Total PSS by category:
    61097 kB: Dalvik
    52085 kB: Dalvik Other
    50765 kB: .dex mmap
    48584 kB: Unknown
    30508 kB: Ashmem
    24212 kB: .so mmap
    21397 kB: Other dev
     5151 kB: .apk mmap
     5008 kB: Native
     4112 kB: Other mmap
     3584 kB: Stack
     1325 kB: .ttf mmap
      140 kB: .jar mmap
        4 kB: Cursor
        0 kB: code mmap
        0 kB: image mmap
        0 kB: Graphics
        0 kB: GL
        0 kB: Memtrack

Total RAM: 463128 kB
 Free RAM: 148379 kB (13523 cached pss + 111156 cached + 23700 free)
 Used RAM: 323281 kB (294449 used pss + 7752 buffers + 356 shmem + 20724 slab)
 Lost RAM: -8532 kB
     ZRAM: 4168 kB physical used for 10568 kB in swap (98300 kB total swap)
   Tuning: 48 (large 128), oom 108462 kB, restore limit 36154 kB (low-ram)
Applications Memory Usage (kB):
Uptime: 265183 Realtime: 265183

Total PSS by process:
   127651 kB: com.tianci.movieplatform (pid 1603 / activities)
    20519 kB: system (pid 1349)
    17771 kB: com.tianci.system (pid 1588)
    16960 kB: com.tianci.de (pid 2027)
    16682 kB: com.coocaa.os.ccosservice (pid 1741)
    13714 kB: com.tianci.push (pid 1756)
    13450 kB: com.tianci.user (pid 3370)
    11497 kB: com.tianci.ad (pid 2262)
    10272 kB: com.coocaa.sysreport (pid 1929)
     9449 kB: com.coocaa.os.softsettings.provider (pid 1917)
     7028 kB: mediaserver (pid 747)
     6955 kB: com.tianci.ad:adUpgrade (pid 2834)
     6404 kB: zygote (pid 743)
     5199 kB: android.process.media (pid 1623)
     4069 kB: com.skyworth.android.skyRMService (pid 1578)
     2217 kB: TvServer (pid 1057)
     1631 kB: surfaceflinger (pid 742)
      831 kB: wpa_supplicant (pid 1505)
      541 kB: drmserver (pid 746)
      371 kB: netd (pid 740)
      318 kB: /init (pid 1)
      293 kB: VirtualEvent (pid 1272)
      278 kB: keystore (pid 749)
      229 kB: dhcpcd (pid 1848)
      212 kB: adbd (pid 1437)
      211 kB: vold (pid 736)
      180 kB: dumpsys (pid 5452)
      148 kB: RootApp (pid 1046)
      141 kB: sh (pid 734)
      122 kB: coocaa_guard (pid 755)
      118 kB: FileDesc_server (pid 751)
      114 kB: sdcard (pid 757)
      112 kB: healthd (pid 733)
       72 kB: ueventd (pid 512)
       53 kB: servicemanager (pid 735)
       49 kB: keypad (pid 739)
       45 kB: logwrapper (pid 1041)
       37 kB: hardwared (pid 737)
       35 kB: installd (pid 748)
       31 kB: debuggerd (pid 741)
       19 kB: smobsd (pid 1276)

Total PSS by OOM adjustment:
    21840 kB: Native
                7028 kB: mediaserver (pid 747)
                6404 kB: zygote (pid 743)
                2217 kB: TvServer (pid 1057)
                1631 kB: surfaceflinger (pid 742)
                 831 kB: wpa_supplicant (pid 1505)
                 541 kB: drmserver (pid 746)
                 371 kB: netd (pid 740)
                 318 kB: /init (pid 1)
                 293 kB: VirtualEvent (pid 1272)
                 278 kB: keystore (pid 749)
                 229 kB: dhcpcd (pid 1848)
                 212 kB: adbd (pid 1437)
                 211 kB: vold (pid 736)
                 180 kB: dumpsys (pid 5452)
                 148 kB: RootApp (pid 1046)
                 141 kB: sh (pid 734)
                 122 kB: coocaa_guard (pid 755)
                 118 kB: FileDesc_server (pid 751)
                 114 kB: sdcard (pid 757)
                 112 kB: healthd (pid 733)
                  72 kB: ueventd (pid 512)
                  53 kB: servicemanager (pid 735)
                  49 kB: keypad (pid 739)
                  45 kB: logwrapper (pid 1041)
                  37 kB: hardwared (pid 737)
                  35 kB: installd (pid 748)
                  31 kB: debuggerd (pid 741)
                  19 kB: smobsd (pid 1276)
    20519 kB: System
               20519 kB: system (pid 1349)
     4069 kB: Persistent
                4069 kB: com.skyworth.android.skyRMService (pid 1578)
   229195 kB: Foreground
              127651 kB: com.tianci.movieplatform (pid 1603 / activities)
               17771 kB: com.tianci.system (pid 1588)
               16960 kB: com.tianci.de (pid 2027)
               16682 kB: com.coocaa.os.ccosservice (pid 1741)
               13714 kB: com.tianci.push (pid 1756)
               11497 kB: com.tianci.ad (pid 2262)
               10272 kB: com.coocaa.sysreport (pid 1929)
                9449 kB: com.coocaa.os.softsettings.provider (pid 1917)
                5199 kB: android.process.media (pid 1623)
     6955 kB: A Services
                6955 kB: com.tianci.ad:adUpgrade (pid 2834)
    13450 kB: Cached
               13450 kB: com.tianci.user (pid 3370)

Total PSS by category:
    61793 kB: Dalvik
    52133 kB: Dalvik Other
    50172 kB: .dex mmap
    37280 kB: Unknown
    29248 kB: Ashmem
    24327 kB: .so mmap
    22393 kB: Other dev
     5012 kB: Native
     4780 kB: .apk mmap
     4113 kB: Other mmap
     3624 kB: Stack
     1009 kB: .ttf mmap
      140 kB: .jar mmap
        4 kB: Cursor
        0 kB: code mmap
        0 kB: image mmap
        0 kB: Graphics
        0 kB: GL
        0 kB: Memtrack

Total RAM: 463128 kB
 Free RAM: 147202 kB (13450 cached pss + 111120 cached + 22632 free)
 Used RAM: 311602 kB (282578 used pss + 8116 buffers + 184 shmem + 20724 slab)
 Lost RAM: 4324 kB
     ZRAM: 4168 kB physical used for 10568 kB in swap (98300 kB total swap)
   Tuning: 48 (large 128), oom 108462 kB, restore limit 36154 kB (low-ram)
Applications Memory Usage (kB):
Uptime: 267925 Realtime: 267925

Total PSS by process:
   128310 kB: com.tianci.movieplatform (pid 1603 / activities)
    20327 kB: system (pid 1349)
    17771 kB: com.tianci.system (pid 1588)
    16968 kB: com.tianci.de (pid 2027)
    16690 kB: com.coocaa.os.ccosservice (pid 1741)
    13714 kB: com.tianci.push (pid 1756)
    13450 kB: com.tianci.user (pid 3370)
    11497 kB: com.tianci.ad (pid 2262)
    10288 kB: com.coocaa.sysreport (pid 1929)
     9449 kB: com.coocaa.os.softsettings.provider (pid 1917)
     7028 kB: mediaserver (pid 747)
     6955 kB: com.tianci.ad:adUpgrade (pid 2834)
     6405 kB: zygote (pid 743)
     5199 kB: android.process.media (pid 1623)
     4069 kB: com.skyworth.android.skyRMService (pid 1578)
     2217 kB: TvServer (pid 1057)
     1634 kB: surfaceflinger (pid 742)
      835 kB: wpa_supplicant (pid 1505)
      541 kB: drmserver (pid 746)
      371 kB: netd (pid 740)
      318 kB: /init (pid 1)
      293 kB: VirtualEvent (pid 1272)
      278 kB: keystore (pid 749)
      229 kB: dhcpcd (pid 1848)
      212 kB: adbd (pid 1437)
      211 kB: vold (pid 736)
      148 kB: RootApp (pid 1046)
      141 kB: sh (pid 734)
      123 kB: coocaa_guard (pid 755)
      119 kB: FileDesc_server (pid 751)
      114 kB: sdcard (pid 757)
      112 kB: healthd (pid 733)
       72 kB: ueventd (pid 512)
       53 kB: servicemanager (pid 735)
       49 kB: keypad (pid 739)
       46 kB: logwrapper (pid 1041)
       37 kB: hardwared (pid 737)
       36 kB: installd (pid 748)
       31 kB: debuggerd (pid 741)
       19 kB: smobsd (pid 1276)
        0 kB: dumpsys (pid 5452)

Total PSS by OOM adjustment:
    21672 kB: Native
                7028 kB: mediaserver (pid 747)
                6405 kB: zygote (pid 743)
                2217 kB: TvServer (pid 1057)
                1634 kB: surfaceflinger (pid 742)
                 835 kB: wpa_supplicant (pid 1505)
                 541 kB: drmserver (pid 746)
                 371 kB: netd (pid 740)
                 318 kB: /init (pid 1)
                 293 kB: VirtualEvent (pid 1272)
                 278 kB: keystore (pid 749)
                 229 kB: dhcpcd (pid 1848)
                 212 kB: adbd (pid 1437)
                 211 kB: vold (pid 736)
                 148 kB: RootApp (pid 1046)
                 141 kB: sh (pid 734)
                 123 kB: coocaa_guard (pid 755)
                 119 kB: FileDesc_server (pid 751)
                 114 kB: sdcard (pid 757)
                 112 kB: healthd (pid 733)
                  72 kB: ueventd (pid 512)
                  53 kB: servicemanager (pid 735)
                  49 kB: keypad (pid 739)
                  46 kB: logwrapper (pid 1041)
                  37 kB: hardwared (pid 737)
                  36 kB: installd (pid 748)
                  31 kB: debuggerd (pid 741)
                  19 kB: smobsd (pid 1276)
                   0 kB: dumpsys (pid 5452)
    20327 kB: System
               20327 kB: system (pid 1349)
     4069 kB: Persistent
                4069 kB: com.skyworth.android.skyRMService (pid 1578)
   229886 kB: Foreground
              128310 kB: com.tianci.movieplatform (pid 1603 / activities)
               17771 kB: com.tianci.system (pid 1588)
               16968 kB: com.tianci.de (pid 2027)
               16690 kB: com.coocaa.os.ccosservice (pid 1741)
               13714 kB: com.tianci.push (pid 1756)
               11497 kB: com.tianci.ad (pid 2262)
               10288 kB: com.coocaa.sysreport (pid 1929)
                9449 kB: com.coocaa.os.softsettings.provider (pid 1917)
                5199 kB: android.process.media (pid 1623)
     6955 kB: A Services
                6955 kB: com.tianci.ad:adUpgrade (pid 2834)
    13450 kB: Cached
               13450 kB: com.tianci.user (pid 3370)

Total PSS by category:
    61957 kB: Dalvik
    52504 kB: Dalvik Other
    50200 kB: .dex mmap
    37252 kB: Unknown
    29248 kB: Ashmem
    24200 kB: .so mmap
    22389 kB: Other dev
     5008 kB: Native
     4780 kB: .apk mmap
     4096 kB: Other mmap
     3572 kB: Stack
     1009 kB: .ttf mmap
      140 kB: .jar mmap
        4 kB: Cursor
        0 kB: code mmap
        0 kB: image mmap
        0 kB: Graphics
        0 kB: GL
        0 kB: Memtrack

Total RAM: 463128 kB
 Free RAM: 147158 kB (13450 cached pss + 111576 cached + 22132 free)
 Used RAM: 312345 kB (282909 used pss + 8528 buffers + 184 shmem + 20724 slab)
 Lost RAM: 3625 kB
     ZRAM: 4168 kB physical used for 10568 kB in swap (98300 kB total swap)
   Tuning: 48 (large 128), oom 108462 kB, restore limit 36154 kB (low-ram)
Applications Memory Usage (kB):
Uptime: 270802 Realtime: 270802

Total PSS by process:
   127898 kB: com.tianci.movieplatform (pid 1603 / activities)
    20451 kB: system (pid 1349)
    17779 kB: com.tianci.system (pid 1588)
    16968 kB: com.tianci.de (pid 2027)
    16698 kB: com.coocaa.os.ccosservice (pid 1741)
    13738 kB: com.tianci.push (pid 1756)
    13450 kB: com.tianci.user (pid 3370)
    11497 kB: com.tianci.ad (pid 2262)
    10287 kB: com.coocaa.sysreport (pid 1929)
     9449 kB: com.coocaa.os.softsettings.provider (pid 1917)
     7028 kB: mediaserver (pid 747)
     6955 kB: com.tianci.ad:adUpgrade (pid 2834)
     6405 kB: zygote (pid 743)
     5199 kB: android.process.media (pid 1623)
     4069 kB: com.skyworth.android.skyRMService (pid 1578)
     2217 kB: TvServer (pid 1057)
     1634 kB: surfaceflinger (pid 742)
      843 kB: wpa_supplicant (pid 1505)
      541 kB: drmserver (pid 746)
      371 kB: netd (pid 740)
      318 kB: /init (pid 1)
      293 kB: VirtualEvent (pid 1272)
      278 kB: keystore (pid 749)
      229 kB: dhcpcd (pid 1848)
      212 kB: adbd (pid 1437)
      211 kB: vold (pid 736)
      180 kB: dumpsys (pid 5533)
      148 kB: RootApp (pid 1046)
      141 kB: sh (pid 734)
      123 kB: coocaa_guard (pid 755)
      119 kB: FileDesc_server (pid 751)
      114 kB: sdcard (pid 757)
      112 kB: healthd (pid 733)
       72 kB: ueventd (pid 512)
       53 kB: servicemanager (pid 735)
       49 kB: keypad (pid 739)
       46 kB: logwrapper (pid 1041)
       37 kB: hardwared (pid 737)
       36 kB: installd (pid 748)
       31 kB: debuggerd (pid 741)
       19 kB: smobsd (pid 1276)

Total PSS by OOM adjustment:
    21860 kB: Native
                7028 kB: mediaserver (pid 747)
                6405 kB: zygote (pid 743)
                2217 kB: TvServer (pid 1057)
                1634 kB: surfaceflinger (pid 742)
                 843 kB: wpa_supplicant (pid 1505)
                 541 kB: drmserver (pid 746)
                 371 kB: netd (pid 740)
                 318 kB: /init (pid 1)
                 293 kB: VirtualEvent (pid 1272)
                 278 kB: keystore (pid 749)
                 229 kB: dhcpcd (pid 1848)
                 212 kB: adbd (pid 1437)
                 211 kB: vold (pid 736)
                 180 kB: dumpsys (pid 5533)
                 148 kB: RootApp (pid 1046)
                 141 kB: sh (pid 734)
                 123 kB: coocaa_guard (pid 755)
                 119 kB: FileDesc_server (pid 751)
                 114 kB: sdcard (pid 757)
                 112 kB: healthd (pid 733)
                  72 kB: ueventd (pid 512)
                  53 kB: servicemanager (pid 735)
                  49 kB: keypad (pid 739)
                  46 kB: logwrapper (pid 1041)
                  37 kB: hardwared (pid 737)
                  36 kB: installd (pid 748)
                  31 kB: debuggerd (pid 741)
                  19 kB: smobsd (pid 1276)
    20451 kB: System
               20451 kB: system (pid 1349)
     4069 kB: Persistent
                4069 kB: com.skyworth.android.skyRMService (pid 1578)
   229513 kB: Foreground
              127898 kB: com.tianci.movieplatform (pid 1603 / activities)
               17779 kB: com.tianci.system (pid 1588)
               16968 kB: com.tianci.de (pid 2027)
               16698 kB: com.coocaa.os.ccosservice (pid 1741)
               13738 kB: com.tianci.push (pid 1756)
               11497 kB: com.tianci.ad (pid 2262)
               10287 kB: com.coocaa.sysreport (pid 1929)
                9449 kB: com.coocaa.os.softsettings.provider (pid 1917)
                5199 kB: android.process.media (pid 1623)
     6955 kB: A Services
                6955 kB: com.tianci.ad:adUpgrade (pid 2834)
    13450 kB: Cached
               13450 kB: com.tianci.user (pid 3370)

Total PSS by category:
    62009 kB: Dalvik
    52144 kB: Dalvik Other
    50224 kB: .dex mmap
    37296 kB: Unknown
    29248 kB: Ashmem
    24335 kB: .so mmap
    22393 kB: Other dev
     5012 kB: Native
     4780 kB: .apk mmap
     4124 kB: Other mmap
     3580 kB: Stack
     1009 kB: .ttf mmap
      140 kB: .jar mmap
        4 kB: Cursor
        0 kB: code mmap
        0 kB: image mmap
        0 kB: Graphics
        0 kB: GL
        0 kB: Memtrack

Total RAM: 463128 kB
 Free RAM: 146422 kB (13450 cached pss + 111676 cached + 21296 free)
 Used RAM: 312768 kB (282848 used pss + 9032 buffers + 184 shmem + 20704 slab)
 Lost RAM: 3938 kB
     ZRAM: 4168 kB physical used for 10568 kB in swap (98300 kB total swap)
   Tuning: 48 (large 128), oom 108462 kB, restore limit 36154 kB (low-ram)
Applications Memory Usage (kB):
Uptime: 273775 Realtime: 273775

Total PSS by process:
   128058 kB: com.tianci.movieplatform (pid 1603 / activities)
    20494 kB: system (pid 1349)
    17779 kB: com.tianci.system (pid 1588)
    16972 kB: com.tianci.de (pid 2027)
    16698 kB: com.coocaa.os.ccosservice (pid 1741)
    13738 kB: com.tianci.push (pid 1756)
    13450 kB: com.tianci.user (pid 3370)
    11433 kB: com.tianci.ad (pid 2262)
    10288 kB: com.coocaa.sysreport (pid 1929)
     9448 kB: com.coocaa.os.softsettings.provider (pid 1917)
     7028 kB: mediaserver (pid 747)
     6955 kB: com.tianci.ad:adUpgrade (pid 2834)
     6405 kB: zygote (pid 743)
     5199 kB: android.process.media (pid 1623)
     4085 kB: com.skyworth.android.skyRMService (pid 1578)
     2217 kB: TvServer (pid 1057)
     1634 kB: surfaceflinger (pid 742)
      843 kB: wpa_supplicant (pid 1505)
      541 kB: drmserver (pid 746)
      371 kB: netd (pid 740)
      318 kB: /init (pid 1)
      293 kB: VirtualEvent (pid 1272)
      278 kB: keystore (pid 749)
      229 kB: dhcpcd (pid 1848)
      211 kB: vold (pid 736)
      208 kB: adbd (pid 1437)
      148 kB: RootApp (pid 1046)
      141 kB: sh (pid 734)
      123 kB: coocaa_guard (pid 755)
      119 kB: FileDesc_server (pid 751)
      114 kB: sdcard (pid 757)
      112 kB: healthd (pid 733)
       72 kB: ueventd (pid 512)
       53 kB: servicemanager (pid 735)
       49 kB: keypad (pid 739)
       46 kB: logwrapper (pid 1041)
       37 kB: hardwared (pid 737)
       36 kB: installd (pid 748)
       31 kB: debuggerd (pid 741)
       19 kB: smobsd (pid 1276)
        0 kB: dumpsys (pid 5533)

Total PSS by OOM adjustment:
    21676 kB: Native
                7028 kB: mediaserver (pid 747)
                6405 kB: zygote (pid 743)
                2217 kB: TvServer (pid 1057)
                1634 kB: surfaceflinger (pid 742)
                 843 kB: wpa_supplicant (pid 1505)
                 541 kB: drmserver (pid 746)
                 371 kB: netd (pid 740)
                 318 kB: /init (pid 1)
                 293 kB: VirtualEvent (pid 1272)
                 278 kB: keystore (pid 749)
                 229 kB: dhcpcd (pid 1848)
                 211 kB: vold (pid 736)
                 208 kB: adbd (pid 1437)
                 148 kB: RootApp (pid 1046)
                 141 kB: sh (pid 734)
                 123 kB: coocaa_guard (pid 755)
                 119 kB: FileDesc_server (pid 751)
                 114 kB: sdcard (pid 757)
                 112 kB: healthd (pid 733)
                  72 kB: ueventd (pid 512)
                  53 kB: servicemanager (pid 735)
                  49 kB: keypad (pid 739)
                  46 kB: logwrapper (pid 1041)
                  37 kB: hardwared (pid 737)
                  36 kB: installd (pid 748)
                  31 kB: debuggerd (pid 741)
                  19 kB: smobsd (pid 1276)
                   0 kB: dumpsys (pid 5533)
    20494 kB: System
               20494 kB: system (pid 1349)
     4085 kB: Persistent
                4085 kB: com.skyworth.android.skyRMService (pid 1578)
   229613 kB: Foreground
              128058 kB: com.tianci.movieplatform (pid 1603 / activities)
               17779 kB: com.tianci.system (pid 1588)
               16972 kB: com.tianci.de (pid 2027)
               16698 kB: com.coocaa.os.ccosservice (pid 1741)
               13738 kB: com.tianci.push (pid 1756)
               11433 kB: com.tianci.ad (pid 2262)
               10288 kB: com.coocaa.sysreport (pid 1929)
                9448 kB: com.coocaa.os.softsettings.provider (pid 1917)
                5199 kB: android.process.media (pid 1623)
     6955 kB: A Services
                6955 kB: com.tianci.ad:adUpgrade (pid 2834)
    13450 kB: Cached
               13450 kB: com.tianci.user (pid 3370)

Total PSS by category:
    62021 kB: Dalvik
    52147 kB: Dalvik Other
    50224 kB: .dex mmap
    37252 kB: Unknown
    29248 kB: Ashmem
    24200 kB: .so mmap
    22597 kB: Other dev
     5008 kB: Native
     4780 kB: .apk mmap
     4103 kB: Other mmap
     3540 kB: Stack
     1009 kB: .ttf mmap
      140 kB: .jar mmap
        4 kB: Cursor
        0 kB: code mmap
        0 kB: image mmap
        0 kB: Graphics
        0 kB: GL
        0 kB: Memtrack

Total RAM: 463128 kB
 Free RAM: 146018 kB (13450 cached pss + 111760 cached + 20808 free)
 Used RAM: 313307 kB (282823 used pss + 9604 buffers + 184 shmem + 20696 slab)
 Lost RAM: 3803 kB
     ZRAM: 4168 kB physical used for 10568 kB in swap (98300 kB total swap)
   Tuning: 48 (large 128), oom 108462 kB, restore limit 36154 kB (low-ram)
Applications Memory Usage (kB):
Uptime: 276373 Realtime: 276373

Total PSS by process:
   128214 kB: com.tianci.movieplatform (pid 1603 / activities)
    20498 kB: system (pid 1349)
    17779 kB: com.tianci.system (pid 1588)
    16972 kB: com.tianci.de (pid 2027)
    16698 kB: com.coocaa.os.ccosservice (pid 1741)
    13738 kB: com.tianci.push (pid 1756)
    13446 kB: com.tianci.user (pid 3370)
    11433 kB: com.tianci.ad (pid 2262)
    10352 kB: com.coocaa.sysreport (pid 1929)
     9449 kB: com.coocaa.os.softsettings.provider (pid 1917)
     7028 kB: mediaserver (pid 747)
     6955 kB: com.tianci.ad:adUpgrade (pid 2834)
     6406 kB: zygote (pid 743)
     5199 kB: android.process.media (pid 1623)
     4085 kB: com.skyworth.android.skyRMService (pid 1578)
     2217 kB: TvServer (pid 1057)
     1634 kB: surfaceflinger (pid 742)
      843 kB: wpa_supplicant (pid 1505)
      541 kB: drmserver (pid 746)
      371 kB: netd (pid 740)
      318 kB: /init (pid 1)
      293 kB: VirtualEvent (pid 1272)
      278 kB: keystore (pid 749)
      229 kB: dhcpcd (pid 1848)
      211 kB: vold (pid 736)
      208 kB: adbd (pid 1437)
      180 kB: dumpsys (pid 5656)
      148 kB: RootApp (pid 1046)
      141 kB: sh (pid 734)
      123 kB: coocaa_guard (pid 755)
      119 kB: FileDesc_server (pid 751)
      114 kB: sdcard (pid 757)
      112 kB: healthd (pid 733)
       72 kB: ueventd (pid 512)
       53 kB: servicemanager (pid 735)
       49 kB: keypad (pid 739)
       46 kB: logwrapper (pid 1041)
       37 kB: hardwared (pid 737)
       36 kB: installd (pid 748)
       31 kB: debuggerd (pid 741)
       19 kB: smobsd (pid 1276)

Total PSS by OOM adjustment:
    21857 kB: Native
                7028 kB: mediaserver (pid 747)
                6406 kB: zygote (pid 743)
                2217 kB: TvServer (pid 1057)
                1634 kB: surfaceflinger (pid 742)
                 843 kB: wpa_supplicant (pid 1505)
                 541 kB: drmserver (pid 746)
                 371 kB: netd (pid 740)
                 318 kB: /init (pid 1)
                 293 kB: VirtualEvent (pid 1272)
                 278 kB: keystore (pid 749)
                 229 kB: dhcpcd (pid 1848)
                 211 kB: vold (pid 736)
                 208 kB: adbd (pid 1437)
                 180 kB: dumpsys (pid 5656)
                 148 kB: RootApp (pid 1046)
                 141 kB: sh (pid 734)
                 123 kB: coocaa_guard (pid 755)
                 119 kB: FileDesc_server (pid 751)
                 114 kB: sdcard (pid 757)
                 112 kB: healthd (pid 733)
                  72 kB: ueventd (pid 512)
                  53 kB: servicemanager (pid 735)
                  49 kB: keypad (pid 739)
                  46 kB: logwrapper (pid 1041)
                  37 kB: hardwared (pid 737)
                  36 kB: installd (pid 748)
                  31 kB: debuggerd (pid 741)
                  19 kB: smobsd (pid 1276)
    20498 kB: System
               20498 kB: system (pid 1349)
     4085 kB: Persistent
                4085 kB: com.skyworth.android.skyRMService (pid 1578)
   229834 kB: Foreground
              128214 kB: com.tianci.movieplatform (pid 1603 / activities)
               17779 kB: com.tianci.system (pid 1588)
               16972 kB: com.tianci.de (pid 2027)
               16698 kB: com.coocaa.os.ccosservice (pid 1741)
               13738 kB: com.tianci.push (pid 1756)
               11433 kB: com.tianci.ad (pid 2262)
               10352 kB: com.coocaa.sysreport (pid 1929)
                9449 kB: com.coocaa.os.softsettings.provider (pid 1917)
                5199 kB: android.process.media (pid 1623)
     6955 kB: A Services
                6955 kB: com.tianci.ad:adUpgrade (pid 2834)
    13446 kB: Cached
               13446 kB: com.tianci.user (pid 3370)

Total PSS by category:
    62089 kB: Dalvik
    52208 kB: Dalvik Other
    50336 kB: .dex mmap
    37272 kB: Unknown
    29248 kB: Ashmem
    24335 kB: .so mmap
    22389 kB: Other dev
     5012 kB: Native
     4788 kB: .apk mmap
     4125 kB: Other mmap
     3540 kB: Stack
     1189 kB: .ttf mmap
      140 kB: .jar mmap
        4 kB: Cursor
        0 kB: code mmap
        0 kB: image mmap
        0 kB: Graphics
        0 kB: GL
        0 kB: Memtrack

Total RAM: 463128 kB
 Free RAM: 145134 kB (13446 cached pss + 113428 cached + 18260 free)
 Used RAM: 314193 kB (283229 used pss + 10016 buffers + 184 shmem + 20764 slab)
 Lost RAM: 3801 kB
     ZRAM: 4168 kB physical used for 10568 kB in swap (98300 kB total swap)
   Tuning: 48 (large 128), oom 108462 kB, restore limit 36154 kB (low-ram)
Applications Memory Usage (kB):
Uptime: 279251 Realtime: 279251

Total PSS by process:
   128274 kB: com.tianci.movieplatform (pid 1603 / activities)
    20350 kB: system (pid 1349)
    17779 kB: com.tianci.system (pid 1588)
    16976 kB: com.tianci.de (pid 2027)
    16698 kB: com.coocaa.os.ccosservice (pid 1741)
    13737 kB: com.tianci.push (pid 1756)
    13445 kB: com.tianci.user (pid 3370)
    11432 kB: com.tianci.ad (pid 2262)
    10564 kB: com.coocaa.sysreport (pid 1929)
     9449 kB: com.coocaa.os.softsettings.provider (pid 1917)
     7028 kB: mediaserver (pid 747)
     6954 kB: com.tianci.ad:adUpgrade (pid 2834)
     6406 kB: zygote (pid 743)
     5199 kB: android.process.media (pid 1623)
     4097 kB: com.skyworth.android.skyRMService (pid 1578)
     2217 kB: TvServer (pid 1057)
     1633 kB: surfaceflinger (pid 742)
      843 kB: wpa_supplicant (pid 1505)
      541 kB: drmserver (pid 746)
      371 kB: netd (pid 740)
      318 kB: /init (pid 1)
      293 kB: VirtualEvent (pid 1272)
      278 kB: keystore (pid 749)
      229 kB: dhcpcd (pid 1848)
      211 kB: vold (pid 736)
      208 kB: adbd (pid 1437)
      148 kB: RootApp (pid 1046)
      141 kB: sh (pid 734)
      123 kB: coocaa_guard (pid 755)
      119 kB: FileDesc_server (pid 751)
      114 kB: sdcard (pid 757)
      112 kB: healthd (pid 733)
       72 kB: ueventd (pid 512)
       53 kB: servicemanager (pid 735)
       49 kB: keypad (pid 739)
       46 kB: logwrapper (pid 1041)
       37 kB: hardwared (pid 737)
       36 kB: installd (pid 748)
       31 kB: debuggerd (pid 741)
       19 kB: smobsd (pid 1276)
        0 kB: dumpsys (pid 5656)

Total PSS by OOM adjustment:
    21676 kB: Native
                7028 kB: mediaserver (pid 747)
                6406 kB: zygote (pid 743)
                2217 kB: TvServer (pid 1057)
                1633 kB: surfaceflinger (pid 742)
                 843 kB: wpa_supplicant (pid 1505)
                 541 kB: drmserver (pid 746)
                 371 kB: netd (pid 740)
                 318 kB: /init (pid 1)
                 293 kB: VirtualEvent (pid 1272)
                 278 kB: keystore (pid 749)
                 229 kB: dhcpcd (pid 1848)
                 211 kB: vold (pid 736)
                 208 kB: adbd (pid 1437)
                 148 kB: RootApp (pid 1046)
                 141 kB: sh (pid 734)
                 123 kB: coocaa_guard (pid 755)
                 119 kB: FileDesc_server (pid 751)
                 114 kB: sdcard (pid 757)
                 112 kB: healthd (pid 733)
                  72 kB: ueventd (pid 512)
                  53 kB: servicemanager (pid 735)
                  49 kB: keypad (pid 739)
                  46 kB: logwrapper (pid 1041)
                  37 kB: hardwared (pid 737)
                  36 kB: installd (pid 748)
                  31 kB: debuggerd (pid 741)
                  19 kB: smobsd (pid 1276)
                   0 kB: dumpsys (pid 5656)
    20350 kB: System
               20350 kB: system (pid 1349)
     4097 kB: Persistent
                4097 kB: com.skyworth.android.skyRMService (pid 1578)
   230108 kB: Foreground
              128274 kB: com.tianci.movieplatform (pid 1603 / activities)
               17779 kB: com.tianci.system (pid 1588)
               16976 kB: com.tianci.de (pid 2027)
               16698 kB: com.coocaa.os.ccosservice (pid 1741)
               13737 kB: com.tianci.push (pid 1756)
               11432 kB: com.tianci.ad (pid 2262)
               10564 kB: com.coocaa.sysreport (pid 1929)
                9449 kB: com.coocaa.os.softsettings.provider (pid 1917)
                5199 kB: android.process.media (pid 1623)
     6954 kB: A Services
                6954 kB: com.tianci.ad:adUpgrade (pid 2834)
    13445 kB: Cached
               13445 kB: com.tianci.user (pid 3370)

Total PSS by category:
    62081 kB: Dalvik
    52164 kB: Dalvik Other
    50340 kB: .dex mmap
    37288 kB: Unknown
    29248 kB: Ashmem
    24199 kB: .so mmap
    22441 kB: Other dev
     5008 kB: Native
     4812 kB: .apk mmap
     4104 kB: Other mmap
     3536 kB: Stack
     1189 kB: .ttf mmap
      140 kB: .jar mmap
       80 kB: Cursor
        0 kB: code mmap
        0 kB: image mmap
        0 kB: Graphics
        0 kB: GL
        0 kB: Memtrack

Total RAM: 463128 kB
 Free RAM: 143265 kB (13445 cached pss + 113616 cached + 16204 free)
 Used RAM: 314673 kB (283185 used pss + 10524 buffers + 184 shmem + 20780 slab)
 Lost RAM: 5190 kB
     ZRAM: 4168 kB physical used for 10568 kB in swap (98300 kB total swap)
   Tuning: 48 (large 128), oom 108462 kB, restore limit 36154 kB (low-ram)
Applications Memory Usage (kB):
Uptime: 282156 Realtime: 282156

Total PSS by process:
   132026 kB: com.tianci.movieplatform (pid 1603 / activities)
    20446 kB: system (pid 1349)
    17779 kB: com.tianci.system (pid 1588)
    16980 kB: com.tianci.de (pid 2027)
    16614 kB: com.coocaa.os.ccosservice (pid 1741)
    13737 kB: com.tianci.push (pid 1756)
    13445 kB: com.tianci.user (pid 3370)
    11432 kB: com.tianci.ad (pid 2262)
    10348 kB: com.coocaa.sysreport (pid 1929)
     9449 kB: com.coocaa.os.softsettings.provider (pid 1917)
     7028 kB: mediaserver (pid 747)
     6954 kB: com.tianci.ad:adUpgrade (pid 2834)
     6406 kB: zygote (pid 743)
     5199 kB: android.process.media (pid 1623)
     4097 kB: com.skyworth.android.skyRMService (pid 1578)
     2217 kB: TvServer (pid 1057)
     1634 kB: surfaceflinger (pid 742)
      843 kB: wpa_supplicant (pid 1505)
      541 kB: drmserver (pid 746)
      371 kB: netd (pid 740)
      318 kB: /init (pid 1)
      293 kB: VirtualEvent (pid 1272)
      278 kB: keystore (pid 749)
      229 kB: dhcpcd (pid 1848)
      212 kB: adbd (pid 1437)
      211 kB: vold (pid 736)
      180 kB: dumpsys (pid 5748)
      148 kB: RootApp (pid 1046)
      141 kB: sh (pid 734)
      123 kB: coocaa_guard (pid 755)
      119 kB: FileDesc_server (pid 751)
      114 kB: sdcard (pid 757)
      112 kB: healthd (pid 733)
       72 kB: ueventd (pid 512)
       53 kB: servicemanager (pid 735)
       49 kB: keypad (pid 739)
       46 kB: logwrapper (pid 1041)
       37 kB: hardwared (pid 737)
       36 kB: installd (pid 748)
       31 kB: debuggerd (pid 741)
       19 kB: smobsd (pid 1276)

Total PSS by OOM adjustment:
    21861 kB: Native
                7028 kB: mediaserver (pid 747)
                6406 kB: zygote (pid 743)
                2217 kB: TvServer (pid 1057)
                1634 kB: surfaceflinger (pid 742)
                 843 kB: wpa_supplicant (pid 1505)
                 541 kB: drmserver (pid 746)
                 371 kB: netd (pid 740)
                 318 kB: /init (pid 1)
                 293 kB: VirtualEvent (pid 1272)
                 278 kB: keystore (pid 749)
                 229 kB: dhcpcd (pid 1848)
                 212 kB: adbd (pid 1437)
                 211 kB: vold (pid 736)
                 180 kB: dumpsys (pid 5748)
                 148 kB: RootApp (pid 1046)
                 141 kB: sh (pid 734)
                 123 kB: coocaa_guard (pid 755)
                 119 kB: FileDesc_server (pid 751)
                 114 kB: sdcard (pid 757)
                 112 kB: healthd (pid 733)
                  72 kB: ueventd (pid 512)
                  53 kB: servicemanager (pid 735)
                  49 kB: keypad (pid 739)
                  46 kB: logwrapper (pid 1041)
                  37 kB: hardwared (pid 737)
                  36 kB: installd (pid 748)
                  31 kB: debuggerd (pid 741)
                  19 kB: smobsd (pid 1276)
    20446 kB: System
               20446 kB: system (pid 1349)
     4097 kB: Persistent
                4097 kB: com.skyworth.android.skyRMService (pid 1578)
   233564 kB: Foreground
              132026 kB: com.tianci.movieplatform (pid 1603 / activities)
               17779 kB: com.tianci.system (pid 1588)
               16980 kB: com.tianci.de (pid 2027)
               16614 kB: com.coocaa.os.ccosservice (pid 1741)
               13737 kB: com.tianci.push (pid 1756)
               11432 kB: com.tianci.ad (pid 2262)
               10348 kB: com.coocaa.sysreport (pid 1929)
                9449 kB: com.coocaa.os.softsettings.provider (pid 1917)
                5199 kB: android.process.media (pid 1623)
     6954 kB: A Services
                6954 kB: com.tianci.ad:adUpgrade (pid 2834)
    13445 kB: Cached
               13445 kB: com.tianci.user (pid 3370)

Total PSS by category:
    61985 kB: Dalvik
    52520 kB: Dalvik Other
    50192 kB: .dex mmap
    36508 kB: Unknown
    29720 kB: Ashmem
    26309 kB: Other dev
    24335 kB: .so mmap
     5012 kB: Native
     4812 kB: .apk mmap
     4125 kB: Other mmap
     3540 kB: Stack
     1161 kB: .ttf mmap
      140 kB: .jar mmap
        8 kB: Cursor
        0 kB: code mmap
        0 kB: image mmap
        0 kB: Graphics
        0 kB: GL
        0 kB: Memtrack

Total RAM: 463128 kB
 Free RAM: 146033 kB (13445 cached pss + 112460 cached + 20128 free)
 Used RAM: 318786 kB (286922 used pss + 10904 buffers + 184 shmem + 20776 slab)
 Lost RAM: -1691 kB
     ZRAM: 4168 kB physical used for 10568 kB in swap (98300 kB total swap)
   Tuning: 48 (large 128), oom 108462 kB, restore limit 36154 kB (low-ram)
Applications Memory Usage (kB):
Uptime: 284938 Realtime: 284938

Total PSS by process:
   126770 kB: com.tianci.movieplatform (pid 1603 / activities)
    20542 kB: system (pid 1349)
    17791 kB: com.tianci.system (pid 1588)
    16980 kB: com.tianci.de (pid 2027)
    16622 kB: com.coocaa.os.ccosservice (pid 1741)
    13737 kB: com.tianci.push (pid 1756)
    13445 kB: com.tianci.user (pid 3370)
    11432 kB: com.tianci.ad (pid 2262)
    10346 kB: com.coocaa.sysreport (pid 1929)
     9448 kB: com.coocaa.os.softsettings.provider (pid 1917)
     7028 kB: mediaserver (pid 747)
     6954 kB: com.tianci.ad:adUpgrade (pid 2834)
     6406 kB: zygote (pid 743)
     5199 kB: android.process.media (pid 1623)
     4097 kB: com.skyworth.android.skyRMService (pid 1578)
     2217 kB: TvServer (pid 1057)
     1634 kB: surfaceflinger (pid 742)
      843 kB: wpa_supplicant (pid 1505)
      541 kB: drmserver (pid 746)
      371 kB: netd (pid 740)
      318 kB: /init (pid 1)
      293 kB: VirtualEvent (pid 1272)
      278 kB: keystore (pid 749)
      229 kB: dhcpcd (pid 1848)
      212 kB: adbd (pid 1437)
      211 kB: vold (pid 736)
      148 kB: RootApp (pid 1046)
      141 kB: sh (pid 734)
      123 kB: coocaa_guard (pid 755)
      119 kB: FileDesc_server (pid 751)
      114 kB: sdcard (pid 757)
      112 kB: healthd (pid 733)
       72 kB: ueventd (pid 512)
       53 kB: servicemanager (pid 735)
       49 kB: keypad (pid 739)
       46 kB: logwrapper (pid 1041)
       37 kB: hardwared (pid 737)
       36 kB: installd (pid 748)
       31 kB: debuggerd (pid 741)
       19 kB: smobsd (pid 1276)
        0 kB: dumpsys (pid 5748)

Total PSS by OOM adjustment:
    21681 kB: Native
                7028 kB: mediaserver (pid 747)
                6406 kB: zygote (pid 743)
                2217 kB: TvServer (pid 1057)
                1634 kB: surfaceflinger (pid 742)
                 843 kB: wpa_supplicant (pid 1505)
                 541 kB: drmserver (pid 746)
                 371 kB: netd (pid 740)
                 318 kB: /init (pid 1)
                 293 kB: VirtualEvent (pid 1272)
                 278 kB: keystore (pid 749)
                 229 kB: dhcpcd (pid 1848)
                 212 kB: adbd (pid 1437)
                 211 kB: vold (pid 736)
                 148 kB: RootApp (pid 1046)
                 141 kB: sh (pid 734)
                 123 kB: coocaa_guard (pid 755)
                 119 kB: FileDesc_server (pid 751)
                 114 kB: sdcard (pid 757)
                 112 kB: healthd (pid 733)
                  72 kB: ueventd (pid 512)
                  53 kB: servicemanager (pid 735)
                  49 kB: keypad (pid 739)
                  46 kB: logwrapper (pid 1041)
                  37 kB: hardwared (pid 737)
                  36 kB: installd (pid 748)
                  31 kB: debuggerd (pid 741)
                  19 kB: smobsd (pid 1276)
                   0 kB: dumpsys (pid 5748)
    20542 kB: System
               20542 kB: system (pid 1349)
     4097 kB: Persistent
                4097 kB: com.skyworth.android.skyRMService (pid 1578)
   228325 kB: Foreground
              126770 kB: com.tianci.movieplatform (pid 1603 / activities)
               17791 kB: com.tianci.system (pid 1588)
               16980 kB: com.tianci.de (pid 2027)
               16622 kB: com.coocaa.os.ccosservice (pid 1741)
               13737 kB: com.tianci.push (pid 1756)
               11432 kB: com.tianci.ad (pid 2262)
               10346 kB: com.coocaa.sysreport (pid 1929)
                9448 kB: com.coocaa.os.softsettings.provider (pid 1917)
                5199 kB: android.process.media (pid 1623)
     6954 kB: A Services
                6954 kB: com.tianci.ad:adUpgrade (pid 2834)
    13445 kB: Cached
               13445 kB: com.tianci.user (pid 3370)

Total PSS by category:
    62173 kB: Dalvik
    52164 kB: Dalvik Other
    50192 kB: .dex mmap
    36500 kB: Unknown
    29720 kB: Ashmem
    24199 kB: .so mmap
    21325 kB: Other dev
     5012 kB: Native
     4812 kB: .apk mmap
     4102 kB: Other mmap
     3540 kB: Stack
     1161 kB: .ttf mmap
      140 kB: .jar mmap
        4 kB: Cursor
        0 kB: code mmap
        0 kB: image mmap
        0 kB: Graphics
        0 kB: GL
        0 kB: Memtrack

Total RAM: 463128 kB
 Free RAM: 144817 kB (13445 cached pss + 112952 cached + 18420 free)
 Used RAM: 314031 kB (281599 used pss + 11416 buffers + 224 shmem + 20792 slab)
 Lost RAM: 4280 kB
     ZRAM: 4168 kB physical used for 10568 kB in swap (98300 kB total swap)
   Tuning: 48 (large 128), oom 108462 kB, restore limit 36154 kB (low-ram)
Applications Memory Usage (kB):
Uptime: 287598 Realtime: 287598

Total PSS by process:
   126770 kB: com.tianci.movieplatform (pid 1603 / activities)
    20542 kB: system (pid 1349)
    17791 kB: com.tianci.system (pid 1588)
    16988 kB: com.tianci.de (pid 2027)
    16682 kB: com.coocaa.os.ccosservice (pid 1741)
    13737 kB: com.tianci.push (pid 1756)
    13445 kB: com.tianci.user (pid 3370)
    11424 kB: com.tianci.ad (pid 2262)
    10340 kB: com.coocaa.sysreport (pid 1929)
     9449 kB: com.coocaa.os.softsettings.provider (pid 1917)
     7028 kB: mediaserver (pid 747)
     6954 kB: com.tianci.ad:adUpgrade (pid 2834)
     6406 kB: zygote (pid 743)
     5199 kB: android.process.media (pid 1623)
     4113 kB: com.skyworth.android.skyRMService (pid 1578)
     2217 kB: TvServer (pid 1057)
     1634 kB: surfaceflinger (pid 742)
      843 kB: wpa_supplicant (pid 1505)
      541 kB: drmserver (pid 746)
      371 kB: netd (pid 740)
      318 kB: /init (pid 1)
      293 kB: VirtualEvent (pid 1272)
      278 kB: keystore (pid 749)
      229 kB: dhcpcd (pid 1848)
      212 kB: adbd (pid 1437)
      211 kB: vold (pid 736)
      180 kB: dumpsys (pid 5886)
      148 kB: RootApp (pid 1046)
      123 kB: coocaa_guard (pid 755)
      119 kB: FileDesc_server (pid 751)
      114 kB: sdcard (pid 757)
      112 kB: healthd (pid 733)
       77 kB: sh (pid 734)
       72 kB: ueventd (pid 512)
       53 kB: servicemanager (pid 735)
       49 kB: keypad (pid 739)
       46 kB: logwrapper (pid 1041)
       37 kB: hardwared (pid 737)
       36 kB: installd (pid 748)
       31 kB: debuggerd (pid 741)
       19 kB: smobsd (pid 1276)
        0 kB: sh (pid 5903)

Total PSS by OOM adjustment:
    21797 kB: Native
                7028 kB: mediaserver (pid 747)
                6406 kB: zygote (pid 743)
                2217 kB: TvServer (pid 1057)
                1634 kB: surfaceflinger (pid 742)
                 843 kB: wpa_supplicant (pid 1505)
                 541 kB: drmserver (pid 746)
                 371 kB: netd (pid 740)
                 318 kB: /init (pid 1)
                 293 kB: VirtualEvent (pid 1272)
                 278 kB: keystore (pid 749)
                 229 kB: dhcpcd (pid 1848)
                 212 kB: adbd (pid 1437)
                 211 kB: vold (pid 736)
                 180 kB: dumpsys (pid 5886)
                 148 kB: RootApp (pid 1046)
                 123 kB: coocaa_guard (pid 755)
                 119 kB: FileDesc_server (pid 751)
                 114 kB: sdcard (pid 757)
                 112 kB: healthd (pid 733)
                  77 kB: sh (pid 734)
                  72 kB: ueventd (pid 512)
                  53 kB: servicemanager (pid 735)
                  49 kB: keypad (pid 739)
                  46 kB: logwrapper (pid 1041)
                  37 kB: hardwared (pid 737)
                  36 kB: installd (pid 748)
                  31 kB: debuggerd (pid 741)
                  19 kB: smobsd (pid 1276)
                   0 kB: sh (pid 5903)
    20542 kB: System
               20542 kB: system (pid 1349)
     4113 kB: Persistent
                4113 kB: com.skyworth.android.skyRMService (pid 1578)
   228380 kB: Foreground
              126770 kB: com.tianci.movieplatform (pid 1603 / activities)
               17791 kB: com.tianci.system (pid 1588)
               16988 kB: com.tianci.de (pid 2027)
               16682 kB: com.coocaa.os.ccosservice (pid 1741)
               13737 kB: com.tianci.push (pid 1756)
               11424 kB: com.tianci.ad (pid 2262)
               10340 kB: com.coocaa.sysreport (pid 1929)
                9449 kB: com.coocaa.os.softsettings.provider (pid 1917)
                5199 kB: android.process.media (pid 1623)
     6954 kB: A Services
                6954 kB: com.tianci.ad:adUpgrade (pid 2834)
    13445 kB: Cached
               13445 kB: com.tianci.user (pid 3370)

Total PSS by category:
    62185 kB: Dalvik
    52164 kB: Dalvik Other
    50252 kB: .dex mmap
    36512 kB: Unknown
    29720 kB: Ashmem
    24335 kB: .so mmap
    21321 kB: Other dev
     5016 kB: Native
     4812 kB: .apk mmap
     4061 kB: Other mmap
     3544 kB: Stack
     1165 kB: .ttf mmap
      140 kB: .jar mmap
        4 kB: Cursor
        0 kB: code mmap
        0 kB: image mmap
        0 kB: Graphics
        0 kB: GL
        0 kB: Memtrack

Total RAM: 463128 kB
 Free RAM: 144269 kB (13445 cached pss + 113304 cached + 17520 free)
 Used RAM: 314746 kB (281786 used pss + 11960 buffers + 184 shmem + 20816 slab)
 Lost RAM: 4113 kB
     ZRAM: 4168 kB physical used for 10568 kB in swap (98300 kB total swap)
   Tuning: 48 (large 128), oom 108462 kB, restore limit 36154 kB (low-ram)
Applications Memory Usage (kB):
Uptime: 290193 Realtime: 290194

Total PSS by process:
   127755 kB: com.tianci.movieplatform (pid 1603 / activities)
    20303 kB: system (pid 1349)
    17787 kB: com.tianci.system (pid 1588)
    16356 kB: com.tianci.de (pid 2027)
    16249 kB: com.coocaa.os.ccosservice (pid 1741)
    13737 kB: com.tianci.push (pid 1756)
    13221 kB: com.tianci.user (pid 3370)
    11420 kB: com.tianci.ad (pid 2262)
    10236 kB: com.coocaa.sysreport (pid 1929)
     9167 kB: com.coocaa.os.softsettings.provider (pid 1917)
     6950 kB: com.tianci.ad:adUpgrade (pid 2834)
     5199 kB: android.process.media (pid 1623)
     4746 kB: zygote (pid 743)
     4113 kB: com.skyworth.android.skyRMService (pid 1578)
     3852 kB: mediaserver (pid 747)
     1749 kB: TvServer (pid 1057)
     1492 kB: surfaceflinger (pid 742)
      837 kB: wpa_supplicant (pid 1505)
      446 kB: drmserver (pid 746)
      333 kB: netd (pid 740)
      318 kB: /init (pid 1)
      266 kB: keystore (pid 749)
      229 kB: dhcpcd (pid 1848)
      212 kB: adbd (pid 1437)
      167 kB: vold (pid 736)
      161 kB: VirtualEvent (pid 1272)
      137 kB: sh (pid 734)
      115 kB: FileDesc_server (pid 751)
      114 kB: sdcard (pid 757)
      112 kB: healthd (pid 733)
       99 kB: coocaa_guard (pid 755)
       72 kB: ueventd (pid 512)
       53 kB: servicemanager (pid 735)
       49 kB: keypad (pid 739)
       48 kB: RootApp (pid 1046)
       46 kB: logwrapper (pid 1041)
       29 kB: hardwared (pid 737)
       19 kB: smobsd (pid 1276)
       16 kB: installd (pid 748)
       15 kB: debuggerd (pid 741)
        0 kB: dumpsys (pid 5886)
        0 kB: sh (pid 5903)

Total PSS by OOM adjustment:
    15732 kB: Native
                4746 kB: zygote (pid 743)
                3852 kB: mediaserver (pid 747)
                1749 kB: TvServer (pid 1057)
                1492 kB: surfaceflinger (pid 742)
                 837 kB: wpa_supplicant (pid 1505)
                 446 kB: drmserver (pid 746)
                 333 kB: netd (pid 740)
                 318 kB: /init (pid 1)
                 266 kB: keystore (pid 749)
                 229 kB: dhcpcd (pid 1848)
                 212 kB: adbd (pid 1437)
                 167 kB: vold (pid 736)
                 161 kB: VirtualEvent (pid 1272)
                 137 kB: sh (pid 734)
                 115 kB: FileDesc_server (pid 751)
                 114 kB: sdcard (pid 757)
                 112 kB: healthd (pid 733)
                  99 kB: coocaa_guard (pid 755)
                  72 kB: ueventd (pid 512)
                  53 kB: servicemanager (pid 735)
                  49 kB: keypad (pid 739)
                  48 kB: RootApp (pid 1046)
                  46 kB: logwrapper (pid 1041)
                  29 kB: hardwared (pid 737)
                  19 kB: smobsd (pid 1276)
                  16 kB: installd (pid 748)
                  15 kB: debuggerd (pid 741)
