Applications Memory Usage (kB):
Uptime: 717005 Realtime: 717005

Total PSS by process:
    96807 kB: com.ccos.tv.homepage (pid 2143 / activities)
    24164 kB: com.tianci.movieplatform (pid 2560)
    17379 kB: system (pid 1349)
    14755 kB: com.tianci.de (pid 2460)
    14661 kB: com.coocaa.os.ccosservice (pid 1867)
    14270 kB: com.tianci.system (pid 1590)
    10046 kB: com.tianci.push (pid 1720)
     9622 kB: com.tianci.user (pid 2828)
     9180 kB: com.coocaa.sysreport (pid 2327)
     7718 kB: com.coocaa.os.softsettings.provider (pid 2298)
     5177 kB: android.process.media (pid 2647)
     3535 kB: com.dunn.instrument (pid 1581)
     2670 kB: app_process (pid 1799)
     2082 kB: zygote (pid 744)
     1264 kB: surfaceflinger (pid 743)
      989 kB: TvServer (pid 1118)
      878 kB: logcat (pid 2093)
      820 kB: mediaserver (pid 746)
      436 kB: wpa_supplicant (pid 1505)
      318 kB: /init (pid 1)
      242 kB: netd (pid 741)
      241 kB: keystore (pid 748)
      204 kB: adbd (pid 1439)
      186 kB: dumpsys (pid 10613)
      123 kB: vold (pid 737)
      118 kB: sdcard (pid 757)
      108 kB: healthd (pid 733)
       82 kB: coocaa_guard (pid 753)
       72 kB: ueventd (pid 512)
       54 kB: drmserver (pid 745)
       52 kB: servicemanager (pid 735)
       48 kB: RootApp (pid 1111)
       45 kB: logwrapper (pid 1106)
       44 kB: busybox (pid 1635)
       42 kB: FileDesc_server (pid 749)
       37 kB: keypad (pid 740)
       32 kB: VirtualEvent (pid 1263)
       27 kB: dhcpcd (pid 1878)
       19 kB: hardwared (pid 738)
       17 kB: sh (pid 734)
       10 kB: installd (pid 747)
        9 kB: sh (pid 1706)
        8 kB: debuggerd (pid 742)
        7 kB: smobsd (pid 1266)

Total PSS by OOM adjustment:
    11284 kB: Native
                2670 kB: app_process (pid 1799)
                2082 kB: zygote (pid 744)
                1264 kB: surfaceflinger (pid 743)
                 989 kB: TvServer (pid 1118)
                 878 kB: logcat (pid 2093)
                 820 kB: mediaserver (pid 746)
                 436 kB: wpa_supplicant (pid 1505)
                 318 kB: /init (pid 1)
                 242 kB: netd (pid 741)
                 241 kB: keystore (pid 748)
                 204 kB: adbd (pid 1439)
                 186 kB: dumpsys (pid 10613)
                 123 kB: vold (pid 737)
                 118 kB: sdcard (pid 757)
                 108 kB: healthd (pid 733)
                  82 kB: coocaa_guard (pid 753)
                  72 kB: ueventd (pid 512)
                  54 kB: drmserver (pid 745)
                  52 kB: servicemanager (pid 735)
                  48 kB: RootApp (pid 1111)
                  45 kB: logwrapper (pid 1106)
                  44 kB: busybox (pid 1635)
                  42 kB: FileDesc_server (pid 749)
                  37 kB: keypad (pid 740)
                  32 kB: VirtualEvent (pid 1263)
                  27 kB: dhcpcd (pid 1878)
                  19 kB: hardwared (pid 738)
                  17 kB: sh (pid 734)
                  10 kB: installd (pid 747)
                   9 kB: sh (pid 1706)
                   8 kB: debuggerd (pid 742)
                   7 kB: smobsd (pid 1266)
    17379 kB: System
               17379 kB: system (pid 1349)
     3535 kB: Persistent
                3535 kB: com.dunn.instrument (pid 1581)
   163434 kB: Foreground
               96807 kB: com.ccos.tv.homepage (pid 2143 / activities)
               14755 kB: com.tianci.de (pid 2460)
               14661 kB: com.coocaa.os.ccosservice (pid 1867)
               14270 kB: com.tianci.system (pid 1590)
               10046 kB: com.tianci.push (pid 1720)
                7718 kB: com.coocaa.os.softsettings.provider (pid 2298)
                5177 kB: android.process.media (pid 2647)
    24164 kB: Visible
               24164 kB: com.tianci.movieplatform (pid 2560)
     9180 kB: A Services
                9180 kB: com.coocaa.sysreport (pid 2327)
     9622 kB: Cached
                9622 kB: com.tianci.user (pid 2828)

Total PSS by category:
    61610 kB: Dalvik
    51747 kB: Dalvik Other
    34717 kB: Unknown
    31697 kB: .dex mmap
    16788 kB: Ashmem
    16090 kB: .so mmap
    15887 kB: Other dev
     3116 kB: Stack
     2376 kB: .apk mmap
     2292 kB: Native
     2075 kB: Other mmap
      199 kB: .ttf mmap
        4 kB: Cursor
        0 kB: .jar mmap
        0 kB: code mmap
        0 kB: image mmap
        0 kB: Graphics
        0 kB: GL
        0 kB: Memtrack

Total RAM: 463128 kB
 Free RAM: 164842 kB (9622 cached pss + 105612 cached + 49608 free)
 Used RAM: 252124 kB (228976 used pss + 1988 buffers + 228 shmem + 20932 slab)
 Lost RAM: 46162 kB
     ZRAM: 10884 kB physical used for 24032 kB in swap (98300 kB total swap)
   Tuning: 48 (large 128), oom 108462 kB, restore limit 36154 kB (low-ram)
Applications Memory Usage (kB):
Uptime: 719665 Realtime: 719665

Total PSS by process:
    94066 kB: com.ccos.tv.homepage (pid 2143 / activities)
    24165 kB: com.tianci.movieplatform (pid 2560)
    16880 kB: system (pid 1349)
    14755 kB: com.tianci.de (pid 2460)
    14669 kB: com.coocaa.os.ccosservice (pid 1867)
    14270 kB: com.tianci.system (pid 1590)
    10046 kB: com.tianci.push (pid 1720)
     9618 kB: com.tianci.user (pid 2828)
     9180 kB: com.coocaa.sysreport (pid 2327)
     7718 kB: com.coocaa.os.softsettings.provider (pid 2298)
     5177 kB: android.process.media (pid 2647)
     3547 kB: com.dunn.instrument (pid 1581)
     2670 kB: app_process (pid 1799)
     2082 kB: zygote (pid 744)
     1260 kB: surfaceflinger (pid 743)
      989 kB: TvServer (pid 1118)
      878 kB: logcat (pid 2093)
      820 kB: mediaserver (pid 746)
      436 kB: wpa_supplicant (pid 1505)
      318 kB: /init (pid 1)
      242 kB: netd (pid 741)
      241 kB: keystore (pid 748)
      204 kB: adbd (pid 1439)
      123 kB: vold (pid 737)
      118 kB: sdcard (pid 757)
      108 kB: healthd (pid 733)
       82 kB: coocaa_guard (pid 753)
       72 kB: ueventd (pid 512)
       54 kB: drmserver (pid 745)
       52 kB: servicemanager (pid 735)
       48 kB: RootApp (pid 1111)
       45 kB: logwrapper (pid 1106)
       44 kB: busybox (pid 1635)
       42 kB: FileDesc_server (pid 749)
       37 kB: keypad (pid 740)
       32 kB: VirtualEvent (pid 1263)
       27 kB: dhcpcd (pid 1878)
       19 kB: hardwared (pid 738)
       17 kB: sh (pid 734)
       10 kB: installd (pid 747)
        9 kB: sh (pid 1706)
        8 kB: debuggerd (pid 742)
        7 kB: smobsd (pid 1266)
        0 kB: dumpsys (pid 10613)

Total PSS by OOM adjustment:
    11094 kB: Native
                2670 kB: app_process (pid 1799)
                2082 kB: zygote (pid 744)
                1260 kB: surfaceflinger (pid 743)
                 989 kB: TvServer (pid 1118)
                 878 kB: logcat (pid 2093)
                 820 kB: mediaserver (pid 746)
                 436 kB: wpa_supplicant (pid 1505)
                 318 kB: /init (pid 1)
                 242 kB: netd (pid 741)
                 241 kB: keystore (pid 748)
                 204 kB: adbd (pid 1439)
                 123 kB: vold (pid 737)
                 118 kB: sdcard (pid 757)
                 108 kB: healthd (pid 733)
                  82 kB: coocaa_guard (pid 753)
                  72 kB: ueventd (pid 512)
                  54 kB: drmserver (pid 745)
                  52 kB: servicemanager (pid 735)
                  48 kB: RootApp (pid 1111)
                  45 kB: logwrapper (pid 1106)
                  44 kB: busybox (pid 1635)
                  42 kB: FileDesc_server (pid 749)
                  37 kB: keypad (pid 740)
                  32 kB: VirtualEvent (pid 1263)
                  27 kB: dhcpcd (pid 1878)
                  19 kB: hardwared (pid 738)
                  17 kB: sh (pid 734)
                  10 kB: installd (pid 747)
                   9 kB: sh (pid 1706)
                   8 kB: debuggerd (pid 742)
                   7 kB: smobsd (pid 1266)
                   0 kB: dumpsys (pid 10613)
    16880 kB: System
               16880 kB: system (pid 1349)
     3547 kB: Persistent
                3547 kB: com.dunn.instrument (pid 1581)
   160701 kB: Foreground
               94066 kB: com.ccos.tv.homepage (pid 2143 / activities)
               14755 kB: com.tianci.de (pid 2460)
               14669 kB: com.coocaa.os.ccosservice (pid 1867)
               14270 kB: com.tianci.system (pid 1590)
               10046 kB: com.tianci.push (pid 1720)
                7718 kB: com.coocaa.os.softsettings.provider (pid 2298)
                5177 kB: android.process.media (pid 2647)
    24165 kB: Visible
               24165 kB: com.tianci.movieplatform (pid 2560)
     9180 kB: A Services
                9180 kB: com.coocaa.sysreport (pid 2327)
     9618 kB: Cached
                9618 kB: com.tianci.user (pid 2828)

Total PSS by category:
    61294 kB: Dalvik
    51458 kB: Dalvik Other
    34601 kB: Unknown
    31761 kB: .dex mmap
    20424 kB: Ashmem
    16043 kB: .so mmap
     9567 kB: Other dev
     3112 kB: Stack
     2380 kB: .apk mmap
     2288 kB: Native
     2054 kB: Other mmap
      199 kB: .ttf mmap
        4 kB: Cursor
        0 kB: .jar mmap
        0 kB: code mmap
        0 kB: image mmap
        0 kB: Graphics
        0 kB: GL
        0 kB: Memtrack

Total RAM: 463128 kB
 Free RAM: 166414 kB (9618 cached pss + 106556 cached + 50240 free)
 Used RAM: 248907 kB (225567 used pss + 1996 buffers + 228 shmem + 21116 slab)
 Lost RAM: 47807 kB
     ZRAM: 10884 kB physical used for 24032 kB in swap (98300 kB total swap)
   Tuning: 48 (large 128), oom 108462 kB, restore limit 36154 kB (low-ram)
Applications Memory Usage (kB):
Uptime: 722351 Realtime: 722351

Total PSS by process:
    96290 kB: com.ccos.tv.homepage (pid 2143 / activities)
    24165 kB: com.tianci.movieplatform (pid 2560)
    16983 kB: system (pid 1349)
    14755 kB: com.tianci.de (pid 2460)
    14669 kB: com.coocaa.os.ccosservice (pid 1867)
    14318 kB: com.tianci.system (pid 1590)
    10046 kB: com.tianci.push (pid 1720)
     9618 kB: com.tianci.user (pid 2828)
     9180 kB: com.coocaa.sysreport (pid 2327)
     7718 kB: com.coocaa.os.softsettings.provider (pid 2298)
     5177 kB: android.process.media (pid 2647)
     3547 kB: com.dunn.instrument (pid 1581)
     2670 kB: app_process (pid 1799)
     2082 kB: zygote (pid 744)
     1260 kB: surfaceflinger (pid 743)
      989 kB: TvServer (pid 1118)
      878 kB: logcat (pid 2093)
      820 kB: mediaserver (pid 746)
      436 kB: wpa_supplicant (pid 1505)
      318 kB: /init (pid 1)
      242 kB: netd (pid 741)
      241 kB: keystore (pid 748)
      204 kB: adbd (pid 1439)
      183 kB: dumpsys (pid 10724)
      123 kB: vold (pid 737)
      117 kB: sdcard (pid 757)
      108 kB: healthd (pid 733)
       82 kB: coocaa_guard (pid 753)
       72 kB: ueventd (pid 512)
       54 kB: drmserver (pid 745)
       52 kB: servicemanager (pid 735)
       48 kB: RootApp (pid 1111)
       45 kB: logwrapper (pid 1106)
       44 kB: busybox (pid 1635)
       42 kB: FileDesc_server (pid 749)
       37 kB: keypad (pid 740)
       32 kB: VirtualEvent (pid 1263)
       27 kB: dhcpcd (pid 1878)
       19 kB: hardwared (pid 738)
       17 kB: sh (pid 734)
       10 kB: installd (pid 747)
        9 kB: sh (pid 1706)
        8 kB: debuggerd (pid 742)
        7 kB: smobsd (pid 1266)
        0 kB: busybox (pid 10733)

Total PSS by OOM adjustment:
    11276 kB: Native
                2670 kB: app_process (pid 1799)
                2082 kB: zygote (pid 744)
                1260 kB: surfaceflinger (pid 743)
                 989 kB: TvServer (pid 1118)
                 878 kB: logcat (pid 2093)
                 820 kB: mediaserver (pid 746)
                 436 kB: wpa_supplicant (pid 1505)
                 318 kB: /init (pid 1)
                 242 kB: netd (pid 741)
                 241 kB: keystore (pid 748)
                 204 kB: adbd (pid 1439)
                 183 kB: dumpsys (pid 10724)
                 123 kB: vold (pid 737)
                 117 kB: sdcard (pid 757)
                 108 kB: healthd (pid 733)
                  82 kB: coocaa_guard (pid 753)
                  72 kB: ueventd (pid 512)
                  54 kB: drmserver (pid 745)
                  52 kB: servicemanager (pid 735)
                  48 kB: RootApp (pid 1111)
                  45 kB: logwrapper (pid 1106)
                  44 kB: busybox (pid 1635)
                  42 kB: FileDesc_server (pid 749)
                  37 kB: keypad (pid 740)
                  32 kB: VirtualEvent (pid 1263)
                  27 kB: dhcpcd (pid 1878)
                  19 kB: hardwared (pid 738)
                  17 kB: sh (pid 734)
                  10 kB: installd (pid 747)
                   9 kB: sh (pid 1706)
                   8 kB: debuggerd (pid 742)
                   7 kB: smobsd (pid 1266)
                   0 kB: busybox (pid 10733)
    16983 kB: System
               16983 kB: system (pid 1349)
     3547 kB: Persistent
                3547 kB: com.dunn.instrument (pid 1581)
   162973 kB: Foreground
               96290 kB: com.ccos.tv.homepage (pid 2143 / activities)
               14755 kB: com.tianci.de (pid 2460)
               14669 kB: com.coocaa.os.ccosservice (pid 1867)
               14318 kB: com.tianci.system (pid 1590)
               10046 kB: com.tianci.push (pid 1720)
                7718 kB: com.coocaa.os.softsettings.provider (pid 2298)
                5177 kB: android.process.media (pid 2647)
    24165 kB: Visible
               24165 kB: com.tianci.movieplatform (pid 2560)
     9180 kB: A Services
                9180 kB: com.coocaa.sysreport (pid 2327)
     9618 kB: Cached
                9618 kB: com.tianci.user (pid 2828)

Total PSS by category:
    61402 kB: Dalvik
    51458 kB: Dalvik Other
    35449 kB: Unknown
    31777 kB: .dex mmap
    20168 kB: Ashmem
    16183 kB: .so mmap
    11239 kB: Other dev
     3116 kB: Stack
     2380 kB: .apk mmap
     2292 kB: Native
     2075 kB: Other mmap
      199 kB: .ttf mmap
        4 kB: Cursor
        0 kB: .jar mmap
        0 kB: code mmap
        0 kB: image mmap
        0 kB: Graphics
        0 kB: GL
        0 kB: Memtrack

Total RAM: 463128 kB
 Free RAM: 164670 kB (9618 cached pss + 106712 cached + 48340 free)
 Used RAM: 251528 kB (228124 used pss + 1996 buffers + 228 shmem + 21180 slab)
 Lost RAM: 46930 kB
     ZRAM: 10884 kB physical used for 24032 kB in swap (98300 kB total swap)
   Tuning: 48 (large 128), oom 108462 kB, restore limit 36154 kB (low-ram)
Applications Memory Usage (kB):
Uptime: 724921 Realtime: 724921

Total PSS by process:
    95369 kB: com.ccos.tv.homepage (pid 2143 / activities)
    24165 kB: com.tianci.movieplatform (pid 2560)
    17071 kB: system (pid 1349)
    14755 kB: com.tianci.de (pid 2460)
    14669 kB: com.coocaa.os.ccosservice (pid 1867)
    14318 kB: com.tianci.system (pid 1590)
    10046 kB: com.tianci.push (pid 1720)
     9618 kB: com.tianci.user (pid 2828)
     9180 kB: com.coocaa.sysreport (pid 2327)
     7718 kB: com.coocaa.os.softsettings.provider (pid 2298)
     5177 kB: android.process.media (pid 2647)
     3547 kB: com.dunn.instrument (pid 1581)
     2670 kB: app_process (pid 1799)
     2082 kB: zygote (pid 744)
     1260 kB: surfaceflinger (pid 743)
      989 kB: TvServer (pid 1118)
      820 kB: mediaserver (pid 746)
      436 kB: wpa_supplicant (pid 1505)
      318 kB: /init (pid 1)
      242 kB: netd (pid 741)
      241 kB: keystore (pid 748)
      204 kB: adbd (pid 1439)
      123 kB: vold (pid 737)
      118 kB: sdcard (pid 757)
      108 kB: healthd (pid 733)
      106 kB: logcat (pid 2093)
       82 kB: coocaa_guard (pid 753)
       72 kB: ueventd (pid 512)
       54 kB: drmserver (pid 745)
       52 kB: servicemanager (pid 735)
       48 kB: RootApp (pid 1111)
       45 kB: logwrapper (pid 1106)
       44 kB: busybox (pid 1635)
       42 kB: FileDesc_server (pid 749)
       37 kB: keypad (pid 740)
       32 kB: VirtualEvent (pid 1263)
       27 kB: dhcpcd (pid 1878)
       19 kB: hardwared (pid 738)
       17 kB: sh (pid 734)
       10 kB: installd (pid 747)
        9 kB: sh (pid 1706)
        8 kB: debuggerd (pid 742)
        7 kB: smobsd (pid 1266)
        0 kB: dumpsys (pid 10724)
        0 kB: busybox (pid 10733)

Total PSS by OOM adjustment:
    10322 kB: Native
                2670 kB: app_process (pid 1799)
                2082 kB: zygote (pid 744)
                1260 kB: surfaceflinger (pid 743)
                 989 kB: TvServer (pid 1118)
                 820 kB: mediaserver (pid 746)
                 436 kB: wpa_supplicant (pid 1505)
                 318 kB: /init (pid 1)
                 242 kB: netd (pid 741)
                 241 kB: keystore (pid 748)
                 204 kB: adbd (pid 1439)
                 123 kB: vold (pid 737)
                 118 kB: sdcard (pid 757)
                 108 kB: healthd (pid 733)
                 106 kB: logcat (pid 2093)
                  82 kB: coocaa_guard (pid 753)
                  72 kB: ueventd (pid 512)
                  54 kB: drmserver (pid 745)
                  52 kB: servicemanager (pid 735)
                  48 kB: RootApp (pid 1111)
                  45 kB: logwrapper (pid 1106)
                  44 kB: busybox (pid 1635)
                  42 kB: FileDesc_server (pid 749)
                  37 kB: keypad (pid 740)
                  32 kB: VirtualEvent (pid 1263)
                  27 kB: dhcpcd (pid 1878)
                  19 kB: hardwared (pid 738)
                  17 kB: sh (pid 734)
                  10 kB: installd (pid 747)
                   9 kB: sh (pid 1706)
                   8 kB: debuggerd (pid 742)
                   7 kB: smobsd (pid 1266)
                   0 kB: dumpsys (pid 10724)
                   0 kB: busybox (pid 10733)
    17071 kB: System
               17071 kB: system (pid 1349)
     3547 kB: Persistent
                3547 kB: com.dunn.instrument (pid 1581)
   162052 kB: Foreground
               95369 kB: com.ccos.tv.homepage (pid 2143 / activities)
               14755 kB: com.tianci.de (pid 2460)
               14669 kB: com.coocaa.os.ccosservice (pid 1867)
               14318 kB: com.tianci.system (pid 1590)
               10046 kB: com.tianci.push (pid 1720)
                7718 kB: com.coocaa.os.softsettings.provider (pid 2298)
                5177 kB: android.process.media (pid 2647)
    24165 kB: Visible
               24165 kB: com.tianci.movieplatform (pid 2560)
     9180 kB: A Services
                9180 kB: com.coocaa.sysreport (pid 2327)
     9618 kB: Cached
                9618 kB: com.tianci.user (pid 2828)

Total PSS by category:
    61526 kB: Dalvik
    51458 kB: Dalvik Other
    35329 kB: Unknown
    31785 kB: .dex mmap
    20268 kB: Ashmem
    16045 kB: .so mmap
    10267 kB: Other dev
     3116 kB: Stack
     2388 kB: .apk mmap
     2054 kB: Other mmap
     1516 kB: Native
      199 kB: .ttf mmap
        4 kB: Cursor
        0 kB: .jar mmap
        0 kB: code mmap
        0 kB: image mmap
        0 kB: Graphics
        0 kB: GL
        0 kB: Memtrack

Total RAM: 463128 kB
 Free RAM: 162874 kB (9618 cached pss + 106608 cached + 46648 free)
 Used RAM: 249749 kB (226337 used pss + 2004 buffers + 228 shmem + 21180 slab)
 Lost RAM: 50505 kB
     ZRAM: 10884 kB physical used for 24032 kB in swap (98300 kB total swap)
   Tuning: 48 (large 128), oom 108462 kB, restore limit 36154 kB (low-ram)
Applications Memory Usage (kB):
Uptime: 727535 Realtime: 727535

Total PSS by process:
   104305 kB: com.ccos.tv.homepage (pid 2143 / activities)
    24169 kB: com.tianci.movieplatform (pid 2560)
    17067 kB: system (pid 1349)
    14755 kB: com.tianci.de (pid 2460)
    14669 kB: com.coocaa.os.ccosservice (pid 1867)
    14314 kB: com.tianci.system (pid 1590)
    10038 kB: com.tianci.push (pid 1720)
     9614 kB: com.tianci.user (pid 2828)
     9180 kB: com.coocaa.sysreport (pid 2327)
     7718 kB: com.coocaa.os.softsettings.provider (pid 2298)
     5177 kB: android.process.media (pid 2647)
     3543 kB: com.dunn.instrument (pid 1581)
     2670 kB: app_process (pid 1799)
     2082 kB: zygote (pid 744)
     1264 kB: surfaceflinger (pid 743)
     1082 kB: logcat (pid 2093)
      989 kB: TvServer (pid 1118)
      820 kB: mediaserver (pid 746)
      436 kB: wpa_supplicant (pid 1505)
      318 kB: /init (pid 1)
      242 kB: netd (pid 741)
      241 kB: keystore (pid 748)
      204 kB: adbd (pid 1439)
      186 kB: dumpsys (pid 10826)
      123 kB: vold (pid 737)
      118 kB: sdcard (pid 757)
      108 kB: healthd (pid 733)
       82 kB: coocaa_guard (pid 753)
       72 kB: ueventd (pid 512)
       54 kB: drmserver (pid 745)
       52 kB: servicemanager (pid 735)
       48 kB: RootApp (pid 1111)
       45 kB: logwrapper (pid 1106)
       44 kB: busybox (pid 1635)
       42 kB: FileDesc_server (pid 749)
       37 kB: keypad (pid 740)
       32 kB: VirtualEvent (pid 1263)
       27 kB: dhcpcd (pid 1878)
       19 kB: hardwared (pid 738)
       17 kB: sh (pid 734)
       10 kB: installd (pid 747)
        9 kB: sh (pid 1706)
        8 kB: debuggerd (pid 742)
        7 kB: smobsd (pid 1266)

Total PSS by OOM adjustment:
    11488 kB: Native
                2670 kB: app_process (pid 1799)
                2082 kB: zygote (pid 744)
                1264 kB: surfaceflinger (pid 743)
                1082 kB: logcat (pid 2093)
                 989 kB: TvServer (pid 1118)
                 820 kB: mediaserver (pid 746)
                 436 kB: wpa_supplicant (pid 1505)
                 318 kB: /init (pid 1)
                 242 kB: netd (pid 741)
                 241 kB: keystore (pid 748)
                 204 kB: adbd (pid 1439)
                 186 kB: dumpsys (pid 10826)
                 123 kB: vold (pid 737)
                 118 kB: sdcard (pid 757)
                 108 kB: healthd (pid 733)
                  82 kB: coocaa_guard (pid 753)
                  72 kB: ueventd (pid 512)
                  54 kB: drmserver (pid 745)
                  52 kB: servicemanager (pid 735)
                  48 kB: RootApp (pid 1111)
                  45 kB: logwrapper (pid 1106)
                  44 kB: busybox (pid 1635)
                  42 kB: FileDesc_server (pid 749)
                  37 kB: keypad (pid 740)
                  32 kB: VirtualEvent (pid 1263)
                  27 kB: dhcpcd (pid 1878)
                  19 kB: hardwared (pid 738)
                  17 kB: sh (pid 734)
                  10 kB: installd (pid 747)
                   9 kB: sh (pid 1706)
                   8 kB: debuggerd (pid 742)
                   7 kB: smobsd (pid 1266)
    17067 kB: System
               17067 kB: system (pid 1349)
     3543 kB: Persistent
                3543 kB: com.dunn.instrument (pid 1581)
   170976 kB: Foreground
              104305 kB: com.ccos.tv.homepage (pid 2143 / activities)
               14755 kB: com.tianci.de (pid 2460)
               14669 kB: com.coocaa.os.ccosservice (pid 1867)
               14314 kB: com.tianci.system (pid 1590)
               10038 kB: com.tianci.push (pid 1720)
                7718 kB: com.coocaa.os.softsettings.provider (pid 2298)
                5177 kB: android.process.media (pid 2647)
    24169 kB: Visible
               24169 kB: com.tianci.movieplatform (pid 2560)
     9180 kB: A Services
                9180 kB: com.coocaa.sysreport (pid 2327)
     9614 kB: Cached
                9614 kB: com.tianci.user (pid 2828)

Total PSS by category:
    61526 kB: Dalvik
    51465 kB: Dalvik Other
    34617 kB: Unknown
    31753 kB: .dex mmap
    20380 kB: Ashmem
    19795 kB: Other dev
    16183 kB: .so mmap
     3156 kB: Stack
     2496 kB: Native
     2388 kB: .apk mmap
     2075 kB: Other mmap
      199 kB: .ttf mmap
        4 kB: Cursor
        0 kB: .jar mmap
        0 kB: code mmap
        0 kB: image mmap
        0 kB: Graphics
        0 kB: GL
        0 kB: Memtrack

Total RAM: 463128 kB
 Free RAM: 160502 kB (9614 cached pss + 106440 cached + 44448 free)
 Used RAM: 259835 kB (236423 used pss + 2004 buffers + 228 shmem + 21180 slab)
 Lost RAM: 42791 kB
     ZRAM: 10884 kB physical used for 24032 kB in swap (98300 kB total swap)
   Tuning: 48 (large 128), oom 108462 kB, restore limit 36154 kB (low-ram)
Applications Memory Usage (kB):
Uptime: 730216 Realtime: 730216

Total PSS by process:
    99997 kB: com.ccos.tv.homepage (pid 2143 / activities)
    24141 kB: com.tianci.movieplatform (pid 2560)
    16955 kB: system (pid 1349)
    14755 kB: com.tianci.de (pid 2460)
    14669 kB: com.coocaa.os.ccosservice (pid 1867)
    14310 kB: com.tianci.system (pid 1590)
    10038 kB: com.tianci.push (pid 1720)
     9606 kB: com.tianci.user (pid 2828)
     9180 kB: com.coocaa.sysreport (pid 2327)
     7718 kB: com.coocaa.os.softsettings.provider (pid 2298)
     5177 kB: android.process.media (pid 2647)
     3559 kB: com.dunn.instrument (pid 1581)
     2670 kB: app_process (pid 1799)
     2082 kB: zygote (pid 744)
     1470 kB: logcat (pid 2093)
     1260 kB: surfaceflinger (pid 743)
      985 kB: TvServer (pid 1118)
      820 kB: mediaserver (pid 746)
      436 kB: wpa_supplicant (pid 1505)
      318 kB: /init (pid 1)
      242 kB: netd (pid 741)
      241 kB: keystore (pid 748)
      204 kB: adbd (pid 1439)
      123 kB: vold (pid 737)
      118 kB: sdcard (pid 757)
      108 kB: healthd (pid 733)
       82 kB: coocaa_guard (pid 753)
       72 kB: ueventd (pid 512)
       54 kB: drmserver (pid 745)
       52 kB: servicemanager (pid 735)
       48 kB: RootApp (pid 1111)
       45 kB: logwrapper (pid 1106)
       44 kB: busybox (pid 1635)
       42 kB: FileDesc_server (pid 749)
       37 kB: keypad (pid 740)
       32 kB: VirtualEvent (pid 1263)
       27 kB: dhcpcd (pid 1878)
       19 kB: hardwared (pid 738)
       16 kB: sh (pid 734)
       10 kB: installd (pid 747)
        9 kB: sh (pid 1706)
        8 kB: debuggerd (pid 742)
        7 kB: smobsd (pid 1266)
        0 kB: dumpsys (pid 10826)

Total PSS by OOM adjustment:
    11681 kB: Native
                2670 kB: app_process (pid 1799)
                2082 kB: zygote (pid 744)
                1470 kB: logcat (pid 2093)
                1260 kB: surfaceflinger (pid 743)
                 985 kB: TvServer (pid 1118)
                 820 kB: mediaserver (pid 746)
                 436 kB: wpa_supplicant (pid 1505)
                 318 kB: /init (pid 1)
                 242 kB: netd (pid 741)
                 241 kB: keystore (pid 748)
                 204 kB: adbd (pid 1439)
                 123 kB: vold (pid 737)
                 118 kB: sdcard (pid 757)
                 108 kB: healthd (pid 733)
                  82 kB: coocaa_guard (pid 753)
                  72 kB: ueventd (pid 512)
                  54 kB: drmserver (pid 745)
                  52 kB: servicemanager (pid 735)
                  48 kB: RootApp (pid 1111)
                  45 kB: logwrapper (pid 1106)
                  44 kB: busybox (pid 1635)
                  42 kB: FileDesc_server (pid 749)
                  37 kB: keypad (pid 740)
                  32 kB: VirtualEvent (pid 1263)
                  27 kB: dhcpcd (pid 1878)
                  19 kB: hardwared (pid 738)
                  16 kB: sh (pid 734)
                  10 kB: installd (pid 747)
                   9 kB: sh (pid 1706)
                   8 kB: debuggerd (pid 742)
                   7 kB: smobsd (pid 1266)
                   0 kB: dumpsys (pid 10826)
    16955 kB: System
               16955 kB: system (pid 1349)
     3559 kB: Persistent
                3559 kB: com.dunn.instrument (pid 1581)
   166664 kB: Foreground
               99997 kB: com.ccos.tv.homepage (pid 2143 / activities)
               14755 kB: com.tianci.de (pid 2460)
               14669 kB: com.coocaa.os.ccosservice (pid 1867)
               14310 kB: com.tianci.system (pid 1590)
               10038 kB: com.tianci.push (pid 1720)
                7718 kB: com.coocaa.os.softsettings.provider (pid 2298)
                5177 kB: android.process.media (pid 2647)
    24141 kB: Visible
               24141 kB: com.tianci.movieplatform (pid 2560)
     9180 kB: A Services
                9180 kB: com.coocaa.sysreport (pid 2327)
     9606 kB: Cached
                9606 kB: com.tianci.user (pid 2828)

Total PSS by category:
    61458 kB: Dalvik
    51461 kB: Dalvik Other
    34025 kB: Unknown
    31745 kB: .dex mmap
    20304 kB: Ashmem
    16139 kB: Other dev
    16041 kB: .so mmap
     3092 kB: Stack
     2880 kB: Native
     2388 kB: .apk mmap
     2050 kB: Other mmap
      199 kB: .ttf mmap
        4 kB: Cursor
        0 kB: .jar mmap
        0 kB: code mmap
        0 kB: image mmap
        0 kB: Graphics
        0 kB: GL
        0 kB: Memtrack

Total RAM: 463128 kB
 Free RAM: 161358 kB (9606 cached pss + 106676 cached + 45076 free)
 Used RAM: 255620 kB (232180 used pss + 2012 buffers + 228 shmem + 21200 slab)
 Lost RAM: 46150 kB
     ZRAM: 10884 kB physical used for 24032 kB in swap (98300 kB total swap)
   Tuning: 48 (large 128), oom 108462 kB, restore limit 36154 kB (low-ram)
Applications Memory Usage (kB):
Uptime: 732990 Realtime: 732990

Total PSS by process:
    98693 kB: com.ccos.tv.homepage (pid 2143 / activities)
    24141 kB: com.tianci.movieplatform (pid 2560)
    17011 kB: system (pid 1349)
    14759 kB: com.tianci.de (pid 2460)
    14661 kB: com.coocaa.os.ccosservice (pid 1867)
    14310 kB: com.tianci.system (pid 1590)
    10038 kB: com.tianci.push (pid 1720)
     9606 kB: com.tianci.user (pid 2828)
     9180 kB: com.coocaa.sysreport (pid 2327)
     7718 kB: com.coocaa.os.softsettings.provider (pid 2298)
     5177 kB: android.process.media (pid 2647)
     3559 kB: com.dunn.instrument (pid 1581)
     2670 kB: app_process (pid 1799)
     2082 kB: zygote (pid 744)
     1726 kB: logcat (pid 2093)
     1260 kB: surfaceflinger (pid 743)
      985 kB: TvServer (pid 1118)
      819 kB: mediaserver (pid 746)
      436 kB: wpa_supplicant (pid 1505)
      318 kB: /init (pid 1)
      242 kB: netd (pid 741)
      241 kB: keystore (pid 748)
      204 kB: adbd (pid 1439)
      183 kB: dumpsys (pid 10955)
      123 kB: vold (pid 737)
      118 kB: sdcard (pid 757)
      108 kB: healthd (pid 733)
       82 kB: coocaa_guard (pid 753)
       72 kB: ueventd (pid 512)
       54 kB: drmserver (pid 745)
       52 kB: servicemanager (pid 735)
       48 kB: RootApp (pid 1111)
       45 kB: logwrapper (pid 1106)
       44 kB: busybox (pid 1635)
       42 kB: FileDesc_server (pid 749)
       37 kB: keypad (pid 740)
       32 kB: VirtualEvent (pid 1263)
       27 kB: dhcpcd (pid 1878)
       19 kB: hardwared (pid 738)
       17 kB: sh (pid 734)
       10 kB: installd (pid 747)
        9 kB: sh (pid 1706)
        8 kB: debuggerd (pid 742)
        7 kB: smobsd (pid 1266)
        0 kB: busybox (pid 10964)

Total PSS by OOM adjustment:
    12120 kB: Native
                2670 kB: app_process (pid 1799)
                2082 kB: zygote (pid 744)
                1726 kB: logcat (pid 2093)
                1260 kB: surfaceflinger (pid 743)
                 985 kB: TvServer (pid 1118)
                 819 kB: mediaserver (pid 746)
                 436 kB: wpa_supplicant (pid 1505)
                 318 kB: /init (pid 1)
                 242 kB: netd (pid 741)
                 241 kB: keystore (pid 748)
                 204 kB: adbd (pid 1439)
                 183 kB: dumpsys (pid 10955)
                 123 kB: vold (pid 737)
                 118 kB: sdcard (pid 757)
                 108 kB: healthd (pid 733)
                  82 kB: coocaa_guard (pid 753)
                  72 kB: ueventd (pid 512)
                  54 kB: drmserver (pid 745)
                  52 kB: servicemanager (pid 735)
                  48 kB: RootApp (pid 1111)
                  45 kB: logwrapper (pid 1106)
                  44 kB: busybox (pid 1635)
                  42 kB: FileDesc_server (pid 749)
                  37 kB: keypad (pid 740)
                  32 kB: VirtualEvent (pid 1263)
                  27 kB: dhcpcd (pid 1878)
                  19 kB: hardwared (pid 738)
                  17 kB: sh (pid 734)
                  10 kB: installd (pid 747)
                   9 kB: sh (pid 1706)
                   8 kB: debuggerd (pid 742)
                   7 kB: smobsd (pid 1266)
                   0 kB: busybox (pid 10964)
    17011 kB: System
               17011 kB: system (pid 1349)
     3559 kB: Persistent
                3559 kB: com.dunn.instrument (pid 1581)
   165356 kB: Foreground
               98693 kB: com.ccos.tv.homepage (pid 2143 / activities)
               14759 kB: com.tianci.de (pid 2460)
               14661 kB: com.coocaa.os.ccosservice (pid 1867)
               14310 kB: com.tianci.system (pid 1590)
               10038 kB: com.tianci.push (pid 1720)
                7718 kB: com.coocaa.os.softsettings.provider (pid 2298)
                5177 kB: android.process.media (pid 2647)
    24141 kB: Visible
               24141 kB: com.tianci.movieplatform (pid 2560)
     9180 kB: A Services
                9180 kB: com.coocaa.sysreport (pid 2327)
     9606 kB: Cached
                9606 kB: com.tianci.user (pid 2828)

Total PSS by category:
    61466 kB: Dalvik
    51457 kB: Dalvik Other
    34421 kB: Unknown
    31761 kB: .dex mmap
    20268 kB: Ashmem
    16179 kB: .so mmap
    14523 kB: Other dev
     3140 kB: Native
     3096 kB: Stack
     2388 kB: .apk mmap
     2071 kB: Other mmap
      199 kB: .ttf mmap
        4 kB: Cursor
        0 kB: .jar mmap
        0 kB: code mmap
        0 kB: image mmap
        0 kB: Graphics
        0 kB: GL
        0 kB: Memtrack

Total RAM: 463128 kB
 Free RAM: 167830 kB (9606 cached pss + 106696 cached + 51528 free)
 Used RAM: 254807 kB (231367 used pss + 2012 buffers + 228 shmem + 21200 slab)
 Lost RAM: 40491 kB
     ZRAM: 10884 kB physical used for 24032 kB in swap (98300 kB total swap)
   Tuning: 48 (large 128), oom 108462 kB, restore limit 36154 kB (low-ram)
Applications Memory Usage (kB):
Uptime: 735821 Realtime: 735821

Total PSS by process:
    94829 kB: com.ccos.tv.homepage (pid 2143 / activities)
    24141 kB: com.tianci.movieplatform (pid 2560)
    17115 kB: system (pid 1349)
    14755 kB: com.tianci.de (pid 2460)
    14669 kB: com.coocaa.os.ccosservice (pid 1867)
    14318 kB: com.tianci.system (pid 1590)
    10038 kB: com.tianci.push (pid 1720)
     9606 kB: com.tianci.user (pid 2828)
     9180 kB: com.coocaa.sysreport (pid 2327)
     7718 kB: com.coocaa.os.softsettings.provider (pid 2298)
     5177 kB: android.process.media (pid 2647)
     3559 kB: com.dunn.instrument (pid 1581)
     2670 kB: app_process (pid 1799)
     2082 kB: zygote (pid 744)
     1730 kB: logcat (pid 2093)
     1260 kB: surfaceflinger (pid 743)
      985 kB: TvServer (pid 1118)
      820 kB: mediaserver (pid 746)
      436 kB: wpa_supplicant (pid 1505)
      318 kB: /init (pid 1)
      242 kB: netd (pid 741)
      241 kB: keystore (pid 748)
      204 kB: adbd (pid 1439)
      123 kB: vold (pid 737)
      118 kB: sdcard (pid 757)
      108 kB: healthd (pid 733)
       82 kB: coocaa_guard (pid 753)
       72 kB: ueventd (pid 512)
       54 kB: drmserver (pid 745)
       52 kB: servicemanager (pid 735)
       48 kB: RootApp (pid 1111)
       45 kB: logwrapper (pid 1106)
       44 kB: busybox (pid 1635)
       42 kB: FileDesc_server (pid 749)
       37 kB: keypad (pid 740)
       32 kB: VirtualEvent (pid 1263)
       27 kB: dhcpcd (pid 1878)
       19 kB: hardwared (pid 738)
       17 kB: sh (pid 734)
       10 kB: installd (pid 747)
        9 kB: sh (pid 1706)
        8 kB: debuggerd (pid 742)
        7 kB: smobsd (pid 1266)
        0 kB: dumpsys (pid 10955)
        0 kB: busybox (pid 10964)

Total PSS by OOM adjustment:
    11942 kB: Native
                2670 kB: app_process (pid 1799)
                2082 kB: zygote (pid 744)
                1730 kB: logcat (pid 2093)
                1260 kB: surfaceflinger (pid 743)
                 985 kB: TvServer (pid 1118)
                 820 kB: mediaserver (pid 746)
                 436 kB: wpa_supplicant (pid 1505)
                 318 kB: /init (pid 1)
                 242 kB: netd (pid 741)
                 241 kB: keystore (pid 748)
                 204 kB: adbd (pid 1439)
                 123 kB: vold (pid 737)
                 118 kB: sdcard (pid 757)
                 108 kB: healthd (pid 733)
                  82 kB: coocaa_guard (pid 753)
                  72 kB: ueventd (pid 512)
                  54 kB: drmserver (pid 745)
                  52 kB: servicemanager (pid 735)
                  48 kB: RootApp (pid 1111)
                  45 kB: logwrapper (pid 1106)
                  44 kB: busybox (pid 1635)
                  42 kB: FileDesc_server (pid 749)
                  37 kB: keypad (pid 740)
                  32 kB: VirtualEvent (pid 1263)
                  27 kB: dhcpcd (pid 1878)
                  19 kB: hardwared (pid 738)
                  17 kB: sh (pid 734)
                  10 kB: installd (pid 747)
                   9 kB: sh (pid 1706)
                   8 kB: debuggerd (pid 742)
                   7 kB: smobsd (pid 1266)
                   0 kB: dumpsys (pid 10955)
                   0 kB: busybox (pid 10964)
    17115 kB: System
               17115 kB: system (pid 1349)
     3559 kB: Persistent
                3559 kB: com.dunn.instrument (pid 1581)
   161504 kB: Foreground
               94829 kB: com.ccos.tv.homepage (pid 2143 / activities)
               14755 kB: com.tianci.de (pid 2460)
               14669 kB: com.coocaa.os.ccosservice (pid 1867)
               14318 kB: com.tianci.system (pid 1590)
               10038 kB: com.tianci.push (pid 1720)
                7718 kB: com.coocaa.os.softsettings.provider (pid 2298)
                5177 kB: android.process.media (pid 2647)
    24141 kB: Visible
               24141 kB: com.tianci.movieplatform (pid 2560)
     9180 kB: A Services
                9180 kB: com.coocaa.sysreport (pid 2327)
     9606 kB: Cached
                9606 kB: com.tianci.user (pid 2828)

Total PSS by category:
    61594 kB: Dalvik
    51461 kB: Dalvik Other
    33857 kB: Unknown
    31789 kB: .dex mmap
    20256 kB: Ashmem
    16042 kB: .so mmap
    11171 kB: Other dev
     3140 kB: Native
     3096 kB: Stack
     2388 kB: .apk mmap
     2050 kB: Other mmap
      199 kB: .ttf mmap
        4 kB: Cursor
        0 kB: .jar mmap
        0 kB: code mmap
        0 kB: image mmap
        0 kB: Graphics
        0 kB: GL
        0 kB: Memtrack

Total RAM: 463128 kB
 Free RAM: 165434 kB (9606 cached pss + 106820 cached + 49008 free)
 Used RAM: 250925 kB (227441 used pss + 2020 buffers + 228 shmem + 21236 slab)
 Lost RAM: 46769 kB
     ZRAM: 10884 kB physical used for 24032 kB in swap (98300 kB total swap)
   Tuning: 48 (large 128), oom 108462 kB, restore limit 36154 kB (low-ram)
Applications Memory Usage (kB):
Uptime: 738391 Realtime: 738391

Total PSS by process:
    95341 kB: com.ccos.tv.homepage (pid 2143 / activities)
    24141 kB: com.tianci.movieplatform (pid 2560)
    17119 kB: system (pid 1349)
    14759 kB: com.tianci.de (pid 2460)
    14669 kB: com.coocaa.os.ccosservice (pid 1867)
    14318 kB: com.tianci.system (pid 1590)
    10038 kB: com.tianci.push (pid 1720)
     9606 kB: com.tianci.user (pid 2828)
     9180 kB: com.coocaa.sysreport (pid 2327)
     7718 kB: com.coocaa.os.softsettings.provider (pid 2298)
     5177 kB: android.process.media (pid 2647)
     3559 kB: com.dunn.instrument (pid 1581)
     2670 kB: app_process (pid 1799)
     2082 kB: zygote (pid 744)
     1260 kB: surfaceflinger (pid 743)
      985 kB: TvServer (pid 1118)
      820 kB: mediaserver (pid 746)
      436 kB: wpa_supplicant (pid 1505)
      318 kB: /init (pid 1)
      282 kB: logcat (pid 2093)
      242 kB: netd (pid 741)
      241 kB: keystore (pid 748)
      204 kB: adbd (pid 1439)
      186 kB: dumpsys (pid 11052)
      123 kB: vold (pid 737)
      118 kB: sdcard (pid 757)
      108 kB: healthd (pid 733)
       82 kB: coocaa_guard (pid 753)
       72 kB: ueventd (pid 512)
       54 kB: drmserver (pid 745)
       52 kB: servicemanager (pid 735)
       48 kB: RootApp (pid 1111)
       45 kB: logwrapper (pid 1106)
       44 kB: busybox (pid 1635)
       42 kB: FileDesc_server (pid 749)
       37 kB: keypad (pid 740)
       32 kB: VirtualEvent (pid 1263)
       27 kB: dhcpcd (pid 1878)
       19 kB: hardwared (pid 738)
       17 kB: sh (pid 734)
       10 kB: installd (pid 747)
        9 kB: sh (pid 1706)
        8 kB: debuggerd (pid 742)
        7 kB: smobsd (pid 1266)

Total PSS by OOM adjustment:
    10680 kB: Native
                2670 kB: app_process (pid 1799)
                2082 kB: zygote (pid 744)
                1260 kB: surfaceflinger (pid 743)
                 985 kB: TvServer (pid 1118)
                 820 kB: mediaserver (pid 746)
                 436 kB: wpa_supplicant (pid 1505)
                 318 kB: /init (pid 1)
                 282 kB: logcat (pid 2093)
                 242 kB: netd (pid 741)
                 241 kB: keystore (pid 748)
                 204 kB: adbd (pid 1439)
                 186 kB: dumpsys (pid 11052)
                 123 kB: vold (pid 737)
                 118 kB: sdcard (pid 757)
                 108 kB: healthd (pid 733)
                  82 kB: coocaa_guard (pid 753)
                  72 kB: ueventd (pid 512)
                  54 kB: drmserver (pid 745)
                  52 kB: servicemanager (pid 735)
                  48 kB: RootApp (pid 1111)
                  45 kB: logwrapper (pid 1106)
                  44 kB: busybox (pid 1635)
                  42 kB: FileDesc_server (pid 749)
                  37 kB: keypad (pid 740)
                  32 kB: VirtualEvent (pid 1263)
                  27 kB: dhcpcd (pid 1878)
                  19 kB: hardwared (pid 738)
                  17 kB: sh (pid 734)
                  10 kB: installd (pid 747)
                   9 kB: sh (pid 1706)
                   8 kB: debuggerd (pid 742)
                   7 kB: smobsd (pid 1266)
    17119 kB: System
               17119 kB: system (pid 1349)
     3559 kB: Persistent
                3559 kB: com.dunn.instrument (pid 1581)
   162020 kB: Foreground
               95341 kB: com.ccos.tv.homepage (pid 2143 / activities)
               14759 kB: com.tianci.de (pid 2460)
               14669 kB: com.coocaa.os.ccosservice (pid 1867)
               14318 kB: com.tianci.system (pid 1590)
               10038 kB: com.tianci.push (pid 1720)
                7718 kB: com.coocaa.os.softsettings.provider (pid 2298)
                5177 kB: android.process.media (pid 2647)
    24141 kB: Visible
               24141 kB: com.tianci.movieplatform (pid 2560)
     9180 kB: A Services
                9180 kB: com.coocaa.sysreport (pid 2327)
     9606 kB: Cached
                9606 kB: com.tianci.user (pid 2828)

Total PSS by category:
    61606 kB: Dalvik
    51457 kB: Dalvik Other
    33937 kB: Unknown
    31833 kB: .dex mmap
    20464 kB: Ashmem
    16183 kB: .so mmap
    11359 kB: Other dev
     3108 kB: Stack
     2388 kB: .apk mmap
     2071 kB: Other mmap
     1696 kB: Native
      199 kB: .ttf mmap
        4 kB: Cursor
        0 kB: .jar mmap
        0 kB: code mmap
        0 kB: image mmap
        0 kB: Graphics
        0 kB: GL
        0 kB: Memtrack

Total RAM: 463128 kB
 Free RAM: 167522 kB (9606 cached pss + 107280 cached + 50636 free)
 Used RAM: 250187 kB (226699 used pss + 2020 buffers + 228 shmem + 21240 slab)
 Lost RAM: 45419 kB
     ZRAM: 10884 kB physical used for 24032 kB in swap (98300 kB total swap)
   Tuning: 48 (large 128), oom 108462 kB, restore limit 36154 kB (low-ram)
Applications Memory Usage (kB):
Uptime: 740930 Realtime: 740930

Total PSS by process:
    95449 kB: com.ccos.tv.homepage (pid 2143 / activities)
    24140 kB: com.tianci.movieplatform (pid 2560)
    17092 kB: system (pid 1349)
    14759 kB: com.tianci.de (pid 2460)
    14669 kB: com.coocaa.os.ccosservice (pid 1867)
    14316 kB: com.tianci.system (pid 1590)
    10038 kB: com.tianci.push (pid 1720)
     9606 kB: com.tianci.user (pid 2828)
     9180 kB: com.coocaa.sysreport (pid 2327)
     7718 kB: com.coocaa.os.softsettings.provider (pid 2298)
     5177 kB: android.process.media (pid 2647)
     3571 kB: com.dunn.instrument (pid 1581)
     2669 kB: app_process (pid 1799)
     2082 kB: zygote (pid 744)
     1260 kB: surfaceflinger (pid 743)
      985 kB: TvServer (pid 1118)
      820 kB: mediaserver (pid 746)
      794 kB: logcat (pid 2093)
      434 kB: wpa_supplicant (pid 1505)
      318 kB: /init (pid 1)
      242 kB: netd (pid 741)
      241 kB: keystore (pid 748)
      208 kB: adbd (pid 1439)
      123 kB: vold (pid 737)
      118 kB: sdcard (pid 757)
      108 kB: healthd (pid 733)
       82 kB: coocaa_guard (pid 753)
       72 kB: ueventd (pid 512)
       54 kB: drmserver (pid 745)
       52 kB: servicemanager (pid 735)
       48 kB: RootApp (pid 1111)
       45 kB: logwrapper (pid 1106)
       44 kB: busybox (pid 1635)
       42 kB: FileDesc_server (pid 749)
       37 kB: keypad (pid 740)
       31 kB: VirtualEvent (pid 1263)
       27 kB: dhcpcd (pid 1878)
       19 kB: hardwared (pid 738)
       17 kB: sh (pid 734)
       10 kB: installd (pid 747)
        8 kB: debuggerd (pid 742)
        8 kB: sh (pid 1706)
        7 kB: smobsd (pid 1266)
        0 kB: dumpsys (pid 11052)

Total PSS by OOM adjustment:
    11005 kB: Native
                2669 kB: app_process (pid 1799)
                2082 kB: zygote (pid 744)
                1260 kB: surfaceflinger (pid 743)
                 985 kB: TvServer (pid 1118)
                 820 kB: mediaserver (pid 746)
                 794 kB: logcat (pid 2093)
                 434 kB: wpa_supplicant (pid 1505)
                 318 kB: /init (pid 1)
                 242 kB: netd (pid 741)
                 241 kB: keystore (pid 748)
                 208 kB: adbd (pid 1439)
                 123 kB: vold (pid 737)
                 118 kB: sdcard (pid 757)
                 108 kB: healthd (pid 733)
                  82 kB: coocaa_guard (pid 753)
                  72 kB: ueventd (pid 512)
                  54 kB: drmserver (pid 745)
                  52 kB: servicemanager (pid 735)
                  48 kB: RootApp (pid 1111)
                  45 kB: logwrapper (pid 1106)
                  44 kB: busybox (pid 1635)
                  42 kB: FileDesc_server (pid 749)
                  37 kB: keypad (pid 740)
                  31 kB: VirtualEvent (pid 1263)
                  27 kB: dhcpcd (pid 1878)
                  19 kB: hardwared (pid 738)
                  17 kB: sh (pid 734)
                  10 kB: installd (pid 747)
                   8 kB: debuggerd (pid 742)
                   8 kB: sh (pid 1706)
                   7 kB: smobsd (pid 1266)
                   0 kB: dumpsys (pid 11052)
    17092 kB: System
               17092 kB: system (pid 1349)
     3571 kB: Persistent
                3571 kB: com.dunn.instrument (pid 1581)
   162126 kB: Foreground
               95449 kB: com.ccos.tv.homepage (pid 2143 / activities)
               14759 kB: com.tianci.de (pid 2460)
               14669 kB: com.coocaa.os.ccosservice (pid 1867)
               14316 kB: com.tianci.system (pid 1590)
               10038 kB: com.tianci.push (pid 1720)
                7718 kB: com.coocaa.os.softsettings.provider (pid 2298)
                5177 kB: android.process.media (pid 2647)
    24140 kB: Visible
               24140 kB: com.tianci.movieplatform (pid 2560)
     9180 kB: A Services
                9180 kB: com.coocaa.sysreport (pid 2327)
     9606 kB: Cached
                9606 kB: com.tianci.user (pid 2828)

Total PSS by category:
    61534 kB: Dalvik
    51465 kB: Dalvik Other
    33925 kB: Unknown
    32005 kB: .dex mmap
    20528 kB: Ashmem
    16037 kB: .so mmap
    11239 kB: Other dev
     3112 kB: Stack
     2418 kB: .apk mmap
     2204 kB: Native
     2050 kB: Other mmap
      199 kB: .ttf mmap
        4 kB: Cursor
        0 kB: .jar mmap
        0 kB: code mmap
        0 kB: image mmap
        0 kB: Graphics
        0 kB: GL
        0 kB: Memtrack

Total RAM: 463128 kB
 Free RAM: 163038 kB (9606 cached pss + 115036 cached + 38396 free)
 Used RAM: 250706 kB (227114 used pss + 2036 buffers + 228 shmem + 21328 slab)
 Lost RAM: 49384 kB
     ZRAM: 10884 kB physical used for 24032 kB in swap (98300 kB total swap)
   Tuning: 48 (large 128), oom 108462 kB, restore limit 36154 kB (low-ram)
Applications Memory Usage (kB):
Uptime: 743281 Realtime: 743281

Total PSS by process:
    74365 kB: com.ccos.tv.homepage (pid 2143 / activities)
    24144 kB: com.tianci.movieplatform (pid 2560)
    18017 kB: system (pid 1349)
    14755 kB: com.tianci.de (pid 2460)
    14657 kB: com.coocaa.os.ccosservice (pid 1867)
    14296 kB: com.tianci.system (pid 1590)
    10038 kB: com.tianci.push (pid 1720)
     9598 kB: com.tianci.user (pid 2828)
     9050 kB: com.coocaa.sysreport (pid 2327)
     7718 kB: com.coocaa.os.softsettings.provider (pid 2298)
     5177 kB: android.process.media (pid 2647)
     3571 kB: com.dunn.instrument (pid 1581)
     2670 kB: app_process (pid 1799)
     2082 kB: zygote (pid 744)
     1260 kB: surfaceflinger (pid 743)
      998 kB: logcat (pid 2093)
      985 kB: TvServer (pid 1118)
      820 kB: mediaserver (pid 746)
      436 kB: wpa_supplicant (pid 1505)
      318 kB: /init (pid 1)
      242 kB: netd (pid 741)
      241 kB: keystore (pid 748)
      204 kB: adbd (pid 1439)
      123 kB: vold (pid 737)
      118 kB: sdcard (pid 757)
      108 kB: healthd (pid 733)
       82 kB: coocaa_guard (pid 753)
       72 kB: ueventd (pid 512)
       54 kB: drmserver (pid 745)
       52 kB: servicemanager (pid 735)
       48 kB: RootApp (pid 1111)
       45 kB: logwrapper (pid 1106)
       44 kB: busybox (pid 1635)
       42 kB: FileDesc_server (pid 749)
       37 kB: keypad (pid 740)
       32 kB: VirtualEvent (pid 1263)
       27 kB: dhcpcd (pid 1878)
       19 kB: hardwared (pid 738)
       17 kB: sh (pid 734)
       10 kB: installd (pid 747)
        9 kB: sh (pid 1706)
        8 kB: debuggerd (pid 742)
        7 kB: smobsd (pid 1266)
        0 kB: dumpsys (pid 11052)

Total PSS by OOM adjustment:
    11210 kB: Native
                2670 kB: app_process (pid 1799)
                2082 kB: zygote (pid 744)
                1260 kB: surfaceflinger (pid 743)
                 998 kB: logcat (pid 2093)
                 985 kB: TvServer (pid 1118)
                 820 kB: mediaserver (pid 746)
                 436 kB: wpa_supplicant (pid 1505)
                 318 kB: /init (pid 1)
                 242 kB: netd (pid 741)
                 241 kB: keystore (pid 748)
                 204 kB: adbd (pid 1439)
                 123 kB: vold (pid 737)
                 118 kB: sdcard (pid 757)
                 108 kB: healthd (pid 733)
                  82 kB: coocaa_guard (pid 753)
                  72 kB: ueventd (pid 512)
                  54 kB: drmserver (pid 745)
                  52 kB: servicemanager (pid 735)
                  48 kB: RootApp (pid 1111)
                  45 kB: logwrapper (pid 1106)
                  44 kB: busybox (pid 1635)
                  42 kB: FileDesc_server (pid 749)
                  37 kB: keypad (pid 740)
                  32 kB: VirtualEvent (pid 1263)
                  27 kB: dhcpcd (pid 1878)
                  19 kB: hardwared (pid 738)
                  17 kB: sh (pid 734)
                  10 kB: installd (pid 747)
                   9 kB: sh (pid 1706)
                   8 kB: debuggerd (pid 742)
                   7 kB: smobsd (pid 1266)
                   0 kB: dumpsys (pid 11052)
    18017 kB: System
               18017 kB: system (pid 1349)
     3571 kB: Persistent
                3571 kB: com.dunn.instrument (pid 1581)
   141006 kB: Foreground
               74365 kB: com.ccos.tv.homepage (pid 2143 / activities)
               14755 kB: com.tianci.de (pid 2460)
               14657 kB: com.coocaa.os.ccosservice (pid 1867)
               14296 kB: com.tianci.system (pid 1590)
               10038 kB: com.tianci.push (pid 1720)
                7718 kB: com.coocaa.os.softsettings.provider (pid 2298)
                5177 kB: android.process.media (pid 2647)
    24144 kB: Visible
               24144 kB: com.tianci.movieplatform (pid 2560)
     9050 kB: A Services
                9050 kB: com.coocaa.sysreport (pid 2327)
     9598 kB: Cached
                9598 kB: com.tianci.user (pid 2828)

Total PSS by category:
    62106 kB: Dalvik
    51569 kB: Dalvik Other
    34134 kB: .dex mmap
    30633 kB: Unknown
    16006 kB: .so mmap
    11227 kB: Other dev
     3124 kB: .apk mmap
     3108 kB: Stack
     2408 kB: Native
     2050 kB: Other mmap
      195 kB: .ttf mmap
       32 kB: Ashmem
        4 kB: Cursor
        0 kB: .jar mmap
        0 kB: code mmap
        0 kB: image mmap
        0 kB: Graphics
        0 kB: GL
        0 kB: Memtrack

Total RAM: 463128 kB
 Free RAM: 194230 kB (9598 cached pss + 118904 cached + 65728 free)
 Used RAM: 230646 kB (206998 used pss + 2044 buffers + 228 shmem + 21376 slab)
 Lost RAM: 38252 kB
     ZRAM: 10884 kB physical used for 24032 kB in swap (98300 kB total swap)
   Tuning: 48 (large 128), oom 108462 kB, restore limit 36154 kB (low-ram)
Applications Memory Usage (kB):
Uptime: 745824 Realtime: 745824

Total PSS by process:
   114653 kB: com.ccos.tv.homepage (pid 2143 / activities)
    24144 kB: com.tianci.movieplatform (pid 2560)
    17333 kB: system (pid 1349)
    14755 kB: com.tianci.de (pid 2460)
    14657 kB: com.coocaa.os.ccosservice (pid 1867)
    14288 kB: com.tianci.system (pid 1590)
    10036 kB: com.tianci.push (pid 1720)
     9602 kB: com.tianci.user (pid 2828)
     9050 kB: com.coocaa.sysreport (pid 2327)
     7718 kB: com.coocaa.os.softsettings.provider (pid 2298)
     5177 kB: android.process.media (pid 2647)
     3571 kB: com.dunn.instrument (pid 1581)
     2670 kB: app_process (pid 1799)
     2082 kB: zygote (pid 744)
     1260 kB: surfaceflinger (pid 743)
      985 kB: TvServer (pid 1118)
      820 kB: mediaserver (pid 746)
      436 kB: wpa_supplicant (pid 1505)
      318 kB: /init (pid 1)
      242 kB: netd (pid 741)
      241 kB: keystore (pid 748)
      204 kB: adbd (pid 1439)
      186 kB: dumpsys (pid 11231)
      123 kB: vold (pid 737)
      122 kB: logcat (pid 2093)
      118 kB: sdcard (pid 757)
      108 kB: healthd (pid 733)
       82 kB: coocaa_guard (pid 753)
       72 kB: ueventd (pid 512)
       54 kB: drmserver (pid 745)
       52 kB: servicemanager (pid 735)
       48 kB: RootApp (pid 1111)
       45 kB: logwrapper (pid 1106)
       44 kB: busybox (pid 1635)
       42 kB: FileDesc_server (pid 749)
       37 kB: keypad (pid 740)
       32 kB: VirtualEvent (pid 1263)
       27 kB: dhcpcd (pid 1878)
       19 kB: hardwared (pid 738)
       17 kB: sh (pid 734)
       10 kB: installd (pid 747)
        9 kB: sh (pid 1706)
        8 kB: debuggerd (pid 742)
        7 kB: smobsd (pid 1266)

Total PSS by OOM adjustment:
    10520 kB: Native
                2670 kB: app_process (pid 1799)
                2082 kB: zygote (pid 744)
                1260 kB: surfaceflinger (pid 743)
                 985 kB: TvServer (pid 1118)
                 820 kB: mediaserver (pid 746)
                 436 kB: wpa_supplicant (pid 1505)
                 318 kB: /init (pid 1)
                 242 kB: netd (pid 741)
                 241 kB: keystore (pid 748)
                 204 kB: adbd (pid 1439)
                 186 kB: dumpsys (pid 11231)
                 123 kB: vold (pid 737)
                 122 kB: logcat (pid 2093)
                 118 kB: sdcard (pid 757)
                 108 kB: healthd (pid 733)
                  82 kB: coocaa_guard (pid 753)
                  72 kB: ueventd (pid 512)
                  54 kB: drmserver (pid 745)
                  52 kB: servicemanager (pid 735)
                  48 kB: RootApp (pid 1111)
                  45 kB: logwrapper (pid 1106)
                  44 kB: busybox (pid 1635)
                  42 kB: FileDesc_server (pid 749)
                  37 kB: keypad (pid 740)
                  32 kB: VirtualEvent (pid 1263)
                  27 kB: dhcpcd (pid 1878)
                  19 kB: hardwared (pid 738)
                  17 kB: sh (pid 734)
                  10 kB: installd (pid 747)
                   9 kB: sh (pid 1706)
                   8 kB: debuggerd (pid 742)
                   7 kB: smobsd (pid 1266)
    17333 kB: System
               17333 kB: system (pid 1349)
     3571 kB: Persistent
                3571 kB: com.dunn.instrument (pid 1581)
   181284 kB: Foreground
              114653 kB: com.ccos.tv.homepage (pid 2143 / activities)
               14755 kB: com.tianci.de (pid 2460)
               14657 kB: com.coocaa.os.ccosservice (pid 1867)
               14288 kB: com.tianci.system (pid 1590)
               10036 kB: com.tianci.push (pid 1720)
                7718 kB: com.coocaa.os.softsettings.provider (pid 2298)
                5177 kB: android.process.media (pid 2647)
    24144 kB: Visible
               24144 kB: com.tianci.movieplatform (pid 2560)
     9050 kB: A Services
                9050 kB: com.coocaa.sysreport (pid 2327)
     9602 kB: Cached
                9602 kB: com.tianci.user (pid 2828)

Total PSS by category:
    66830 kB: Dalvik
    51585 kB: Dalvik Other
    35917 kB: Unknown
    34318 kB: .dex mmap
    27491 kB: Other dev
    16255 kB: .so mmap
    13516 kB: Ashmem
     3160 kB: Stack
     2476 kB: .apk mmap
     2073 kB: Other mmap
     1536 kB: Native
      343 kB: .ttf mmap
        4 kB: Cursor
        0 kB: .jar mmap
        0 kB: code mmap
        0 kB: image mmap
        0 kB: Graphics
        0 kB: GL
        0 kB: Memtrack

Total RAM: 463128 kB
 Free RAM: 168114 kB (9602 cached pss + 118952 cached + 39560 free)
 Used RAM: 269598 kB (245902 used pss + 2064 buffers + 228 shmem + 21404 slab)
 Lost RAM: 25416 kB
     ZRAM: 10884 kB physical used for 24032 kB in swap (98300 kB total swap)
   Tuning: 48 (large 128), oom 108462 kB, restore limit 36154 kB (low-ram)
Applications Memory Usage (kB):
Uptime: 748396 Realtime: 748396

Total PSS by process:
   111599 kB: com.ccos.tv.homepage (pid 2143 / activities)
    24144 kB: com.tianci.movieplatform (pid 2560)
    16993 kB: system (pid 1349)
    14755 kB: com.tianci.de (pid 2460)
    14657 kB: com.coocaa.os.ccosservice (pid 1867)
    14280 kB: com.tianci.system (pid 1590)
    10036 kB: com.tianci.push (pid 1720)
     9602 kB: com.tianci.user (pid 2828)
     9050 kB: com.coocaa.sysreport (pid 2327)
     7718 kB: com.coocaa.os.softsettings.provider (pid 2298)
     5177 kB: android.process.media (pid 2647)
     3571 kB: com.dunn.instrument (pid 1581)
     2670 kB: app_process (pid 1799)
     2082 kB: zygote (pid 744)
     1302 kB: logcat (pid 2093)
     1260 kB: surfaceflinger (pid 743)
      985 kB: TvServer (pid 1118)
      820 kB: mediaserver (pid 746)
      436 kB: wpa_supplicant (pid 1505)
      318 kB: /init (pid 1)
      242 kB: netd (pid 741)
      241 kB: keystore (pid 748)
      204 kB: adbd (pid 1439)
      123 kB: vold (pid 737)
      118 kB: sdcard (pid 757)
      108 kB: healthd (pid 733)
       82 kB: coocaa_guard (pid 753)
       72 kB: ueventd (pid 512)
       54 kB: drmserver (pid 745)
       52 kB: servicemanager (pid 735)
       48 kB: RootApp (pid 1111)
       45 kB: logwrapper (pid 1106)
       44 kB: busybox (pid 1635)
       42 kB: FileDesc_server (pid 749)
       37 kB: keypad (pid 740)
       32 kB: VirtualEvent (pid 1263)
       27 kB: dhcpcd (pid 1878)
       19 kB: hardwared (pid 738)
       17 kB: sh (pid 734)
       10 kB: installd (pid 747)
        9 kB: sh (pid 1706)
        8 kB: debuggerd (pid 742)
        7 kB: smobsd (pid 1266)
        0 kB: dumpsys (pid 11231)

Total PSS by OOM adjustment:
    11514 kB: Native
                2670 kB: app_process (pid 1799)
                2082 kB: zygote (pid 744)
                1302 kB: logcat (pid 2093)
                1260 kB: surfaceflinger (pid 743)
                 985 kB: TvServer (pid 1118)
                 820 kB: mediaserver (pid 746)
                 436 kB: wpa_supplicant (pid 1505)
                 318 kB: /init (pid 1)
                 242 kB: netd (pid 741)
                 241 kB: keystore (pid 748)
                 204 kB: adbd (pid 1439)
                 123 kB: vold (pid 737)
                 118 kB: sdcard (pid 757)
                 108 kB: healthd (pid 733)
                  82 kB: coocaa_guard (pid 753)
                  72 kB: ueventd (pid 512)
                  54 kB: drmserver (pid 745)
                  52 kB: servicemanager (pid 735)
                  48 kB: RootApp (pid 1111)
                  45 kB: logwrapper (pid 1106)
                  44 kB: busybox (pid 1635)
                  42 kB: FileDesc_server (pid 749)
                  37 kB: keypad (pid 740)
                  32 kB: VirtualEvent (pid 1263)
                  27 kB: dhcpcd (pid 1878)
                  19 kB: hardwared (pid 738)
                  17 kB: sh (pid 734)
                  10 kB: installd (pid 747)
                   9 kB: sh (pid 1706)
                   8 kB: debuggerd (pid 742)
                   7 kB: smobsd (pid 1266)
                   0 kB: dumpsys (pid 11231)
    16993 kB: System
               16993 kB: system (pid 1349)
     3571 kB: Persistent
                3571 kB: com.dunn.instrument (pid 1581)
   178222 kB: Foreground
              111599 kB: com.ccos.tv.homepage (pid 2143 / activities)
               14755 kB: com.tianci.de (pid 2460)
               14657 kB: com.coocaa.os.ccosservice (pid 1867)
               14280 kB: com.tianci.system (pid 1590)
               10036 kB: com.tianci.push (pid 1720)
                7718 kB: com.coocaa.os.softsettings.provider (pid 2298)
                5177 kB: android.process.media (pid 2647)
    24144 kB: Visible
               24144 kB: com.tianci.movieplatform (pid 2560)
     9050 kB: A Services
                9050 kB: com.coocaa.sysreport (pid 2327)
     9602 kB: Cached
                9602 kB: com.tianci.user (pid 2828)

Total PSS by category:
    66642 kB: Dalvik
    51585 kB: Dalvik Other
    35757 kB: Unknown
    34270 kB: .dex mmap
    19092 kB: Ashmem
    18967 kB: Other dev
    16094 kB: .so mmap
     3104 kB: Stack
     2712 kB: Native
     2476 kB: .apk mmap
     2050 kB: Other mmap
      343 kB: .ttf mmap
        4 kB: Cursor
        0 kB: .jar mmap
        0 kB: code mmap
        0 kB: image mmap
        0 kB: Graphics
        0 kB: GL
        0 kB: Memtrack

Total RAM: 463128 kB
 Free RAM: 167494 kB (9602 cached pss + 118912 cached + 38980 free)
 Used RAM: 267214 kB (243494 used pss + 2064 buffers + 228 shmem + 21428 slab)
 Lost RAM: 28420 kB
     ZRAM: 10884 kB physical used for 24032 kB in swap (98300 kB total swap)
   Tuning: 48 (large 128), oom 108462 kB, restore limit 36154 kB (low-ram)
Applications Memory Usage (kB):
Uptime: 751261 Realtime: 751261

Total PSS by process:
    97651 kB: com.ccos.tv.homepage (pid 2143 / activities)
    24144 kB: com.tianci.movieplatform (pid 2560)
    17117 kB: system (pid 1349)
    14755 kB: com.tianci.de (pid 2460)
    14657 kB: com.coocaa.os.ccosservice (pid 1867)
    14280 kB: com.tianci.system (pid 1590)
    10036 kB: com.tianci.push (pid 1720)
     9602 kB: com.tianci.user (pid 2828)
     9050 kB: com.coocaa.sysreport (pid 2327)
     7718 kB: com.coocaa.os.softsettings.provider (pid 2298)
     5177 kB: android.process.media (pid 2647)
     3583 kB: com.dunn.instrument (pid 1581)
     2670 kB: app_process (pid 1799)
     2082 kB: zygote (pid 744)
     1302 kB: logcat (pid 2093)
     1260 kB: surfaceflinger (pid 743)
      985 kB: TvServer (pid 1118)
      820 kB: mediaserver (pid 746)
      436 kB: wpa_supplicant (pid 1505)
      318 kB: /init (pid 1)
      242 kB: netd (pid 741)
      241 kB: keystore (pid 748)
      208 kB: adbd (pid 1439)
      123 kB: vold (pid 737)
      118 kB: sdcard (pid 757)
      108 kB: healthd (pid 733)
       82 kB: coocaa_guard (pid 753)
       72 kB: ueventd (pid 512)
       54 kB: drmserver (pid 745)
       52 kB: servicemanager (pid 735)
       48 kB: RootApp (pid 1111)
       45 kB: logwrapper (pid 1106)
       44 kB: busybox (pid 1635)
       42 kB: FileDesc_server (pid 749)
       37 kB: keypad (pid 740)
       32 kB: VirtualEvent (pid 1263)
       27 kB: dhcpcd (pid 1878)
       19 kB: hardwared (pid 738)
       17 kB: sh (pid 734)
       10 kB: installd (pid 747)
        9 kB: sh (pid 1706)
        8 kB: debuggerd (pid 742)
        7 kB: smobsd (pid 1266)
        0 kB: sh (pid 11331)
        0 kB: ps (pid 11334)
        0 kB: grep (pid 11335)
        0 kB: awk (pid 11336)

Total PSS by OOM adjustment:
    11518 kB: Native
                2670 kB: app_process (pid 1799)
                2082 kB: zygote (pid 744)
                1302 kB: logcat (pid 2093)
                1260 kB: surfaceflinger (pid 743)
                 985 kB: TvServer (pid 1118)
                 820 kB: mediaserver (pid 746)
                 436 kB: wpa_supplicant (pid 1505)
                 318 kB: /init (pid 1)
                 242 kB: netd (pid 741)
                 241 kB: keystore (pid 748)
                 208 kB: adbd (pid 1439)
                 123 kB: vold (pid 737)
                 118 kB: sdcard (pid 757)
                 108 kB: healthd (pid 733)
                  82 kB: coocaa_guard (pid 753)
                  72 kB: ueventd (pid 512)
                  54 kB: drmserver (pid 745)
                  52 kB: servicemanager (pid 735)
                  48 kB: RootApp (pid 1111)
                  45 kB: logwrapper (pid 1106)
                  44 kB: busybox (pid 1635)
                  42 kB: FileDesc_server (pid 749)
                  37 kB: keypad (pid 740)
                  32 kB: VirtualEvent (pid 1263)
                  27 kB: dhcpcd (pid 1878)
                  19 kB: hardwared (pid 738)
                  17 kB: sh (pid 734)
                  10 kB: installd (pid 747)
                   9 kB: sh (pid 1706)
                   8 kB: debuggerd (pid 742)
                   7 kB: smobsd (pid 1266)
                   0 kB: sh (pid 11331)
                   0 kB: ps (pid 11334)
                   0 kB: grep (pid 11335)
                   0 kB: awk (pid 11336)
    17117 kB: System
               17117 kB: system (pid 1349)
     3583 kB: Persistent
                3583 kB: com.dunn.instrument (pid 1581)
   164274 kB: Foreground
               97651 kB: com.ccos.tv.homepage (pid 2143 / activities)
               14755 kB: com.tianci.de (pid 2460)
               14657 kB: com.coocaa.os.ccosservice (pid 1867)
               14280 kB: com.tianci.system (pid 1590)
               10036 kB: com.tianci.push (pid 1720)
                7718 kB: com.coocaa.os.softsettings.provider (pid 2298)
                5177 kB: android.process.media (pid 2647)
    24144 kB: Visible
               24144 kB: com.tianci.movieplatform (pid 2560)
     9050 kB: A Services
                9050 kB: com.coocaa.sysreport (pid 2327)
     9602 kB: Cached
                9602 kB: com.tianci.user (pid 2828)

Total PSS by category:
    61450 kB: Dalvik
    51585 kB: Dalvik Other
    35057 kB: Unknown
    34266 kB: .dex mmap
    18968 kB: Ashmem
    16094 kB: .so mmap
    11171 kB: Other dev
     3108 kB: Stack
     2712 kB: Native
     2480 kB: .apk mmap
     2050 kB: Other mmap
      343 kB: .ttf mmap
        4 kB: Cursor
        0 kB: .jar mmap
        0 kB: code mmap
        0 kB: image mmap
        0 kB: Graphics
        0 kB: GL
        0 kB: Memtrack

Total RAM: 463128 kB
 Free RAM: 165702 kB (9602 cached pss + 118924 cached + 37176 free)
 Used RAM: 253402 kB (229686 used pss + 2072 buffers + 228 shmem + 21416 slab)
 Lost RAM: 44024 kB
     ZRAM: 10884 kB physical used for 24032 kB in swap (98300 kB total swap)
   Tuning: 48 (large 128), oom 108462 kB, restore limit 36154 kB (low-ram)
Applications Memory Usage (kB):
Uptime: 753763 Realtime: 753763

Total PSS by process:
   103562 kB: com.ccos.tv.homepage (pid 2143 / activities)
    24143 kB: com.tianci.movieplatform (pid 2560)
    17209 kB: system (pid 1349)
    14755 kB: com.tianci.de (pid 2460)
    14657 kB: com.coocaa.os.ccosservice (pid 1867)
    14280 kB: com.tianci.system (pid 1590)
    10036 kB: com.tianci.push (pid 1720)
     9602 kB: com.tianci.user (pid 2828)
     9050 kB: com.coocaa.sysreport (pid 2327)
     7718 kB: com.coocaa.os.softsettings.provider (pid 2298)
     5177 kB: android.process.media (pid 2647)
     3583 kB: com.dunn.instrument (pid 1581)
     2670 kB: app_process (pid 1799)
     2082 kB: zygote (pid 744)
     1260 kB: surfaceflinger (pid 743)
      985 kB: TvServer (pid 1118)
      820 kB: mediaserver (pid 746)
      550 kB: logcat (pid 2093)
      436 kB: wpa_supplicant (pid 1505)
      318 kB: /init (pid 1)
      242 kB: netd (pid 741)
      241 kB: keystore (pid 748)
      204 kB: adbd (pid 1439)
      123 kB: vold (pid 737)
      118 kB: sdcard (pid 757)
      108 kB: healthd (pid 733)
       82 kB: coocaa_guard (pid 753)
       72 kB: ueventd (pid 512)
       54 kB: drmserver (pid 745)
       52 kB: servicemanager (pid 735)
       48 kB: RootApp (pid 1111)
       45 kB: logwrapper (pid 1106)
       44 kB: busybox (pid 1635)
       42 kB: FileDesc_server (pid 749)
       37 kB: keypad (pid 740)
       32 kB: VirtualEvent (pid 1263)
       27 kB: dhcpcd (pid 1878)
       19 kB: hardwared (pid 738)
       17 kB: sh (pid 734)
       10 kB: installd (pid 747)
        9 kB: sh (pid 1706)
        8 kB: debuggerd (pid 742)
        7 kB: smobsd (pid 1266)
        0 kB: sh (pid 11331)
        0 kB: ps (pid 11334)
        0 kB: grep (pid 11335)
        0 kB: awk (pid 11336)

Total PSS by OOM adjustment:
    10762 kB: Native
                2670 kB: app_process (pid 1799)
                2082 kB: zygote (pid 744)
                1260 kB: surfaceflinger (pid 743)
                 985 kB: TvServer (pid 1118)
                 820 kB: mediaserver (pid 746)
                 550 kB: logcat (pid 2093)
                 436 kB: wpa_supplicant (pid 1505)
                 318 kB: /init (pid 1)
                 242 kB: netd (pid 741)
                 241 kB: keystore (pid 748)
                 204 kB: adbd (pid 1439)
                 123 kB: vold (pid 737)
                 118 kB: sdcard (pid 757)
                 108 kB: healthd (pid 733)
                  82 kB: coocaa_guard (pid 753)
                  72 kB: ueventd (pid 512)
                  54 kB: drmserver (pid 745)
                  52 kB: servicemanager (pid 735)
                  48 kB: RootApp (pid 1111)
                  45 kB: logwrapper (pid 1106)
                  44 kB: busybox (pid 1635)
                  42 kB: FileDesc_server (pid 749)
                  37 kB: keypad (pid 740)
                  32 kB: VirtualEvent (pid 1263)
                  27 kB: dhcpcd (pid 1878)
                  19 kB: hardwared (pid 738)
                  17 kB: sh (pid 734)
                  10 kB: installd (pid 747)
                   9 kB: sh (pid 1706)
                   8 kB: debuggerd (pid 742)
                   7 kB: smobsd (pid 1266)
                   0 kB: sh (pid 11331)
                   0 kB: ps (pid 11334)
                   0 kB: grep (pid 11335)
                   0 kB: awk (pid 11336)
    17209 kB: System
               17209 kB: system (pid 1349)
     3583 kB: Persistent
                3583 kB: com.dunn.instrument (pid 1581)
   170185 kB: Foreground
              103562 kB: com.ccos.tv.homepage (pid 2143 / activities)
               14755 kB: com.tianci.de (pid 2460)
               14657 kB: com.coocaa.os.ccosservice (pid 1867)
               14280 kB: com.tianci.system (pid 1590)
               10036 kB: com.tianci.push (pid 1720)
                7718 kB: com.coocaa.os.softsettings.provider (pid 2298)
                5177 kB: android.process.media (pid 2647)
    24143 kB: Visible
               24143 kB: com.tianci.movieplatform (pid 2560)
     9050 kB: A Services
                9050 kB: com.coocaa.sysreport (pid 2327)
     9602 kB: Cached
                9602 kB: com.tianci.user (pid 2828)

Total PSS by category:
    61554 kB: Dalvik
    51584 kB: Dalvik Other
    35057 kB: Unknown
    34270 kB: .dex mmap
    20948 kB: Ashmem
    16093 kB: .so mmap
    15055 kB: Other dev
     3136 kB: Stack
     2480 kB: .apk mmap
     2050 kB: Other mmap
     1960 kB: Native
      343 kB: .ttf mmap
        4 kB: Cursor
        0 kB: .jar mmap
        0 kB: code mmap
        0 kB: image mmap
        0 kB: Graphics
        0 kB: GL
        0 kB: Memtrack

Total RAM: 463128 kB
 Free RAM: 170234 kB (9602 cached pss + 120000 cached + 40632 free)
 Used RAM: 258600 kB (234932 used pss + 2072 buffers + 228 shmem + 21368 slab)
 Lost RAM: 34294 kB
     ZRAM: 10884 kB physical used for 24032 kB in swap (98300 kB total swap)
   Tuning: 48 (large 128), oom 108462 kB, restore limit 36154 kB (low-ram)
Applications Memory Usage (kB):
Uptime: 756276 Realtime: 756276

Total PSS by process:
    94246 kB: com.ccos.tv.homepage (pid 2143 / activities)
    24144 kB: com.tianci.movieplatform (pid 2560)
    17210 kB: system (pid 1349)
    14755 kB: com.tianci.de (pid 2460)
    14649 kB: com.coocaa.os.ccosservice (pid 1867)
    14280 kB: com.tianci.system (pid 1590)
    10036 kB: com.tianci.push (pid 1720)
     9602 kB: com.tianci.user (pid 2828)
     9050 kB: com.coocaa.sysreport (pid 2327)
     7718 kB: com.coocaa.os.softsettings.provider (pid 2298)
     5177 kB: android.process.media (pid 2647)
     3583 kB: com.dunn.instrument (pid 1581)
     2670 kB: app_process (pid 1799)
     2082 kB: zygote (pid 744)
     1260 kB: surfaceflinger (pid 743)
      985 kB: TvServer (pid 1118)
      820 kB: mediaserver (pid 746)
      678 kB: logcat (pid 2093)
      436 kB: wpa_supplicant (pid 1505)
      318 kB: /init (pid 1)
      242 kB: netd (pid 741)
      241 kB: keystore (pid 748)
      204 kB: adbd (pid 1439)
      186 kB: dumpsys (pid 11435)
      123 kB: vold (pid 737)
      118 kB: sdcard (pid 757)
      108 kB: healthd (pid 733)
       82 kB: coocaa_guard (pid 753)
       72 kB: ueventd (pid 512)
       54 kB: drmserver (pid 745)
       52 kB: servicemanager (pid 735)
       48 kB: RootApp (pid 1111)
       45 kB: logwrapper (pid 1106)
       44 kB: busybox (pid 1635)
       42 kB: FileDesc_server (pid 749)
       37 kB: keypad (pid 740)
       32 kB: VirtualEvent (pid 1263)
       27 kB: dhcpcd (pid 1878)
       19 kB: hardwared (pid 738)
       16 kB: sh (pid 734)
       10 kB: installd (pid 747)
        9 kB: sh (pid 1706)
        8 kB: debuggerd (pid 742)
        7 kB: smobsd (pid 1266)
        0 kB: sh (pid 11448)
        0 kB: ps (pid 11450)
        0 kB: grep (pid 11451)
        0 kB: awk (pid 11452)

Total PSS by OOM adjustment:
    11075 kB: Native
                2670 kB: app_process (pid 1799)
                2082 kB: zygote (pid 744)
                1260 kB: surfaceflinger (pid 743)
                 985 kB: TvServer (pid 1118)
                 820 kB: mediaserver (pid 746)
                 678 kB: logcat (pid 2093)
                 436 kB: wpa_supplicant (pid 1505)
                 318 kB: /init (pid 1)
                 242 kB: netd (pid 741)
                 241 kB: keystore (pid 748)
                 204 kB: adbd (pid 1439)
                 186 kB: dumpsys (pid 11435)
                 123 kB: vold (pid 737)
                 118 kB: sdcard (pid 757)
                 108 kB: healthd (pid 733)
                  82 kB: coocaa_guard (pid 753)
                  72 kB: ueventd (pid 512)
                  54 kB: drmserver (pid 745)
                  52 kB: servicemanager (pid 735)
                  48 kB: RootApp (pid 1111)
                  45 kB: logwrapper (pid 1106)
                  44 kB: busybox (pid 1635)
                  42 kB: FileDesc_server (pid 749)
                  37 kB: keypad (pid 740)
                  32 kB: VirtualEvent (pid 1263)
                  27 kB: dhcpcd (pid 1878)
                  19 kB: hardwared (pid 738)
                  16 kB: sh (pid 734)
                  10 kB: installd (pid 747)
                   9 kB: sh (pid 1706)
                   8 kB: debuggerd (pid 742)
                   7 kB: smobsd (pid 1266)
                   0 kB: sh (pid 11448)
                   0 kB: ps (pid 11450)
                   0 kB: grep (pid 11451)
                   0 kB: awk (pid 11452)
    17210 kB: System
               17210 kB: system (pid 1349)
     3583 kB: Persistent
                3583 kB: com.dunn.instrument (pid 1581)
   160861 kB: Foreground
               94246 kB: com.ccos.tv.homepage (pid 2143 / activities)
               14755 kB: com.tianci.de (pid 2460)
               14649 kB: com.coocaa.os.ccosservice (pid 1867)
               14280 kB: com.tianci.system (pid 1590)
               10036 kB: com.tianci.push (pid 1720)
                7718 kB: com.coocaa.os.softsettings.provider (pid 2298)
                5177 kB: android.process.media (pid 2647)
    24144 kB: Visible
               24144 kB: com.tianci.movieplatform (pid 2560)
     9050 kB: A Services
                9050 kB: com.coocaa.sysreport (pid 2327)
     9602 kB: Cached
                9602 kB: com.tianci.user (pid 2828)

Total PSS by category:
    61510 kB: Dalvik
    51584 kB: Dalvik Other
    35953 kB: Unknown
    34266 kB: .dex mmap
    19844 kB: Ashmem
    16123 kB: .so mmap
     6151 kB: Other dev
     3104 kB: Stack
     2480 kB: .apk mmap
     2092 kB: Native
     2071 kB: Other mmap
      343 kB: .ttf mmap
        4 kB: Cursor
        0 kB: .jar mmap
        0 kB: code mmap
        0 kB: image mmap
        0 kB: Graphics
        0 kB: GL
        0 kB: Memtrack

Total RAM: 463128 kB
 Free RAM: 169442 kB (9602 cached pss + 120424 cached + 39416 free)
 Used RAM: 249615 kB (225923 used pss + 2088 buffers + 228 shmem + 21376 slab)
 Lost RAM: 44071 kB
     ZRAM: 10884 kB physical used for 24032 kB in swap (98300 kB total swap)
   Tuning: 48 (large 128), oom 108462 kB, restore limit 36154 kB (low-ram)
Applications Memory Usage (kB):
Uptime: 758929 Realtime: 758929

Total PSS by process:
    96038 kB: com.ccos.tv.homepage (pid 2143 / activities)
    24144 kB: com.tianci.movieplatform (pid 2560)
    17085 kB: system (pid 1349)
    14755 kB: com.tianci.de (pid 2460)
    14649 kB: com.coocaa.os.ccosservice (pid 1867)
    14280 kB: com.tianci.system (pid 1590)
    10036 kB: com.tianci.push (pid 1720)
     9602 kB: com.tianci.user (pid 2828)
     9078 kB: com.coocaa.sysreport (pid 2327)
     7718 kB: com.coocaa.os.softsettings.provider (pid 2298)
     5177 kB: android.process.media (pid 2647)
     3583 kB: com.dunn.instrument (pid 1581)
     2670 kB: app_process (pid 1799)
     2082 kB: zygote (pid 744)
     1260 kB: surfaceflinger (pid 743)
      985 kB: TvServer (pid 1118)
      820 kB: mediaserver (pid 746)
      718 kB: logcat (pid 2093)
      436 kB: wpa_supplicant (pid 1505)
      318 kB: /init (pid 1)
      242 kB: netd (pid 741)
      241 kB: keystore (pid 748)
      204 kB: adbd (pid 1439)
      123 kB: vold (pid 737)
      118 kB: sdcard (pid 757)
      108 kB: healthd (pid 733)
       82 kB: coocaa_guard (pid 753)
       72 kB: ueventd (pid 512)
       54 kB: drmserver (pid 745)
       52 kB: servicemanager (pid 735)
       48 kB: RootApp (pid 1111)
       45 kB: logwrapper (pid 1106)
       44 kB: busybox (pid 1635)
       42 kB: FileDesc_server (pid 749)
       37 kB: keypad (pid 740)
       32 kB: VirtualEvent (pid 1263)
       27 kB: dhcpcd (pid 1878)
       19 kB: hardwared (pid 738)
       17 kB: sh (pid 734)
       10 kB: installd (pid 747)
        9 kB: sh (pid 1706)
        8 kB: debuggerd (pid 742)
        7 kB: smobsd (pid 1266)
        0 kB: dumpsys (pid 11435)
        0 kB: sh (pid 11448)
        0 kB: ps (pid 11450)
        0 kB: grep (pid 11451)
        0 kB: awk (pid 11452)

Total PSS by OOM adjustment:
    10930 kB: Native
                2670 kB: app_process (pid 1799)
                2082 kB: zygote (pid 744)
                1260 kB: surfaceflinger (pid 743)
                 985 kB: TvServer (pid 1118)
                 820 kB: mediaserver (pid 746)
                 718 kB: logcat (pid 2093)
                 436 kB: wpa_supplicant (pid 1505)
                 318 kB: /init (pid 1)
                 242 kB: netd (pid 741)
                 241 kB: keystore (pid 748)
                 204 kB: adbd (pid 1439)
                 123 kB: vold (pid 737)
                 118 kB: sdcard (pid 757)
                 108 kB: healthd (pid 733)
                  82 kB: coocaa_guard (pid 753)
                  72 kB: ueventd (pid 512)
                  54 kB: drmserver (pid 745)
                  52 kB: servicemanager (pid 735)
                  48 kB: RootApp (pid 1111)
                  45 kB: logwrapper (pid 1106)
                  44 kB: busybox (pid 1635)
                  42 kB: FileDesc_server (pid 749)
                  37 kB: keypad (pid 740)
                  32 kB: VirtualEvent (pid 1263)
                  27 kB: dhcpcd (pid 1878)
                  19 kB: hardwared (pid 738)
                  17 kB: sh (pid 734)
                  10 kB: installd (pid 747)
                   9 kB: sh (pid 1706)
                   8 kB: debuggerd (pid 742)
                   7 kB: smobsd (pid 1266)
                   0 kB: dumpsys (pid 11435)
                   0 kB: sh (pid 11448)
                   0 kB: ps (pid 11450)
                   0 kB: grep (pid 11451)
                   0 kB: awk (pid 11452)
    17085 kB: System
               17085 kB: system (pid 1349)
     3583 kB: Persistent
                3583 kB: com.dunn.instrument (pid 1581)
   162653 kB: Foreground
               96038 kB: com.ccos.tv.homepage (pid 2143 / activities)
               14755 kB: com.tianci.de (pid 2460)
               14649 kB: com.coocaa.os.ccosservice (pid 1867)
               14280 kB: com.tianci.system (pid 1590)
               10036 kB: com.tianci.push (pid 1720)
                7718 kB: com.coocaa.os.softsettings.provider (pid 2298)
                5177 kB: android.process.media (pid 2647)
    24144 kB: Visible
               24144 kB: com.tianci.movieplatform (pid 2560)
     9078 kB: A Services
                9078 kB: com.coocaa.sysreport (pid 2327)
     9602 kB: Cached
                9602 kB: com.tianci.user (pid 2828)

Total PSS by category:
    61466 kB: Dalvik
    51584 kB: Dalvik Other
    36577 kB: Unknown
    34270 kB: .dex mmap
    20824 kB: Ashmem
    16082 kB: .so mmap
     6167 kB: Other dev
     3100 kB: Stack
     2480 kB: .apk mmap
     2128 kB: Native
     2050 kB: Other mmap
      343 kB: .ttf mmap
        4 kB: Cursor
        0 kB: .jar mmap
        0 kB: code mmap
        0 kB: image mmap
        0 kB: Graphics
        0 kB: GL
        0 kB: Memtrack

Total RAM: 463128 kB
 Free RAM: 170766 kB (9602 cached pss + 121056 cached + 40108 free)
 Used RAM: 251149 kB (227473 used pss + 2088 buffers + 228 shmem + 21360 slab)
 Lost RAM: 41213 kB
     ZRAM: 10884 kB physical used for 24032 kB in swap (98300 kB total swap)
   Tuning: 48 (large 128), oom 108462 kB, restore limit 36154 kB (low-ram)
Applications Memory Usage (kB):
Uptime: 761619 Realtime: 761619

Total PSS by process:
    93870 kB: com.ccos.tv.homepage (pid 2143 / activities)
    24144 kB: com.tianci.movieplatform (pid 2560)
    17161 kB: system (pid 1349)
    14755 kB: com.tianci.de (pid 2460)
    14641 kB: com.coocaa.os.ccosservice (pid 1867)
    14280 kB: com.tianci.system (pid 1590)
    10036 kB: com.tianci.push (pid 1720)
     9602 kB: com.tianci.user (pid 2828)
     9078 kB: com.coocaa.sysreport (pid 2327)
     7718 kB: com.coocaa.os.softsettings.provider (pid 2298)
     5177 kB: android.process.media (pid 2647)
     3591 kB: com.dunn.instrument (pid 1581)
     2670 kB: app_process (pid 1799)
     2082 kB: zygote (pid 744)
     1264 kB: surfaceflinger (pid 743)
      985 kB: TvServer (pid 1118)
      820 kB: mediaserver (pid 746)
      718 kB: logcat (pid 2093)
      436 kB: wpa_supplicant (pid 1505)
      318 kB: /init (pid 1)
      242 kB: netd (pid 741)
      241 kB: keystore (pid 748)
      204 kB: adbd (pid 1439)
      186 kB: dumpsys (pid 11521)
      123 kB: vold (pid 737)
      118 kB: sdcard (pid 757)
      108 kB: healthd (pid 733)
       82 kB: coocaa_guard (pid 753)
       72 kB: ueventd (pid 512)
       54 kB: drmserver (pid 745)
       52 kB: servicemanager (pid 735)
       48 kB: RootApp (pid 1111)
       45 kB: logwrapper (pid 1106)
       44 kB: busybox (pid 1635)
       42 kB: FileDesc_server (pid 749)
       37 kB: keypad (pid 740)
       32 kB: VirtualEvent (pid 1263)
       27 kB: dhcpcd (pid 1878)
       19 kB: hardwared (pid 738)
       17 kB: sh (pid 734)
       10 kB: installd (pid 747)
        9 kB: sh (pid 1706)
        8 kB: debuggerd (pid 742)
        7 kB: smobsd (pid 1266)

Total PSS by OOM adjustment:
    11120 kB: Native
                2670 kB: app_process (pid 1799)
                2082 kB: zygote (pid 744)
                1264 kB: surfaceflinger (pid 743)
                 985 kB: TvServer (pid 1118)
                 820 kB: mediaserver (pid 746)
                 718 kB: logcat (pid 2093)
                 436 kB: wpa_supplicant (pid 1505)
                 318 kB: /init (pid 1)
                 242 kB: netd (pid 741)
                 241 kB: keystore (pid 748)
                 204 kB: adbd (pid 1439)
                 186 kB: dumpsys (pid 11521)
                 123 kB: vold (pid 737)
                 118 kB: sdcard (pid 757)
                 108 kB: healthd (pid 733)
                  82 kB: coocaa_guard (pid 753)
                  72 kB: ueventd (pid 512)
                  54 kB: drmserver (pid 745)
                  52 kB: servicemanager (pid 735)
                  48 kB: RootApp (pid 1111)
                  45 kB: logwrapper (pid 1106)
                  44 kB: busybox (pid 1635)
                  42 kB: FileDesc_server (pid 749)
                  37 kB: keypad (pid 740)
                  32 kB: VirtualEvent (pid 1263)
                  27 kB: dhcpcd (pid 1878)
                  19 kB: hardwared (pid 738)
                  17 kB: sh (pid 734)
                  10 kB: installd (pid 747)
                   9 kB: sh (pid 1706)
                   8 kB: debuggerd (pid 742)
                   7 kB: smobsd (pid 1266)
    17161 kB: System
               17161 kB: system (pid 1349)
     3591 kB: Persistent
                3591 kB: com.dunn.instrument (pid 1581)
   160477 kB: Foreground
               93870 kB: com.ccos.tv.homepage (pid 2143 / activities)
               14755 kB: com.tianci.de (pid 2460)
               14641 kB: com.coocaa.os.ccosservice (pid 1867)
               14280 kB: com.tianci.system (pid 1590)
               10036 kB: com.tianci.push (pid 1720)
                7718 kB: com.coocaa.os.softsettings.provider (pid 2298)
                5177 kB: android.process.media (pid 2647)
    24144 kB: Visible
               24144 kB: com.tianci.movieplatform (pid 2560)
     9078 kB: A Services
                9078 kB: com.coocaa.sysreport (pid 2327)
     9602 kB: Cached
                9602 kB: com.tianci.user (pid 2828)

Total PSS by category:
    61598 kB: Dalvik
    51588 kB: Dalvik Other
    35241 kB: Unknown
    34270 kB: .dex mmap
    20064 kB: Ashmem
    16223 kB: .so mmap
     6055 kB: Other dev
     3104 kB: Stack
     2480 kB: .apk mmap
     2132 kB: Native
     2071 kB: Other mmap
      343 kB: .ttf mmap
        4 kB: Cursor
        0 kB: .jar mmap
        0 kB: code mmap
        0 kB: image mmap
        0 kB: Graphics
        0 kB: GL
        0 kB: Memtrack

Total RAM: 463128 kB
 Free RAM: 170230 kB (9602 cached pss + 121040 cached + 39588 free)
 Used RAM: 249275 kB (225571 used pss + 2096 buffers + 228 shmem + 21380 slab)
 Lost RAM: 43623 kB
     ZRAM: 10884 kB physical used for 24032 kB in swap (98300 kB total swap)
   Tuning: 48 (large 128), oom 108462 kB, restore limit 36154 kB (low-ram)
Applications Memory Usage (kB):
Uptime: 764201 Realtime: 764201

Total PSS by process:
    94058 kB: com.ccos.tv.homepage (pid 2143 / activities)
    24144 kB: com.tianci.movieplatform (pid 2560)
    17257 kB: system (pid 1349)
    14755 kB: com.tianci.de (pid 2460)
    14649 kB: com.coocaa.os.ccosservice (pid 1867)
    14280 kB: com.tianci.system (pid 1590)
    10036 kB: com.tianci.push (pid 1720)
     9602 kB: com.tianci.user (pid 2828)
     9078 kB: com.coocaa.sysreport (pid 2327)
     7718 kB: com.coocaa.os.softsettings.provider (pid 2298)
     5177 kB: android.process.media (pid 2647)
     3591 kB: com.dunn.instrument (pid 1581)
     2670 kB: app_process (pid 1799)
     2082 kB: zygote (pid 744)
     1264 kB: surfaceflinger (pid 743)
      985 kB: TvServer (pid 1118)
      820 kB: mediaserver (pid 746)
      802 kB: logcat (pid 2093)
      436 kB: wpa_supplicant (pid 1505)
      318 kB: /init (pid 1)
      242 kB: netd (pid 741)
      241 kB: keystore (pid 748)
      204 kB: adbd (pid 1439)
      123 kB: vold (pid 737)
      118 kB: sdcard (pid 757)
      108 kB: healthd (pid 733)
       82 kB: coocaa_guard (pid 753)
       72 kB: ueventd (pid 512)
       54 kB: drmserver (pid 745)
       52 kB: servicemanager (pid 735)
       48 kB: RootApp (pid 1111)
       45 kB: logwrapper (pid 1106)
       44 kB: busybox (pid 1635)
       42 kB: FileDesc_server (pid 749)
       37 kB: keypad (pid 740)
       32 kB: VirtualEvent (pid 1263)
       27 kB: dhcpcd (pid 1878)
       19 kB: hardwared (pid 738)
       17 kB: sh (pid 734)
       10 kB: installd (pid 747)
        9 kB: sh (pid 1706)
        8 kB: debuggerd (pid 742)
        7 kB: smobsd (pid 1266)
        0 kB: dumpsys (pid 11521)

Total PSS by OOM adjustment:
    11018 kB: Native
                2670 kB: app_process (pid 1799)
                2082 kB: zygote (pid 744)
                1264 kB: surfaceflinger (pid 743)
                 985 kB: TvServer (pid 1118)
                 820 kB: mediaserver (pid 746)
                 802 kB: logcat (pid 2093)
                 436 kB: wpa_supplicant (pid 1505)
                 318 kB: /init (pid 1)
                 242 kB: netd (pid 741)
                 241 kB: keystore (pid 748)
                 204 kB: adbd (pid 1439)
                 123 kB: vold (pid 737)
                 118 kB: sdcard (pid 757)
                 108 kB: healthd (pid 733)
                  82 kB: coocaa_guard (pid 753)
                  72 kB: ueventd (pid 512)
                  54 kB: drmserver (pid 745)
                  52 kB: servicemanager (pid 735)
                  48 kB: RootApp (pid 1111)
                  45 kB: logwrapper (pid 1106)
                  44 kB: busybox (pid 1635)
                  42 kB: FileDesc_server (pid 749)
                  37 kB: keypad (pid 740)
                  32 kB: VirtualEvent (pid 1263)
                  27 kB: dhcpcd (pid 1878)
                  19 kB: hardwared (pid 738)
                  17 kB: sh (pid 734)
                  10 kB: installd (pid 747)
                   9 kB: sh (pid 1706)
                   8 kB: debuggerd (pid 742)
                   7 kB: smobsd (pid 1266)
                   0 kB: dumpsys (pid 11521)
    17257 kB: System
               17257 kB: system (pid 1349)
     3591 kB: Persistent
                3591 kB: com.dunn.instrument (pid 1581)
   160673 kB: Foreground
               94058 kB: com.ccos.tv.homepage (pid 2143 / activities)
               14755 kB: com.tianci.de (pid 2460)
               14649 kB: com.coocaa.os.ccosservice (pid 1867)
               14280 kB: com.tianci.system (pid 1590)
               10036 kB: com.tianci.push (pid 1720)
                7718 kB: com.coocaa.os.softsettings.provider (pid 2298)
                5177 kB: android.process.media (pid 2647)
    24144 kB: Visible
               24144 kB: com.tianci.movieplatform (pid 2560)
     9078 kB: A Services
                9078 kB: com.coocaa.sysreport (pid 2327)
     9602 kB: Cached
                9602 kB: com.tianci.user (pid 2828)

Total PSS by category:
    61658 kB: Dalvik
    51916 kB: Dalvik Other
    35237 kB: Unknown
    34274 kB: .dex mmap
    20048 kB: Ashmem
    16082 kB: .so mmap
     5955 kB: Other dev
     3104 kB: Stack
     2480 kB: .apk mmap
     2212 kB: Native
     2050 kB: Other mmap
      343 kB: .ttf mmap
        4 kB: Cursor
        0 kB: .jar mmap
        0 kB: code mmap
        0 kB: image mmap
        0 kB: Graphics
        0 kB: GL
        0 kB: Memtrack

Total RAM: 463128 kB
 Free RAM: 170966 kB (9602 cached pss + 121036 cached + 40328 free)
 Used RAM: 249469 kB (225761 used pss + 2096 buffers + 228 shmem + 21384 slab)
 Lost RAM: 42693 kB
     ZRAM: 10884 kB physical used for 24032 kB in swap (98300 kB total swap)
   Tuning: 48 (large 128), oom 108462 kB, restore limit 36154 kB (low-ram)
Applications Memory Usage (kB):
Uptime: 767026 Realtime: 767026

Total PSS by process:
    93498 kB: com.ccos.tv.homepage (pid 2143 / activities)
    24144 kB: com.tianci.movieplatform (pid 2560)
    17280 kB: system (pid 1349)
    14755 kB: com.tianci.de (pid 2460)
    14649 kB: com.coocaa.os.ccosservice (pid 1867)
    14364 kB: com.tianci.system (pid 1590)
    10040 kB: com.tianci.push (pid 1720)
     9602 kB: com.tianci.user (pid 2828)
     9078 kB: com.coocaa.sysreport (pid 2327)
     7718 kB: com.coocaa.os.softsettings.provider (pid 2298)
     5177 kB: android.process.media (pid 2647)
     3591 kB: com.dunn.instrument (pid 1581)
     2670 kB: app_process (pid 1799)
     2082 kB: zygote (pid 744)
     1264 kB: surfaceflinger (pid 743)
      985 kB: TvServer (pid 1118)
      918 kB: logcat (pid 2093)
      820 kB: mediaserver (pid 746)
      436 kB: wpa_supplicant (pid 1505)
      318 kB: /init (pid 1)
      242 kB: netd (pid 741)
      241 kB: keystore (pid 748)
      204 kB: adbd (pid 1439)
      186 kB: dumpsys (pid 11642)
      123 kB: vold (pid 737)
      118 kB: sdcard (pid 757)
      108 kB: healthd (pid 733)
       82 kB: coocaa_guard (pid 753)
       72 kB: ueventd (pid 512)
       54 kB: drmserver (pid 745)
       52 kB: servicemanager (pid 735)
       48 kB: RootApp (pid 1111)
       45 kB: logwrapper (pid 1106)
       44 kB: busybox (pid 1635)
       42 kB: FileDesc_server (pid 749)
       37 kB: keypad (pid 740)
       32 kB: VirtualEvent (pid 1263)
       27 kB: dhcpcd (pid 1878)
       19 kB: hardwared (pid 738)
       17 kB: sh (pid 734)
       10 kB: installd (pid 747)
        9 kB: sh (pid 1706)
        8 kB: debuggerd (pid 742)
        7 kB: smobsd (pid 1266)

Total PSS by OOM adjustment:
    11320 kB: Native
                2670 kB: app_process (pid 1799)
                2082 kB: zygote (pid 744)
                1264 kB: surfaceflinger (pid 743)
                 985 kB: TvServer (pid 1118)
                 918 kB: logcat (pid 2093)
                 820 kB: mediaserver (pid 746)
                 436 kB: wpa_supplicant (pid 1505)
                 318 kB: /init (pid 1)
                 242 kB: netd (pid 741)
                 241 kB: keystore (pid 748)
                 204 kB: adbd (pid 1439)
                 186 kB: dumpsys (pid 11642)
                 123 kB: vold (pid 737)
                 118 kB: sdcard (pid 757)
                 108 kB: healthd (pid 733)
                  82 kB: coocaa_guard (pid 753)
                  72 kB: ueventd (pid 512)
                  54 kB: drmserver (pid 745)
                  52 kB: servicemanager (pid 735)
                  48 kB: RootApp (pid 1111)
                  45 kB: logwrapper (pid 1106)
                  44 kB: busybox (pid 1635)
                  42 kB: FileDesc_server (pid 749)
                  37 kB: keypad (pid 740)
                  32 kB: VirtualEvent (pid 1263)
                  27 kB: dhcpcd (pid 1878)
                  19 kB: hardwared (pid 738)
                  17 kB: sh (pid 734)
                  10 kB: installd (pid 747)
                   9 kB: sh (pid 1706)
                   8 kB: debuggerd (pid 742)
                   7 kB: smobsd (pid 1266)
    17280 kB: System
               17280 kB: system (pid 1349)
     3591 kB: Persistent
                3591 kB: com.dunn.instrument (pid 1581)
   160201 kB: Foreground
               93498 kB: com.ccos.tv.homepage (pid 2143 / activities)
               14755 kB: com.tianci.de (pid 2460)
               14649 kB: com.coocaa.os.ccosservice (pid 1867)
               14364 kB: com.tianci.system (pid 1590)
               10040 kB: com.tianci.push (pid 1720)
                7718 kB: com.coocaa.os.softsettings.provider (pid 2298)
                5177 kB: android.process.media (pid 2647)
    24144 kB: Visible
               24144 kB: com.tianci.movieplatform (pid 2560)
     9078 kB: A Services
                9078 kB: com.coocaa.sysreport (pid 2327)
     9602 kB: Cached
                9602 kB: com.tianci.user (pid 2828)

Total PSS by category:
    61754 kB: Dalvik
    51876 kB: Dalvik Other
    35141 kB: Unknown
    34274 kB: .dex mmap
    19652 kB: Ashmem
    16222 kB: .so mmap
     5959 kB: Other dev
     3108 kB: Stack
     2480 kB: .apk mmap
     2332 kB: Native
     2071 kB: Other mmap
      343 kB: .ttf mmap
        4 kB: Cursor
        0 kB: .jar mmap
        0 kB: code mmap
        0 kB: image mmap
        0 kB: Graphics
        0 kB: GL
        0 kB: Memtrack

Total RAM: 463128 kB
 Free RAM: 169434 kB (9602 cached pss + 121064 cached + 38768 free)
 Used RAM: 249298 kB (225614 used pss + 2104 buffers + 228 shmem + 21352 slab)
 Lost RAM: 44396 kB
     ZRAM: 10884 kB physical used for 24032 kB in swap (98300 kB total swap)
   Tuning: 48 (large 128), oom 108462 kB, restore limit 36154 kB (low-ram)
Applications Memory Usage (kB):
Uptime: 769515 Realtime: 769515

Total PSS by process:
    92986 kB: com.ccos.tv.homepage (pid 2143 / activities)
    24144 kB: com.tianci.movieplatform (pid 2560)
    17133 kB: system (pid 1349)
    14755 kB: com.tianci.de (pid 2460)
    14649 kB: com.coocaa.os.ccosservice (pid 1867)
    14364 kB: com.tianci.system (pid 1590)
    10040 kB: com.tianci.push (pid 1720)
     9602 kB: com.tianci.user (pid 2828)
     9078 kB: com.coocaa.sysreport (pid 2327)
     7718 kB: com.coocaa.os.softsettings.provider (pid 2298)
     5177 kB: android.process.media (pid 2647)
     3591 kB: com.dunn.instrument (pid 1581)
     2670 kB: app_process (pid 1799)
     2082 kB: zygote (pid 744)
     1260 kB: surfaceflinger (pid 743)
      985 kB: TvServer (pid 1118)
      918 kB: logcat (pid 2093)
      820 kB: mediaserver (pid 746)
      436 kB: wpa_supplicant (pid 1505)
      318 kB: /init (pid 1)
      242 kB: netd (pid 741)
      241 kB: keystore (pid 748)
      208 kB: adbd (pid 1439)
      123 kB: vold (pid 737)
      118 kB: sdcard (pid 757)
      108 kB: healthd (pid 733)
       82 kB: coocaa_guard (pid 753)
       72 kB: ueventd (pid 512)
       54 kB: drmserver (pid 745)
       52 kB: servicemanager (pid 735)
       48 kB: RootApp (pid 1111)
       45 kB: logwrapper (pid 1106)
       44 kB: busybox (pid 1635)
       42 kB: FileDesc_server (pid 749)
       37 kB: keypad (pid 740)
       32 kB: VirtualEvent (pid 1263)
       27 kB: dhcpcd (pid 1878)
       19 kB: hardwared (pid 738)
       17 kB: sh (pid 734)
       10 kB: installd (pid 747)
        9 kB: sh (pid 1706)
        8 kB: debuggerd (pid 742)
        7 kB: smobsd (pid 1266)
        0 kB: dumpsys (pid 11642)

Total PSS by OOM adjustment:
    11134 kB: Native
                2670 kB: app_process (pid 1799)
                2082 kB: zygote (pid 744)
                1260 kB: surfaceflinger (pid 743)
                 985 kB: TvServer (pid 1118)
                 918 kB: logcat (pid 2093)
                 820 kB: mediaserver (pid 746)
                 436 kB: wpa_supplicant (pid 1505)
                 318 kB: /init (pid 1)
                 242 kB: netd (pid 741)
                 241 kB: keystore (pid 748)
                 208 kB: adbd (pid 1439)
                 123 kB: vold (pid 737)
                 118 kB: sdcard (pid 757)
                 108 kB: healthd (pid 733)
                  82 kB: coocaa_guard (pid 753)
                  72 kB: ueventd (pid 512)
                  54 kB: drmserver (pid 745)
                  52 kB: servicemanager (pid 735)
                  48 kB: RootApp (pid 1111)
