Applications Memory Usage (kB):
Uptime: 765164 Realtime: 765164

Total PSS by process:
    71266 kB: com.ccos.tv.homepage (pid 5079 / activities)
    23158 kB: com.tianci.movieplatform (pid 4526)
    22869 kB: com.coocaa.os.ccosservice (pid 4445)
    21455 kB: system (pid 3891)
    17172 kB: com.tianci.system (pid 4079)
    16171 kB: com.tianci.de (pid 5202)
    13611 kB: com.tianci.user (pid 7353)
    11648 kB: com.tianci.ad (pid 5516)
    11097 kB: com.coocaa.sysreport (pid 7397)
    10336 kB: com.tianci.push (pid 4206)
     8565 kB: com.coocaa.os.softsettings.provider (pid 4646)
     6711 kB: app_process (pid 4264)
     6620 kB: com.tianci.ad:adUpgrade (pid 5663)
     5089 kB: android.process.media (pid 5493)
     4305 kB: com.dunn.instrument (pid 4061)
     4007 kB: com.skyworth.android.skyRMService (pid 4070)
     2893 kB: zygote (pid 3497)
     1377 kB: TvServer (pid 1146)
     1353 kB: surfaceflinger (pid 743)
     1158 kB: mediaserver (pid 3499)
      758 kB: logcat (pid 6982)
      704 kB: wpa_supplicant (pid 3963)
      308 kB: netd (pid 3498)
      290 kB: VirtualEvent (pid 1249)
      265 kB: drmserver (pid 745)
      246 kB: /init (pid 1)
      245 kB: keystore (pid 748)
      215 kB: dhcpcd (pid 3985)
      208 kB: adbd (pid 1403)
      191 kB: sh (pid 4133)
      180 kB: debuggerd (pid 742)
      177 kB: dumpsys (pid 8016)
      175 kB: sh (pid 733)
      141 kB: sdcard (pid 754)
      138 kB: vold (pid 735)
      128 kB: healthd (pid 732)
       95 kB: FileDesc_server (pid 749)
       89 kB: coocaa_guard (pid 752)
       76 kB: installd (pid 747)
       72 kB: ueventd (pid 512)
       68 kB: busybox (pid 1581)
       60 kB: servicemanager (pid 734)
       48 kB: RootApp (pid 1114)
       45 kB: logwrapper (pid 1110)
       36 kB: keypad (pid 739)
       24 kB: hardwared (pid 736)
        6 kB: smobsd (pid 1252)

Total PSS by OOM adjustment:
    18480 kB: Native
                6711 kB: app_process (pid 4264)
                2893 kB: zygote (pid 3497)
                1377 kB: TvServer (pid 1146)
                1353 kB: surfaceflinger (pid 743)
                1158 kB: mediaserver (pid 3499)
                 758 kB: logcat (pid 6982)
                 704 kB: wpa_supplicant (pid 3963)
                 308 kB: netd (pid 3498)
                 290 kB: VirtualEvent (pid 1249)
                 265 kB: drmserver (pid 745)
                 246 kB: /init (pid 1)
                 245 kB: keystore (pid 748)
                 215 kB: dhcpcd (pid 3985)
                 208 kB: adbd (pid 1403)
                 191 kB: sh (pid 4133)
                 180 kB: debuggerd (pid 742)
                 177 kB: dumpsys (pid 8016)
                 175 kB: sh (pid 733)
                 141 kB: sdcard (pid 754)
                 138 kB: vold (pid 735)
                 128 kB: healthd (pid 732)
                  95 kB: FileDesc_server (pid 749)
                  89 kB: coocaa_guard (pid 752)
                  76 kB: installd (pid 747)
                  72 kB: ueventd (pid 512)
                  68 kB: busybox (pid 1581)
                  60 kB: servicemanager (pid 734)
                  48 kB: RootApp (pid 1114)
                  45 kB: logwrapper (pid 1110)
                  36 kB: keypad (pid 739)
                  24 kB: hardwared (pid 736)
                   6 kB: smobsd (pid 1252)
    21455 kB: System
               21455 kB: system (pid 3891)
     8312 kB: Persistent
                4305 kB: com.dunn.instrument (pid 4061)
                4007 kB: com.skyworth.android.skyRMService (pid 4070)
   142903 kB: Foreground
               71266 kB: com.ccos.tv.homepage (pid 5079 / activities)
               22869 kB: com.coocaa.os.ccosservice (pid 4445)
               17172 kB: com.tianci.system (pid 4079)
               16171 kB: com.tianci.de (pid 5202)
               10336 kB: com.tianci.push (pid 4206)
                5089 kB: android.process.media (pid 5493)
    31723 kB: Perceptible
               23158 kB: com.tianci.movieplatform (pid 4526)
                8565 kB: com.coocaa.os.softsettings.provider (pid 4646)
    22745 kB: A Services
               11648 kB: com.tianci.ad (pid 5516)
               11097 kB: com.coocaa.sysreport (pid 7397)
     6620 kB: B Services
                6620 kB: com.tianci.ad:adUpgrade (pid 5663)
    13611 kB: Cached
               13611 kB: com.tianci.user (pid 7353)

Total PSS by category:
    62475 kB: Dalvik
    61893 kB: Dalvik Other
    53757 kB: .dex mmap
    33779 kB: Unknown
    22127 kB: .so mmap
     9953 kB: Other dev
     6398 kB: .apk mmap
     5856 kB: Ashmem
     4080 kB: Stack
     3078 kB: Other mmap
     1884 kB: Native
      533 kB: .ttf mmap
       32 kB: .jar mmap
        4 kB: Cursor
        0 kB: code mmap
        0 kB: image mmap
        0 kB: Graphics
        0 kB: GL
        0 kB: Memtrack

Total RAM: 463128 kB
 Free RAM: 185123 kB (13611 cached pss + 153260 cached + 18252 free)
 Used RAM: 276254 kB (252238 used pss + 2612 buffers + 136 shmem + 21268 slab)
 Lost RAM: 1751 kB
     ZRAM: 3428 kB physical used for 9608 kB in swap (98300 kB total swap)
   Tuning: 48 (large 128), oom 108462 kB, restore limit 36154 kB (low-ram)
Applications Memory Usage (kB):
Uptime: 767628 Realtime: 767628

Total PSS by process:
    58475 kB: com.ccos.tv.homepage (pid 5079 / activities)
    23158 kB: com.tianci.movieplatform (pid 4526)
    22869 kB: com.coocaa.os.ccosservice (pid 4445)
    21539 kB: system (pid 3891)
    17172 kB: com.tianci.system (pid 4079)
    16171 kB: com.tianci.de (pid 5202)
    13611 kB: com.tianci.user (pid 7353)
    11648 kB: com.tianci.ad (pid 5516)
    11097 kB: com.coocaa.sysreport (pid 7397)
    10336 kB: com.tianci.push (pid 4206)
     8565 kB: com.coocaa.os.softsettings.provider (pid 4646)
     6711 kB: app_process (pid 4264)
     6620 kB: com.tianci.ad:adUpgrade (pid 5663)
     5089 kB: android.process.media (pid 5493)
     4305 kB: com.dunn.instrument (pid 4061)
     4007 kB: com.skyworth.android.skyRMService (pid 4070)
     2893 kB: zygote (pid 3497)
     1377 kB: TvServer (pid 1146)
     1357 kB: surfaceflinger (pid 743)
     1158 kB: mediaserver (pid 3499)
      758 kB: logcat (pid 6982)
      704 kB: wpa_supplicant (pid 3963)
      308 kB: netd (pid 3498)
      290 kB: VirtualEvent (pid 1249)
      265 kB: drmserver (pid 745)
      246 kB: /init (pid 1)
      245 kB: keystore (pid 748)
      215 kB: dhcpcd (pid 3985)
      208 kB: adbd (pid 1403)
      191 kB: sh (pid 4133)
      180 kB: debuggerd (pid 742)
      175 kB: sh (pid 733)
      141 kB: sdcard (pid 754)
      138 kB: vold (pid 735)
      128 kB: healthd (pid 732)
       95 kB: FileDesc_server (pid 749)
       89 kB: coocaa_guard (pid 752)
       76 kB: installd (pid 747)
       72 kB: ueventd (pid 512)
       68 kB: busybox (pid 1581)
       60 kB: servicemanager (pid 734)
       48 kB: RootApp (pid 1114)
       45 kB: logwrapper (pid 1110)
       36 kB: keypad (pid 739)
       24 kB: hardwared (pid 736)
        6 kB: smobsd (pid 1252)
        0 kB: dumpsys (pid 8016)

Total PSS by OOM adjustment:
    18307 kB: Native
                6711 kB: app_process (pid 4264)
                2893 kB: zygote (pid 3497)
                1377 kB: TvServer (pid 1146)
                1357 kB: surfaceflinger (pid 743)
                1158 kB: mediaserver (pid 3499)
                 758 kB: logcat (pid 6982)
                 704 kB: wpa_supplicant (pid 3963)
                 308 kB: netd (pid 3498)
                 290 kB: VirtualEvent (pid 1249)
                 265 kB: drmserver (pid 745)
                 246 kB: /init (pid 1)
                 245 kB: keystore (pid 748)
                 215 kB: dhcpcd (pid 3985)
                 208 kB: adbd (pid 1403)
                 191 kB: sh (pid 4133)
                 180 kB: debuggerd (pid 742)
                 175 kB: sh (pid 733)
                 141 kB: sdcard (pid 754)
                 138 kB: vold (pid 735)
                 128 kB: healthd (pid 732)
                  95 kB: FileDesc_server (pid 749)
                  89 kB: coocaa_guard (pid 752)
                  76 kB: installd (pid 747)
                  72 kB: ueventd (pid 512)
                  68 kB: busybox (pid 1581)
                  60 kB: servicemanager (pid 734)
                  48 kB: RootApp (pid 1114)
                  45 kB: logwrapper (pid 1110)
                  36 kB: keypad (pid 739)
                  24 kB: hardwared (pid 736)
                   6 kB: smobsd (pid 1252)
                   0 kB: dumpsys (pid 8016)
    21539 kB: System
               21539 kB: system (pid 3891)
     8312 kB: Persistent
                4305 kB: com.dunn.instrument (pid 4061)
                4007 kB: com.skyworth.android.skyRMService (pid 4070)
   130112 kB: Foreground
               58475 kB: com.ccos.tv.homepage (pid 5079 / activities)
               22869 kB: com.coocaa.os.ccosservice (pid 4445)
               17172 kB: com.tianci.system (pid 4079)
               16171 kB: com.tianci.de (pid 5202)
               10336 kB: com.tianci.push (pid 4206)
                5089 kB: android.process.media (pid 5493)
    31723 kB: Perceptible
               23158 kB: com.tianci.movieplatform (pid 4526)
                8565 kB: com.coocaa.os.softsettings.provider (pid 4646)
    22745 kB: A Services
               11648 kB: com.tianci.ad (pid 5516)
               11097 kB: com.coocaa.sysreport (pid 7397)
     6620 kB: B Services
                6620 kB: com.tianci.ad:adUpgrade (pid 5663)
    13611 kB: Cached
               13611 kB: com.tianci.user (pid 7353)

Total PSS by category:
    63283 kB: Dalvik
    62089 kB: Dalvik Other
    54058 kB: .dex mmap
    31379 kB: Unknown
    21999 kB: .so mmap
     6398 kB: .apk mmap
     4088 kB: Stack
     3977 kB: Other dev
     3057 kB: Other mmap
     1880 kB: Native
      629 kB: .ttf mmap
       96 kB: Ashmem
       32 kB: .jar mmap
        4 kB: Cursor
        0 kB: code mmap
        0 kB: image mmap
        0 kB: Graphics
        0 kB: GL
        0 kB: Memtrack

Total RAM: 463128 kB
 Free RAM: 184235 kB (13611 cached pss + 155136 cached + 15488 free)
 Used RAM: 263570 kB (239358 used pss + 2684 buffers + 136 shmem + 21392 slab)
 Lost RAM: 15323 kB
     ZRAM: 3428 kB physical used for 9608 kB in swap (98300 kB total swap)
   Tuning: 48 (large 128), oom 108462 kB, restore limit 36154 kB (low-ram)
Applications Memory Usage (kB):
Uptime: 770423 Realtime: 770424

Total PSS by process:
    84326 kB: com.ccos.tv.homepage (pid 5079 / activities)
    23157 kB: com.tianci.movieplatform (pid 4526)
    22649 kB: com.coocaa.os.ccosservice (pid 4445)
    21526 kB: system (pid 3891)
    17166 kB: com.tianci.system (pid 4079)
    16176 kB: com.tianci.de (pid 5202)
    13610 kB: com.tianci.user (pid 7353)
    11643 kB: com.tianci.ad (pid 5516)
    11096 kB: com.coocaa.sysreport (pid 7397)
    10208 kB: com.tianci.push (pid 4206)
     8565 kB: com.coocaa.os.softsettings.provider (pid 4646)
     6711 kB: app_process (pid 4264)
     6620 kB: com.tianci.ad:adUpgrade (pid 5663)
     5089 kB: android.process.media (pid 5493)
     4305 kB: com.dunn.instrument (pid 4061)
     4018 kB: com.skyworth.android.skyRMService (pid 4070)
     2890 kB: zygote (pid 3497)
     1377 kB: TvServer (pid 1146)
     1353 kB: surfaceflinger (pid 743)
     1154 kB: mediaserver (pid 3499)
      758 kB: logcat (pid 6982)
      672 kB: wpa_supplicant (pid 3963)
      308 kB: netd (pid 3498)
      290 kB: VirtualEvent (pid 1249)
      265 kB: drmserver (pid 745)
      246 kB: /init (pid 1)
      244 kB: keystore (pid 748)
      215 kB: dhcpcd (pid 3985)
      208 kB: adbd (pid 1403)
      191 kB: sh (pid 4133)
      180 kB: debuggerd (pid 742)
      177 kB: dumpsys (pid 8162)
      175 kB: sh (pid 733)
      141 kB: sdcard (pid 754)
      138 kB: vold (pid 735)
      128 kB: healthd (pid 732)
       95 kB: FileDesc_server (pid 749)
       89 kB: coocaa_guard (pid 752)
       76 kB: installd (pid 747)
       72 kB: ueventd (pid 512)
       68 kB: busybox (pid 1581)
       60 kB: servicemanager (pid 734)
       48 kB: RootApp (pid 1114)
       45 kB: logwrapper (pid 1110)
       36 kB: keypad (pid 739)
       24 kB: hardwared (pid 736)
        6 kB: smobsd (pid 1252)

Total PSS by OOM adjustment:
    18440 kB: Native
                6711 kB: app_process (pid 4264)
                2890 kB: zygote (pid 3497)
                1377 kB: TvServer (pid 1146)
                1353 kB: surfaceflinger (pid 743)
                1154 kB: mediaserver (pid 3499)
                 758 kB: logcat (pid 6982)
                 672 kB: wpa_supplicant (pid 3963)
                 308 kB: netd (pid 3498)
                 290 kB: VirtualEvent (pid 1249)
                 265 kB: drmserver (pid 745)
                 246 kB: /init (pid 1)
                 244 kB: keystore (pid 748)
                 215 kB: dhcpcd (pid 3985)
                 208 kB: adbd (pid 1403)
                 191 kB: sh (pid 4133)
                 180 kB: debuggerd (pid 742)
                 177 kB: dumpsys (pid 8162)
                 175 kB: sh (pid 733)
                 141 kB: sdcard (pid 754)
                 138 kB: vold (pid 735)
                 128 kB: healthd (pid 732)
                  95 kB: FileDesc_server (pid 749)
                  89 kB: coocaa_guard (pid 752)
                  76 kB: installd (pid 747)
                  72 kB: ueventd (pid 512)
                  68 kB: busybox (pid 1581)
                  60 kB: servicemanager (pid 734)
                  48 kB: RootApp (pid 1114)
                  45 kB: logwrapper (pid 1110)
                  36 kB: keypad (pid 739)
                  24 kB: hardwared (pid 736)
                   6 kB: smobsd (pid 1252)
    21526 kB: System
               21526 kB: system (pid 3891)
     8323 kB: Persistent
                4305 kB: com.dunn.instrument (pid 4061)
                4018 kB: com.skyworth.android.skyRMService (pid 4070)
   155614 kB: Foreground
               84326 kB: com.ccos.tv.homepage (pid 5079 / activities)
               22649 kB: com.coocaa.os.ccosservice (pid 4445)
               17166 kB: com.tianci.system (pid 4079)
               16176 kB: com.tianci.de (pid 5202)
               10208 kB: com.tianci.push (pid 4206)
                5089 kB: android.process.media (pid 5493)
    31722 kB: Perceptible
               23157 kB: com.tianci.movieplatform (pid 4526)
                8565 kB: com.coocaa.os.softsettings.provider (pid 4646)
    22739 kB: A Services
               11643 kB: com.tianci.ad (pid 5516)
               11096 kB: com.coocaa.sysreport (pid 7397)
     6620 kB: B Services
                6620 kB: com.tianci.ad:adUpgrade (pid 5663)
    13610 kB: Cached
               13610 kB: com.tianci.user (pid 7353)

Total PSS by category:
    64435 kB: Dalvik
    62189 kB: Dalvik Other
    53731 kB: .dex mmap
    35943 kB: Unknown
    22216 kB: .so mmap
    13616 kB: Ashmem
    10429 kB: Other dev
     6344 kB: .apk mmap
     4096 kB: Stack
     3046 kB: Other mmap
     1884 kB: Native
      629 kB: .ttf mmap
       32 kB: .jar mmap
        4 kB: Cursor
        0 kB: code mmap
        0 kB: image mmap
        0 kB: Graphics
        0 kB: GL
        0 kB: Memtrack

Total RAM: 463128 kB
 Free RAM: 153562 kB (13610 cached pss + 137076 cached + 2876 free)
 Used RAM: 289080 kB (264984 used pss + 2424 buffers + 136 shmem + 21536 slab)
 Lost RAM: 20486 kB
     ZRAM: 3456 kB physical used for 9680 kB in swap (98300 kB total swap)
   Tuning: 48 (large 128), oom 108462 kB, restore limit 36154 kB (low-ram)
Applications Memory Usage (kB):
Uptime: 773191 Realtime: 773191

Total PSS by process:
   100281 kB: com.ccos.tv.homepage (pid 5079 / activities)
    23150 kB: com.tianci.movieplatform (pid 4526)
    22559 kB: com.coocaa.os.ccosservice (pid 4445)
    21455 kB: system (pid 3891)
    17041 kB: com.tianci.system (pid 4079)
    16170 kB: com.tianci.de (pid 5202)
    13584 kB: com.tianci.user (pid 7353)
    11642 kB: com.tianci.ad (pid 5516)
    11094 kB: com.coocaa.sysreport (pid 7397)
    10208 kB: com.tianci.push (pid 4206)
     8557 kB: com.coocaa.os.softsettings.provider (pid 4646)
     6686 kB: app_process (pid 4264)
     6620 kB: com.tianci.ad:adUpgrade (pid 5663)
     5089 kB: android.process.media (pid 5493)
     4325 kB: com.dunn.instrument (pid 4061)
     4018 kB: com.skyworth.android.skyRMService (pid 4070)
     2874 kB: zygote (pid 3497)
     1377 kB: TvServer (pid 1146)
     1353 kB: surfaceflinger (pid 743)
     1150 kB: mediaserver (pid 3499)
      830 kB: logcat (pid 6982)
      692 kB: wpa_supplicant (pid 3963)
      308 kB: netd (pid 3498)
      290 kB: VirtualEvent (pid 1249)
      265 kB: drmserver (pid 745)
      246 kB: /init (pid 1)
      245 kB: keystore (pid 748)
      215 kB: dhcpcd (pid 3985)
      208 kB: adbd (pid 1403)
      191 kB: sh (pid 4133)
      180 kB: debuggerd (pid 742)
      175 kB: sh (pid 733)
      141 kB: sdcard (pid 754)
      138 kB: vold (pid 735)
      128 kB: healthd (pid 732)
       95 kB: FileDesc_server (pid 749)
       89 kB: coocaa_guard (pid 752)
       76 kB: installd (pid 747)
       72 kB: ueventd (pid 512)
       68 kB: busybox (pid 1581)
       60 kB: servicemanager (pid 734)
       48 kB: RootApp (pid 1114)
       45 kB: logwrapper (pid 1110)
       36 kB: keypad (pid 739)
       24 kB: hardwared (pid 736)
        6 kB: smobsd (pid 1252)
        0 kB: dumpsys (pid 8162)

Total PSS by OOM adjustment:
    18311 kB: Native
                6686 kB: app_process (pid 4264)
                2874 kB: zygote (pid 3497)
                1377 kB: TvServer (pid 1146)
                1353 kB: surfaceflinger (pid 743)
                1150 kB: mediaserver (pid 3499)
                 830 kB: logcat (pid 6982)
                 692 kB: wpa_supplicant (pid 3963)
                 308 kB: netd (pid 3498)
                 290 kB: VirtualEvent (pid 1249)
                 265 kB: drmserver (pid 745)
                 246 kB: /init (pid 1)
                 245 kB: keystore (pid 748)
                 215 kB: dhcpcd (pid 3985)
                 208 kB: adbd (pid 1403)
                 191 kB: sh (pid 4133)
                 180 kB: debuggerd (pid 742)
                 175 kB: sh (pid 733)
                 141 kB: sdcard (pid 754)
                 138 kB: vold (pid 735)
                 128 kB: healthd (pid 732)
                  95 kB: FileDesc_server (pid 749)
                  89 kB: coocaa_guard (pid 752)
                  76 kB: installd (pid 747)
                  72 kB: ueventd (pid 512)
                  68 kB: busybox (pid 1581)
                  60 kB: servicemanager (pid 734)
                  48 kB: RootApp (pid 1114)
                  45 kB: logwrapper (pid 1110)
                  36 kB: keypad (pid 739)
                  24 kB: hardwared (pid 736)
                   6 kB: smobsd (pid 1252)
                   0 kB: dumpsys (pid 8162)
    21455 kB: System
               21455 kB: system (pid 3891)
     8343 kB: Persistent
                4325 kB: com.dunn.instrument (pid 4061)
                4018 kB: com.skyworth.android.skyRMService (pid 4070)
   171348 kB: Foreground
              100281 kB: com.ccos.tv.homepage (pid 5079 / activities)
               22559 kB: com.coocaa.os.ccosservice (pid 4445)
               17041 kB: com.tianci.system (pid 4079)
               16170 kB: com.tianci.de (pid 5202)
               10208 kB: com.tianci.push (pid 4206)
                5089 kB: android.process.media (pid 5493)
    31707 kB: Perceptible
               23150 kB: com.tianci.movieplatform (pid 4526)
                8557 kB: com.coocaa.os.softsettings.provider (pid 4646)
    22736 kB: A Services
               11642 kB: com.tianci.ad (pid 5516)
               11094 kB: com.coocaa.sysreport (pid 7397)
     6620 kB: B Services
                6620 kB: com.tianci.ad:adUpgrade (pid 5663)
    13584 kB: Cached
               13584 kB: com.tianci.user (pid 7353)

Total PSS by category:
    66111 kB: Dalvik
    61940 kB: Dalvik Other
    52874 kB: .dex mmap
    39775 kB: Unknown
    22047 kB: .so mmap
    19232 kB: Ashmem
    15865 kB: Other dev
     6358 kB: .apk mmap
     4048 kB: Stack
     3045 kB: Other mmap
     1952 kB: Native
      821 kB: .ttf mmap
       32 kB: .jar mmap
        4 kB: Cursor
        0 kB: code mmap
        0 kB: image mmap
        0 kB: Graphics
        0 kB: GL
        0 kB: Memtrack

Total RAM: 463128 kB
 Free RAM: 148244 kB (13584 cached pss + 122276 cached + 12384 free)
 Used RAM: 303928 kB (280520 used pss + 1704 buffers + 136 shmem + 21568 slab)
 Lost RAM: 10956 kB
     ZRAM: 3472 kB physical used for 9820 kB in swap (98300 kB total swap)
   Tuning: 48 (large 128), oom 108462 kB, restore limit 36154 kB (low-ram)
Applications Memory Usage (kB):
Uptime: 775777 Realtime: 775777

Total PSS by process:
    99336 kB: com.ccos.tv.homepage (pid 5079 / activities)
    23280 kB: com.tianci.movieplatform (pid 4526)
    22565 kB: com.coocaa.os.ccosservice (pid 4445)
    21495 kB: system (pid 3891)
    17176 kB: com.tianci.system (pid 4079)
    16210 kB: com.tianci.de (pid 5202)
    13584 kB: com.tianci.user (pid 7353)
    11642 kB: com.tianci.ad (pid 5516)
    11094 kB: com.coocaa.sysreport (pid 7397)
    10208 kB: com.tianci.push (pid 4206)
     8557 kB: com.coocaa.os.softsettings.provider (pid 4646)
     6686 kB: app_process (pid 4264)
     6620 kB: com.tianci.ad:adUpgrade (pid 5663)
     5089 kB: android.process.media (pid 5493)
     4324 kB: com.dunn.instrument (pid 4061)
     4018 kB: com.skyworth.android.skyRMService (pid 4070)
     2874 kB: zygote (pid 3497)
     1377 kB: TvServer (pid 1146)
     1353 kB: surfaceflinger (pid 743)
     1150 kB: mediaserver (pid 3499)
      830 kB: logcat (pid 6982)
      700 kB: wpa_supplicant (pid 3963)
      308 kB: netd (pid 3498)
      290 kB: VirtualEvent (pid 1249)
      265 kB: drmserver (pid 745)
      246 kB: /init (pid 1)
      245 kB: keystore (pid 748)
      215 kB: dhcpcd (pid 3985)
      208 kB: adbd (pid 1403)
      191 kB: sh (pid 4133)
      180 kB: debuggerd (pid 742)
      177 kB: dumpsys (pid 8275)
      175 kB: sh (pid 733)
      141 kB: sdcard (pid 754)
      138 kB: vold (pid 735)
      128 kB: healthd (pid 732)
       95 kB: FileDesc_server (pid 749)
       89 kB: coocaa_guard (pid 752)
       76 kB: installd (pid 747)
       72 kB: ueventd (pid 512)
       68 kB: busybox (pid 1581)
       60 kB: servicemanager (pid 734)
       48 kB: RootApp (pid 1114)
       45 kB: logwrapper (pid 1110)
       36 kB: keypad (pid 739)
       24 kB: hardwared (pid 736)
        6 kB: smobsd (pid 1252)

Total PSS by OOM adjustment:
    18496 kB: Native
                6686 kB: app_process (pid 4264)
                2874 kB: zygote (pid 3497)
                1377 kB: TvServer (pid 1146)
                1353 kB: surfaceflinger (pid 743)
                1150 kB: mediaserver (pid 3499)
                 830 kB: logcat (pid 6982)
                 700 kB: wpa_supplicant (pid 3963)
                 308 kB: netd (pid 3498)
                 290 kB: VirtualEvent (pid 1249)
                 265 kB: drmserver (pid 745)
                 246 kB: /init (pid 1)
                 245 kB: keystore (pid 748)
                 215 kB: dhcpcd (pid 3985)
                 208 kB: adbd (pid 1403)
                 191 kB: sh (pid 4133)
                 180 kB: debuggerd (pid 742)
                 177 kB: dumpsys (pid 8275)
                 175 kB: sh (pid 733)
                 141 kB: sdcard (pid 754)
                 138 kB: vold (pid 735)
                 128 kB: healthd (pid 732)
                  95 kB: FileDesc_server (pid 749)
                  89 kB: coocaa_guard (pid 752)
                  76 kB: installd (pid 747)
                  72 kB: ueventd (pid 512)
                  68 kB: busybox (pid 1581)
                  60 kB: servicemanager (pid 734)
                  48 kB: RootApp (pid 1114)
                  45 kB: logwrapper (pid 1110)
                  36 kB: keypad (pid 739)
                  24 kB: hardwared (pid 736)
                   6 kB: smobsd (pid 1252)
    21495 kB: System
               21495 kB: system (pid 3891)
     8342 kB: Persistent
                4324 kB: com.dunn.instrument (pid 4061)
                4018 kB: com.skyworth.android.skyRMService (pid 4070)
   170584 kB: Foreground
               99336 kB: com.ccos.tv.homepage (pid 5079 / activities)
               22565 kB: com.coocaa.os.ccosservice (pid 4445)
               17176 kB: com.tianci.system (pid 4079)
               16210 kB: com.tianci.de (pid 5202)
               10208 kB: com.tianci.push (pid 4206)
                5089 kB: android.process.media (pid 5493)
    31837 kB: Perceptible
               23280 kB: com.tianci.movieplatform (pid 4526)
                8557 kB: com.coocaa.os.softsettings.provider (pid 4646)
    22736 kB: A Services
               11642 kB: com.tianci.ad (pid 5516)
               11094 kB: com.coocaa.sysreport (pid 7397)
     6620 kB: B Services
                6620 kB: com.tianci.ad:adUpgrade (pid 5663)
    13584 kB: Cached
               13584 kB: com.tianci.user (pid 7353)

Total PSS by category:
    66767 kB: Dalvik
    61967 kB: Dalvik Other
    53029 kB: .dex mmap
    39926 kB: Unknown
    22375 kB: .so mmap
    19788 kB: Ashmem
    13349 kB: Other dev
     6358 kB: .apk mmap
     4092 kB: Stack
     3082 kB: Other mmap
     1956 kB: Native
      969 kB: .ttf mmap
       32 kB: .jar mmap
        4 kB: Cursor
        0 kB: code mmap
        0 kB: image mmap
        0 kB: Graphics
        0 kB: GL
        0 kB: Memtrack

Total RAM: 463128 kB
 Free RAM: 149832 kB (13584 cached pss + 123864 cached + 12384 free)
 Used RAM: 303574 kB (280110 used pss + 1692 buffers + 136 shmem + 21636 slab)
 Lost RAM: 9722 kB
     ZRAM: 3472 kB physical used for 9820 kB in swap (98300 kB total swap)
   Tuning: 48 (large 128), oom 108462 kB, restore limit 36154 kB (low-ram)
Applications Memory Usage (kB):
Uptime: 778331 Realtime: 778331

Total PSS by process:
    96342 kB: com.ccos.tv.homepage (pid 5079 / activities)
    23280 kB: com.tianci.movieplatform (pid 4526)
    22559 kB: com.coocaa.os.ccosservice (pid 4445)
    21489 kB: system (pid 3891)
    17172 kB: com.tianci.system (pid 4079)
    16222 kB: com.tianci.de (pid 5202)
    13584 kB: com.tianci.user (pid 7353)
    11642 kB: com.tianci.ad (pid 5516)
    11094 kB: com.coocaa.sysreport (pid 7397)
    10208 kB: com.tianci.push (pid 4206)
     8557 kB: com.coocaa.os.softsettings.provider (pid 4646)
     6686 kB: app_process (pid 4264)
     6620 kB: com.tianci.ad:adUpgrade (pid 5663)
     5089 kB: android.process.media (pid 5493)
     4100 kB: com.dunn.instrument (pid 4061)
     4042 kB: com.skyworth.android.skyRMService (pid 4070)
     2874 kB: zygote (pid 3497)
     1377 kB: TvServer (pid 1146)
     1353 kB: surfaceflinger (pid 743)
     1150 kB: mediaserver (pid 3499)
      830 kB: logcat (pid 6982)
      700 kB: wpa_supplicant (pid 3963)
      308 kB: netd (pid 3498)
      290 kB: VirtualEvent (pid 1249)
      265 kB: drmserver (pid 745)
      246 kB: /init (pid 1)
      245 kB: keystore (pid 748)
      215 kB: dhcpcd (pid 3985)
      208 kB: adbd (pid 1403)
      191 kB: sh (pid 4133)
      180 kB: debuggerd (pid 742)
      175 kB: sh (pid 733)
      141 kB: sdcard (pid 754)
      138 kB: vold (pid 735)
      128 kB: healthd (pid 732)
       95 kB: FileDesc_server (pid 749)
       89 kB: coocaa_guard (pid 752)
       76 kB: installd (pid 747)
       72 kB: ueventd (pid 512)
       68 kB: busybox (pid 1581)
       60 kB: servicemanager (pid 734)
       48 kB: RootApp (pid 1114)
       45 kB: logwrapper (pid 1110)
       36 kB: keypad (pid 739)
       24 kB: hardwared (pid 736)
        6 kB: smobsd (pid 1252)
        0 kB: dumpsys (pid 8275)

Total PSS by OOM adjustment:
    18319 kB: Native
                6686 kB: app_process (pid 4264)
                2874 kB: zygote (pid 3497)
                1377 kB: TvServer (pid 1146)
                1353 kB: surfaceflinger (pid 743)
                1150 kB: mediaserver (pid 3499)
                 830 kB: logcat (pid 6982)
                 700 kB: wpa_supplicant (pid 3963)
                 308 kB: netd (pid 3498)
                 290 kB: VirtualEvent (pid 1249)
                 265 kB: drmserver (pid 745)
                 246 kB: /init (pid 1)
                 245 kB: keystore (pid 748)
                 215 kB: dhcpcd (pid 3985)
                 208 kB: adbd (pid 1403)
                 191 kB: sh (pid 4133)
                 180 kB: debuggerd (pid 742)
                 175 kB: sh (pid 733)
                 141 kB: sdcard (pid 754)
                 138 kB: vold (pid 735)
                 128 kB: healthd (pid 732)
                  95 kB: FileDesc_server (pid 749)
                  89 kB: coocaa_guard (pid 752)
                  76 kB: installd (pid 747)
                  72 kB: ueventd (pid 512)
                  68 kB: busybox (pid 1581)
                  60 kB: servicemanager (pid 734)
                  48 kB: RootApp (pid 1114)
                  45 kB: logwrapper (pid 1110)
                  36 kB: keypad (pid 739)
                  24 kB: hardwared (pid 736)
                   6 kB: smobsd (pid 1252)
                   0 kB: dumpsys (pid 8275)
    21489 kB: System
               21489 kB: system (pid 3891)
     8142 kB: Persistent
                4100 kB: com.dunn.instrument (pid 4061)
                4042 kB: com.skyworth.android.skyRMService (pid 4070)
   167592 kB: Foreground
               96342 kB: com.ccos.tv.homepage (pid 5079 / activities)
               22559 kB: com.coocaa.os.ccosservice (pid 4445)
               17172 kB: com.tianci.system (pid 4079)
               16222 kB: com.tianci.de (pid 5202)
               10208 kB: com.tianci.push (pid 4206)
                5089 kB: android.process.media (pid 5493)
    31837 kB: Perceptible
               23280 kB: com.tianci.movieplatform (pid 4526)
                8557 kB: com.coocaa.os.softsettings.provider (pid 4646)
    22736 kB: A Services
               11642 kB: com.tianci.ad (pid 5516)
               11094 kB: com.coocaa.sysreport (pid 7397)
     6620 kB: B Services
                6620 kB: com.tianci.ad:adUpgrade (pid 5663)
    13584 kB: Cached
               13584 kB: com.tianci.user (pid 7353)

Total PSS by category:
    66655 kB: Dalvik
    61987 kB: Dalvik Other
    53247 kB: .dex mmap
    39990 kB: Unknown
    22243 kB: .so mmap
    18944 kB: Ashmem
    10737 kB: Other dev
     6370 kB: .apk mmap
     4088 kB: Stack
     3061 kB: Other mmap
     1952 kB: Native
     1009 kB: .ttf mmap
       32 kB: .jar mmap
        4 kB: Cursor
        0 kB: code mmap
        0 kB: image mmap
        0 kB: Graphics
        0 kB: GL
        0 kB: Memtrack

Total RAM: 463128 kB
 Free RAM: 152544 kB (13584 cached pss + 125032 cached + 13928 free)
 Used RAM: 300299 kB (276735 used pss + 1736 buffers + 136 shmem + 21692 slab)
 Lost RAM: 10285 kB
     ZRAM: 3472 kB physical used for 9820 kB in swap (98300 kB total swap)
   Tuning: 48 (large 128), oom 108462 kB, restore limit 36154 kB (low-ram)
Applications Memory Usage (kB):
Uptime: 780809 Realtime: 780809

Total PSS by process:
    98398 kB: com.ccos.tv.homepage (pid 5079 / activities)
    23280 kB: com.tianci.movieplatform (pid 4526)
    22549 kB: com.coocaa.os.ccosservice (pid 4445)
    21379 kB: system (pid 3891)
    16860 kB: com.tianci.system (pid 4079)
    16430 kB: com.tianci.de (pid 5202)
    13584 kB: com.tianci.user (pid 7353)
    11642 kB: com.tianci.ad (pid 5516)
    11094 kB: com.coocaa.sysreport (pid 7397)
    10208 kB: com.tianci.push (pid 4206)
     8557 kB: com.coocaa.os.softsettings.provider (pid 4646)
     6686 kB: app_process (pid 4264)
     6619 kB: com.tianci.ad:adUpgrade (pid 5663)
     5089 kB: android.process.media (pid 5493)
     4100 kB: com.dunn.instrument (pid 4061)
     4042 kB: com.skyworth.android.skyRMService (pid 4070)
     2874 kB: zygote (pid 3497)
     1377 kB: TvServer (pid 1146)
     1353 kB: surfaceflinger (pid 743)
     1150 kB: mediaserver (pid 3499)
      834 kB: logcat (pid 6982)
      700 kB: wpa_supplicant (pid 3963)
      308 kB: netd (pid 3498)
      290 kB: VirtualEvent (pid 1249)
      265 kB: drmserver (pid 745)
      246 kB: /init (pid 1)
      245 kB: keystore (pid 748)
      215 kB: dhcpcd (pid 3985)
      208 kB: adbd (pid 1403)
      191 kB: sh (pid 4133)
      180 kB: debuggerd (pid 742)
      175 kB: sh (pid 733)
      141 kB: sdcard (pid 754)
      138 kB: vold (pid 735)
      128 kB: healthd (pid 732)
       95 kB: FileDesc_server (pid 749)
       89 kB: coocaa_guard (pid 752)
       76 kB: installd (pid 747)
       72 kB: ueventd (pid 512)
       68 kB: busybox (pid 1581)
       60 kB: servicemanager (pid 734)
       48 kB: RootApp (pid 1114)
       45 kB: logwrapper (pid 1110)
       36 kB: keypad (pid 739)
       24 kB: hardwared (pid 736)
        6 kB: smobsd (pid 1252)
        0 kB: dumpsys (pid 8275)

Total PSS by OOM adjustment:
    18323 kB: Native
                6686 kB: app_process (pid 4264)
                2874 kB: zygote (pid 3497)
                1377 kB: TvServer (pid 1146)
                1353 kB: surfaceflinger (pid 743)
                1150 kB: mediaserver (pid 3499)
                 834 kB: logcat (pid 6982)
                 700 kB: wpa_supplicant (pid 3963)
                 308 kB: netd (pid 3498)
                 290 kB: VirtualEvent (pid 1249)
                 265 kB: drmserver (pid 745)
                 246 kB: /init (pid 1)
                 245 kB: keystore (pid 748)
                 215 kB: dhcpcd (pid 3985)
                 208 kB: adbd (pid 1403)
                 191 kB: sh (pid 4133)
                 180 kB: debuggerd (pid 742)
                 175 kB: sh (pid 733)
                 141 kB: sdcard (pid 754)
                 138 kB: vold (pid 735)
                 128 kB: healthd (pid 732)
                  95 kB: FileDesc_server (pid 749)
                  89 kB: coocaa_guard (pid 752)
                  76 kB: installd (pid 747)
                  72 kB: ueventd (pid 512)
                  68 kB: busybox (pid 1581)
                  60 kB: servicemanager (pid 734)
                  48 kB: RootApp (pid 1114)
                  45 kB: logwrapper (pid 1110)
                  36 kB: keypad (pid 739)
                  24 kB: hardwared (pid 736)
                   6 kB: smobsd (pid 1252)
                   0 kB: dumpsys (pid 8275)
    21379 kB: System
               21379 kB: system (pid 3891)
     8142 kB: Persistent
                4100 kB: com.dunn.instrument (pid 4061)
                4042 kB: com.skyworth.android.skyRMService (pid 4070)
   169534 kB: Foreground
               98398 kB: com.ccos.tv.homepage (pid 5079 / activities)
               22549 kB: com.coocaa.os.ccosservice (pid 4445)
               16860 kB: com.tianci.system (pid 4079)
               16430 kB: com.tianci.de (pid 5202)
               10208 kB: com.tianci.push (pid 4206)
                5089 kB: android.process.media (pid 5493)
    31837 kB: Perceptible
               23280 kB: com.tianci.movieplatform (pid 4526)
                8557 kB: com.coocaa.os.softsettings.provider (pid 4646)
    22736 kB: A Services
               11642 kB: com.tianci.ad (pid 5516)
               11094 kB: com.coocaa.sysreport (pid 7397)
     6619 kB: B Services
                6619 kB: com.tianci.ad:adUpgrade (pid 5663)
    13584 kB: Cached
               13584 kB: com.tianci.user (pid 7353)

Total PSS by category:
    67307 kB: Dalvik
    62583 kB: Dalvik Other
    54694 kB: .dex mmap
    39898 kB: Unknown
    22247 kB: .so mmap
    18944 kB: Ashmem
     9813 kB: Other dev
     6458 kB: .apk mmap
     4084 kB: Stack
     3061 kB: Other mmap
     1956 kB: Native
     1073 kB: .ttf mmap
       32 kB: .jar mmap
        4 kB: Cursor
        0 kB: code mmap
        0 kB: image mmap
        0 kB: Graphics
        0 kB: GL
        0 kB: Memtrack

Total RAM: 463128 kB
 Free RAM: 152284 kB (13584 cached pss + 127940 cached + 10760 free)
 Used RAM: 302206 kB (278570 used pss + 1772 buffers + 136 shmem + 21728 slab)
 Lost RAM: 8638 kB
     ZRAM: 3472 kB physical used for 9820 kB in swap (98300 kB total swap)
   Tuning: 48 (large 128), oom 108462 kB, restore limit 36154 kB (low-ram)
Applications Memory Usage (kB):
Uptime: 783420 Realtime: 783420

Total PSS by process:
    97706 kB: com.ccos.tv.homepage (pid 5079 / activities)
    23280 kB: com.tianci.movieplatform (pid 4526)
    22547 kB: com.coocaa.os.ccosservice (pid 4445)
    21471 kB: system (pid 3891)
    16860 kB: com.tianci.system (pid 4079)
    16438 kB: com.tianci.de (pid 5202)
    13576 kB: com.tianci.user (pid 7353)
    11634 kB: com.tianci.ad (pid 5516)
    11094 kB: com.coocaa.sysreport (pid 7397)
    10208 kB: com.tianci.push (pid 4206)
     8557 kB: com.coocaa.os.softsettings.provider (pid 4646)
     6686 kB: app_process (pid 4264)
     6619 kB: com.tianci.ad:adUpgrade (pid 5663)
     5089 kB: android.process.media (pid 5493)
     4100 kB: com.dunn.instrument (pid 4061)
     4042 kB: com.skyworth.android.skyRMService (pid 4070)
     2874 kB: zygote (pid 3497)
     1377 kB: TvServer (pid 1146)
     1353 kB: surfaceflinger (pid 743)
     1150 kB: mediaserver (pid 3499)
      834 kB: logcat (pid 6982)
      700 kB: wpa_supplicant (pid 3963)
      308 kB: netd (pid 3498)
      290 kB: VirtualEvent (pid 1249)
      265 kB: drmserver (pid 745)
      246 kB: /init (pid 1)
      245 kB: keystore (pid 748)
      215 kB: dhcpcd (pid 3985)
      208 kB: adbd (pid 1403)
      191 kB: sh (pid 4133)
      180 kB: debuggerd (pid 742)
      175 kB: sh (pid 733)
      141 kB: sdcard (pid 754)
      138 kB: vold (pid 735)
      128 kB: healthd (pid 732)
       95 kB: FileDesc_server (pid 749)
       89 kB: coocaa_guard (pid 752)
       76 kB: installd (pid 747)
       72 kB: ueventd (pid 512)
       68 kB: busybox (pid 1581)
       60 kB: servicemanager (pid 734)
       48 kB: RootApp (pid 1114)
       45 kB: logwrapper (pid 1110)
       36 kB: keypad (pid 739)
       24 kB: hardwared (pid 736)
        6 kB: smobsd (pid 1252)

Total PSS by OOM adjustment:
    18323 kB: Native
                6686 kB: app_process (pid 4264)
                2874 kB: zygote (pid 3497)
                1377 kB: TvServer (pid 1146)
                1353 kB: surfaceflinger (pid 743)
                1150 kB: mediaserver (pid 3499)
                 834 kB: logcat (pid 6982)
                 700 kB: wpa_supplicant (pid 3963)
                 308 kB: netd (pid 3498)
                 290 kB: VirtualEvent (pid 1249)
                 265 kB: drmserver (pid 745)
                 246 kB: /init (pid 1)
                 245 kB: keystore (pid 748)
                 215 kB: dhcpcd (pid 3985)
                 208 kB: adbd (pid 1403)
                 191 kB: sh (pid 4133)
                 180 kB: debuggerd (pid 742)
                 175 kB: sh (pid 733)
                 141 kB: sdcard (pid 754)
                 138 kB: vold (pid 735)
                 128 kB: healthd (pid 732)
                  95 kB: FileDesc_server (pid 749)
                  89 kB: coocaa_guard (pid 752)
                  76 kB: installd (pid 747)
                  72 kB: ueventd (pid 512)
                  68 kB: busybox (pid 1581)
                  60 kB: servicemanager (pid 734)
                  48 kB: RootApp (pid 1114)
                  45 kB: logwrapper (pid 1110)
                  36 kB: keypad (pid 739)
                  24 kB: hardwared (pid 736)
                   6 kB: smobsd (pid 1252)
    21471 kB: System
               21471 kB: system (pid 3891)
     8142 kB: Persistent
                4100 kB: com.dunn.instrument (pid 4061)
                4042 kB: com.skyworth.android.skyRMService (pid 4070)
   168848 kB: Foreground
               97706 kB: com.ccos.tv.homepage (pid 5079 / activities)
               22547 kB: com.coocaa.os.ccosservice (pid 4445)
               16860 kB: com.tianci.system (pid 4079)
               16438 kB: com.tianci.de (pid 5202)
               10208 kB: com.tianci.push (pid 4206)
                5089 kB: android.process.media (pid 5493)
    31837 kB: Perceptible
               23280 kB: com.tianci.movieplatform (pid 4526)
                8557 kB: com.coocaa.os.softsettings.provider (pid 4646)
    22728 kB: A Services
               11634 kB: com.tianci.ad (pid 5516)
               11094 kB: com.coocaa.sysreport (pid 7397)
     6619 kB: B Services
                6619 kB: com.tianci.ad:adUpgrade (pid 5663)
    13576 kB: Cached
               13576 kB: com.tianci.user (pid 7353)

Total PSS by category:
    67463 kB: Dalvik
    62591 kB: Dalvik Other
    54738 kB: .dex mmap
    39318 kB: Unknown
    22166 kB: .so mmap
    18944 kB: Ashmem
     9641 kB: Other dev
     6458 kB: .apk mmap
     4076 kB: Stack
     3060 kB: Other mmap
     1956 kB: Native
     1097 kB: .ttf mmap
       32 kB: .jar mmap
        4 kB: Cursor
        0 kB: code mmap
        0 kB: image mmap
        0 kB: Graphics
        0 kB: GL
        0 kB: Memtrack

Total RAM: 463128 kB
 Free RAM: 153024 kB (13576 cached pss + 128224 cached + 11224 free)
 Used RAM: 301640 kB (277968 used pss + 1796 buffers + 136 shmem + 21740 slab)
 Lost RAM: 8464 kB
     ZRAM: 3472 kB physical used for 9820 kB in swap (98300 kB total swap)
   Tuning: 48 (large 128), oom 108462 kB, restore limit 36154 kB (low-ram)
Applications Memory Usage (kB):
Uptime: 785832 Realtime: 785832

Total PSS by process:
   100621 kB: com.ccos.tv.homepage (pid 5079 / activities)
    23280 kB: com.tianci.movieplatform (pid 4526)
    22541 kB: com.coocaa.os.ccosservice (pid 4445)
    21518 kB: system (pid 3891)
    16848 kB: com.tianci.system (pid 4079)
    16686 kB: com.tianci.de (pid 5202)
    13576 kB: com.tianci.user (pid 7353)
    11550 kB: com.tianci.ad (pid 5516)
    11086 kB: com.coocaa.sysreport (pid 7397)
    10209 kB: com.tianci.push (pid 4206)
     8557 kB: com.coocaa.os.softsettings.provider (pid 4646)
     6686 kB: app_process (pid 4264)
     6619 kB: com.tianci.ad:adUpgrade (pid 5663)
     5088 kB: android.process.media (pid 5493)
     4100 kB: com.dunn.instrument (pid 4061)
     4054 kB: com.skyworth.android.skyRMService (pid 4070)
     2874 kB: zygote (pid 3497)
     1377 kB: TvServer (pid 1146)
     1353 kB: surfaceflinger (pid 743)
     1150 kB: mediaserver (pid 3499)
      834 kB: logcat (pid 6982)
      700 kB: wpa_supplicant (pid 3963)
      308 kB: netd (pid 3498)
      290 kB: VirtualEvent (pid 1249)
      265 kB: drmserver (pid 745)
      246 kB: /init (pid 1)
      245 kB: keystore (pid 748)
      215 kB: dhcpcd (pid 3985)
      208 kB: adbd (pid 1403)
      191 kB: sh (pid 4133)
      180 kB: debuggerd (pid 742)
      175 kB: sh (pid 733)
      141 kB: sdcard (pid 754)
      138 kB: vold (pid 735)
      128 kB: healthd (pid 732)
       95 kB: FileDesc_server (pid 749)
       89 kB: coocaa_guard (pid 752)
       76 kB: installd (pid 747)
       72 kB: ueventd (pid 512)
       68 kB: busybox (pid 1581)
       60 kB: servicemanager (pid 734)
       48 kB: RootApp (pid 1114)
       45 kB: logwrapper (pid 1110)
       36 kB: keypad (pid 739)
       24 kB: hardwared (pid 736)
        6 kB: smobsd (pid 1252)

Total PSS by OOM adjustment:
    18323 kB: Native
                6686 kB: app_process (pid 4264)
                2874 kB: zygote (pid 3497)
                1377 kB: TvServer (pid 1146)
                1353 kB: surfaceflinger (pid 743)
                1150 kB: mediaserver (pid 3499)
                 834 kB: logcat (pid 6982)
                 700 kB: wpa_supplicant (pid 3963)
                 308 kB: netd (pid 3498)
                 290 kB: VirtualEvent (pid 1249)
                 265 kB: drmserver (pid 745)
                 246 kB: /init (pid 1)
                 245 kB: keystore (pid 748)
                 215 kB: dhcpcd (pid 3985)
                 208 kB: adbd (pid 1403)
                 191 kB: sh (pid 4133)
                 180 kB: debuggerd (pid 742)
                 175 kB: sh (pid 733)
                 141 kB: sdcard (pid 754)
                 138 kB: vold (pid 735)
                 128 kB: healthd (pid 732)
                  95 kB: FileDesc_server (pid 749)
                  89 kB: coocaa_guard (pid 752)
                  76 kB: installd (pid 747)
                  72 kB: ueventd (pid 512)
                  68 kB: busybox (pid 1581)
                  60 kB: servicemanager (pid 734)
                  48 kB: RootApp (pid 1114)
                  45 kB: logwrapper (pid 1110)
                  36 kB: keypad (pid 739)
                  24 kB: hardwared (pid 736)
                   6 kB: smobsd (pid 1252)
    21518 kB: System
               21518 kB: system (pid 3891)
     8154 kB: Persistent
                4100 kB: com.dunn.instrument (pid 4061)
                4054 kB: com.skyworth.android.skyRMService (pid 4070)
   171993 kB: Foreground
              100621 kB: com.ccos.tv.homepage (pid 5079 / activities)
               22541 kB: com.coocaa.os.ccosservice (pid 4445)
               16848 kB: com.tianci.system (pid 4079)
               16686 kB: com.tianci.de (pid 5202)
               10209 kB: com.tianci.push (pid 4206)
                5088 kB: android.process.media (pid 5493)
    31837 kB: Perceptible
               23280 kB: com.tianci.movieplatform (pid 4526)
                8557 kB: com.coocaa.os.softsettings.provider (pid 4646)
    22636 kB: A Services
               11550 kB: com.tianci.ad (pid 5516)
               11086 kB: com.coocaa.sysreport (pid 7397)
     6619 kB: B Services
                6619 kB: com.tianci.ad:adUpgrade (pid 5663)
    13576 kB: Cached
               13576 kB: com.tianci.user (pid 7353)

Total PSS by category:
    67823 kB: Dalvik
    62594 kB: Dalvik Other
    54942 kB: .dex mmap
    38066 kB: Unknown
    22034 kB: .so mmap
    20188 kB: Ashmem
    12369 kB: Other dev
     6450 kB: .apk mmap
     4028 kB: Stack
     3061 kB: Other mmap
     1956 kB: Native
     1109 kB: .ttf mmap
       32 kB: .jar mmap
        4 kB: Cursor
        0 kB: code mmap
        0 kB: image mmap
        0 kB: Graphics
        0 kB: GL
        0 kB: Memtrack

Total RAM: 463128 kB
 Free RAM: 148944 kB (13576 cached pss + 128648 cached + 6720 free)
 Used RAM: 304848 kB (281080 used pss + 1844 buffers + 136 shmem + 21788 slab)
 Lost RAM: 9336 kB
     ZRAM: 3472 kB physical used for 9820 kB in swap (98300 kB total swap)
   Tuning: 48 (large 128), oom 108462 kB, restore limit 36154 kB (low-ram)
Applications Memory Usage (kB):
Uptime: 788374 Realtime: 788374

Total PSS by process:
   103061 kB: com.ccos.tv.homepage (pid 5079 / activities)
    23280 kB: com.tianci.movieplatform (pid 4526)
    22053 kB: com.coocaa.os.ccosservice (pid 4445)
    21518 kB: system (pid 3891)
    16848 kB: com.tianci.system (pid 4079)
    16686 kB: com.tianci.de (pid 5202)
    13576 kB: com.tianci.user (pid 7353)
    11550 kB: com.tianci.ad (pid 5516)
    11086 kB: com.coocaa.sysreport (pid 7397)
    10209 kB: com.tianci.push (pid 4206)
     8605 kB: com.coocaa.os.softsettings.provider (pid 4646)
     6685 kB: app_process (pid 4264)
     6619 kB: com.tianci.ad:adUpgrade (pid 5663)
     5089 kB: android.process.media (pid 5493)
     4100 kB: com.dunn.instrument (pid 4061)
     4054 kB: com.skyworth.android.skyRMService (pid 4070)
     2874 kB: zygote (pid 3497)
     1377 kB: TvServer (pid 1146)
     1353 kB: surfaceflinger (pid 743)
     1150 kB: mediaserver (pid 3499)
      834 kB: logcat (pid 6982)
      700 kB: wpa_supplicant (pid 3963)
      308 kB: netd (pid 3498)
      290 kB: VirtualEvent (pid 1249)
      265 kB: drmserver (pid 745)
      246 kB: /init (pid 1)
      245 kB: keystore (pid 748)
      215 kB: dhcpcd (pid 3985)
      208 kB: adbd (pid 1403)
      191 kB: sh (pid 4133)
      180 kB: debuggerd (pid 742)
      175 kB: sh (pid 733)
      141 kB: sdcard (pid 754)
      138 kB: vold (pid 735)
      128 kB: healthd (pid 732)
       95 kB: FileDesc_server (pid 749)
       89 kB: coocaa_guard (pid 752)
       76 kB: installd (pid 747)
       72 kB: ueventd (pid 512)
       68 kB: busybox (pid 1581)
       60 kB: servicemanager (pid 734)
       48 kB: RootApp (pid 1114)
       45 kB: logwrapper (pid 1110)
       36 kB: keypad (pid 739)
       24 kB: hardwared (pid 736)
        6 kB: smobsd (pid 1252)

Total PSS by OOM adjustment:
    18322 kB: Native
                6685 kB: app_process (pid 4264)
                2874 kB: zygote (pid 3497)
                1377 kB: TvServer (pid 1146)
                1353 kB: surfaceflinger (pid 743)
                1150 kB: mediaserver (pid 3499)
                 834 kB: logcat (pid 6982)
                 700 kB: wpa_supplicant (pid 3963)
                 308 kB: netd (pid 3498)
                 290 kB: VirtualEvent (pid 1249)
                 265 kB: drmserver (pid 745)
                 246 kB: /init (pid 1)
                 245 kB: keystore (pid 748)
                 215 kB: dhcpcd (pid 3985)
                 208 kB: adbd (pid 1403)
                 191 kB: sh (pid 4133)
                 180 kB: debuggerd (pid 742)
                 175 kB: sh (pid 733)
                 141 kB: sdcard (pid 754)
                 138 kB: vold (pid 735)
                 128 kB: healthd (pid 732)
                  95 kB: FileDesc_server (pid 749)
                  89 kB: coocaa_guard (pid 752)
                  76 kB: installd (pid 747)
                  72 kB: ueventd (pid 512)
                  68 kB: busybox (pid 1581)
                  60 kB: servicemanager (pid 734)
                  48 kB: RootApp (pid 1114)
                  45 kB: logwrapper (pid 1110)
                  36 kB: keypad (pid 739)
                  24 kB: hardwared (pid 736)
                   6 kB: smobsd (pid 1252)
    21518 kB: System
               21518 kB: system (pid 3891)
     8154 kB: Persistent
                4100 kB: com.dunn.instrument (pid 4061)
                4054 kB: com.skyworth.android.skyRMService (pid 4070)
   173946 kB: Foreground
              103061 kB: com.ccos.tv.homepage (pid 5079 / activities)
               22053 kB: com.coocaa.os.ccosservice (pid 4445)
               16848 kB: com.tianci.system (pid 4079)
               16686 kB: com.tianci.de (pid 5202)
               10209 kB: com.tianci.push (pid 4206)
                5089 kB: android.process.media (pid 5493)
    31885 kB: Perceptible
               23280 kB: com.tianci.movieplatform (pid 4526)
                8605 kB: com.coocaa.os.softsettings.provider (pid 4646)
    22636 kB: A Services
               11550 kB: com.tianci.ad (pid 5516)
               11086 kB: com.coocaa.sysreport (pid 7397)
     6619 kB: B Services
                6619 kB: com.tianci.ad:adUpgrade (pid 5663)
    13576 kB: Cached
               13576 kB: com.tianci.user (pid 7353)

Total PSS by category:
    67927 kB: Dalvik
    62594 kB: Dalvik Other
    54946 kB: .dex mmap
    37930 kB: Unknown
    22034 kB: .so mmap
    20152 kB: Ashmem
    14937 kB: Other dev
     5914 kB: .apk mmap
     4028 kB: Stack
     3061 kB: Other mmap
     1956 kB: Native
     1141 kB: .ttf mmap
       32 kB: .jar mmap
        4 kB: Cursor
        0 kB: code mmap
        0 kB: image mmap
        0 kB: Graphics
        0 kB: GL
        0 kB: Memtrack

Total RAM: 463128 kB
 Free RAM: 147808 kB (13576 cached pss + 128664 cached + 5568 free)
 Used RAM: 306840 kB (283080 used pss + 1844 buffers + 136 shmem + 21780 slab)
 Lost RAM: 8480 kB
     ZRAM: 3472 kB physical used for 9820 kB in swap (98300 kB total swap)
   Tuning: 48 (large 128), oom 108462 kB, restore limit 36154 kB (low-ram)
Applications Memory Usage (kB):
Uptime: 790785 Realtime: 790785

Total PSS by process:
   108281 kB: com.ccos.tv.homepage (pid 5079 / activities)
    23268 kB: com.tianci.movieplatform (pid 4526)
    22060 kB: com.coocaa.os.ccosservice (pid 4445)
    21398 kB: system (pid 3891)
    16904 kB: com.tianci.system (pid 4079)
    16510 kB: com.tianci.de (pid 5202)
    13560 kB: com.tianci.user (pid 7353)
    11542 kB: com.tianci.ad (pid 5516)
    11062 kB: com.coocaa.sysreport (pid 7397)
    10197 kB: com.tianci.push (pid 4206)
     8601 kB: com.coocaa.os.softsettings.provider (pid 4646)
     6686 kB: app_process (pid 4264)
     6619 kB: com.tianci.ad:adUpgrade (pid 5663)
     5089 kB: android.process.media (pid 5493)
     4100 kB: com.dunn.instrument (pid 4061)
     3958 kB: com.skyworth.android.skyRMService (pid 4070)
     2874 kB: zygote (pid 3497)
     1377 kB: TvServer (pid 1146)
     1353 kB: surfaceflinger (pid 743)
     1150 kB: mediaserver (pid 3499)
      838 kB: logcat (pid 6982)
      700 kB: wpa_supplicant (pid 3963)
      308 kB: netd (pid 3498)
      290 kB: VirtualEvent (pid 1249)
      265 kB: drmserver (pid 745)
      246 kB: /init (pid 1)
      245 kB: keystore (pid 748)
      215 kB: dhcpcd (pid 3985)
      208 kB: adbd (pid 1403)
      191 kB: sh (pid 4133)
      180 kB: debuggerd (pid 742)
      175 kB: sh (pid 733)
      141 kB: sdcard (pid 754)
      138 kB: vold (pid 735)
      128 kB: healthd (pid 732)
       95 kB: FileDesc_server (pid 749)
       89 kB: coocaa_guard (pid 752)
       76 kB: installd (pid 747)
       72 kB: ueventd (pid 512)
       68 kB: busybox (pid 1581)
       60 kB: servicemanager (pid 734)
       48 kB: RootApp (pid 1114)
       45 kB: logwrapper (pid 1110)
       36 kB: keypad (pid 739)
       24 kB: hardwared (pid 736)
        6 kB: smobsd (pid 1252)

Total PSS by OOM adjustment:
    18327 kB: Native
                6686 kB: app_process (pid 4264)
                2874 kB: zygote (pid 3497)
                1377 kB: TvServer (pid 1146)
                1353 kB: surfaceflinger (pid 743)
                1150 kB: mediaserver (pid 3499)
                 838 kB: logcat (pid 6982)
                 700 kB: wpa_supplicant (pid 3963)
                 308 kB: netd (pid 3498)
                 290 kB: VirtualEvent (pid 1249)
                 265 kB: drmserver (pid 745)
                 246 kB: /init (pid 1)
                 245 kB: keystore (pid 748)
                 215 kB: dhcpcd (pid 3985)
                 208 kB: adbd (pid 1403)
                 191 kB: sh (pid 4133)
                 180 kB: debuggerd (pid 742)
                 175 kB: sh (pid 733)
                 141 kB: sdcard (pid 754)
                 138 kB: vold (pid 735)
                 128 kB: healthd (pid 732)
                  95 kB: FileDesc_server (pid 749)
                  89 kB: coocaa_guard (pid 752)
                  76 kB: installd (pid 747)
                  72 kB: ueventd (pid 512)
                  68 kB: busybox (pid 1581)
                  60 kB: servicemanager (pid 734)
                  48 kB: RootApp (pid 1114)
                  45 kB: logwrapper (pid 1110)
                  36 kB: keypad (pid 739)
                  24 kB: hardwared (pid 736)
                   6 kB: smobsd (pid 1252)
    21398 kB: System
               21398 kB: system (pid 3891)
     8058 kB: Persistent
                4100 kB: com.dunn.instrument (pid 4061)
                3958 kB: com.skyworth.android.skyRMService (pid 4070)
   179041 kB: Foreground
              108281 kB: com.ccos.tv.homepage (pid 5079 / activities)
               22060 kB: com.coocaa.os.ccosservice (pid 4445)
               16904 kB: com.tianci.system (pid 4079)
               16510 kB: com.tianci.de (pid 5202)
               10197 kB: com.tianci.push (pid 4206)
                5089 kB: android.process.media (pid 5493)
    31869 kB: Perceptible
               23268 kB: com.tianci.movieplatform (pid 4526)
                8601 kB: com.coocaa.os.softsettings.provider (pid 4646)
    22604 kB: A Services
               11542 kB: com.tianci.ad (pid 5516)
               11062 kB: com.coocaa.sysreport (pid 7397)
     6619 kB: B Services
                6619 kB: com.tianci.ad:adUpgrade (pid 5663)
    13560 kB: Cached
               13560 kB: com.tianci.user (pid 7353)

Total PSS by category:
    67783 kB: Dalvik
    62598 kB: Dalvik Other
    54858 kB: .dex mmap
    39338 kB: Unknown
    22219 kB: .so mmap
    20740 kB: Ashmem
    17817 kB: Other dev
     5910 kB: .apk mmap
     4028 kB: Stack
     3044 kB: Other mmap
     1960 kB: Native
     1145 kB: .ttf mmap
       32 kB: .jar mmap
        4 kB: Cursor
        0 kB: code mmap
        0 kB: image mmap
        0 kB: Graphics
        0 kB: GL
        0 kB: Memtrack

Total RAM: 463128 kB
 Free RAM: 140188 kB (13560 cached pss + 121044 cached + 5584 free)
 Used RAM: 311720 kB (287916 used pss + 1860 buffers + 136 shmem + 21808 slab)
 Lost RAM: 11220 kB
     ZRAM: 3472 kB physical used for 9824 kB in swap (98300 kB total swap)
   Tuning: 48 (large 128), oom 108462 kB, restore limit 36154 kB (low-ram)
Applications Memory Usage (kB):
Uptime: 793499 Realtime: 793499

Total PSS by process:
   111973 kB: com.ccos.tv.homepage (pid 5079 / activities)
    23267 kB: com.tianci.movieplatform (pid 4526)
    21470 kB: system (pid 3891)
    21375 kB: com.coocaa.os.ccosservice (pid 4445)
    16900 kB: com.tianci.system (pid 4079)
    16421 kB: com.tianci.de (pid 5202)
    13560 kB: com.tianci.user (pid 7353)
    11542 kB: com.tianci.ad (pid 5516)
    11062 kB: com.coocaa.sysreport (pid 7397)
    10197 kB: com.tianci.push (pid 4206)
     8600 kB: com.coocaa.os.softsettings.provider (pid 4646)
     6686 kB: app_process (pid 4264)
     6619 kB: com.tianci.ad:adUpgrade (pid 5663)
     5089 kB: android.process.media (pid 5493)
     4100 kB: com.dunn.instrument (pid 4061)
     3926 kB: com.skyworth.android.skyRMService (pid 4070)
     2874 kB: zygote (pid 3497)
     1361 kB: TvServer (pid 1146)
     1349 kB: surfaceflinger (pid 743)
     1146 kB: mediaserver (pid 3499)
      838 kB: logcat (pid 6982)
      700 kB: wpa_supplicant (pid 3963)
      308 kB: netd (pid 3498)
      290 kB: VirtualEvent (pid 1249)
      265 kB: drmserver (pid 745)
      246 kB: /init (pid 1)
      245 kB: keystore (pid 748)
      215 kB: dhcpcd (pid 3985)
      208 kB: adbd (pid 1403)
      191 kB: sh (pid 4133)
      180 kB: debuggerd (pid 742)
      177 kB: dumpsys (pid 8570)
      175 kB: sh (pid 733)
      141 kB: sdcard (pid 754)
      138 kB: vold (pid 735)
      128 kB: healthd (pid 732)
       95 kB: FileDesc_server (pid 749)
       89 kB: coocaa_guard (pid 752)
       76 kB: installd (pid 747)
       72 kB: ueventd (pid 512)
       68 kB: busybox (pid 1581)
       60 kB: servicemanager (pid 734)
       48 kB: RootApp (pid 1114)
       45 kB: logwrapper (pid 1110)
       36 kB: keypad (pid 739)
       24 kB: hardwared (pid 736)
        6 kB: smobsd (pid 1252)

Total PSS by OOM adjustment:
    18480 kB: Native
                6686 kB: app_process (pid 4264)
                2874 kB: zygote (pid 3497)
                1361 kB: TvServer (pid 1146)
                1349 kB: surfaceflinger (pid 743)
                1146 kB: mediaserver (pid 3499)
                 838 kB: logcat (pid 6982)
                 700 kB: wpa_supplicant (pid 3963)
                 308 kB: netd (pid 3498)
                 290 kB: VirtualEvent (pid 1249)
                 265 kB: drmserver (pid 745)
                 246 kB: /init (pid 1)
                 245 kB: keystore (pid 748)
                 215 kB: dhcpcd (pid 3985)
                 208 kB: adbd (pid 1403)
                 191 kB: sh (pid 4133)
                 180 kB: debuggerd (pid 742)
                 177 kB: dumpsys (pid 8570)
                 175 kB: sh (pid 733)
                 141 kB: sdcard (pid 754)
                 138 kB: vold (pid 735)
                 128 kB: healthd (pid 732)
                  95 kB: FileDesc_server (pid 749)
                  89 kB: coocaa_guard (pid 752)
                  76 kB: installd (pid 747)
                  72 kB: ueventd (pid 512)
                  68 kB: busybox (pid 1581)
                  60 kB: servicemanager (pid 734)
                  48 kB: RootApp (pid 1114)
                  45 kB: logwrapper (pid 1110)
                  36 kB: keypad (pid 739)
                  24 kB: hardwared (pid 736)
                   6 kB: smobsd (pid 1252)
    21470 kB: System
               21470 kB: system (pid 3891)
     8026 kB: Persistent
                4100 kB: com.dunn.instrument (pid 4061)
                3926 kB: com.skyworth.android.skyRMService (pid 4070)
   181955 kB: Foreground
              111973 kB: com.ccos.tv.homepage (pid 5079 / activities)
               21375 kB: com.coocaa.os.ccosservice (pid 4445)
               16900 kB: com.tianci.system (pid 4079)
               16421 kB: com.tianci.de (pid 5202)
               10197 kB: com.tianci.push (pid 4206)
                5089 kB: android.process.media (pid 5493)
    31867 kB: Perceptible
               23267 kB: com.tianci.movieplatform (pid 4526)
                8600 kB: com.coocaa.os.softsettings.provider (pid 4646)
    22604 kB: A Services
               11542 kB: com.tianci.ad (pid 5516)
               11062 kB: com.coocaa.sysreport (pid 7397)
     6619 kB: B Services
                6619 kB: com.tianci.ad:adUpgrade (pid 5663)
    13560 kB: Cached
               13560 kB: com.tianci.user (pid 7353)

Total PSS by category:
    67999 kB: Dalvik
    62610 kB: Dalvik Other
    53892 kB: .dex mmap
    39434 kB: Unknown
    22258 kB: .so mmap
    21689 kB: Other dev
    20528 kB: Ashmem
     5908 kB: .apk mmap
     4032 kB: Stack
     3050 kB: Other mmap
     1964 kB: Native
     1181 kB: .ttf mmap
       32 kB: .jar mmap
        4 kB: Cursor
        0 kB: code mmap
        0 kB: image mmap
        0 kB: Graphics
        0 kB: GL
        0 kB: Memtrack

Total RAM: 463128 kB
 Free RAM: 135844 kB (13560 cached pss + 119112 cached + 3172 free)
 Used RAM: 314885 kB (291021 used pss + 1884 buffers + 136 shmem + 21844 slab)
 Lost RAM: 12399 kB
     ZRAM: 3472 kB physical used for 9824 kB in swap (98300 kB total swap)
   Tuning: 48 (large 128), oom 108462 kB, restore limit 36154 kB (low-ram)
Applications Memory Usage (kB):
Uptime: 796344 Realtime: 796344

Total PSS by process:
   114989 kB: com.ccos.tv.homepage (pid 5079 / activities)
    23267 kB: com.tianci.movieplatform (pid 4526)
    21518 kB: system (pid 3891)
    21334 kB: com.coocaa.os.ccosservice (pid 4445)
    16788 kB: com.tianci.system (pid 4079)
    16425 kB: com.tianci.de (pid 5202)
    13479 kB: com.tianci.user (pid 7353)
    11537 kB: com.tianci.ad (pid 5516)
    10897 kB: com.coocaa.sysreport (pid 7397)
    10112 kB: com.tianci.push (pid 4206)
     8552 kB: com.coocaa.os.softsettings.provider (pid 4646)
     6686 kB: app_process (pid 4264)
     6618 kB: com.tianci.ad:adUpgrade (pid 5663)
     5088 kB: android.process.media (pid 5493)
     4100 kB: com.dunn.instrument (pid 4061)
     3930 kB: com.skyworth.android.skyRMService (pid 4070)
     2874 kB: zygote (pid 3497)
     1361 kB: TvServer (pid 1146)
     1349 kB: surfaceflinger (pid 743)
     1146 kB: mediaserver (pid 3499)
      838 kB: logcat (pid 6982)
      700 kB: wpa_supplicant (pid 3963)
      308 kB: netd (pid 3498)
      290 kB: VirtualEvent (pid 1249)
      265 kB: drmserver (pid 745)
      246 kB: /init (pid 1)
      245 kB: keystore (pid 748)
      215 kB: dhcpcd (pid 3985)
      208 kB: adbd (pid 1403)
      191 kB: sh (pid 4133)
      180 kB: debuggerd (pid 742)
      175 kB: sh (pid 733)
      141 kB: sdcard (pid 754)
      138 kB: vold (pid 735)
      128 kB: healthd (pid 732)
       95 kB: FileDesc_server (pid 749)
       89 kB: coocaa_guard (pid 752)
       76 kB: installd (pid 747)
       72 kB: ueventd (pid 512)
       68 kB: busybox (pid 1581)
       60 kB: servicemanager (pid 734)
       48 kB: RootApp (pid 1114)
       45 kB: logwrapper (pid 1110)
       36 kB: keypad (pid 739)
       24 kB: hardwared (pid 736)
        6 kB: smobsd (pid 1252)
        0 kB: dumpsys (pid 8570)

Total PSS by OOM adjustment:
    18303 kB: Native
                6686 kB: app_process (pid 4264)
                2874 kB: zygote (pid 3497)
                1361 kB: TvServer (pid 1146)
                1349 kB: surfaceflinger (pid 743)
                1146 kB: mediaserver (pid 3499)
                 838 kB: logcat (pid 6982)
                 700 kB: wpa_supplicant (pid 3963)
                 308 kB: netd (pid 3498)
                 290 kB: VirtualEvent (pid 1249)
                 265 kB: drmserver (pid 745)
                 246 kB: /init (pid 1)
                 245 kB: keystore (pid 748)
                 215 kB: dhcpcd (pid 3985)
                 208 kB: adbd (pid 1403)
                 191 kB: sh (pid 4133)
                 180 kB: debuggerd (pid 742)
                 175 kB: sh (pid 733)
                 141 kB: sdcard (pid 754)
                 138 kB: vold (pid 735)
                 128 kB: healthd (pid 732)
                  95 kB: FileDesc_server (pid 749)
                  89 kB: coocaa_guard (pid 752)
                  76 kB: installd (pid 747)
                  72 kB: ueventd (pid 512)
                  68 kB: busybox (pid 1581)
                  60 kB: servicemanager (pid 734)
                  48 kB: RootApp (pid 1114)
                  45 kB: logwrapper (pid 1110)
                  36 kB: keypad (pid 739)
                  24 kB: hardwared (pid 736)
                   6 kB: smobsd (pid 1252)
                   0 kB: dumpsys (pid 8570)
    21518 kB: System
               21518 kB: system (pid 3891)
     8030 kB: Persistent
                4100 kB: com.dunn.instrument (pid 4061)
                3930 kB: com.skyworth.android.skyRMService (pid 4070)
   184736 kB: Foreground
              114989 kB: com.ccos.tv.homepage (pid 5079 / activities)
               21334 kB: com.coocaa.os.ccosservice (pid 4445)
               16788 kB: com.tianci.system (pid 4079)
               16425 kB: com.tianci.de (pid 5202)
               10112 kB: com.tianci.push (pid 4206)
                5088 kB: android.process.media (pid 5493)
    31819 kB: Perceptible
               23267 kB: com.tianci.movieplatform (pid 4526)
                8552 kB: com.coocaa.os.softsettings.provider (pid 4646)
    22434 kB: A Services
               11537 kB: com.tianci.ad (pid 5516)
               10897 kB: com.coocaa.sysreport (pid 7397)
     6618 kB: B Services
                6618 kB: com.tianci.ad:adUpgrade (pid 5663)
    13479 kB: Cached
               13479 kB: com.tianci.user (pid 7353)

Total PSS by category:
    68223 kB: Dalvik
    62606 kB: Dalvik Other
    53121 kB: .dex mmap
    39902 kB: Unknown
    24797 kB: Other dev
    22138 kB: .so mmap
    20044 kB: Ashmem
     5872 kB: .apk mmap
     4028 kB: Stack
     3025 kB: Other mmap
     1960 kB: Native
     1185 kB: .ttf mmap
       32 kB: .jar mmap
        4 kB: Cursor
        0 kB: code mmap
        0 kB: image mmap
        0 kB: Graphics
        0 kB: GL
        0 kB: Memtrack

Total RAM: 463128 kB
 Free RAM: 128951 kB (13479 cached pss + 112780 cached + 2692 free)
 Used RAM: 317078 kB (293458 used pss + 1600 buffers + 136 shmem + 21884 slab)
 Lost RAM: 17099 kB
     ZRAM: 3492 kB physical used for 9824 kB in swap (98300 kB total swap)
   Tuning: 48 (large 128), oom 108462 kB, restore limit 36154 kB (low-ram)
Applications Memory Usage (kB):
Uptime: 799122 Realtime: 799122

Total PSS by process:
   115369 kB: com.ccos.tv.homepage (pid 5079 / activities)
    23265 kB: com.tianci.movieplatform (pid 4526)
    21293 kB: system (pid 3891)
    21046 kB: com.coocaa.os.ccosservice (pid 4445)
    16389 kB: com.tianci.de (pid 5202)
    16228 kB: com.tianci.system (pid 4079)
    13475 kB: com.tianci.user (pid 7353)
    11485 kB: com.tianci.ad (pid 5516)
    10897 kB: com.coocaa.sysreport (pid 7397)
    10096 kB: com.tianci.push (pid 4206)
     8508 kB: com.coocaa.os.softsettings.provider (pid 4646)
     6618 kB: com.tianci.ad:adUpgrade (pid 5663)
     6553 kB: app_process (pid 4264)
     5089 kB: android.process.media (pid 5493)
     4100 kB: com.dunn.instrument (pid 4061)
     3930 kB: com.skyworth.android.skyRMService (pid 4070)
     2740 kB: zygote (pid 3497)
     1355 kB: TvServer (pid 1146)
     1306 kB: surfaceflinger (pid 743)
     1086 kB: mediaserver (pid 3499)
      838 kB: logcat (pid 6982)
      696 kB: wpa_supplicant (pid 3963)
      301 kB: netd (pid 3498)
      290 kB: VirtualEvent (pid 1249)
      246 kB: /init (pid 1)
      245 kB: keystore (pid 748)
      208 kB: adbd (pid 1403)
      205 kB: drmserver (pid 745)
      191 kB: sh (pid 4133)
      180 kB: debuggerd (pid 742)
      177 kB: dumpsys (pid 8663)
      175 kB: sh (pid 733)
      162 kB: dhcpcd (pid 3985)
      141 kB: sdcard (pid 754)
      132 kB: vold (pid 735)
      128 kB: healthd (pid 732)
       89 kB: coocaa_guard (pid 752)
       76 kB: installd (pid 747)
       72 kB: ueventd (pid 512)
       68 kB: busybox (pid 1581)
       60 kB: servicemanager (pid 734)
       52 kB: FileDesc_server (pid 749)
       48 kB: RootApp (pid 1114)
       45 kB: logwrapper (pid 1110)
       36 kB: keypad (pid 739)
       18 kB: hardwared (pid 736)
        6 kB: smobsd (pid 1252)

Total PSS by OOM adjustment:
    17925 kB: Native
                6553 kB: app_process (pid 4264)
                2740 kB: zygote (pid 3497)
                1355 kB: TvServer (pid 1146)
                1306 kB: surfaceflinger (pid 743)
                1086 kB: mediaserver (pid 3499)
                 838 kB: logcat (pid 6982)
                 696 kB: wpa_supplicant (pid 3963)
                 301 kB: netd (pid 3498)
                 290 kB: VirtualEvent (pid 1249)
                 246 kB: /init (pid 1)
                 245 kB: keystore (pid 748)
                 208 kB: adbd (pid 1403)
                 205 kB: drmserver (pid 745)
                 191 kB: sh (pid 4133)
                 180 kB: debuggerd (pid 742)
                 177 kB: dumpsys (pid 8663)
                 175 kB: sh (pid 733)
                 162 kB: dhcpcd (pid 3985)
                 141 kB: sdcard (pid 754)
                 132 kB: vold (pid 735)
                 128 kB: healthd (pid 732)
                  89 kB: coocaa_guard (pid 752)
                  76 kB: installd (pid 747)
                  72 kB: ueventd (pid 512)
                  68 kB: busybox (pid 1581)
                  60 kB: servicemanager (pid 734)
                  52 kB: FileDesc_server (pid 749)
                  48 kB: RootApp (pid 1114)
                  45 kB: logwrapper (pid 1110)
                  36 kB: keypad (pid 739)
                  18 kB: hardwared (pid 736)
                   6 kB: smobsd (pid 1252)
    21293 kB: System
               21293 kB: system (pid 3891)
     8030 kB: Persistent
                4100 kB: com.dunn.instrument (pid 4061)
                3930 kB: com.skyworth.android.skyRMService (pid 4070)
   184217 kB: Foreground
              115369 kB: com.ccos.tv.homepage (pid 5079 / activities)
               21046 kB: com.coocaa.os.ccosservice (pid 4445)
               16389 kB: com.tianci.de (pid 5202)
               16228 kB: com.tianci.system (pid 4079)
               10096 kB: com.tianci.push (pid 4206)
                5089 kB: android.process.media (pid 5493)
    31773 kB: Perceptible
               23265 kB: com.tianci.movieplatform (pid 4526)
                8508 kB: com.coocaa.os.softsettings.provider (pid 4646)
    22382 kB: A Services
               11485 kB: com.tianci.ad (pid 5516)
               10897 kB: com.coocaa.sysreport (pid 7397)
     6618 kB: B Services
                6618 kB: com.tianci.ad:adUpgrade (pid 5663)
    13475 kB: Cached
               13475 kB: com.tianci.user (pid 7353)

Total PSS by category:
    68279 kB: Dalvik
    62530 kB: Dalvik Other
    51277 kB: .dex mmap
    39598 kB: Unknown
    27281 kB: Other dev
    21761 kB: .so mmap
    18952 kB: Ashmem
     5872 kB: .apk mmap
     4004 kB: Stack
     2990 kB: Other mmap
     1964 kB: Native
     1169 kB: .ttf mmap
       32 kB: .jar mmap
        4 kB: Cursor
        0 kB: code mmap
        0 kB: image mmap
        0 kB: Graphics
        0 kB: GL
        0 kB: Memtrack

Total RAM: 463128 kB
 Free RAM: 133951 kB (13475 cached pss + 103184 cached + 17292 free)
 Used RAM: 315874 kB (292238 used pss + 1600 buffers + 136 shmem + 21900 slab)
 Lost RAM: 13303 kB
     ZRAM: 3512 kB physical used for 10020 kB in swap (98300 kB total swap)
   Tuning: 48 (large 128), oom 108462 kB, restore limit 36154 kB (low-ram)
Applications Memory Usage (kB):
Uptime: 801687 Realtime: 801687

Total PSS by process:
   115453 kB: com.ccos.tv.homepage (pid 5079 / activities)
    23265 kB: com.tianci.movieplatform (pid 4526)
    21297 kB: system (pid 3891)
    21038 kB: com.coocaa.os.ccosservice (pid 4445)
    16381 kB: com.tianci.de (pid 5202)
    16228 kB: com.tianci.system (pid 4079)
    13475 kB: com.tianci.user (pid 7353)
    11485 kB: com.tianci.ad (pid 5516)
    10897 kB: com.coocaa.sysreport (pid 7397)
    10096 kB: com.tianci.push (pid 4206)
     8508 kB: com.coocaa.os.softsettings.provider (pid 4646)
     6618 kB: com.tianci.ad:adUpgrade (pid 5663)
     6553 kB: app_process (pid 4264)
     5089 kB: android.process.media (pid 5493)
     4100 kB: com.dunn.instrument (pid 4061)
     3950 kB: com.skyworth.android.skyRMService (pid 4070)
     2740 kB: zygote (pid 3497)
     1355 kB: TvServer (pid 1146)
     1306 kB: surfaceflinger (pid 743)
     1086 kB: mediaserver (pid 3499)
      838 kB: logcat (pid 6982)
      696 kB: wpa_supplicant (pid 3963)
      301 kB: netd (pid 3498)
      290 kB: VirtualEvent (pid 1249)
      246 kB: /init (pid 1)
      245 kB: keystore (pid 748)
      212 kB: adbd (pid 1403)
      205 kB: drmserver (pid 745)
      191 kB: sh (pid 4133)
      180 kB: debuggerd (pid 742)
      175 kB: sh (pid 733)
      162 kB: dhcpcd (pid 3985)
      141 kB: sdcard (pid 754)
      132 kB: vold (pid 735)
      128 kB: healthd (pid 732)
       89 kB: coocaa_guard (pid 752)
       76 kB: installd (pid 747)
       72 kB: ueventd (pid 512)
       68 kB: busybox (pid 1581)
       60 kB: servicemanager (pid 734)
       52 kB: FileDesc_server (pid 749)
       48 kB: RootApp (pid 1114)
       45 kB: logwrapper (pid 1110)
       36 kB: keypad (pid 739)
       18 kB: hardwared (pid 736)
        6 kB: smobsd (pid 1252)
        0 kB: dumpsys (pid 8663)

Total PSS by OOM adjustment:
    17752 kB: Native
                6553 kB: app_process (pid 4264)
                2740 kB: zygote (pid 3497)
                1355 kB: TvServer (pid 1146)
                1306 kB: surfaceflinger (pid 743)
                1086 kB: mediaserver (pid 3499)
                 838 kB: logcat (pid 6982)
                 696 kB: wpa_supplicant (pid 3963)
                 301 kB: netd (pid 3498)
                 290 kB: VirtualEvent (pid 1249)
                 246 kB: /init (pid 1)
                 245 kB: keystore (pid 748)
                 212 kB: adbd (pid 1403)
                 205 kB: drmserver (pid 745)
                 191 kB: sh (pid 4133)
                 180 kB: debuggerd (pid 742)
                 175 kB: sh (pid 733)
                 162 kB: dhcpcd (pid 3985)
                 141 kB: sdcard (pid 754)
                 132 kB: vold (pid 735)
                 128 kB: healthd (pid 732)
                  89 kB: coocaa_guard (pid 752)
                  76 kB: installd (pid 747)
                  72 kB: ueventd (pid 512)
                  68 kB: busybox (pid 1581)
                  60 kB: servicemanager (pid 734)
                  52 kB: FileDesc_server (pid 749)
                  48 kB: RootApp (pid 1114)
                  45 kB: logwrapper (pid 1110)
                  36 kB: keypad (pid 739)
                  18 kB: hardwared (pid 736)
                   6 kB: smobsd (pid 1252)
                   0 kB: dumpsys (pid 8663)
    21297 kB: System
               21297 kB: system (pid 3891)
     8050 kB: Persistent
                4100 kB: com.dunn.instrument (pid 4061)
                3950 kB: com.skyworth.android.skyRMService (pid 4070)
   184285 kB: Foreground
              115453 kB: com.ccos.tv.homepage (pid 5079 / activities)
               21038 kB: com.coocaa.os.ccosservice (pid 4445)
               16381 kB: com.tianci.de (pid 5202)
               16228 kB: com.tianci.system (pid 4079)
               10096 kB: com.tianci.push (pid 4206)
                5089 kB: android.process.media (pid 5493)
    31773 kB: Perceptible
               23265 kB: com.tianci.movieplatform (pid 4526)
                8508 kB: com.coocaa.os.softsettings.provider (pid 4646)
    22382 kB: A Services
               11485 kB: com.tianci.ad (pid 5516)
               10897 kB: com.coocaa.sysreport (pid 7397)
     6618 kB: B Services
                6618 kB: com.tianci.ad:adUpgrade (pid 5663)
    13475 kB: Cached
               13475 kB: com.tianci.user (pid 7353)

Total PSS by category:
    68287 kB: Dalvik
    62530 kB: Dalvik Other
    51313 kB: .dex mmap
    39770 kB: Unknown
    27277 kB: Other dev
    21433 kB: .so mmap
    19016 kB: Ashmem
     5872 kB: .apk mmap
     4000 kB: Stack
     2969 kB: Other mmap
     1960 kB: Native
     1169 kB: .ttf mmap
       32 kB: .jar mmap
        4 kB: Cursor
        0 kB: code mmap
        0 kB: image mmap
        0 kB: Graphics
        0 kB: GL
        0 kB: Memtrack

Total RAM: 463128 kB
 Free RAM: 134311 kB (13475 cached pss + 103196 cached + 17640 free)
 Used RAM: 315797 kB (292157 used pss + 1608 buffers + 136 shmem + 21896 slab)
 Lost RAM: 13020 kB
     ZRAM: 3512 kB physical used for 10020 kB in swap (98300 kB total swap)
   Tuning: 48 (large 128), oom 108462 kB, restore limit 36154 kB (low-ram)
Applications Memory Usage (kB):
Uptime: 804116 Realtime: 804116

Total PSS by process:
   115070 kB: com.ccos.tv.homepage (pid 5079 / activities)
    23265 kB: com.tianci.movieplatform (pid 4526)
    21137 kB: system (pid 3891)
    21038 kB: com.coocaa.os.ccosservice (pid 4445)
    16341 kB: com.tianci.de (pid 5202)
    16220 kB: com.tianci.system (pid 4079)
    13475 kB: com.tianci.user (pid 7353)
    11469 kB: com.tianci.ad (pid 5516)
    10897 kB: com.coocaa.sysreport (pid 7397)
    10092 kB: com.tianci.push (pid 4206)
     8500 kB: com.coocaa.os.softsettings.provider (pid 4646)
     6618 kB: com.tianci.ad:adUpgrade (pid 5663)
     6552 kB: app_process (pid 4264)
     5089 kB: android.process.media (pid 5493)
     4100 kB: com.dunn.instrument (pid 4061)
     3950 kB: com.skyworth.android.skyRMService (pid 4070)
     2740 kB: zygote (pid 3497)
     1355 kB: TvServer (pid 1146)
     1306 kB: surfaceflinger (pid 743)
     1086 kB: mediaserver (pid 3499)
      838 kB: logcat (pid 6982)
      696 kB: wpa_supplicant (pid 3963)
      301 kB: netd (pid 3498)
      290 kB: VirtualEvent (pid 1249)
      246 kB: /init (pid 1)
      245 kB: keystore (pid 748)
      208 kB: adbd (pid 1403)
      205 kB: drmserver (pid 745)
      191 kB: sh (pid 4133)
      180 kB: debuggerd (pid 742)
      177 kB: dumpsys (pid 8756)
      175 kB: sh (pid 733)
      162 kB: dhcpcd (pid 3985)
      141 kB: sdcard (pid 754)
      132 kB: vold (pid 735)
      128 kB: healthd (pid 732)
       89 kB: coocaa_guard (pid 752)
       76 kB: installd (pid 747)
       72 kB: ueventd (pid 512)
       68 kB: busybox (pid 1581)
       60 kB: servicemanager (pid 734)
       52 kB: FileDesc_server (pid 749)
       48 kB: RootApp (pid 1114)
       45 kB: logwrapper (pid 1110)
       36 kB: keypad (pid 739)
       18 kB: hardwared (pid 736)
        6 kB: smobsd (pid 1252)

Total PSS by OOM adjustment:
    17924 kB: Native
                6552 kB: app_process (pid 4264)
                2740 kB: zygote (pid 3497)
                1355 kB: TvServer (pid 1146)
                1306 kB: surfaceflinger (pid 743)
                1086 kB: mediaserver (pid 3499)
                 838 kB: logcat (pid 6982)
                 696 kB: wpa_supplicant (pid 3963)
                 301 kB: netd (pid 3498)
                 290 kB: VirtualEvent (pid 1249)
                 246 kB: /init (pid 1)
                 245 kB: keystore (pid 748)
                 208 kB: adbd (pid 1403)
                 205 kB: drmserver (pid 745)
                 191 kB: sh (pid 4133)
                 180 kB: debuggerd (pid 742)
                 177 kB: dumpsys (pid 8756)
                 175 kB: sh (pid 733)
                 162 kB: dhcpcd (pid 3985)
                 141 kB: sdcard (pid 754)
                 132 kB: vold (pid 735)
                 128 kB: healthd (pid 732)
                  89 kB: coocaa_guard (pid 752)
                  76 kB: installd (pid 747)
                  72 kB: ueventd (pid 512)
                  68 kB: busybox (pid 1581)
                  60 kB: servicemanager (pid 734)
                  52 kB: FileDesc_server (pid 749)
                  48 kB: RootApp (pid 1114)
                  45 kB: logwrapper (pid 1110)
                  36 kB: keypad (pid 739)
                  18 kB: hardwared (pid 736)
                   6 kB: smobsd (pid 1252)
    21137 kB: System
               21137 kB: system (pid 3891)
     8050 kB: Persistent
                4100 kB: com.dunn.instrument (pid 4061)
                3950 kB: com.skyworth.android.skyRMService (pid 4070)
   183850 kB: Foreground
              115070 kB: com.ccos.tv.homepage (pid 5079 / activities)
               21038 kB: com.coocaa.os.ccosservice (pid 4445)
               16341 kB: com.tianci.de (pid 5202)
               16220 kB: com.tianci.system (pid 4079)
               10092 kB: com.tianci.push (pid 4206)
                5089 kB: android.process.media (pid 5493)
    31765 kB: Perceptible
               23265 kB: com.tianci.movieplatform (pid 4526)
                8500 kB: com.coocaa.os.softsettings.provider (pid 4646)
    22366 kB: A Services
               11469 kB: com.tianci.ad (pid 5516)
               10897 kB: com.coocaa.sysreport (pid 7397)
     6618 kB: B Services
                6618 kB: com.tianci.ad:adUpgrade (pid 5663)
    13475 kB: Cached
               13475 kB: com.tianci.user (pid 7353)

Total PSS by category:
    68119 kB: Dalvik
    62558 kB: Dalvik Other
    51525 kB: .dex mmap
    39838 kB: Unknown
    25361 kB: Other dev
    21501 kB: .so mmap
    20112 kB: Ashmem
     5872 kB: .apk mmap
     4000 kB: Stack
     2990 kB: Other mmap
     1964 kB: Native
     1309 kB: .ttf mmap
       32 kB: .jar mmap
        4 kB: Cursor
        0 kB: code mmap
        0 kB: image mmap
        0 kB: Graphics
        0 kB: GL
        0 kB: Memtrack

Total RAM: 463128 kB
 Free RAM: 141591 kB (13475 cached pss + 106272 cached + 21844 free)
 Used RAM: 315474 kB (291710 used pss + 1664 buffers + 136 shmem + 21964 slab)
 Lost RAM: 6063 kB
     ZRAM: 3512 kB physical used for 10020 kB in swap (98300 kB total swap)
   Tuning: 48 (large 128), oom 108462 kB, restore limit 36154 kB (low-ram)
Applications Memory Usage (kB):
Uptime: 807195 Realtime: 807195

Total PSS by process:
   108917 kB: com.ccos.tv.homepage (pid 5079 / activities)
    23265 kB: com.tianci.movieplatform (pid 4526)
    21249 kB: system (pid 3891)
    21026 kB: com.coocaa.os.ccosservice (pid 4445)
    16349 kB: com.tianci.de (pid 5202)
    16228 kB: com.tianci.system (pid 4079)
    13475 kB: com.tianci.user (pid 7353)
    11469 kB: com.tianci.ad (pid 5516)
    10898 kB: com.coocaa.sysreport (pid 7397)
    10092 kB: com.tianci.push (pid 4206)
     8499 kB: com.coocaa.os.softsettings.provider (pid 4646)
     6618 kB: com.tianci.ad:adUpgrade (pid 5663)
     6552 kB: app_process (pid 4264)
     5089 kB: android.process.media (pid 5493)
     4101 kB: com.dunn.instrument (pid 4061)
     3950 kB: com.skyworth.android.skyRMService (pid 4070)
     2741 kB: zygote (pid 3497)
     1355 kB: TvServer (pid 1146)
     1310 kB: surfaceflinger (pid 743)
     1086 kB: mediaserver (pid 3499)
     1014 kB: logcat (pid 6982)
      700 kB: wpa_supplicant (pid 3963)
      301 kB: netd (pid 3498)
      290 kB: VirtualEvent (pid 1249)
      246 kB: /init (pid 1)
      245 kB: keystore (pid 748)
      208 kB: adbd (pid 1403)
      205 kB: drmserver (pid 745)
      191 kB: sh (pid 4133)
      180 kB: debuggerd (pid 742)
      175 kB: sh (pid 733)
      162 kB: dhcpcd (pid 3985)
      141 kB: sdcard (pid 754)
      132 kB: vold (pid 735)
      128 kB: healthd (pid 732)
       89 kB: coocaa_guard (pid 752)
       76 kB: installd (pid 747)
       72 kB: ueventd (pid 512)
       68 kB: busybox (pid 1581)
       60 kB: servicemanager (pid 734)
       52 kB: FileDesc_server (pid 749)
       48 kB: RootApp (pid 1114)
       45 kB: logwrapper (pid 1110)
       36 kB: keypad (pid 739)
       18 kB: hardwared (pid 736)
        6 kB: smobsd (pid 1252)
        0 kB: dumpsys (pid 8756)

Total PSS by OOM adjustment:
    17932 kB: Native
                6552 kB: app_process (pid 4264)
                2741 kB: zygote (pid 3497)
                1355 kB: TvServer (pid 1146)
                1310 kB: surfaceflinger (pid 743)
                1086 kB: mediaserver (pid 3499)
                1014 kB: logcat (pid 6982)
                 700 kB: wpa_supplicant (pid 3963)
                 301 kB: netd (pid 3498)
                 290 kB: VirtualEvent (pid 1249)
                 246 kB: /init (pid 1)
                 245 kB: keystore (pid 748)
                 208 kB: adbd (pid 1403)
                 205 kB: drmserver (pid 745)
                 191 kB: sh (pid 4133)
                 180 kB: debuggerd (pid 742)
                 175 kB: sh (pid 733)
                 162 kB: dhcpcd (pid 3985)
                 141 kB: sdcard (pid 754)
                 132 kB: vold (pid 735)
                 128 kB: healthd (pid 732)
                  89 kB: coocaa_guard (pid 752)
                  76 kB: installd (pid 747)
                  72 kB: ueventd (pid 512)
                  68 kB: busybox (pid 1581)
                  60 kB: servicemanager (pid 734)
                  52 kB: FileDesc_server (pid 749)
                  48 kB: RootApp (pid 1114)
                  45 kB: logwrapper (pid 1110)
                  36 kB: keypad (pid 739)
                  18 kB: hardwared (pid 736)
                   6 kB: smobsd (pid 1252)
                   0 kB: dumpsys (pid 8756)
    21249 kB: System
               21249 kB: system (pid 3891)
     8051 kB: Persistent
                4101 kB: com.dunn.instrument (pid 4061)
                3950 kB: com.skyworth.android.skyRMService (pid 4070)
   177701 kB: Foreground
              108917 kB: com.ccos.tv.homepage (pid 5079 / activities)
               21026 kB: com.coocaa.os.ccosservice (pid 4445)
               16349 kB: com.tianci.de (pid 5202)
               16228 kB: com.tianci.system (pid 4079)
               10092 kB: com.tianci.push (pid 4206)
                5089 kB: android.process.media (pid 5493)
    31764 kB: Perceptible
               23265 kB: com.tianci.movieplatform (pid 4526)
                8499 kB: com.coocaa.os.softsettings.provider (pid 4646)
    22367 kB: A Services
               11469 kB: com.tianci.ad (pid 5516)
               10898 kB: com.coocaa.sysreport (pid 7397)
     6618 kB: B Services
                6618 kB: com.tianci.ad:adUpgrade (pid 5663)
    13475 kB: Cached
               13475 kB: com.tianci.user (pid 7353)

Total PSS by category:
    69039 kB: Dalvik
    62600 kB: Dalvik Other
    51577 kB: .dex mmap
    39798 kB: Unknown
    21564 kB: .so mmap
    20380 kB: Ashmem
    17881 kB: Other dev
     5872 kB: .apk mmap
     3992 kB: Stack
     2973 kB: Other mmap
     2136 kB: Native
     1309 kB: .ttf mmap
       32 kB: .jar mmap
        4 kB: Cursor
        0 kB: code mmap
        0 kB: image mmap
        0 kB: Graphics
        0 kB: GL
        0 kB: Memtrack

Total RAM: 463128 kB
 Free RAM: 141251 kB (13475 cached pss + 106936 cached + 20840 free)
 Used RAM: 309502 kB (285682 used pss + 1680 buffers + 136 shmem + 22004 slab)
 Lost RAM: 12375 kB
     ZRAM: 3512 kB physical used for 10020 kB in swap (98300 kB total swap)
   Tuning: 48 (large 128), oom 108462 kB, restore limit 36154 kB (low-ram)
Applications Memory Usage (kB):
Uptime: 810090 Realtime: 810090

Total PSS by process:
   106292 kB: com.ccos.tv.homepage (pid 5079 / activities)
    23265 kB: com.tianci.movieplatform (pid 4526)
    21281 kB: system (pid 3891)
    21006 kB: com.coocaa.os.ccosservice (pid 4445)
    16340 kB: com.tianci.de (pid 5202)
    16228 kB: com.tianci.system (pid 4079)
    13467 kB: com.tianci.user (pid 7353)
    11469 kB: com.tianci.ad (pid 5516)
    10898 kB: com.coocaa.sysreport (pid 7397)
    10092 kB: com.tianci.push (pid 4206)
     8500 kB: com.coocaa.os.softsettings.provider (pid 4646)
     6618 kB: com.tianci.ad:adUpgrade (pid 5663)
     6552 kB: app_process (pid 4264)
     5089 kB: android.process.media (pid 5493)
     4101 kB: com.dunn.instrument (pid 4061)
     3958 kB: com.skyworth.android.skyRMService (pid 4070)
     2741 kB: zygote (pid 3497)
     1347 kB: TvServer (pid 1146)
     1306 kB: surfaceflinger (pid 743)
     1086 kB: mediaserver (pid 3499)
     1014 kB: logcat (pid 6982)
      700 kB: wpa_supplicant (pid 3963)
      301 kB: netd (pid 3498)
      290 kB: VirtualEvent (pid 1249)
      246 kB: /init (pid 1)
      245 kB: keystore (pid 748)
      208 kB: adbd (pid 1403)
      205 kB: drmserver (pid 745)
      191 kB: sh (pid 4133)
      180 kB: debuggerd (pid 742)
      177 kB: dumpsys (pid 8875)
      175 kB: sh (pid 733)
      162 kB: dhcpcd (pid 3985)
      141 kB: sdcard (pid 754)
      132 kB: vold (pid 735)
      128 kB: healthd (pid 732)
       89 kB: coocaa_guard (pid 752)
       76 kB: installd (pid 747)
       72 kB: ueventd (pid 512)
       68 kB: busybox (pid 1581)
       60 kB: servicemanager (pid 734)
       52 kB: FileDesc_server (pid 749)
       48 kB: RootApp (pid 1114)
       45 kB: logwrapper (pid 1110)
       36 kB: keypad (pid 739)
       18 kB: hardwared (pid 736)
        6 kB: smobsd (pid 1252)

Total PSS by OOM adjustment:
    18097 kB: Native
                6552 kB: app_process (pid 4264)
                2741 kB: zygote (pid 3497)
                1347 kB: TvServer (pid 1146)
                1306 kB: surfaceflinger (pid 743)
                1086 kB: mediaserver (pid 3499)
                1014 kB: logcat (pid 6982)
                 700 kB: wpa_supplicant (pid 3963)
                 301 kB: netd (pid 3498)
                 290 kB: VirtualEvent (pid 1249)
                 246 kB: /init (pid 1)
                 245 kB: keystore (pid 748)
                 208 kB: adbd (pid 1403)
                 205 kB: drmserver (pid 745)
                 191 kB: sh (pid 4133)
                 180 kB: debuggerd (pid 742)
                 177 kB: dumpsys (pid 8875)
                 175 kB: sh (pid 733)
                 162 kB: dhcpcd (pid 3985)
                 141 kB: sdcard (pid 754)
                 132 kB: vold (pid 735)
                 128 kB: healthd (pid 732)
                  89 kB: coocaa_guard (pid 752)
                  76 kB: installd (pid 747)
                  72 kB: ueventd (pid 512)
                  68 kB: busybox (pid 1581)
                  60 kB: servicemanager (pid 734)
                  52 kB: FileDesc_server (pid 749)
                  48 kB: RootApp (pid 1114)
                  45 kB: logwrapper (pid 1110)
                  36 kB: keypad (pid 739)
                  18 kB: hardwared (pid 736)
                   6 kB: smobsd (pid 1252)
    21281 kB: System
               21281 kB: system (pid 3891)
     8059 kB: Persistent
                4101 kB: com.dunn.instrument (pid 4061)
                3958 kB: com.skyworth.android.skyRMService (pid 4070)
   175047 kB: Foreground
              106292 kB: com.ccos.tv.homepage (pid 5079 / activities)
               21006 kB: com.coocaa.os.ccosservice (pid 4445)
               16340 kB: com.tianci.de (pid 5202)
               16228 kB: com.tianci.system (pid 4079)
               10092 kB: com.tianci.push (pid 4206)
                5089 kB: android.process.media (pid 5493)
    31765 kB: Perceptible
               23265 kB: com.tianci.movieplatform (pid 4526)
                8500 kB: com.coocaa.os.softsettings.provider (pid 4646)
    22367 kB: A Services
               11469 kB: com.tianci.ad (pid 5516)
               10898 kB: com.coocaa.sysreport (pid 7397)
     6618 kB: B Services
                6618 kB: com.tianci.ad:adUpgrade (pid 5663)
    13467 kB: Cached
               13467 kB: com.tianci.user (pid 7353)

Total PSS by category:
    69315 kB: Dalvik
    62603 kB: Dalvik Other
    51545 kB: .dex mmap
    38894 kB: Unknown
    21752 kB: .so mmap
    19136 kB: Ashmem
    17125 kB: Other dev
     5872 kB: .apk mmap
     3984 kB: Stack
     2986 kB: Other mmap
     2140 kB: Native
     1313 kB: .ttf mmap
       32 kB: .jar mmap
        4 kB: Cursor
        0 kB: code mmap
        0 kB: image mmap
        0 kB: Graphics
        0 kB: GL
        0 kB: Memtrack

Total RAM: 463128 kB
 Free RAM: 143255 kB (13467 cached pss + 107400 cached + 22388 free)
 Used RAM: 307058 kB (283234 used pss + 1680 buffers + 136 shmem + 22008 slab)
 Lost RAM: 12815 kB
     ZRAM: 3512 kB physical used for 10020 kB in swap (98300 kB total swap)
   Tuning: 48 (large 128), oom 108462 kB, restore limit 36154 kB (low-ram)
Applications Memory Usage (kB):
Uptime: 812875 Realtime: 812875

Total PSS by process:
   112164 kB: com.ccos.tv.homepage (pid 5079 / activities)
    23265 kB: com.tianci.movieplatform (pid 4526)
    21273 kB: system (pid 3891)
    21022 kB: com.coocaa.os.ccosservice (pid 4445)
    16338 kB: com.tianci.de (pid 5202)
    16220 kB: com.tianci.system (pid 4079)
    13467 kB: com.tianci.user (pid 7353)
    11453 kB: com.tianci.ad (pid 5516)
    10898 kB: com.coocaa.sysreport (pid 7397)
    10092 kB: com.tianci.push (pid 4206)
     8500 kB: com.coocaa.os.softsettings.provider (pid 4646)
     6618 kB: com.tianci.ad:adUpgrade (pid 5663)
     6552 kB: app_process (pid 4264)
     5089 kB: android.process.media (pid 5493)
     4101 kB: com.dunn.instrument (pid 4061)
     3958 kB: com.skyworth.android.skyRMService (pid 4070)
     2741 kB: zygote (pid 3497)
     1347 kB: TvServer (pid 1146)
     1306 kB: surfaceflinger (pid 743)
     1086 kB: mediaserver (pid 3499)
     1014 kB: logcat (pid 6982)
      700 kB: wpa_supplicant (pid 3963)
      301 kB: netd (pid 3498)
      290 kB: VirtualEvent (pid 1249)
      246 kB: /init (pid 1)
      245 kB: keystore (pid 748)
      208 kB: adbd (pid 1403)
      205 kB: drmserver (pid 745)
      191 kB: sh (pid 4133)
      180 kB: debuggerd (pid 742)
      175 kB: sh (pid 733)
      162 kB: dhcpcd (pid 3985)
      141 kB: sdcard (pid 754)
      132 kB: vold (pid 735)
      128 kB: healthd (pid 732)
       89 kB: coocaa_guard (pid 752)
       76 kB: installd (pid 747)
       72 kB: ueventd (pid 512)
       68 kB: busybox (pid 1581)
       60 kB: servicemanager (pid 734)
       52 kB: FileDesc_server (pid 749)
       48 kB: RootApp (pid 1114)
       45 kB: logwrapper (pid 1110)
       36 kB: keypad (pid 739)
       18 kB: hardwared (pid 736)
        6 kB: smobsd (pid 1252)
        0 kB: dumpsys (pid 8875)

Total PSS by OOM adjustment:
    17920 kB: Native
                6552 kB: app_process (pid 4264)
                2741 kB: zygote (pid 3497)
                1347 kB: TvServer (pid 1146)
                1306 kB: surfaceflinger (pid 743)
                1086 kB: mediaserver (pid 3499)
                1014 kB: logcat (pid 6982)
                 700 kB: wpa_supplicant (pid 3963)
                 301 kB: netd (pid 3498)
                 290 kB: VirtualEvent (pid 1249)
                 246 kB: /init (pid 1)
                 245 kB: keystore (pid 748)
                 208 kB: adbd (pid 1403)
                 205 kB: drmserver (pid 745)
                 191 kB: sh (pid 4133)
                 180 kB: debuggerd (pid 742)
                 175 kB: sh (pid 733)
                 162 kB: dhcpcd (pid 3985)
                 141 kB: sdcard (pid 754)
                 132 kB: vold (pid 735)
                 128 kB: healthd (pid 732)
                  89 kB: coocaa_guard (pid 752)
                  76 kB: installd (pid 747)
                  72 kB: ueventd (pid 512)
                  68 kB: busybox (pid 1581)
                  60 kB: servicemanager (pid 734)
                  52 kB: FileDesc_server (pid 749)
                  48 kB: RootApp (pid 1114)
                  45 kB: logwrapper (pid 1110)
                  36 kB: keypad (pid 739)
                  18 kB: hardwared (pid 736)
                   6 kB: smobsd (pid 1252)
                   0 kB: dumpsys (pid 8875)
    21273 kB: System
               21273 kB: system (pid 3891)
     8059 kB: Persistent
                4101 kB: com.dunn.instrument (pid 4061)
                3958 kB: com.skyworth.android.skyRMService (pid 4070)
   180925 kB: Foreground
              112164 kB: com.ccos.tv.homepage (pid 5079 / activities)
               21022 kB: com.coocaa.os.ccosservice (pid 4445)
               16338 kB: com.tianci.de (pid 5202)
               16220 kB: com.tianci.system (pid 4079)
               10092 kB: com.tianci.push (pid 4206)
                5089 kB: android.process.media (pid 5493)
    31765 kB: Perceptible
               23265 kB: com.tianci.movieplatform (pid 4526)
                8500 kB: com.coocaa.os.softsettings.provider (pid 4646)
    22351 kB: A Services
               11453 kB: com.tianci.ad (pid 5516)
               10898 kB: com.coocaa.sysreport (pid 7397)
     6618 kB: B Services
                6618 kB: com.tianci.ad:adUpgrade (pid 5663)
    13467 kB: Cached
               13467 kB: com.tianci.user (pid 7353)

Total PSS by category:
    69391 kB: Dalvik
    62604 kB: Dalvik Other
    51561 kB: .dex mmap
    38830 kB: Unknown
    21845 kB: Other dev
    21625 kB: .so mmap
    20216 kB: Ashmem
     5872 kB: .apk mmap
     3976 kB: Stack
     2965 kB: Other mmap
     2136 kB: Native
     1321 kB: .ttf mmap
       32 kB: .jar mmap
        4 kB: Cursor
        0 kB: code mmap
        0 kB: image mmap
        0 kB: Graphics
        0 kB: GL
        0 kB: Memtrack

Total RAM: 463128 kB
 Free RAM: 142791 kB (13467 cached pss + 107508 cached + 21816 free)
 Used RAM: 312819 kB (288911 used pss + 1728 buffers + 136 shmem + 22044 slab)
 Lost RAM: 7518 kB
     ZRAM: 3512 kB physical used for 10020 kB in swap (98300 kB total swap)
   Tuning: 48 (large 128), oom 108462 kB, restore limit 36154 kB (low-ram)
Applications Memory Usage (kB):
Uptime: 815422 Realtime: 815422

Total PSS by process:
   109751 kB: com.ccos.tv.homepage (pid 5079 / activities)
    23265 kB: com.tianci.movieplatform (pid 4526)
    21096 kB: system (pid 3891)
    20862 kB: com.coocaa.os.ccosservice (pid 4445)
    16458 kB: com.tianci.de (pid 5202)
    16220 kB: com.tianci.system (pid 4079)
    13467 kB: com.tianci.user (pid 7353)
    11445 kB: com.tianci.ad (pid 5516)
    10898 kB: com.coocaa.sysreport (pid 7397)
    10092 kB: com.tianci.push (pid 4206)
     8500 kB: com.coocaa.os.softsettings.provider (pid 4646)
     6618 kB: com.tianci.ad:adUpgrade (pid 5663)
     6552 kB: app_process (pid 4264)
     5089 kB: android.process.media (pid 5493)
     4101 kB: com.dunn.instrument (pid 4061)
     3958 kB: com.skyworth.android.skyRMService (pid 4070)
     2741 kB: zygote (pid 3497)
     1347 kB: TvServer (pid 1146)
     1305 kB: surfaceflinger (pid 743)
     1086 kB: mediaserver (pid 3499)
     1014 kB: logcat (pid 6982)
      700 kB: wpa_supplicant (pid 3963)
      301 kB: netd (pid 3498)
      290 kB: VirtualEvent (pid 1249)
      246 kB: /init (pid 1)
      245 kB: keystore (pid 748)
      208 kB: adbd (pid 1403)
      205 kB: drmserver (pid 745)
      191 kB: sh (pid 4133)
      180 kB: debuggerd (pid 742)
      177 kB: dumpsys (pid 8996)
      175 kB: sh (pid 733)
      162 kB: dhcpcd (pid 3985)
      141 kB: sdcard (pid 754)
      132 kB: vold (pid 735)
      128 kB: healthd (pid 732)
       89 kB: coocaa_guard (pid 752)
       76 kB: installd (pid 747)
       72 kB: ueventd (pid 512)
       68 kB: busybox (pid 1581)
       60 kB: servicemanager (pid 734)
       52 kB: FileDesc_server (pid 749)
       48 kB: RootApp (pid 1114)
       45 kB: logwrapper (pid 1110)
       36 kB: keypad (pid 739)
       18 kB: hardwared (pid 736)
        6 kB: smobsd (pid 1252)

Total PSS by OOM adjustment:
    18096 kB: Native
                6552 kB: app_process (pid 4264)
                2741 kB: zygote (pid 3497)
                1347 kB: TvServer (pid 1146)
                1305 kB: surfaceflinger (pid 743)
                1086 kB: mediaserver (pid 3499)
                1014 kB: logcat (pid 6982)
