Applications Memory Usage (kB):
Uptime: 1609999 Realtime: 1609999

Total PSS by process:
    88346 kB: com.tianci.movieplatform (pid 12501 / activities)
    35633 kB: com.tianci.movieplatform:daemon (pid 16566)
    16539 kB: system (pid 1351)
    13260 kB: com.coocaa.sysreport (pid 22654)
    12561 kB: com.tianci.user (pid 22783)
    11568 kB: com.tianci.system (pid 1618)
    10684 kB: com.coocaa.os.ccosservice (pid 1834)
    10271 kB: com.tianci.de (pid 1959)
    10220 kB: mediaserver (pid 746)
     7084 kB: com.tianci.push (pid 1869)
     4858 kB: com.coocaa.os.softsettings.provider (pid 2032)
     4198 kB: com.dunn.instrument (pid 8000)
     3012 kB: com.skyworth.android.skyRMService (pid 1609)
     1217 kB: zygote (pid 744)
      929 kB: surfaceflinger (pid 743)
      718 kB: TvServer (pid 890)
      372 kB: wpa_supplicant (pid 1519)
      362 kB: sdcard (pid 753)
      344 kB: app_process (pid 8117)
      339 kB: android.process.media (pid 2242)
      332 kB: logcat (pid 2086)
      314 kB: dumpsys (pid 23043)
      246 kB: netd (pid 741)
      230 kB: /init (pid 1)
      200 kB: adbd (pid 1409)
      111 kB: vold (pid 736)
      108 kB: healthd (pid 733)
       81 kB: FileDesc_server (pid 749)
       75 kB: coocaa_guard (pid 752)
       72 kB: ueventd (pid 512)
       49 kB: servicemanager (pid 735)
       48 kB: RootApp (pid 878)
       41 kB: logwrapper (pid 855)
       40 kB: busybox (pid 1690)
       24 kB: keypad (pid 740)
       24 kB: VirtualEvent (pid 1250)
       10 kB: debuggerd (pid 742)
        8 kB: drmserver (pid 745)
        8 kB: keystore (pid 748)
        6 kB: sh (pid 734)
        4 kB: hardwared (pid 738)
        4 kB: installd (pid 747)
        4 kB: smobsd (pid 1264)
        4 kB: dhcpcd (pid 1744)
        4 kB: sh (pid 8065)

Total PSS by OOM adjustment:
    16209 kB: Native
               10220 kB: mediaserver (pid 746)
                1217 kB: zygote (pid 744)
                 929 kB: surfaceflinger (pid 743)
                 718 kB: TvServer (pid 890)
                 372 kB: wpa_supplicant (pid 1519)
                 362 kB: sdcard (pid 753)
                 344 kB: app_process (pid 8117)
                 332 kB: logcat (pid 2086)
                 314 kB: dumpsys (pid 23043)
                 246 kB: netd (pid 741)
                 230 kB: /init (pid 1)
                 200 kB: adbd (pid 1409)
                 111 kB: vold (pid 736)
                 108 kB: healthd (pid 733)
                  81 kB: FileDesc_server (pid 749)
                  75 kB: coocaa_guard (pid 752)
                  72 kB: ueventd (pid 512)
                  49 kB: servicemanager (pid 735)
                  48 kB: RootApp (pid 878)
                  41 kB: logwrapper (pid 855)
                  40 kB: busybox (pid 1690)
                  24 kB: keypad (pid 740)
                  24 kB: VirtualEvent (pid 1250)
                  10 kB: debuggerd (pid 742)
                   8 kB: drmserver (pid 745)
                   8 kB: keystore (pid 748)
                   6 kB: sh (pid 734)
                   4 kB: hardwared (pid 738)
                   4 kB: installd (pid 747)
                   4 kB: smobsd (pid 1264)
                   4 kB: dhcpcd (pid 1744)
                   4 kB: sh (pid 8065)
    16539 kB: System
               16539 kB: system (pid 1351)
     7210 kB: Persistent
                4198 kB: com.dunn.instrument (pid 8000)
                3012 kB: com.skyworth.android.skyRMService (pid 1609)
   146410 kB: Foreground
               88346 kB: com.tianci.movieplatform (pid 12501 / activities)
               13260 kB: com.coocaa.sysreport (pid 22654)
               11568 kB: com.tianci.system (pid 1618)
               10684 kB: com.coocaa.os.ccosservice (pid 1834)
               10271 kB: com.tianci.de (pid 1959)
                7084 kB: com.tianci.push (pid 1869)
                4858 kB: com.coocaa.os.softsettings.provider (pid 2032)
                 339 kB: android.process.media (pid 2242)
    35633 kB: A Services
               35633 kB: com.tianci.movieplatform:daemon (pid 16566)
    12561 kB: Cached
               12561 kB: com.tianci.user (pid 22783)

Total PSS by category:
    56928 kB: Dalvik
    45941 kB: Unknown
    43420 kB: Dalvik Other
    28324 kB: .so mmap
    24011 kB: .dex mmap
    18513 kB: Other dev
     9768 kB: Native
     3460 kB: Stack
     3180 kB: Other mmap
      681 kB: .apk mmap
      204 kB: .ttf mmap
      128 kB: Ashmem
        4 kB: .jar mmap
        0 kB: Cursor
        0 kB: code mmap
        0 kB: image mmap
        0 kB: Graphics
        0 kB: GL
        0 kB: Memtrack

Total RAM: 463128 kB
 Free RAM: 120289 kB (12561 cached pss + 73588 cached + 34140 free)
 Used RAM: 247853 kB (222001 used pss + 2204 buffers + 176 shmem + 23472 slab)
 Lost RAM: 94986 kB
     ZRAM: 47544 kB physical used for 91424 kB in swap (98300 kB total swap)
   Tuning: 48 (large 128), oom 108462 kB, restore limit 36154 kB (low-ram)
Applications Memory Usage (kB):
Uptime: 1614131 Realtime: 1614131

Total PSS by process:
    90988 kB: com.tianci.movieplatform (pid 12501 / activities)
    32223 kB: com.tianci.movieplatform:daemon (pid 16566)
    17040 kB: system (pid 1351)
    12214 kB: com.coocaa.sysreport (pid 22654)
    11639 kB: com.tianci.system (pid 1618)
    11547 kB: com.tianci.user (pid 22783)
    10842 kB: com.coocaa.os.ccosservice (pid 1834)
    10216 kB: mediaserver (pid 746)
    10215 kB: com.tianci.de (pid 1959)
     7058 kB: com.tianci.push (pid 1869)
     4848 kB: com.coocaa.os.softsettings.provider (pid 2032)
     4205 kB: com.dunn.instrument (pid 8000)
     3011 kB: com.skyworth.android.skyRMService (pid 1609)
     1216 kB: zygote (pid 744)
      933 kB: surfaceflinger (pid 743)
      718 kB: TvServer (pid 890)
      459 kB: logcat (pid 2086)
      380 kB: wpa_supplicant (pid 1519)
      362 kB: sdcard (pid 753)
      344 kB: app_process (pid 8117)
      307 kB: android.process.media (pid 2242)
      249 kB: netd (pid 741)
      230 kB: /init (pid 1)
      196 kB: adbd (pid 1409)
      111 kB: vold (pid 736)
      108 kB: healthd (pid 733)
       81 kB: FileDesc_server (pid 749)
       75 kB: coocaa_guard (pid 752)
       72 kB: ueventd (pid 512)
       49 kB: servicemanager (pid 735)
       48 kB: RootApp (pid 878)
       41 kB: logwrapper (pid 855)
       40 kB: busybox (pid 1690)
       24 kB: keypad (pid 740)
       24 kB: VirtualEvent (pid 1250)
       10 kB: debuggerd (pid 742)
        8 kB: drmserver (pid 745)
        8 kB: keystore (pid 748)
        6 kB: sh (pid 734)
        4 kB: hardwared (pid 738)
        4 kB: installd (pid 747)
        4 kB: smobsd (pid 1264)
        4 kB: dhcpcd (pid 1744)
        4 kB: sh (pid 8065)
        0 kB: dumpsys (pid 23043)

Total PSS by OOM adjustment:
    16028 kB: Native
               10216 kB: mediaserver (pid 746)
                1216 kB: zygote (pid 744)
                 933 kB: surfaceflinger (pid 743)
                 718 kB: TvServer (pid 890)
                 459 kB: logcat (pid 2086)
                 380 kB: wpa_supplicant (pid 1519)
                 362 kB: sdcard (pid 753)
                 344 kB: app_process (pid 8117)
                 249 kB: netd (pid 741)
                 230 kB: /init (pid 1)
                 196 kB: adbd (pid 1409)
                 111 kB: vold (pid 736)
                 108 kB: healthd (pid 733)
                  81 kB: FileDesc_server (pid 749)
                  75 kB: coocaa_guard (pid 752)
                  72 kB: ueventd (pid 512)
                  49 kB: servicemanager (pid 735)
                  48 kB: RootApp (pid 878)
                  41 kB: logwrapper (pid 855)
                  40 kB: busybox (pid 1690)
                  24 kB: keypad (pid 740)
                  24 kB: VirtualEvent (pid 1250)
                  10 kB: debuggerd (pid 742)
                   8 kB: drmserver (pid 745)
                   8 kB: keystore (pid 748)
                   6 kB: sh (pid 734)
                   4 kB: hardwared (pid 738)
                   4 kB: installd (pid 747)
                   4 kB: smobsd (pid 1264)
                   4 kB: dhcpcd (pid 1744)
                   4 kB: sh (pid 8065)
                   0 kB: dumpsys (pid 23043)
    17040 kB: System
               17040 kB: system (pid 1351)
     7216 kB: Persistent
                4205 kB: com.dunn.instrument (pid 8000)
                3011 kB: com.skyworth.android.skyRMService (pid 1609)
   148111 kB: Foreground
               90988 kB: com.tianci.movieplatform (pid 12501 / activities)
               12214 kB: com.coocaa.sysreport (pid 22654)
               11639 kB: com.tianci.system (pid 1618)
               10842 kB: com.coocaa.os.ccosservice (pid 1834)
               10215 kB: com.tianci.de (pid 1959)
                7058 kB: com.tianci.push (pid 1869)
                4848 kB: com.coocaa.os.softsettings.provider (pid 2032)
                 307 kB: android.process.media (pid 2242)
    32223 kB: A Services
               32223 kB: com.tianci.movieplatform:daemon (pid 16566)
    11547 kB: Cached
               11547 kB: com.tianci.user (pid 22783)

Total PSS by category:
    57456 kB: Dalvik
    45874 kB: Unknown
    43629 kB: Dalvik Other
    26845 kB: .so mmap
    22096 kB: .dex mmap
    18601 kB: Other dev
     9896 kB: Native
     3508 kB: Stack
     2147 kB: Other mmap
      997 kB: .apk mmap
      984 kB: .ttf mmap
      128 kB: Ashmem
        4 kB: Cursor
        0 kB: .jar mmap
        0 kB: code mmap
        0 kB: image mmap
        0 kB: Graphics
        0 kB: GL
        0 kB: Memtrack

Total RAM: 463128 kB
 Free RAM: 128719 kB (11547 cached pss + 72276 cached + 44896 free)
 Used RAM: 245322 kB (220618 used pss + 972 buffers + 180 shmem + 23552 slab)
 Lost RAM: 89087 kB
     ZRAM: 47488 kB physical used for 91068 kB in swap (98300 kB total swap)
   Tuning: 48 (large 128), oom 108462 kB, restore limit 36154 kB (low-ram)
Applications Memory Usage (kB):
Uptime: 1617286 Realtime: 1617286

Total PSS by process:
    89245 kB: com.tianci.movieplatform (pid 12501 / activities)
    31149 kB: com.tianci.movieplatform:daemon (pid 16566)
    16850 kB: system (pid 1351)
    11628 kB: com.tianci.system (pid 1618)
    10842 kB: com.coocaa.os.ccosservice (pid 1834)
    10125 kB: com.tianci.user (pid 22783)
    10107 kB: com.coocaa.sysreport (pid 22654)
     9688 kB: com.tianci.de (pid 1959)
     9099 kB: mediaserver (pid 746)
     7021 kB: com.tianci.push (pid 1869)
     4803 kB: com.coocaa.os.softsettings.provider (pid 2032)
     4161 kB: com.dunn.instrument (pid 8000)
     3023 kB: com.skyworth.android.skyRMService (pid 1609)
     1200 kB: zygote (pid 744)
      916 kB: surfaceflinger (pid 743)
      614 kB: TvServer (pid 890)
      459 kB: logcat (pid 2086)
      380 kB: wpa_supplicant (pid 1519)
      358 kB: sdcard (pid 753)
      342 kB: app_process (pid 8117)
      322 kB: dumpsys (pid 23228)
      251 kB: android.process.media (pid 2242)
      250 kB: netd (pid 741)
      230 kB: /init (pid 1)
      200 kB: adbd (pid 1409)
      111 kB: vold (pid 736)
      108 kB: healthd (pid 733)
       79 kB: FileDesc_server (pid 749)
       75 kB: coocaa_guard (pid 752)
       72 kB: ueventd (pid 512)
       49 kB: servicemanager (pid 735)
       48 kB: RootApp (pid 878)
       40 kB: busybox (pid 1690)
       33 kB: logwrapper (pid 855)
       24 kB: keypad (pid 740)
       24 kB: VirtualEvent (pid 1250)
       10 kB: debuggerd (pid 742)
        8 kB: drmserver (pid 745)
        8 kB: keystore (pid 748)
        6 kB: sh (pid 734)
        4 kB: hardwared (pid 738)
        4 kB: installd (pid 747)
        4 kB: smobsd (pid 1264)
        4 kB: dhcpcd (pid 1744)
        4 kB: sh (pid 8065)

Total PSS by OOM adjustment:
    15085 kB: Native
                9099 kB: mediaserver (pid 746)
                1200 kB: zygote (pid 744)
                 916 kB: surfaceflinger (pid 743)
                 614 kB: TvServer (pid 890)
                 459 kB: logcat (pid 2086)
                 380 kB: wpa_supplicant (pid 1519)
                 358 kB: sdcard (pid 753)
                 342 kB: app_process (pid 8117)
                 322 kB: dumpsys (pid 23228)
                 250 kB: netd (pid 741)
                 230 kB: /init (pid 1)
                 200 kB: adbd (pid 1409)
                 111 kB: vold (pid 736)
                 108 kB: healthd (pid 733)
                  79 kB: FileDesc_server (pid 749)
                  75 kB: coocaa_guard (pid 752)
                  72 kB: ueventd (pid 512)
                  49 kB: servicemanager (pid 735)
                  48 kB: RootApp (pid 878)
                  40 kB: busybox (pid 1690)
                  33 kB: logwrapper (pid 855)
                  24 kB: keypad (pid 740)
                  24 kB: VirtualEvent (pid 1250)
                  10 kB: debuggerd (pid 742)
                   8 kB: drmserver (pid 745)
                   8 kB: keystore (pid 748)
                   6 kB: sh (pid 734)
                   4 kB: hardwared (pid 738)
                   4 kB: installd (pid 747)
                   4 kB: smobsd (pid 1264)
                   4 kB: dhcpcd (pid 1744)
                   4 kB: sh (pid 8065)
    16850 kB: System
               16850 kB: system (pid 1351)
     7184 kB: Persistent
                4161 kB: com.dunn.instrument (pid 8000)
                3023 kB: com.skyworth.android.skyRMService (pid 1609)
   133478 kB: Foreground
               89245 kB: com.tianci.movieplatform (pid 12501 / activities)
               11628 kB: com.tianci.system (pid 1618)
               10842 kB: com.coocaa.os.ccosservice (pid 1834)
                9688 kB: com.tianci.de (pid 1959)
                7021 kB: com.tianci.push (pid 1869)
                4803 kB: com.coocaa.os.softsettings.provider (pid 2032)
                 251 kB: android.process.media (pid 2242)
    31149 kB: A Services
               31149 kB: com.tianci.movieplatform:daemon (pid 16566)
    20232 kB: Cached
               10125 kB: com.tianci.user (pid 22783)
               10107 kB: com.coocaa.sysreport (pid 22654)

Total PSS by category:
    57556 kB: Dalvik
    45614 kB: Unknown
    43525 kB: Dalvik Other
    25190 kB: .so mmap
    18357 kB: Other dev
    16742 kB: .dex mmap
     9900 kB: Native
     3520 kB: Stack
     1652 kB: Other mmap
     1008 kB: .ttf mmap
      782 kB: .apk mmap
      128 kB: Ashmem
        4 kB: Cursor
        0 kB: .jar mmap
        0 kB: code mmap
        0 kB: image mmap
        0 kB: Graphics
        0 kB: GL
        0 kB: Memtrack

Total RAM: 463128 kB
 Free RAM: 137772 kB (20232 cached pss + 35116 cached + 82424 free)
 Used RAM: 228330 kB (203746 used pss + 848 buffers + 176 shmem + 23560 slab)
 Lost RAM: 97026 kB
     ZRAM: 47516 kB physical used for 91308 kB in swap (98300 kB total swap)
   Tuning: 48 (large 128), oom 108462 kB, restore limit 36154 kB (low-ram)
Applications Memory Usage (kB):
Uptime: 1621341 Realtime: 1621341

Total PSS by process:
    87447 kB: com.tianci.movieplatform (pid 12501 / activities)
    20994 kB: com.tianci.movieplatform:daemon (pid 16566)
    16712 kB: system (pid 1351)
    11356 kB: com.tianci.system (pid 1618)
    10618 kB: com.coocaa.os.ccosservice (pid 1834)
     9857 kB: mediaserver (pid 746)
     9688 kB: com.tianci.de (pid 1959)
     9359 kB: com.tianci.user (pid 22783)
     8823 kB: com.coocaa.sysreport (pid 22654)
     7009 kB: com.tianci.push (pid 1869)
     4776 kB: com.coocaa.os.softsettings.provider (pid 2032)
     4161 kB: com.dunn.instrument (pid 8000)
     3014 kB: com.skyworth.android.skyRMService (pid 1609)
     1198 kB: zygote (pid 744)
      917 kB: surfaceflinger (pid 743)
      610 kB: TvServer (pid 890)
      459 kB: logcat (pid 2086)
      380 kB: wpa_supplicant (pid 1519)
      358 kB: sdcard (pid 753)
      342 kB: app_process (pid 8117)
      254 kB: netd (pid 741)
      251 kB: android.process.media (pid 2242)
      230 kB: /init (pid 1)
      200 kB: adbd (pid 1409)
      108 kB: healthd (pid 733)
       79 kB: FileDesc_server (pid 749)
       75 kB: vold (pid 736)
       75 kB: coocaa_guard (pid 752)
       72 kB: ueventd (pid 512)
       49 kB: servicemanager (pid 735)
       48 kB: RootApp (pid 878)
       40 kB: busybox (pid 1690)
       33 kB: logwrapper (pid 855)
       24 kB: keypad (pid 740)
       24 kB: VirtualEvent (pid 1250)
       10 kB: debuggerd (pid 742)
        8 kB: drmserver (pid 745)
        8 kB: keystore (pid 748)
        6 kB: sh (pid 734)
        4 kB: hardwared (pid 738)
        4 kB: installd (pid 747)
        4 kB: smobsd (pid 1264)
        4 kB: dhcpcd (pid 1744)
        4 kB: sh (pid 8065)
        0 kB: dumpsys (pid 23228)

Total PSS by OOM adjustment:
    15484 kB: Native
                9857 kB: mediaserver (pid 746)
                1198 kB: zygote (pid 744)
                 917 kB: surfaceflinger (pid 743)
                 610 kB: TvServer (pid 890)
                 459 kB: logcat (pid 2086)
                 380 kB: wpa_supplicant (pid 1519)
                 358 kB: sdcard (pid 753)
                 342 kB: app_process (pid 8117)
                 254 kB: netd (pid 741)
                 230 kB: /init (pid 1)
                 200 kB: adbd (pid 1409)
                 108 kB: healthd (pid 733)
                  79 kB: FileDesc_server (pid 749)
                  75 kB: vold (pid 736)
                  75 kB: coocaa_guard (pid 752)
                  72 kB: ueventd (pid 512)
                  49 kB: servicemanager (pid 735)
                  48 kB: RootApp (pid 878)
                  40 kB: busybox (pid 1690)
                  33 kB: logwrapper (pid 855)
                  24 kB: keypad (pid 740)
                  24 kB: VirtualEvent (pid 1250)
                  10 kB: debuggerd (pid 742)
                   8 kB: drmserver (pid 745)
                   8 kB: keystore (pid 748)
                   6 kB: sh (pid 734)
                   4 kB: hardwared (pid 738)
                   4 kB: installd (pid 747)
                   4 kB: smobsd (pid 1264)
                   4 kB: dhcpcd (pid 1744)
                   4 kB: sh (pid 8065)
                   0 kB: dumpsys (pid 23228)
    16712 kB: System
               16712 kB: system (pid 1351)
     7175 kB: Persistent
                4161 kB: com.dunn.instrument (pid 8000)
                3014 kB: com.skyworth.android.skyRMService (pid 1609)
   131145 kB: Foreground
               87447 kB: com.tianci.movieplatform (pid 12501 / activities)
               11356 kB: com.tianci.system (pid 1618)
               10618 kB: com.coocaa.os.ccosservice (pid 1834)
                9688 kB: com.tianci.de (pid 1959)
                7009 kB: com.tianci.push (pid 1869)
                4776 kB: com.coocaa.os.softsettings.provider (pid 2032)
                 251 kB: android.process.media (pid 2242)
    20994 kB: A Services
               20994 kB: com.tianci.movieplatform:daemon (pid 16566)
    18182 kB: Cached
                9359 kB: com.tianci.user (pid 22783)
                8823 kB: com.coocaa.sysreport (pid 22654)

Total PSS by category:
    57664 kB: Dalvik
    45662 kB: Unknown
    43137 kB: Dalvik Other
    18557 kB: Other dev
    14645 kB: .so mmap
    13717 kB: .dex mmap
     9900 kB: Native
     3588 kB: Stack
     1460 kB: Other mmap
      790 kB: .apk mmap
      444 kB: .ttf mmap
      128 kB: Ashmem
        0 kB: Cursor
        0 kB: .jar mmap
        0 kB: code mmap
        0 kB: image mmap
        0 kB: Graphics
        0 kB: GL
        0 kB: Memtrack

Total RAM: 463128 kB
 Free RAM: 130682 kB (18182 cached pss + 37080 cached + 75420 free)
 Used RAM: 216034 kB (191510 used pss + 752 buffers + 176 shmem + 23596 slab)
 Lost RAM: 116412 kB
     ZRAM: 47740 kB physical used for 91384 kB in swap (98300 kB total swap)
   Tuning: 48 (large 128), oom 108462 kB, restore limit 36154 kB (low-ram)
Applications Memory Usage (kB):
Uptime: 1625749 Realtime: 1625749

Total PSS by process:
    86277 kB: com.tianci.movieplatform (pid 12501 / activities)
    18552 kB: com.tianci.movieplatform:daemon (pid 16566)
    15517 kB: system (pid 1351)
    10728 kB: com.tianci.system (pid 1618)
    10531 kB: com.coocaa.os.ccosservice (pid 1834)
    10257 kB: mediaserver (pid 746)
     9493 kB: com.tianci.de (pid 1959)
     8866 kB: com.tianci.user (pid 22783)
     8377 kB: com.coocaa.sysreport (pid 22654)
     6967 kB: com.tianci.push (pid 1869)
     4091 kB: com.dunn.instrument (pid 8000)
     2928 kB: com.skyworth.android.skyRMService (pid 1609)
     1797 kB: com.coocaa.os.softsettings.provider (pid 2032)
     1138 kB: zygote (pid 744)
      917 kB: surfaceflinger (pid 743)
      610 kB: TvServer (pid 890)
      460 kB: logcat (pid 2086)
      358 kB: sdcard (pid 753)
      346 kB: app_process (pid 8117)
      322 kB: dumpsys (pid 23413)
      242 kB: netd (pid 741)
      230 kB: /init (pid 1)
      225 kB: android.process.media (pid 2242)
      196 kB: adbd (pid 1409)
      144 kB: wpa_supplicant (pid 1519)
      108 kB: healthd (pid 733)
       79 kB: FileDesc_server (pid 749)
       75 kB: vold (pid 736)
       75 kB: coocaa_guard (pid 752)
       72 kB: ueventd (pid 512)
       49 kB: servicemanager (pid 735)
       48 kB: RootApp (pid 878)
       40 kB: busybox (pid 1690)
       33 kB: logwrapper (pid 855)
       24 kB: keypad (pid 740)
       24 kB: VirtualEvent (pid 1250)
       10 kB: debuggerd (pid 742)
        8 kB: drmserver (pid 745)
        8 kB: keystore (pid 748)
        6 kB: sh (pid 734)
        4 kB: hardwared (pid 738)
        4 kB: installd (pid 747)
        4 kB: smobsd (pid 1264)
        4 kB: dhcpcd (pid 1744)
        4 kB: sh (pid 8065)

Total PSS by OOM adjustment:
    15899 kB: Native
               10257 kB: mediaserver (pid 746)
                1138 kB: zygote (pid 744)
                 917 kB: surfaceflinger (pid 743)
                 610 kB: TvServer (pid 890)
                 460 kB: logcat (pid 2086)
                 358 kB: sdcard (pid 753)
                 346 kB: app_process (pid 8117)
                 322 kB: dumpsys (pid 23413)
                 242 kB: netd (pid 741)
                 230 kB: /init (pid 1)
                 196 kB: adbd (pid 1409)
                 144 kB: wpa_supplicant (pid 1519)
                 108 kB: healthd (pid 733)
                  79 kB: FileDesc_server (pid 749)
                  75 kB: vold (pid 736)
                  75 kB: coocaa_guard (pid 752)
                  72 kB: ueventd (pid 512)
                  49 kB: servicemanager (pid 735)
                  48 kB: RootApp (pid 878)
                  40 kB: busybox (pid 1690)
                  33 kB: logwrapper (pid 855)
                  24 kB: keypad (pid 740)
                  24 kB: VirtualEvent (pid 1250)
                  10 kB: debuggerd (pid 742)
                   8 kB: drmserver (pid 745)
                   8 kB: keystore (pid 748)
                   6 kB: sh (pid 734)
                   4 kB: hardwared (pid 738)
                   4 kB: installd (pid 747)
                   4 kB: smobsd (pid 1264)
                   4 kB: dhcpcd (pid 1744)
                   4 kB: sh (pid 8065)
    15517 kB: System
               15517 kB: system (pid 1351)
     7019 kB: Persistent
                4091 kB: com.dunn.instrument (pid 8000)
                2928 kB: com.skyworth.android.skyRMService (pid 1609)
   126018 kB: Foreground
               86277 kB: com.tianci.movieplatform (pid 12501 / activities)
               10728 kB: com.tianci.system (pid 1618)
               10531 kB: com.coocaa.os.ccosservice (pid 1834)
                9493 kB: com.tianci.de (pid 1959)
                6967 kB: com.tianci.push (pid 1869)
                1797 kB: com.coocaa.os.softsettings.provider (pid 2032)
                 225 kB: android.process.media (pid 2242)
    18552 kB: A Services
               18552 kB: com.tianci.movieplatform:daemon (pid 16566)
    17243 kB: Cached
                8866 kB: com.tianci.user (pid 22783)
                8377 kB: com.coocaa.sysreport (pid 22654)

Total PSS by category:
    55624 kB: Dalvik
    44270 kB: Unknown
    41593 kB: Dalvik Other
    18610 kB: Other dev
    13056 kB: .so mmap
    11741 kB: .dex mmap
     9968 kB: Native
     3632 kB: Stack
     1176 kB: Other mmap
      330 kB: .apk mmap
      128 kB: Ashmem
      120 kB: .ttf mmap
        0 kB: Cursor
        0 kB: .jar mmap
        0 kB: code mmap
        0 kB: image mmap
        0 kB: Graphics
        0 kB: GL
        0 kB: Memtrack

Total RAM: 463128 kB
 Free RAM: 135379 kB (17243 cached pss + 28204 cached + 89932 free)
 Used RAM: 207245 kB (183005 used pss + 448 buffers + 176 shmem + 23616 slab)
 Lost RAM: 120504 kB
     ZRAM: 48844 kB physical used for 96748 kB in swap (98300 kB total swap)
   Tuning: 48 (large 128), oom 108462 kB, restore limit 36154 kB (low-ram)
Applications Memory Usage (kB):
Uptime: 1633769 Realtime: 1633769

Total PSS by process:
    82568 kB: com.tianci.movieplatform (pid 12501 / activities)
    17971 kB: com.tianci.movieplatform:daemon (pid 16566)
    15437 kB: system (pid 1351)
    11854 kB: com.tianci.system (pid 1618)
     9945 kB: com.coocaa.os.ccosservice (pid 1834)
     9551 kB: mediaserver (pid 746)
     9406 kB: com.tianci.de (pid 1959)
     8036 kB: com.tianci.user (pid 22783)
     7849 kB: com.coocaa.sysreport (pid 22654)
     6571 kB: com.tianci.push (pid 1869)
     3817 kB: com.dunn.instrument (pid 8000)
     2706 kB: com.skyworth.android.skyRMService (pid 1609)
     1500 kB: com.coocaa.os.softsettings.provider (pid 2032)
     1061 kB: zygote (pid 744)
     1014 kB: surfaceflinger (pid 743)
      608 kB: TvServer (pid 890)
      466 kB: logcat (pid 2086)
      388 kB: dumpsys (pid 23541)
      366 kB: sdcard (pid 753)
      354 kB: app_process (pid 8117)
      231 kB: /init (pid 1)
      200 kB: adbd (pid 1409)
      187 kB: netd (pid 741)
      171 kB: android.process.media (pid 2242)
      118 kB: wpa_supplicant (pid 1519)
      108 kB: healthd (pid 733)
       77 kB: FileDesc_server (pid 749)
       77 kB: coocaa_guard (pid 752)
       72 kB: ueventd (pid 512)
       67 kB: vold (pid 736)
       49 kB: servicemanager (pid 735)
       48 kB: RootApp (pid 878)
       40 kB: busybox (pid 1690)
       33 kB: logwrapper (pid 855)
       24 kB: keypad (pid 740)
       24 kB: VirtualEvent (pid 1250)
        8 kB: drmserver (pid 745)
        8 kB: keystore (pid 748)
        7 kB: debuggerd (pid 742)
        6 kB: sh (pid 734)
        4 kB: hardwared (pid 738)
        4 kB: installd (pid 747)
        4 kB: smobsd (pid 1264)
        4 kB: dhcpcd (pid 1744)
        4 kB: sh (pid 8065)
        0 kB: busybox (pid 23573)

Total PSS by OOM adjustment:
    15212 kB: Native
                9551 kB: mediaserver (pid 746)
                1061 kB: zygote (pid 744)
                1014 kB: surfaceflinger (pid 743)
                 608 kB: TvServer (pid 890)
                 466 kB: logcat (pid 2086)
                 388 kB: dumpsys (pid 23541)
                 366 kB: sdcard (pid 753)
                 354 kB: app_process (pid 8117)
                 231 kB: /init (pid 1)
                 200 kB: adbd (pid 1409)
                 187 kB: netd (pid 741)
                 118 kB: wpa_supplicant (pid 1519)
                 108 kB: healthd (pid 733)
                  77 kB: FileDesc_server (pid 749)
                  77 kB: coocaa_guard (pid 752)
                  72 kB: ueventd (pid 512)
                  67 kB: vold (pid 736)
                  49 kB: servicemanager (pid 735)
                  48 kB: RootApp (pid 878)
                  40 kB: busybox (pid 1690)
                  33 kB: logwrapper (pid 855)
                  24 kB: keypad (pid 740)
                  24 kB: VirtualEvent (pid 1250)
                   8 kB: drmserver (pid 745)
                   8 kB: keystore (pid 748)
                   7 kB: debuggerd (pid 742)
                   6 kB: sh (pid 734)
                   4 kB: hardwared (pid 738)
                   4 kB: installd (pid 747)
                   4 kB: smobsd (pid 1264)
                   4 kB: dhcpcd (pid 1744)
                   4 kB: sh (pid 8065)
                   0 kB: busybox (pid 23573)
    15437 kB: System
               15437 kB: system (pid 1351)
     6523 kB: Persistent
                3817 kB: com.dunn.instrument (pid 8000)
                2706 kB: com.skyworth.android.skyRMService (pid 1609)
   129864 kB: Foreground
               82568 kB: com.tianci.movieplatform (pid 12501 / activities)
               11854 kB: com.tianci.system (pid 1618)
                9945 kB: com.coocaa.os.ccosservice (pid 1834)
                9406 kB: com.tianci.de (pid 1959)
                7849 kB: com.coocaa.sysreport (pid 22654)
                6571 kB: com.tianci.push (pid 1869)
                1500 kB: com.coocaa.os.softsettings.provider (pid 2032)
                 171 kB: android.process.media (pid 2242)
    17971 kB: A Services
               17971 kB: com.tianci.movieplatform:daemon (pid 16566)
     8036 kB: Cached
                8036 kB: com.tianci.user (pid 22783)

Total PSS by category:
    55308 kB: Dalvik
    42542 kB: Unknown
    41659 kB: Dalvik Other
    18609 kB: Other dev
    11475 kB: .so mmap
     9708 kB: Native
     8951 kB: .dex mmap
     3448 kB: Stack
     1079 kB: Other mmap
      128 kB: Ashmem
      116 kB: .apk mmap
       16 kB: .ttf mmap
        4 kB: Cursor
        0 kB: .jar mmap
        0 kB: code mmap
        0 kB: image mmap
        0 kB: Graphics
        0 kB: GL
        0 kB: Memtrack

Total RAM: 463128 kB
 Free RAM: 126784 kB (8036 cached pss + 39084 cached + 79664 free)
 Used RAM: 209047 kB (185007 used pss + 464 buffers + 176 shmem + 23400 slab)
 Lost RAM: 127297 kB
     ZRAM: 49676 kB physical used for 98216 kB in swap (98300 kB total swap)
   Tuning: 48 (large 128), oom 108462 kB, restore limit 36154 kB (low-ram)
Applications Memory Usage (kB):
Uptime: 1637223 Realtime: 1637223

Total PSS by process:
    86381 kB: com.tianci.movieplatform (pid 12501 / activities)
    17932 kB: com.tianci.movieplatform:daemon (pid 16566)
    16094 kB: system (pid 1351)
    11191 kB: com.tianci.system (pid 1618)
    10084 kB: mediaserver (pid 746)
     9896 kB: com.coocaa.os.ccosservice (pid 1834)
     9208 kB: com.tianci.de (pid 1959)
     8033 kB: com.tianci.user (pid 22783)
     7820 kB: com.coocaa.sysreport (pid 22654)
     6553 kB: com.tianci.push (pid 1869)
     3883 kB: com.dunn.instrument (pid 8000)
     2657 kB: com.skyworth.android.skyRMService (pid 1609)
     1415 kB: com.coocaa.os.softsettings.provider (pid 2032)
     1055 kB: zygote (pid 744)
     1009 kB: surfaceflinger (pid 743)
      612 kB: TvServer (pid 890)
      465 kB: logcat (pid 2086)
      366 kB: sdcard (pid 753)
      346 kB: app_process (pid 8117)
      231 kB: /init (pid 1)
      200 kB: adbd (pid 1409)
      183 kB: netd (pid 741)
      170 kB: android.process.media (pid 2242)
      138 kB: wpa_supplicant (pid 1519)
      108 kB: healthd (pid 733)
       77 kB: FileDesc_server (pid 749)
       76 kB: coocaa_guard (pid 752)
       72 kB: ueventd (pid 512)
       67 kB: vold (pid 736)
       49 kB: servicemanager (pid 735)
       48 kB: RootApp (pid 878)
       40 kB: busybox (pid 1690)
       33 kB: logwrapper (pid 855)
       24 kB: keypad (pid 740)
       24 kB: VirtualEvent (pid 1250)
        8 kB: drmserver (pid 745)
        8 kB: keystore (pid 748)
        7 kB: debuggerd (pid 742)
        6 kB: sh (pid 734)
        4 kB: hardwared (pid 738)
        4 kB: installd (pid 747)
        4 kB: smobsd (pid 1264)
        4 kB: dhcpcd (pid 1744)
        4 kB: sh (pid 8065)
        0 kB: dumpsys (pid 23541)
        0 kB: busybox (pid 23573)

Total PSS by OOM adjustment:
    15356 kB: Native
               10084 kB: mediaserver (pid 746)
                1055 kB: zygote (pid 744)
                1009 kB: surfaceflinger (pid 743)
                 612 kB: TvServer (pid 890)
                 465 kB: logcat (pid 2086)
                 366 kB: sdcard (pid 753)
                 346 kB: app_process (pid 8117)
                 231 kB: /init (pid 1)
                 200 kB: adbd (pid 1409)
                 183 kB: netd (pid 741)
                 138 kB: wpa_supplicant (pid 1519)
                 108 kB: healthd (pid 733)
                  77 kB: FileDesc_server (pid 749)
                  76 kB: coocaa_guard (pid 752)
                  72 kB: ueventd (pid 512)
                  67 kB: vold (pid 736)
                  49 kB: servicemanager (pid 735)
                  48 kB: RootApp (pid 878)
                  40 kB: busybox (pid 1690)
                  33 kB: logwrapper (pid 855)
                  24 kB: keypad (pid 740)
                  24 kB: VirtualEvent (pid 1250)
                   8 kB: drmserver (pid 745)
                   8 kB: keystore (pid 748)
                   7 kB: debuggerd (pid 742)
                   6 kB: sh (pid 734)
                   4 kB: hardwared (pid 738)
                   4 kB: installd (pid 747)
                   4 kB: smobsd (pid 1264)
                   4 kB: dhcpcd (pid 1744)
                   4 kB: sh (pid 8065)
                   0 kB: dumpsys (pid 23541)
                   0 kB: busybox (pid 23573)
    16094 kB: System
               16094 kB: system (pid 1351)
     6540 kB: Persistent
                3883 kB: com.dunn.instrument (pid 8000)
                2657 kB: com.skyworth.android.skyRMService (pid 1609)
   124814 kB: Foreground
               86381 kB: com.tianci.movieplatform (pid 12501 / activities)
               11191 kB: com.tianci.system (pid 1618)
                9896 kB: com.coocaa.os.ccosservice (pid 1834)
                9208 kB: com.tianci.de (pid 1959)
                6553 kB: com.tianci.push (pid 1869)
                1415 kB: com.coocaa.os.softsettings.provider (pid 2032)
                 170 kB: android.process.media (pid 2242)
    17932 kB: A Services
               17932 kB: com.tianci.movieplatform:daemon (pid 16566)
    15853 kB: Cached
                8033 kB: com.tianci.user (pid 22783)
                7820 kB: com.coocaa.sysreport (pid 22654)

Total PSS by category:
    55038 kB: Dalvik
    42468 kB: Unknown
    41670 kB: Dalvik Other
    18684 kB: Other dev
    12689 kB: .so mmap
    11447 kB: .dex mmap
     9732 kB: Native
     3396 kB: Stack
     1189 kB: Other mmap
      132 kB: .apk mmap
      128 kB: Ashmem
       16 kB: .ttf mmap
        0 kB: Cursor
        0 kB: .jar mmap
        0 kB: code mmap
        0 kB: image mmap
        0 kB: Graphics
        0 kB: GL
        0 kB: Memtrack

Total RAM: 463128 kB
 Free RAM: 134373 kB (15853 cached pss + 35288 cached + 83232 free)
 Used RAM: 204756 kB (180736 used pss + 432 buffers + 176 shmem + 23412 slab)
 Lost RAM: 123999 kB
     ZRAM: 49684 kB physical used for 98200 kB in swap (98300 kB total swap)
   Tuning: 48 (large 128), oom 108462 kB, restore limit 36154 kB (low-ram)
Applications Memory Usage (kB):
Uptime: 1641528 Realtime: 1641528

Total PSS by process:
    85789 kB: com.tianci.movieplatform (pid 12501 / activities)
    17843 kB: com.tianci.movieplatform:daemon (pid 16566)
    15590 kB: system (pid 1351)
    10747 kB: com.tianci.system (pid 1618)
     9791 kB: com.coocaa.os.ccosservice (pid 1834)
     9100 kB: com.tianci.de (pid 1959)
     8893 kB: mediaserver (pid 746)
     8009 kB: com.tianci.user (pid 22783)
     7766 kB: com.coocaa.sysreport (pid 22654)
     6548 kB: com.tianci.push (pid 1869)
     3712 kB: com.dunn.instrument (pid 8000)
     2648 kB: com.skyworth.android.skyRMService (pid 1609)
     1371 kB: com.coocaa.os.softsettings.provider (pid 2032)
     1041 kB: zygote (pid 744)
     1011 kB: surfaceflinger (pid 743)
      608 kB: TvServer (pid 890)
      463 kB: logcat (pid 2086)
      385 kB: dumpsys (pid 23717)
      366 kB: sdcard (pid 753)
      345 kB: app_process (pid 8117)
      263 kB: netd (pid 741)
      233 kB: wpa_supplicant (pid 1519)
      231 kB: /init (pid 1)
      200 kB: adbd (pid 1409)
      166 kB: android.process.media (pid 2242)
      108 kB: healthd (pid 733)
       77 kB: FileDesc_server (pid 749)
       76 kB: coocaa_guard (pid 752)
       72 kB: ueventd (pid 512)
       67 kB: vold (pid 736)
       49 kB: servicemanager (pid 735)
       48 kB: RootApp (pid 878)
       33 kB: logwrapper (pid 855)
       24 kB: keypad (pid 740)
       24 kB: VirtualEvent (pid 1250)
       16 kB: busybox (pid 1690)
        8 kB: drmserver (pid 745)
        8 kB: keystore (pid 748)
        7 kB: debuggerd (pid 742)
        6 kB: sh (pid 734)
        4 kB: hardwared (pid 738)
        4 kB: installd (pid 747)
        4 kB: smobsd (pid 1264)
        4 kB: dhcpcd (pid 1744)
        4 kB: sh (pid 8065)

Total PSS by OOM adjustment:
    14682 kB: Native
                8893 kB: mediaserver (pid 746)
                1041 kB: zygote (pid 744)
                1011 kB: surfaceflinger (pid 743)
                 608 kB: TvServer (pid 890)
                 463 kB: logcat (pid 2086)
                 385 kB: dumpsys (pid 23717)
                 366 kB: sdcard (pid 753)
                 345 kB: app_process (pid 8117)
                 263 kB: netd (pid 741)
                 233 kB: wpa_supplicant (pid 1519)
                 231 kB: /init (pid 1)
                 200 kB: adbd (pid 1409)
                 108 kB: healthd (pid 733)
                  77 kB: FileDesc_server (pid 749)
                  76 kB: coocaa_guard (pid 752)
                  72 kB: ueventd (pid 512)
                  67 kB: vold (pid 736)
                  49 kB: servicemanager (pid 735)
                  48 kB: RootApp (pid 878)
                  33 kB: logwrapper (pid 855)
                  24 kB: keypad (pid 740)
                  24 kB: VirtualEvent (pid 1250)
                  16 kB: busybox (pid 1690)
                   8 kB: drmserver (pid 745)
                   8 kB: keystore (pid 748)
                   7 kB: debuggerd (pid 742)
                   6 kB: sh (pid 734)
                   4 kB: hardwared (pid 738)
                   4 kB: installd (pid 747)
                   4 kB: smobsd (pid 1264)
                   4 kB: dhcpcd (pid 1744)
                   4 kB: sh (pid 8065)
    15590 kB: System
               15590 kB: system (pid 1351)
     6360 kB: Persistent
                3712 kB: com.dunn.instrument (pid 8000)
                2648 kB: com.skyworth.android.skyRMService (pid 1609)
   123512 kB: Foreground
               85789 kB: com.tianci.movieplatform (pid 12501 / activities)
               10747 kB: com.tianci.system (pid 1618)
                9791 kB: com.coocaa.os.ccosservice (pid 1834)
                9100 kB: com.tianci.de (pid 1959)
                6548 kB: com.tianci.push (pid 1869)
                1371 kB: com.coocaa.os.softsettings.provider (pid 2032)
                 166 kB: android.process.media (pid 2242)
    17843 kB: A Services
               17843 kB: com.tianci.movieplatform:daemon (pid 16566)
    15775 kB: Cached
                8009 kB: com.tianci.user (pid 22783)
                7766 kB: com.coocaa.sysreport (pid 22654)

Total PSS by category:
    54970 kB: Dalvik
    42522 kB: Unknown
    41231 kB: Dalvik Other
    18609 kB: Other dev
    11492 kB: .so mmap
    10263 kB: .dex mmap
     9704 kB: Native
     3548 kB: Stack
     1291 kB: Other mmap
      128 kB: Ashmem
        4 kB: .ttf mmap
        0 kB: Cursor
        0 kB: .jar mmap
        0 kB: .apk mmap
        0 kB: code mmap
        0 kB: image mmap
        0 kB: Graphics
        0 kB: GL
        0 kB: Memtrack

Total RAM: 463128 kB
 Free RAM: 134959 kB (15775 cached pss + 32664 cached + 86520 free)
 Used RAM: 202195 kB (177987 used pss + 620 buffers + 176 shmem + 23412 slab)
 Lost RAM: 125974 kB
     ZRAM: 49716 kB physical used for 98260 kB in swap (98300 kB total swap)
   Tuning: 48 (large 128), oom 108462 kB, restore limit 36154 kB (low-ram)
Applications Memory Usage (kB):
Uptime: 1645311 Realtime: 1645311

Total PSS by process:
    88711 kB: com.tianci.movieplatform (pid 12501 / activities)
    17991 kB: com.tianci.movieplatform:daemon (pid 16566)
    15870 kB: system (pid 1351)
    11800 kB: com.tianci.system (pid 1618)
     9744 kB: com.coocaa.os.ccosservice (pid 1834)
     9646 kB: mediaserver (pid 746)
     9102 kB: com.tianci.de (pid 1959)
     8008 kB: com.tianci.user (pid 22783)
     7760 kB: com.coocaa.sysreport (pid 22654)
     6543 kB: com.tianci.push (pid 1869)
     3981 kB: com.dunn.instrument (pid 8000)
     2645 kB: com.skyworth.android.skyRMService (pid 1609)
     1371 kB: com.coocaa.os.softsettings.provider (pid 2032)
     1041 kB: zygote (pid 744)
     1006 kB: surfaceflinger (pid 743)
      608 kB: TvServer (pid 890)
      463 kB: logcat (pid 2086)
      384 kB: wpa_supplicant (pid 1519)
      384 kB: dumpsys (pid 23807)
      370 kB: sdcard (pid 753)
      354 kB: app_process (pid 8117)
      267 kB: netd (pid 741)
      231 kB: /init (pid 1)
      200 kB: adbd (pid 1409)
      166 kB: android.process.media (pid 2242)
      113 kB: vold (pid 736)
      108 kB: healthd (pid 733)
       77 kB: FileDesc_server (pid 749)
       76 kB: coocaa_guard (pid 752)
       72 kB: ueventd (pid 512)
       49 kB: servicemanager (pid 735)
       48 kB: RootApp (pid 878)
       40 kB: busybox (pid 1690)
       33 kB: logwrapper (pid 855)
       24 kB: keypad (pid 740)
       24 kB: VirtualEvent (pid 1250)
        8 kB: drmserver (pid 745)
        8 kB: keystore (pid 748)
        7 kB: debuggerd (pid 742)
        6 kB: sh (pid 734)
        4 kB: hardwared (pid 738)
        4 kB: installd (pid 747)
        4 kB: smobsd (pid 1264)
        4 kB: dhcpcd (pid 1744)
        4 kB: sh (pid 8065)

Total PSS by OOM adjustment:
    15667 kB: Native
                9646 kB: mediaserver (pid 746)
                1041 kB: zygote (pid 744)
                1006 kB: surfaceflinger (pid 743)
                 608 kB: TvServer (pid 890)
                 463 kB: logcat (pid 2086)
                 384 kB: wpa_supplicant (pid 1519)
                 384 kB: dumpsys (pid 23807)
                 370 kB: sdcard (pid 753)
                 354 kB: app_process (pid 8117)
                 267 kB: netd (pid 741)
                 231 kB: /init (pid 1)
                 200 kB: adbd (pid 1409)
                 113 kB: vold (pid 736)
                 108 kB: healthd (pid 733)
                  77 kB: FileDesc_server (pid 749)
                  76 kB: coocaa_guard (pid 752)
                  72 kB: ueventd (pid 512)
                  49 kB: servicemanager (pid 735)
                  48 kB: RootApp (pid 878)
                  40 kB: busybox (pid 1690)
                  33 kB: logwrapper (pid 855)
                  24 kB: keypad (pid 740)
                  24 kB: VirtualEvent (pid 1250)
                   8 kB: drmserver (pid 745)
                   8 kB: keystore (pid 748)
                   7 kB: debuggerd (pid 742)
                   6 kB: sh (pid 734)
                   4 kB: hardwared (pid 738)
                   4 kB: installd (pid 747)
                   4 kB: smobsd (pid 1264)
                   4 kB: dhcpcd (pid 1744)
                   4 kB: sh (pid 8065)
    15870 kB: System
               15870 kB: system (pid 1351)
     6626 kB: Persistent
                3981 kB: com.dunn.instrument (pid 8000)
                2645 kB: com.skyworth.android.skyRMService (pid 1609)
   127437 kB: Foreground
               88711 kB: com.tianci.movieplatform (pid 12501 / activities)
               11800 kB: com.tianci.system (pid 1618)
                9744 kB: com.coocaa.os.ccosservice (pid 1834)
                9102 kB: com.tianci.de (pid 1959)
                6543 kB: com.tianci.push (pid 1869)
                1371 kB: com.coocaa.os.softsettings.provider (pid 2032)
                 166 kB: android.process.media (pid 2242)
    17991 kB: A Services
               17991 kB: com.tianci.movieplatform:daemon (pid 16566)
    15768 kB: Cached
                8008 kB: com.tianci.user (pid 22783)
                7760 kB: com.coocaa.sysreport (pid 22654)

Total PSS by category:
    55140 kB: Dalvik
    42862 kB: Unknown
    41201 kB: Dalvik Other
    18608 kB: Other dev
    13605 kB: .dex mmap
    12860 kB: .so mmap
     9688 kB: Native
     3700 kB: Stack
     1563 kB: Other mmap
      128 kB: Ashmem
        4 kB: .ttf mmap
        0 kB: Cursor
        0 kB: .jar mmap
        0 kB: .apk mmap
        0 kB: code mmap
        0 kB: image mmap
        0 kB: Graphics
        0 kB: GL
        0 kB: Memtrack

Total RAM: 463128 kB
 Free RAM: 130652 kB (15768 cached pss + 38484 cached + 76400 free)
 Used RAM: 207655 kB (183591 used pss + 464 buffers + 176 shmem + 23424 slab)
 Lost RAM: 124821 kB
     ZRAM: 49748 kB physical used for 98272 kB in swap (98300 kB total swap)
   Tuning: 48 (large 128), oom 108462 kB, restore limit 36154 kB (low-ram)
Applications Memory Usage (kB):
Uptime: 1648731 Realtime: 1648731

Total PSS by process:
    92633 kB: com.tianci.movieplatform (pid 12501 / activities)
    17975 kB: com.tianci.movieplatform:daemon (pid 16566)
    16261 kB: system (pid 1351)
    11677 kB: com.tianci.system (pid 1618)
    10446 kB: com.coocaa.os.ccosservice (pid 1834)
    10321 kB: mediaserver (pid 746)
     9037 kB: com.tianci.de (pid 1959)
     7980 kB: com.tianci.user (pid 22783)
     7732 kB: com.coocaa.sysreport (pid 22654)
     6546 kB: com.tianci.push (pid 1869)
     3974 kB: com.dunn.instrument (pid 8000)
     2641 kB: com.skyworth.android.skyRMService (pid 1609)
     1354 kB: com.coocaa.os.softsettings.provider (pid 2032)
     1033 kB: zygote (pid 744)
     1016 kB: surfaceflinger (pid 743)
      621 kB: TvServer (pid 890)
      459 kB: logcat (pid 2086)
      379 kB: wpa_supplicant (pid 1519)
      370 kB: sdcard (pid 753)
      350 kB: app_process (pid 8117)
      259 kB: netd (pid 741)
      231 kB: /init (pid 1)
      200 kB: adbd (pid 1409)
      166 kB: android.process.media (pid 2242)
      113 kB: vold (pid 736)
      108 kB: healthd (pid 733)
       85 kB: FileDesc_server (pid 749)
       76 kB: coocaa_guard (pid 752)
       72 kB: ueventd (pid 512)
       49 kB: servicemanager (pid 735)
       48 kB: RootApp (pid 878)
       41 kB: logwrapper (pid 855)
       40 kB: busybox (pid 1690)
       24 kB: keypad (pid 740)
       24 kB: VirtualEvent (pid 1250)
        8 kB: drmserver (pid 745)
        8 kB: keystore (pid 748)
        7 kB: debuggerd (pid 742)
        6 kB: sh (pid 734)
        4 kB: hardwared (pid 738)
        4 kB: installd (pid 747)
        4 kB: smobsd (pid 1264)
        4 kB: dhcpcd (pid 1744)
        4 kB: sh (pid 8065)
        0 kB: dumpsys (pid 23807)

Total PSS by OOM adjustment:
    15968 kB: Native
               10321 kB: mediaserver (pid 746)
                1033 kB: zygote (pid 744)
                1016 kB: surfaceflinger (pid 743)
                 621 kB: TvServer (pid 890)
                 459 kB: logcat (pid 2086)
                 379 kB: wpa_supplicant (pid 1519)
                 370 kB: sdcard (pid 753)
                 350 kB: app_process (pid 8117)
                 259 kB: netd (pid 741)
                 231 kB: /init (pid 1)
                 200 kB: adbd (pid 1409)
                 113 kB: vold (pid 736)
                 108 kB: healthd (pid 733)
                  85 kB: FileDesc_server (pid 749)
                  76 kB: coocaa_guard (pid 752)
                  72 kB: ueventd (pid 512)
                  49 kB: servicemanager (pid 735)
                  48 kB: RootApp (pid 878)
                  41 kB: logwrapper (pid 855)
                  40 kB: busybox (pid 1690)
                  24 kB: keypad (pid 740)
                  24 kB: VirtualEvent (pid 1250)
                   8 kB: drmserver (pid 745)
                   8 kB: keystore (pid 748)
                   7 kB: debuggerd (pid 742)
                   6 kB: sh (pid 734)
                   4 kB: hardwared (pid 738)
                   4 kB: installd (pid 747)
                   4 kB: smobsd (pid 1264)
                   4 kB: dhcpcd (pid 1744)
                   4 kB: sh (pid 8065)
                   0 kB: dumpsys (pid 23807)
    16261 kB: System
               16261 kB: system (pid 1351)
     6615 kB: Persistent
                3974 kB: com.dunn.instrument (pid 8000)
                2641 kB: com.skyworth.android.skyRMService (pid 1609)
   131859 kB: Foreground
               92633 kB: com.tianci.movieplatform (pid 12501 / activities)
               11677 kB: com.tianci.system (pid 1618)
               10446 kB: com.coocaa.os.ccosservice (pid 1834)
                9037 kB: com.tianci.de (pid 1959)
                6546 kB: com.tianci.push (pid 1869)
                1354 kB: com.coocaa.os.softsettings.provider (pid 2032)
                 166 kB: android.process.media (pid 2242)
    17975 kB: A Services
               17975 kB: com.tianci.movieplatform:daemon (pid 16566)
    15712 kB: Cached
                7980 kB: com.tianci.user (pid 22783)
                7732 kB: com.coocaa.sysreport (pid 22654)

Total PSS by category:
    55267 kB: Dalvik
    46523 kB: Unknown
    41103 kB: Dalvik Other
    18603 kB: Other dev
    14239 kB: .dex mmap
    13513 kB: .so mmap
     9680 kB: Native
     3844 kB: Stack
     1486 kB: Other mmap
      128 kB: Ashmem
        4 kB: .ttf mmap
        0 kB: Cursor
        0 kB: .jar mmap
        0 kB: .apk mmap
        0 kB: code mmap
        0 kB: image mmap
        0 kB: Graphics
        0 kB: GL
        0 kB: Memtrack

Total RAM: 463128 kB
 Free RAM: 108920 kB (15712 cached pss + 41044 cached + 52164 free)
 Used RAM: 213038 kB (188678 used pss + 724 buffers + 176 shmem + 23460 slab)
 Lost RAM: 141170 kB
     ZRAM: 49680 kB physical used for 98300 kB in swap (98300 kB total swap)
   Tuning: 48 (large 128), oom 108462 kB, restore limit 36154 kB (low-ram)
Applications Memory Usage (kB):
Uptime: 1652657 Realtime: 1652657

Total PSS by process:
    92565 kB: com.tianci.movieplatform (pid 12501 / activities)
    17475 kB: com.tianci.movieplatform:daemon (pid 16566)
    16009 kB: system (pid 1351)
    13234 kB: mediaserver (pid 746)
    11901 kB: com.tianci.system (pid 1618)
    10357 kB: com.coocaa.os.ccosservice (pid 1834)
     8752 kB: com.tianci.de (pid 1959)
     6739 kB: com.tianci.push (pid 1869)
     3901 kB: com.dunn.instrument (pid 8000)
     2219 kB: com.skyworth.android.skyRMService (pid 1609)
     1588 kB: com.coocaa.os.softsettings.provider (pid 2032)
     1279 kB: TvServer (pid 890)
     1012 kB: zygote (pid 744)
     1011 kB: surfaceflinger (pid 743)
      712 kB: android.process.media (pid 2242)
      419 kB: logcat (pid 2086)
      370 kB: sdcard (pid 753)
      342 kB: app_process (pid 8117)
      314 kB: wpa_supplicant (pid 1519)
      257 kB: netd (pid 741)
      232 kB: /init (pid 1)
      196 kB: adbd (pid 1409)
      109 kB: vold (pid 736)
      108 kB: healthd (pid 733)
       85 kB: FileDesc_server (pid 749)
       76 kB: coocaa_guard (pid 752)
       72 kB: ueventd (pid 512)
       49 kB: servicemanager (pid 735)
       48 kB: RootApp (pid 878)
       41 kB: logwrapper (pid 855)
       32 kB: busybox (pid 1690)
       24 kB: keypad (pid 740)
       24 kB: VirtualEvent (pid 1250)
        8 kB: drmserver (pid 745)
        8 kB: keystore (pid 748)
        7 kB: debuggerd (pid 742)
        6 kB: sh (pid 734)
        4 kB: hardwared (pid 738)
        4 kB: installd (pid 747)
        4 kB: smobsd (pid 1264)
        4 kB: dhcpcd (pid 1744)
        4 kB: sh (pid 8065)

Total PSS by OOM adjustment:
    19383 kB: Native
               13234 kB: mediaserver (pid 746)
                1279 kB: TvServer (pid 890)
                1012 kB: zygote (pid 744)
                1011 kB: surfaceflinger (pid 743)
                 419 kB: logcat (pid 2086)
                 370 kB: sdcard (pid 753)
                 342 kB: app_process (pid 8117)
                 314 kB: wpa_supplicant (pid 1519)
                 257 kB: netd (pid 741)
                 232 kB: /init (pid 1)
                 196 kB: adbd (pid 1409)
                 109 kB: vold (pid 736)
                 108 kB: healthd (pid 733)
                  85 kB: FileDesc_server (pid 749)
                  76 kB: coocaa_guard (pid 752)
                  72 kB: ueventd (pid 512)
                  49 kB: servicemanager (pid 735)
                  48 kB: RootApp (pid 878)
                  41 kB: logwrapper (pid 855)
                  32 kB: busybox (pid 1690)
                  24 kB: keypad (pid 740)
                  24 kB: VirtualEvent (pid 1250)
                   8 kB: drmserver (pid 745)
                   8 kB: keystore (pid 748)
                   7 kB: debuggerd (pid 742)
                   6 kB: sh (pid 734)
                   4 kB: hardwared (pid 738)
                   4 kB: installd (pid 747)
                   4 kB: smobsd (pid 1264)
                   4 kB: dhcpcd (pid 1744)
                   4 kB: sh (pid 8065)
    16009 kB: System
               16009 kB: system (pid 1351)
     6120 kB: Persistent
                3901 kB: com.dunn.instrument (pid 8000)
                2219 kB: com.skyworth.android.skyRMService (pid 1609)
   132614 kB: Foreground
               92565 kB: com.tianci.movieplatform (pid 12501 / activities)
               11901 kB: com.tianci.system (pid 1618)
               10357 kB: com.coocaa.os.ccosservice (pid 1834)
                8752 kB: com.tianci.de (pid 1959)
                6739 kB: com.tianci.push (pid 1869)
                1588 kB: com.coocaa.os.softsettings.provider (pid 2032)
                 712 kB: android.process.media (pid 2242)
    17475 kB: A Services
               17475 kB: com.tianci.movieplatform:daemon (pid 16566)

Total PSS by category:
    49289 kB: Dalvik
    47037 kB: Unknown
    34976 kB: Dalvik Other
    18595 kB: Other dev
    13483 kB: .so mmap
    12563 kB: .dex mmap
     9719 kB: Native
     3488 kB: Stack
     1979 kB: Other mmap
      240 kB: Ashmem
      232 kB: .apk mmap
        0 kB: Cursor
        0 kB: .jar mmap
        0 kB: .ttf mmap
        0 kB: code mmap
        0 kB: image mmap
        0 kB: Graphics
        0 kB: GL
        0 kB: Memtrack

Total RAM: 463128 kB
 Free RAM: 71496 kB (0 cached pss + 49416 cached + 22080 free)
 Used RAM: 215789 kB (191601 used pss + 420 buffers + 304 shmem + 23464 slab)
 Lost RAM: 175843 kB
     ZRAM: 49140 kB physical used for 97792 kB in swap (98300 kB total swap)
   Tuning: 48 (large 128), oom 108462 kB, restore limit 36154 kB (low-ram)
Applications Memory Usage (kB):
Uptime: 1656734 Realtime: 1656734

Total PSS by process:
    94523 kB: com.tianci.movieplatform (pid 12501 / activities)
    17622 kB: com.tianci.movieplatform:daemon (pid 16566)
    16344 kB: system (pid 1351)
    11449 kB: mediaserver (pid 746)
    11396 kB: com.tianci.system (pid 1618)
    10212 kB: com.coocaa.os.ccosservice (pid 1834)
     9747 kB: com.coocaa.sysreport (pid 24009)
     8358 kB: com.tianci.de (pid 1959)
     6714 kB: com.tianci.push (pid 1869)
     4008 kB: com.dunn.instrument (pid 8000)
     2135 kB: com.skyworth.android.skyRMService (pid 1609)
     1544 kB: com.coocaa.os.softsettings.provider (pid 2032)
     1287 kB: TvServer (pid 890)
     1139 kB: zygote (pid 744)
     1008 kB: surfaceflinger (pid 743)
      681 kB: android.process.media (pid 2242)
      411 kB: logcat (pid 2086)
      374 kB: wpa_supplicant (pid 1519)
      370 kB: sdcard (pid 753)
      349 kB: app_process (pid 8117)
      310 kB: dumpsys (pid 24069)
      257 kB: netd (pid 741)
      232 kB: /init (pid 1)
      196 kB: adbd (pid 1409)
      108 kB: healthd (pid 733)
      108 kB: vold (pid 736)
       85 kB: FileDesc_server (pid 749)
       76 kB: coocaa_guard (pid 752)
       72 kB: ueventd (pid 512)
       49 kB: servicemanager (pid 735)
       48 kB: RootApp (pid 878)
       41 kB: logwrapper (pid 855)
       40 kB: busybox (pid 1690)
       24 kB: keypad (pid 740)
       24 kB: VirtualEvent (pid 1250)
        8 kB: drmserver (pid 745)
        8 kB: keystore (pid 748)
        7 kB: debuggerd (pid 742)
        6 kB: sh (pid 734)
        4 kB: hardwared (pid 738)
        4 kB: installd (pid 747)
        4 kB: smobsd (pid 1264)
        4 kB: dhcpcd (pid 1744)
        4 kB: sh (pid 8065)

Total PSS by OOM adjustment:
    18106 kB: Native
               11449 kB: mediaserver (pid 746)
                1287 kB: TvServer (pid 890)
                1139 kB: zygote (pid 744)
                1008 kB: surfaceflinger (pid 743)
                 411 kB: logcat (pid 2086)
                 374 kB: wpa_supplicant (pid 1519)
                 370 kB: sdcard (pid 753)
                 349 kB: app_process (pid 8117)
                 310 kB: dumpsys (pid 24069)
                 257 kB: netd (pid 741)
                 232 kB: /init (pid 1)
                 196 kB: adbd (pid 1409)
                 108 kB: healthd (pid 733)
                 108 kB: vold (pid 736)
                  85 kB: FileDesc_server (pid 749)
                  76 kB: coocaa_guard (pid 752)
                  72 kB: ueventd (pid 512)
                  49 kB: servicemanager (pid 735)
                  48 kB: RootApp (pid 878)
                  41 kB: logwrapper (pid 855)
                  40 kB: busybox (pid 1690)
                  24 kB: keypad (pid 740)
                  24 kB: VirtualEvent (pid 1250)
                   8 kB: drmserver (pid 745)
                   8 kB: keystore (pid 748)
                   7 kB: debuggerd (pid 742)
                   6 kB: sh (pid 734)
                   4 kB: hardwared (pid 738)
                   4 kB: installd (pid 747)
                   4 kB: smobsd (pid 1264)
                   4 kB: dhcpcd (pid 1744)
                   4 kB: sh (pid 8065)
    16344 kB: System
               16344 kB: system (pid 1351)
     6143 kB: Persistent
                4008 kB: com.dunn.instrument (pid 8000)
                2135 kB: com.skyworth.android.skyRMService (pid 1609)
   143175 kB: Foreground
               94523 kB: com.tianci.movieplatform (pid 12501 / activities)
               11396 kB: com.tianci.system (pid 1618)
               10212 kB: com.coocaa.os.ccosservice (pid 1834)
                9747 kB: com.coocaa.sysreport (pid 24009)
                8358 kB: com.tianci.de (pid 1959)
                6714 kB: com.tianci.push (pid 1869)
                1544 kB: com.coocaa.os.softsettings.provider (pid 2032)
                 681 kB: android.process.media (pid 2242)
    17622 kB: A Services
               17622 kB: com.tianci.movieplatform:daemon (pid 16566)

Total PSS by category:
    50265 kB: Dalvik
    45505 kB: Unknown
    36757 kB: Dalvik Other
    18603 kB: Other dev
    18374 kB: .dex mmap
    14894 kB: .so mmap
     9932 kB: Native
     3552 kB: Stack
     2148 kB: Other mmap
      760 kB: .apk mmap
      304 kB: .ttf mmap
      292 kB: Ashmem
        4 kB: .jar mmap
        0 kB: Cursor
        0 kB: code mmap
        0 kB: image mmap
        0 kB: Graphics
        0 kB: GL
        0 kB: Memtrack

Total RAM: 463128 kB
 Free RAM: 69484 kB (0 cached pss + 46132 cached + 23352 free)
 Used RAM: 225914 kB (201390 used pss + 772 buffers + 344 shmem + 23408 slab)
 Lost RAM: 167730 kB
     ZRAM: 49088 kB physical used for 98220 kB in swap (98300 kB total swap)
   Tuning: 48 (large 128), oom 108462 kB, restore limit 36154 kB (low-ram)
Applications Memory Usage (kB):
Uptime: 1662493 Realtime: 1662493

Total PSS by process:
    91909 kB: com.tianci.movieplatform (pid 12501 / activities)
    17184 kB: com.tianci.movieplatform:daemon (pid 16566)
    16263 kB: system (pid 1351)
    11608 kB: com.tianci.system (pid 1618)
    11313 kB: mediaserver (pid 746)
    10549 kB: com.coocaa.os.ccosservice (pid 1834)
     8361 kB: com.tianci.de (pid 1959)
     8086 kB: com.tianci.user (pid 24252)
     5514 kB: com.tianci.push (pid 1869)
     3859 kB: com.dunn.instrument (pid 8000)
     2071 kB: com.skyworth.android.skyRMService (pid 1609)
     1945 kB: com.coocaa.os.softsettings.provider (pid 2032)
     1227 kB: TvServer (pid 890)
     1054 kB: zygote (pid 744)
     1005 kB: surfaceflinger (pid 743)
      682 kB: android.process.media (pid 2242)
      431 kB: logcat (pid 2086)
      382 kB: wpa_supplicant (pid 1519)
      370 kB: sdcard (pid 753)
      349 kB: app_process (pid 8117)
      331 kB: dumpsys (pid 24217)
      266 kB: netd (pid 741)
      232 kB: /init (pid 1)
      196 kB: adbd (pid 1409)
      108 kB: healthd (pid 733)
       85 kB: FileDesc_server (pid 749)
       76 kB: coocaa_guard (pid 752)
       72 kB: ueventd (pid 512)
       72 kB: vold (pid 736)
       49 kB: servicemanager (pid 735)
       48 kB: RootApp (pid 878)
       41 kB: logwrapper (pid 855)
       40 kB: busybox (pid 1690)
       24 kB: keypad (pid 740)
       24 kB: VirtualEvent (pid 1250)
        8 kB: drmserver (pid 745)
        8 kB: keystore (pid 748)
        7 kB: debuggerd (pid 742)
        6 kB: sh (pid 734)
        4 kB: hardwared (pid 738)
        4 kB: installd (pid 747)
        4 kB: smobsd (pid 1264)
        4 kB: dhcpcd (pid 1744)
        4 kB: sh (pid 8065)

Total PSS by OOM adjustment:
    25930 kB: Native
               11313 kB: mediaserver (pid 746)
                8086 kB: com.tianci.user (pid 24252)
                1227 kB: TvServer (pid 890)
                1054 kB: zygote (pid 744)
                1005 kB: surfaceflinger (pid 743)
                 431 kB: logcat (pid 2086)
                 382 kB: wpa_supplicant (pid 1519)
                 370 kB: sdcard (pid 753)
                 349 kB: app_process (pid 8117)
                 331 kB: dumpsys (pid 24217)
                 266 kB: netd (pid 741)
                 232 kB: /init (pid 1)
                 196 kB: adbd (pid 1409)
                 108 kB: healthd (pid 733)
                  85 kB: FileDesc_server (pid 749)
                  76 kB: coocaa_guard (pid 752)
                  72 kB: ueventd (pid 512)
                  72 kB: vold (pid 736)
                  49 kB: servicemanager (pid 735)
                  48 kB: RootApp (pid 878)
                  41 kB: logwrapper (pid 855)
                  40 kB: busybox (pid 1690)
                  24 kB: keypad (pid 740)
                  24 kB: VirtualEvent (pid 1250)
                   8 kB: drmserver (pid 745)
                   8 kB: keystore (pid 748)
                   7 kB: debuggerd (pid 742)
                   6 kB: sh (pid 734)
                   4 kB: hardwared (pid 738)
                   4 kB: installd (pid 747)
                   4 kB: smobsd (pid 1264)
                   4 kB: dhcpcd (pid 1744)
                   4 kB: sh (pid 8065)
    16263 kB: System
               16263 kB: system (pid 1351)
     5930 kB: Persistent
                3859 kB: com.dunn.instrument (pid 8000)
                2071 kB: com.skyworth.android.skyRMService (pid 1609)
   130568 kB: Foreground
               91909 kB: com.tianci.movieplatform (pid 12501 / activities)
               11608 kB: com.tianci.system (pid 1618)
               10549 kB: com.coocaa.os.ccosservice (pid 1834)
                8361 kB: com.tianci.de (pid 1959)
                5514 kB: com.tianci.push (pid 1869)
                1945 kB: com.coocaa.os.softsettings.provider (pid 2032)
                 682 kB: android.process.media (pid 2242)
    17184 kB: A Services
               17184 kB: com.tianci.movieplatform:daemon (pid 16566)

Total PSS by category:
    50071 kB: Dalvik
    46290 kB: Unknown
    35600 kB: Dalvik Other
    18507 kB: Other dev
    15905 kB: .dex mmap
    13530 kB: .so mmap
     9904 kB: Native
     3540 kB: Stack
     2096 kB: Other mmap
      296 kB: Ashmem
      132 kB: .apk mmap
        4 kB: .jar mmap
        0 kB: Cursor
        0 kB: .ttf mmap
        0 kB: code mmap
        0 kB: image mmap
        0 kB: Graphics
        0 kB: GL
        0 kB: Memtrack

Total RAM: 463128 kB
 Free RAM: 72960 kB (0 cached pss + 36640 cached + 36320 free)
 Used RAM: 220327 kB (195875 used pss + 748 buffers + 344 shmem + 23360 slab)
 Lost RAM: 169841 kB
     ZRAM: 48436 kB physical used for 98300 kB in swap (98300 kB total swap)
   Tuning: 48 (large 128), oom 108462 kB, restore limit 36154 kB (low-ram)
Applications Memory Usage (kB):
Uptime: 1667066 Realtime: 1667066

Total PSS by process:
    84768 kB: com.tianci.movieplatform (pid 12501 / activities)
    17073 kB: com.tianci.movieplatform:daemon (pid 16566)
    16087 kB: system (pid 1351)
    11394 kB: com.tianci.system (pid 1618)
    11059 kB: mediaserver (pid 746)
    10534 kB: com.coocaa.os.ccosservice (pid 1834)
     8354 kB: com.tianci.de (pid 1959)
     5558 kB: com.tianci.push (pid 1869)
     3998 kB: com.dunn.instrument (pid 8000)
     2064 kB: com.skyworth.android.skyRMService (pid 1609)
     1908 kB: com.coocaa.os.softsettings.provider (pid 2032)
     1134 kB: zygote (pid 744)
      987 kB: surfaceflinger (pid 743)
      751 kB: TvServer (pid 890)
      681 kB: android.process.media (pid 2242)
      430 kB: logcat (pid 2086)
      382 kB: wpa_supplicant (pid 1519)
      370 kB: sdcard (pid 753)
      349 kB: app_process (pid 8117)
      265 kB: netd (pid 741)
      232 kB: /init (pid 1)
      196 kB: adbd (pid 1409)
      108 kB: healthd (pid 733)
       85 kB: FileDesc_server (pid 749)
       76 kB: coocaa_guard (pid 752)
       72 kB: ueventd (pid 512)
       72 kB: vold (pid 736)
       49 kB: servicemanager (pid 735)
       48 kB: RootApp (pid 878)
       41 kB: logwrapper (pid 855)
       40 kB: busybox (pid 1690)
       24 kB: keypad (pid 740)
       24 kB: VirtualEvent (pid 1250)
        8 kB: drmserver (pid 745)
        8 kB: keystore (pid 748)
        7 kB: debuggerd (pid 742)
        6 kB: sh (pid 734)
        4 kB: hardwared (pid 738)
        4 kB: installd (pid 747)
        4 kB: smobsd (pid 1264)
        4 kB: dhcpcd (pid 1744)
        4 kB: sh (pid 8065)
        0 kB: dumpsys (pid 24217)
        0 kB: com.tianci.user (pid 24252)

Total PSS by OOM adjustment:
    16843 kB: Native
               11059 kB: mediaserver (pid 746)
                1134 kB: zygote (pid 744)
                 987 kB: surfaceflinger (pid 743)
                 751 kB: TvServer (pid 890)
                 430 kB: logcat (pid 2086)
                 382 kB: wpa_supplicant (pid 1519)
                 370 kB: sdcard (pid 753)
                 349 kB: app_process (pid 8117)
                 265 kB: netd (pid 741)
                 232 kB: /init (pid 1)
                 196 kB: adbd (pid 1409)
                 108 kB: healthd (pid 733)
                  85 kB: FileDesc_server (pid 749)
                  76 kB: coocaa_guard (pid 752)
                  72 kB: ueventd (pid 512)
                  72 kB: vold (pid 736)
                  49 kB: servicemanager (pid 735)
                  48 kB: RootApp (pid 878)
                  41 kB: logwrapper (pid 855)
                  40 kB: busybox (pid 1690)
                  24 kB: keypad (pid 740)
                  24 kB: VirtualEvent (pid 1250)
                   8 kB: drmserver (pid 745)
                   8 kB: keystore (pid 748)
                   7 kB: debuggerd (pid 742)
                   6 kB: sh (pid 734)
                   4 kB: hardwared (pid 738)
                   4 kB: installd (pid 747)
                   4 kB: smobsd (pid 1264)
                   4 kB: dhcpcd (pid 1744)
                   4 kB: sh (pid 8065)
                   0 kB: dumpsys (pid 24217)
                   0 kB: com.tianci.user (pid 24252)
    16087 kB: System
               16087 kB: system (pid 1351)
     6062 kB: Persistent
                3998 kB: com.dunn.instrument (pid 8000)
                2064 kB: com.skyworth.android.skyRMService (pid 1609)
   123197 kB: Foreground
               84768 kB: com.tianci.movieplatform (pid 12501 / activities)
               11394 kB: com.tianci.system (pid 1618)
               10534 kB: com.coocaa.os.ccosservice (pid 1834)
                8354 kB: com.tianci.de (pid 1959)
                5558 kB: com.tianci.push (pid 1869)
                1908 kB: com.coocaa.os.softsettings.provider (pid 2032)
                 681 kB: android.process.media (pid 2242)
    17073 kB: A Services
               17073 kB: com.tianci.movieplatform:daemon (pid 16566)

Total PSS by category:
    48868 kB: Dalvik
    40138 kB: Unknown
    34452 kB: Dalvik Other
    18498 kB: Other dev
    12510 kB: .so mmap
     9888 kB: Native
     9162 kB: .dex mmap
     3496 kB: Stack
     1482 kB: Other mmap
      472 kB: .apk mmap
      296 kB: Ashmem
        0 kB: Cursor
        0 kB: .jar mmap
        0 kB: .ttf mmap
        0 kB: code mmap
        0 kB: image mmap
        0 kB: Graphics
        0 kB: GL
        0 kB: Memtrack

Total RAM: 463128 kB
 Free RAM: 76888 kB (0 cached pss + 46700 cached + 30188 free)
 Used RAM: 203950 kB (179262 used pss + 980 buffers + 344 shmem + 23364 slab)
 Lost RAM: 182290 kB
     ZRAM: 48444 kB physical used for 98296 kB in swap (98300 kB total swap)
   Tuning: 48 (large 128), oom 108462 kB, restore limit 36154 kB (low-ram)
Applications Memory Usage (kB):
Uptime: 1670612 Realtime: 1670612

Total PSS by process:
    85295 kB: com.tianci.movieplatform (pid 12501 / activities)
    17095 kB: com.tianci.movieplatform:daemon (pid 16566)
    16246 kB: system (pid 1351)
    11589 kB: com.tianci.system (pid 1618)
    10909 kB: mediaserver (pid 746)
    10548 kB: com.coocaa.os.ccosservice (pid 1834)
     8347 kB: com.tianci.de (pid 1959)
     5561 kB: com.tianci.push (pid 1869)
     4047 kB: com.dunn.instrument (pid 8000)
     2877 kB: com.skyworth.android.skyRMService (pid 1609)
     1927 kB: com.coocaa.os.softsettings.provider (pid 2032)
     1263 kB: zygote (pid 744)
      990 kB: surfaceflinger (pid 743)
      731 kB: TvServer (pid 890)
      701 kB: android.process.media (pid 2242)
      431 kB: logcat (pid 2086)
      370 kB: sdcard (pid 753)
      352 kB: app_process (pid 8117)
      294 kB: dumpsys (pid 24400)
      252 kB: netd (pid 741)
      232 kB: /init (pid 1)
      196 kB: adbd (pid 1409)
      163 kB: wpa_supplicant (pid 1519)
      108 kB: healthd (pid 733)
       85 kB: FileDesc_server (pid 749)
       76 kB: coocaa_guard (pid 752)
       73 kB: vold (pid 736)
       72 kB: ueventd (pid 512)
       49 kB: servicemanager (pid 735)
       48 kB: RootApp (pid 878)
       40 kB: busybox (pid 1690)
       33 kB: logwrapper (pid 855)
       24 kB: keypad (pid 740)
       24 kB: VirtualEvent (pid 1250)
        8 kB: drmserver (pid 745)
        8 kB: keystore (pid 748)
        7 kB: debuggerd (pid 742)
        6 kB: sh (pid 734)
        4 kB: hardwared (pid 738)
        4 kB: installd (pid 747)
        4 kB: smobsd (pid 1264)
        4 kB: dhcpcd (pid 1744)
        4 kB: sh (pid 8065)
        0 kB: busybox (pid 24424)

Total PSS by OOM adjustment:
    16864 kB: Native
               10909 kB: mediaserver (pid 746)
                1263 kB: zygote (pid 744)
                 990 kB: surfaceflinger (pid 743)
                 731 kB: TvServer (pid 890)
                 431 kB: logcat (pid 2086)
                 370 kB: sdcard (pid 753)
                 352 kB: app_process (pid 8117)
                 294 kB: dumpsys (pid 24400)
                 252 kB: netd (pid 741)
                 232 kB: /init (pid 1)
                 196 kB: adbd (pid 1409)
                 163 kB: wpa_supplicant (pid 1519)
                 108 kB: healthd (pid 733)
                  85 kB: FileDesc_server (pid 749)
                  76 kB: coocaa_guard (pid 752)
                  73 kB: vold (pid 736)
                  72 kB: ueventd (pid 512)
                  49 kB: servicemanager (pid 735)
                  48 kB: RootApp (pid 878)
                  40 kB: busybox (pid 1690)
                  33 kB: logwrapper (pid 855)
                  24 kB: keypad (pid 740)
                  24 kB: VirtualEvent (pid 1250)
                   8 kB: drmserver (pid 745)
                   8 kB: keystore (pid 748)
                   7 kB: debuggerd (pid 742)
                   6 kB: sh (pid 734)
                   4 kB: hardwared (pid 738)
                   4 kB: installd (pid 747)
                   4 kB: smobsd (pid 1264)
                   4 kB: dhcpcd (pid 1744)
                   4 kB: sh (pid 8065)
                   0 kB: busybox (pid 24424)
    16246 kB: System
               16246 kB: system (pid 1351)
     6924 kB: Persistent
                4047 kB: com.dunn.instrument (pid 8000)
                2877 kB: com.skyworth.android.skyRMService (pid 1609)
   123968 kB: Foreground
               85295 kB: com.tianci.movieplatform (pid 12501 / activities)
               11589 kB: com.tianci.system (pid 1618)
               10548 kB: com.coocaa.os.ccosservice (pid 1834)
                8347 kB: com.tianci.de (pid 1959)
                5561 kB: com.tianci.push (pid 1869)
                1927 kB: com.coocaa.os.softsettings.provider (pid 2032)
                 701 kB: android.process.media (pid 2242)
    17095 kB: A Services
               17095 kB: com.tianci.movieplatform:daemon (pid 16566)

Total PSS by category:
    49529 kB: Dalvik
    40402 kB: Unknown
    34367 kB: Dalvik Other
    18505 kB: Other dev
    11963 kB: .so mmap
    10894 kB: .dex mmap
     9903 kB: Native
     3508 kB: Stack
     1258 kB: Other mmap
      472 kB: .apk mmap
      296 kB: Ashmem
        0 kB: Cursor
        0 kB: .jar mmap
        0 kB: .ttf mmap
        0 kB: code mmap
        0 kB: image mmap
        0 kB: Graphics
        0 kB: GL
        0 kB: Memtrack

Total RAM: 463128 kB
 Free RAM: 79328 kB (0 cached pss + 46820 cached + 32508 free)
 Used RAM: 206217 kB (181097 used pss + 1412 buffers + 344 shmem + 23364 slab)
 Lost RAM: 177583 kB
     ZRAM: 48380 kB physical used for 97496 kB in swap (98300 kB total swap)
   Tuning: 48 (large 128), oom 108462 kB, restore limit 36154 kB (low-ram)
Applications Memory Usage (kB):
Uptime: 1674214 Realtime: 1674214

Total PSS by process:
    85481 kB: com.tianci.movieplatform (pid 12501 / activities)
    17046 kB: com.tianci.movieplatform:daemon (pid 16566)
    16370 kB: system (pid 1351)
    11792 kB: com.tianci.system (pid 1618)
    10917 kB: mediaserver (pid 746)
    10907 kB: com.coocaa.os.ccosservice (pid 1834)
     8239 kB: com.tianci.de (pid 1959)
     5560 kB: com.tianci.push (pid 1869)
     3992 kB: com.dunn.instrument (pid 8000)
     3008 kB: com.skyworth.android.skyRMService (pid 1609)
     1925 kB: com.coocaa.os.softsettings.provider (pid 2032)
     1263 kB: zygote (pid 744)
      994 kB: surfaceflinger (pid 743)
      732 kB: TvServer (pid 890)
      701 kB: android.process.media (pid 2242)
      431 kB: logcat (pid 2086)
      383 kB: wpa_supplicant (pid 1519)
      370 kB: sdcard (pid 753)
      352 kB: app_process (pid 8117)
      263 kB: netd (pid 741)
      232 kB: /init (pid 1)
      196 kB: adbd (pid 1409)
      108 kB: healthd (pid 733)
       85 kB: FileDesc_server (pid 749)
       76 kB: coocaa_guard (pid 752)
       73 kB: vold (pid 736)
       72 kB: ueventd (pid 512)
       49 kB: servicemanager (pid 735)
       48 kB: RootApp (pid 878)
       40 kB: busybox (pid 1690)
       33 kB: logwrapper (pid 855)
       24 kB: keypad (pid 740)
       24 kB: VirtualEvent (pid 1250)
        8 kB: drmserver (pid 745)
        8 kB: keystore (pid 748)
        7 kB: debuggerd (pid 742)
        6 kB: sh (pid 734)
        4 kB: hardwared (pid 738)
        4 kB: installd (pid 747)
        4 kB: smobsd (pid 1264)
        4 kB: dhcpcd (pid 1744)
        4 kB: sh (pid 8065)
        0 kB: dumpsys (pid 24400)
        0 kB: busybox (pid 24424)

Total PSS by OOM adjustment:
    16814 kB: Native
               10917 kB: mediaserver (pid 746)
                1263 kB: zygote (pid 744)
                 994 kB: surfaceflinger (pid 743)
                 732 kB: TvServer (pid 890)
                 431 kB: logcat (pid 2086)
                 383 kB: wpa_supplicant (pid 1519)
                 370 kB: sdcard (pid 753)
                 352 kB: app_process (pid 8117)
                 263 kB: netd (pid 741)
                 232 kB: /init (pid 1)
                 196 kB: adbd (pid 1409)
                 108 kB: healthd (pid 733)
                  85 kB: FileDesc_server (pid 749)
                  76 kB: coocaa_guard (pid 752)
                  73 kB: vold (pid 736)
                  72 kB: ueventd (pid 512)
                  49 kB: servicemanager (pid 735)
                  48 kB: RootApp (pid 878)
                  40 kB: busybox (pid 1690)
                  33 kB: logwrapper (pid 855)
                  24 kB: keypad (pid 740)
                  24 kB: VirtualEvent (pid 1250)
                   8 kB: drmserver (pid 745)
                   8 kB: keystore (pid 748)
                   7 kB: debuggerd (pid 742)
                   6 kB: sh (pid 734)
                   4 kB: hardwared (pid 738)
                   4 kB: installd (pid 747)
                   4 kB: smobsd (pid 1264)
                   4 kB: dhcpcd (pid 1744)
                   4 kB: sh (pid 8065)
                   0 kB: dumpsys (pid 24400)
                   0 kB: busybox (pid 24424)
    16370 kB: System
               16370 kB: system (pid 1351)
     7000 kB: Persistent
                3992 kB: com.dunn.instrument (pid 8000)
                3008 kB: com.skyworth.android.skyRMService (pid 1609)
   124605 kB: Foreground
               85481 kB: com.tianci.movieplatform (pid 12501 / activities)
               11792 kB: com.tianci.system (pid 1618)
               10907 kB: com.coocaa.os.ccosservice (pid 1834)
                8239 kB: com.tianci.de (pid 1959)
                5560 kB: com.tianci.push (pid 1869)
                1925 kB: com.coocaa.os.softsettings.provider (pid 2032)
                 701 kB: android.process.media (pid 2242)
    17046 kB: A Services
               17046 kB: com.tianci.movieplatform:daemon (pid 16566)

Total PSS by category:
    49541 kB: Dalvik
    40438 kB: Unknown
    34219 kB: Dalvik Other
    18500 kB: Other dev
    11821 kB: .so mmap
    11643 kB: .dex mmap
     9907 kB: Native
     3500 kB: Stack
     1498 kB: Other mmap
      472 kB: .apk mmap
      296 kB: Ashmem
        0 kB: Cursor
        0 kB: .jar mmap
        0 kB: .ttf mmap
        0 kB: code mmap
        0 kB: image mmap
        0 kB: Graphics
        0 kB: GL
        0 kB: Memtrack

Total RAM: 463128 kB
 Free RAM: 81068 kB (0 cached pss + 37688 cached + 43380 free)
 Used RAM: 207243 kB (181835 used pss + 1668 buffers + 344 shmem + 23396 slab)
 Lost RAM: 174817 kB
     ZRAM: 48380 kB physical used for 97732 kB in swap (98300 kB total swap)
   Tuning: 48 (large 128), oom 108462 kB, restore limit 36154 kB (low-ram)
Applications Memory Usage (kB):
Uptime: 1677649 Realtime: 1677649

Total PSS by process:
    83497 kB: com.tianci.movieplatform (pid 12501 / activities)
    17597 kB: com.tianci.movieplatform:daemon (pid 16566)
    16211 kB: system (pid 1351)
    11792 kB: com.tianci.system (pid 1618)
    10917 kB: mediaserver (pid 746)
    10905 kB: com.coocaa.os.ccosservice (pid 1834)
     8251 kB: com.tianci.de (pid 1959)
     5564 kB: com.tianci.push (pid 1869)
     4020 kB: com.dunn.instrument (pid 8000)
     3008 kB: com.skyworth.android.skyRMService (pid 1609)
     1925 kB: com.coocaa.os.softsettings.provider (pid 2032)
     1262 kB: zygote (pid 744)
      993 kB: surfaceflinger (pid 743)
      732 kB: TvServer (pid 890)
      701 kB: android.process.media (pid 2242)
      431 kB: logcat (pid 2086)
      383 kB: wpa_supplicant (pid 1519)
      370 kB: sdcard (pid 753)
      352 kB: app_process (pid 8117)
      332 kB: dumpsys (pid 24538)
      259 kB: netd (pid 741)
      232 kB: /init (pid 1)
      196 kB: adbd (pid 1409)
      108 kB: healthd (pid 733)
       85 kB: FileDesc_server (pid 749)
       76 kB: coocaa_guard (pid 752)
       72 kB: ueventd (pid 512)
       72 kB: vold (pid 736)
       49 kB: servicemanager (pid 735)
       48 kB: RootApp (pid 878)
       40 kB: busybox (pid 1690)
       33 kB: logwrapper (pid 855)
       24 kB: keypad (pid 740)
       24 kB: VirtualEvent (pid 1250)
        8 kB: drmserver (pid 745)
        8 kB: keystore (pid 748)
        7 kB: debuggerd (pid 742)
        6 kB: sh (pid 734)
        4 kB: hardwared (pid 738)
        4 kB: installd (pid 747)
        4 kB: smobsd (pid 1264)
        4 kB: dhcpcd (pid 1744)
        4 kB: sh (pid 8065)
        0 kB: sh (pid 24555)

Total PSS by OOM adjustment:
    17139 kB: Native
               10917 kB: mediaserver (pid 746)
                1262 kB: zygote (pid 744)
                 993 kB: surfaceflinger (pid 743)
                 732 kB: TvServer (pid 890)
                 431 kB: logcat (pid 2086)
                 383 kB: wpa_supplicant (pid 1519)
                 370 kB: sdcard (pid 753)
                 352 kB: app_process (pid 8117)
                 332 kB: dumpsys (pid 24538)
                 259 kB: netd (pid 741)
                 232 kB: /init (pid 1)
                 196 kB: adbd (pid 1409)
                 108 kB: healthd (pid 733)
                  85 kB: FileDesc_server (pid 749)
                  76 kB: coocaa_guard (pid 752)
                  72 kB: ueventd (pid 512)
                  72 kB: vold (pid 736)
                  49 kB: servicemanager (pid 735)
                  48 kB: RootApp (pid 878)
                  40 kB: busybox (pid 1690)
                  33 kB: logwrapper (pid 855)
                  24 kB: keypad (pid 740)
                  24 kB: VirtualEvent (pid 1250)
                   8 kB: drmserver (pid 745)
                   8 kB: keystore (pid 748)
                   7 kB: debuggerd (pid 742)
                   6 kB: sh (pid 734)
                   4 kB: hardwared (pid 738)
                   4 kB: installd (pid 747)
                   4 kB: smobsd (pid 1264)
                   4 kB: dhcpcd (pid 1744)
                   4 kB: sh (pid 8065)
                   0 kB: sh (pid 24555)
    16211 kB: System
               16211 kB: system (pid 1351)
     7028 kB: Persistent
                4020 kB: com.dunn.instrument (pid 8000)
                3008 kB: com.skyworth.android.skyRMService (pid 1609)
   122635 kB: Foreground
               83497 kB: com.tianci.movieplatform (pid 12501 / activities)
               11792 kB: com.tianci.system (pid 1618)
               10905 kB: com.coocaa.os.ccosservice (pid 1834)
                8251 kB: com.tianci.de (pid 1959)
                5564 kB: com.tianci.push (pid 1869)
                1925 kB: com.coocaa.os.softsettings.provider (pid 2032)
                 701 kB: android.process.media (pid 2242)
    17597 kB: A Services
               17597 kB: com.tianci.movieplatform:daemon (pid 16566)

Total PSS by category:
    49397 kB: Dalvik
    38474 kB: Unknown
    34219 kB: Dalvik Other
    18504 kB: Other dev
    12396 kB: .so mmap
    11893 kB: .dex mmap
     9919 kB: Native
     3496 kB: Stack
     1544 kB: Other mmap
      472 kB: .apk mmap
      296 kB: Ashmem
        0 kB: Cursor
        0 kB: .jar mmap
        0 kB: .ttf mmap
        0 kB: code mmap
        0 kB: image mmap
        0 kB: Graphics
        0 kB: GL
        0 kB: Memtrack

Total RAM: 463128 kB
 Free RAM: 81456 kB (0 cached pss + 36500 cached + 44956 free)
 Used RAM: 206258 kB (180610 used pss + 1920 buffers + 344 shmem + 23384 slab)
 Lost RAM: 175414 kB
     ZRAM: 48372 kB physical used for 97580 kB in swap (98300 kB total swap)
   Tuning: 48 (large 128), oom 108462 kB, restore limit 36154 kB (low-ram)
Applications Memory Usage (kB):
Uptime: 1680845 Realtime: 1680845

Total PSS by process:
    82150 kB: com.tianci.movieplatform (pid 12501 / activities)
    17011 kB: com.tianci.movieplatform:daemon (pid 16566)
    16214 kB: system (pid 1351)
    11633 kB: com.tianci.system (pid 1618)
    10913 kB: mediaserver (pid 746)
    10894 kB: com.coocaa.os.ccosservice (pid 1834)
     8379 kB: com.tianci.de (pid 1959)
     5548 kB: com.tianci.push (pid 1869)
     3944 kB: com.dunn.instrument (pid 8000)
     3008 kB: com.skyworth.android.skyRMService (pid 1609)
     1924 kB: com.coocaa.os.softsettings.provider (pid 2032)
     1224 kB: zygote (pid 744)
      989 kB: surfaceflinger (pid 743)
      732 kB: TvServer (pid 890)
      701 kB: android.process.media (pid 2242)
      431 kB: logcat (pid 2086)
      383 kB: wpa_supplicant (pid 1519)
      370 kB: sdcard (pid 753)
      352 kB: app_process (pid 8117)
      260 kB: netd (pid 741)
      232 kB: /init (pid 1)
      196 kB: adbd (pid 1409)
      108 kB: healthd (pid 733)
       85 kB: FileDesc_server (pid 749)
       76 kB: coocaa_guard (pid 752)
       73 kB: vold (pid 736)
       72 kB: ueventd (pid 512)
       49 kB: servicemanager (pid 735)
       48 kB: RootApp (pid 878)
       40 kB: busybox (pid 1690)
       33 kB: logwrapper (pid 855)
       24 kB: keypad (pid 740)
       24 kB: VirtualEvent (pid 1250)
        8 kB: drmserver (pid 745)
        8 kB: keystore (pid 748)
        7 kB: debuggerd (pid 742)
        6 kB: sh (pid 734)
        4 kB: hardwared (pid 738)
        4 kB: installd (pid 747)
        4 kB: smobsd (pid 1264)
        4 kB: dhcpcd (pid 1744)
        4 kB: sh (pid 8065)
        0 kB: dumpsys (pid 24538)
        0 kB: sh (pid 24555)

Total PSS by OOM adjustment:
    16763 kB: Native
               10913 kB: mediaserver (pid 746)
                1224 kB: zygote (pid 744)
                 989 kB: surfaceflinger (pid 743)
                 732 kB: TvServer (pid 890)
                 431 kB: logcat (pid 2086)
                 383 kB: wpa_supplicant (pid 1519)
                 370 kB: sdcard (pid 753)
                 352 kB: app_process (pid 8117)
                 260 kB: netd (pid 741)
                 232 kB: /init (pid 1)
                 196 kB: adbd (pid 1409)
                 108 kB: healthd (pid 733)
                  85 kB: FileDesc_server (pid 749)
                  76 kB: coocaa_guard (pid 752)
                  73 kB: vold (pid 736)
                  72 kB: ueventd (pid 512)
                  49 kB: servicemanager (pid 735)
                  48 kB: RootApp (pid 878)
                  40 kB: busybox (pid 1690)
                  33 kB: logwrapper (pid 855)
                  24 kB: keypad (pid 740)
                  24 kB: VirtualEvent (pid 1250)
                   8 kB: drmserver (pid 745)
                   8 kB: keystore (pid 748)
                   7 kB: debuggerd (pid 742)
                   6 kB: sh (pid 734)
                   4 kB: hardwared (pid 738)
                   4 kB: installd (pid 747)
                   4 kB: smobsd (pid 1264)
                   4 kB: dhcpcd (pid 1744)
                   4 kB: sh (pid 8065)
                   0 kB: dumpsys (pid 24538)
                   0 kB: sh (pid 24555)
    16214 kB: System
               16214 kB: system (pid 1351)
     6952 kB: Persistent
                3944 kB: com.dunn.instrument (pid 8000)
                3008 kB: com.skyworth.android.skyRMService (pid 1609)
   121229 kB: Foreground
               82150 kB: com.tianci.movieplatform (pid 12501 / activities)
               11633 kB: com.tianci.system (pid 1618)
               10894 kB: com.coocaa.os.ccosservice (pid 1834)
                8379 kB: com.tianci.de (pid 1959)
                5548 kB: com.tianci.push (pid 1869)
                1924 kB: com.coocaa.os.softsettings.provider (pid 2032)
                 701 kB: android.process.media (pid 2242)
    17011 kB: A Services
               17011 kB: com.tianci.movieplatform:daemon (pid 16566)

Total PSS by category:
    49477 kB: Dalvik
    38382 kB: Unknown
    34555 kB: Dalvik Other
    18499 kB: Other dev
    11551 kB: .so mmap
    10464 kB: .dex mmap
     9907 kB: Native
     3412 kB: Stack
     1494 kB: Other mmap
      296 kB: Ashmem
      132 kB: .apk mmap
        0 kB: Cursor
        0 kB: .jar mmap
        0 kB: .ttf mmap
        0 kB: code mmap
        0 kB: image mmap
        0 kB: Graphics
        0 kB: GL
        0 kB: Memtrack

Total RAM: 463128 kB
 Free RAM: 82608 kB (0 cached pss + 27144 cached + 55464 free)
 Used RAM: 203173 kB (178169 used pss + 1328 buffers + 344 shmem + 23332 slab)
 Lost RAM: 177347 kB
     ZRAM: 48400 kB physical used for 98272 kB in swap (98300 kB total swap)
   Tuning: 48 (large 128), oom 108462 kB, restore limit 36154 kB (low-ram)
Applications Memory Usage (kB):
Uptime: 1684036 Realtime: 1684036

Total PSS by process:
    81017 kB: com.tianci.movieplatform (pid 12501 / activities)
    16958 kB: com.tianci.movieplatform:daemon (pid 16566)
    15954 kB: system (pid 1351)
    11445 kB: com.tianci.system (pid 1618)
    10882 kB: mediaserver (pid 746)
    10554 kB: com.coocaa.os.ccosservice (pid 1834)
     8370 kB: com.tianci.de (pid 1959)
     5556 kB: com.tianci.push (pid 1869)
     3918 kB: com.dunn.instrument (pid 8000)
     3063 kB: com.skyworth.android.skyRMService (pid 1609)
     1924 kB: com.coocaa.os.softsettings.provider (pid 2032)
     1211 kB: zygote (pid 744)
      984 kB: surfaceflinger (pid 743)
      731 kB: TvServer (pid 890)
      701 kB: android.process.media (pid 2242)
      431 kB: logcat (pid 2086)
      383 kB: wpa_supplicant (pid 1519)
      370 kB: sdcard (pid 753)
      352 kB: app_process (pid 8117)
      301 kB: dumpsys (pid 24655)
      245 kB: netd (pid 741)
      232 kB: /init (pid 1)
      200 kB: adbd (pid 1409)
      108 kB: healthd (pid 733)
       85 kB: FileDesc_server (pid 749)
       76 kB: coocaa_guard (pid 752)
       72 kB: ueventd (pid 512)
       72 kB: vold (pid 736)
       49 kB: servicemanager (pid 735)
       48 kB: RootApp (pid 878)
       40 kB: busybox (pid 1690)
       33 kB: logwrapper (pid 855)
       24 kB: keypad (pid 740)
       24 kB: VirtualEvent (pid 1250)
        8 kB: drmserver (pid 745)
        8 kB: keystore (pid 748)
        7 kB: debuggerd (pid 742)
        6 kB: sh (pid 734)
        4 kB: hardwared (pid 738)
        4 kB: installd (pid 747)
        4 kB: smobsd (pid 1264)
        4 kB: dhcpcd (pid 1744)
        4 kB: sh (pid 8065)

Total PSS by OOM adjustment:
    17002 kB: Native
               10882 kB: mediaserver (pid 746)
                1211 kB: zygote (pid 744)
                 984 kB: surfaceflinger (pid 743)
                 731 kB: TvServer (pid 890)
                 431 kB: logcat (pid 2086)
                 383 kB: wpa_supplicant (pid 1519)
                 370 kB: sdcard (pid 753)
                 352 kB: app_process (pid 8117)
                 301 kB: dumpsys (pid 24655)
                 245 kB: netd (pid 741)
                 232 kB: /init (pid 1)
                 200 kB: adbd (pid 1409)
                 108 kB: healthd (pid 733)
                  85 kB: FileDesc_server (pid 749)
                  76 kB: coocaa_guard (pid 752)
                  72 kB: ueventd (pid 512)
                  72 kB: vold (pid 736)
                  49 kB: servicemanager (pid 735)
                  48 kB: RootApp (pid 878)
                  40 kB: busybox (pid 1690)
                  33 kB: logwrapper (pid 855)
                  24 kB: keypad (pid 740)
                  24 kB: VirtualEvent (pid 1250)
                   8 kB: drmserver (pid 745)
                   8 kB: keystore (pid 748)
                   7 kB: debuggerd (pid 742)
                   6 kB: sh (pid 734)
                   4 kB: hardwared (pid 738)
                   4 kB: installd (pid 747)
                   4 kB: smobsd (pid 1264)
                   4 kB: dhcpcd (pid 1744)
                   4 kB: sh (pid 8065)
    15954 kB: System
               15954 kB: system (pid 1351)
     6981 kB: Persistent
                3918 kB: com.dunn.instrument (pid 8000)
                3063 kB: com.skyworth.android.skyRMService (pid 1609)
   119567 kB: Foreground
               81017 kB: com.tianci.movieplatform (pid 12501 / activities)
               11445 kB: com.tianci.system (pid 1618)
               10554 kB: com.coocaa.os.ccosservice (pid 1834)
                8370 kB: com.tianci.de (pid 1959)
                5556 kB: com.tianci.push (pid 1869)
                1924 kB: com.coocaa.os.softsettings.provider (pid 2032)
                 701 kB: android.process.media (pid 2242)
    16958 kB: A Services
               16958 kB: com.tianci.movieplatform:daemon (pid 16566)

Total PSS by category:
    49557 kB: Dalvik
    38374 kB: Unknown
    34143 kB: Dalvik Other
    18503 kB: Other dev
    11593 kB: .so mmap
     9911 kB: Native
     9120 kB: .dex mmap
     3356 kB: Stack
     1477 kB: Other mmap
      296 kB: Ashmem
      132 kB: .apk mmap
        0 kB: Cursor
        0 kB: .jar mmap
        0 kB: .ttf mmap
        0 kB: code mmap
        0 kB: image mmap
        0 kB: Graphics
        0 kB: GL
        0 kB: Memtrack

Total RAM: 463128 kB
 Free RAM: 79744 kB (0 cached pss + 23284 cached + 56460 free)
 Used RAM: 201898 kB (176462 used pss + 1780 buffers + 344 shmem + 23312 slab)
 Lost RAM: 181486 kB
     ZRAM: 48404 kB physical used for 98300 kB in swap (98300 kB total swap)
   Tuning: 48 (large 128), oom 108462 kB, restore limit 36154 kB (low-ram)
Applications Memory Usage (kB):
Uptime: 1687516 Realtime: 1687516

Total PSS by process:
    82040 kB: com.tianci.movieplatform (pid 12501 / activities)
    16926 kB: com.tianci.movieplatform:daemon (pid 16566)
    16185 kB: system (pid 1351)
    11271 kB: com.tianci.system (pid 1618)
    10912 kB: mediaserver (pid 746)
    10525 kB: com.coocaa.os.ccosservice (pid 1834)
     9973 kB: com.tianci.de (pid 1959)
     5556 kB: com.tianci.push (pid 1869)
     3994 kB: com.dunn.instrument (pid 8000)
     3181 kB: com.skyworth.android.skyRMService (pid 1609)
     1920 kB: com.coocaa.os.softsettings.provider (pid 2032)
     1214 kB: zygote (pid 744)
      985 kB: surfaceflinger (pid 743)
      732 kB: TvServer (pid 890)
      701 kB: android.process.media (pid 2242)
      431 kB: logcat (pid 2086)
      383 kB: wpa_supplicant (pid 1519)
      370 kB: sdcard (pid 753)
      352 kB: app_process (pid 8117)
      232 kB: /init (pid 1)
      228 kB: netd (pid 741)
      196 kB: adbd (pid 1409)
      108 kB: healthd (pid 733)
       85 kB: FileDesc_server (pid 749)
       76 kB: coocaa_guard (pid 752)
       73 kB: vold (pid 736)
       72 kB: ueventd (pid 512)
       49 kB: servicemanager (pid 735)
       48 kB: RootApp (pid 878)
       40 kB: busybox (pid 1690)
       33 kB: logwrapper (pid 855)
       24 kB: keypad (pid 740)
       24 kB: VirtualEvent (pid 1250)
        8 kB: drmserver (pid 745)
        8 kB: keystore (pid 748)
        7 kB: debuggerd (pid 742)
        6 kB: sh (pid 734)
        4 kB: hardwared (pid 738)
        4 kB: installd (pid 747)
        4 kB: smobsd (pid 1264)
        4 kB: dhcpcd (pid 1744)
        4 kB: sh (pid 8065)
        0 kB: dumpsys (pid 24655)

Total PSS by OOM adjustment:
    16716 kB: Native
               10912 kB: mediaserver (pid 746)
                1214 kB: zygote (pid 744)
                 985 kB: surfaceflinger (pid 743)
                 732 kB: TvServer (pid 890)
                 431 kB: logcat (pid 2086)
                 383 kB: wpa_supplicant (pid 1519)
                 370 kB: sdcard (pid 753)
                 352 kB: app_process (pid 8117)
                 232 kB: /init (pid 1)
                 228 kB: netd (pid 741)
                 196 kB: adbd (pid 1409)
                 108 kB: healthd (pid 733)
                  85 kB: FileDesc_server (pid 749)
                  76 kB: coocaa_guard (pid 752)
                  73 kB: vold (pid 736)
                  72 kB: ueventd (pid 512)
                  49 kB: servicemanager (pid 735)
                  48 kB: RootApp (pid 878)
                  40 kB: busybox (pid 1690)
                  33 kB: logwrapper (pid 855)
                  24 kB: keypad (pid 740)
                  24 kB: VirtualEvent (pid 1250)
                   8 kB: drmserver (pid 745)
                   8 kB: keystore (pid 748)
                   7 kB: debuggerd (pid 742)
                   6 kB: sh (pid 734)
                   4 kB: hardwared (pid 738)
                   4 kB: installd (pid 747)
                   4 kB: smobsd (pid 1264)
                   4 kB: dhcpcd (pid 1744)
                   4 kB: sh (pid 8065)
                   0 kB: dumpsys (pid 24655)
    16185 kB: System
               16185 kB: system (pid 1351)
     7175 kB: Persistent
                3994 kB: com.dunn.instrument (pid 8000)
                3181 kB: com.skyworth.android.skyRMService (pid 1609)
   121986 kB: Foreground
               82040 kB: com.tianci.movieplatform (pid 12501 / activities)
               11271 kB: com.tianci.system (pid 1618)
               10525 kB: com.coocaa.os.ccosservice (pid 1834)
                9973 kB: com.tianci.de (pid 1959)
                5556 kB: com.tianci.push (pid 1869)
                1920 kB: com.coocaa.os.softsettings.provider (pid 2032)
                 701 kB: android.process.media (pid 2242)
    16926 kB: A Services
               16926 kB: com.tianci.movieplatform:daemon (pid 16566)

Total PSS by category:
    49993 kB: Dalvik
    39230 kB: Unknown
    34694 kB: Dalvik Other
    18500 kB: Other dev
    11277 kB: .so mmap
     9907 kB: Native
     9777 kB: .dex mmap
     3344 kB: Stack
     1498 kB: Other mmap
      472 kB: .apk mmap
      296 kB: Ashmem
        0 kB: Cursor
        0 kB: .jar mmap
        0 kB: .ttf mmap
        0 kB: code mmap
        0 kB: image mmap
        0 kB: Graphics
        0 kB: GL
        0 kB: Memtrack

Total RAM: 463128 kB
 Free RAM: 79780 kB (0 cached pss + 28108 cached + 51672 free)
 Used RAM: 204952 kB (178988 used pss + 2316 buffers + 344 shmem + 23304 slab)
 Lost RAM: 178396 kB
     ZRAM: 48352 kB physical used for 97212 kB in swap (98300 kB total swap)
   Tuning: 48 (large 128), oom 108462 kB, restore limit 36154 kB (low-ram)
Applications Memory Usage (kB):
Uptime: 1690695 Realtime: 1690695

Total PSS by process:
    81689 kB: com.tianci.movieplatform (pid 12501 / activities)
    16686 kB: com.tianci.movieplatform:daemon (pid 16566)
    15953 kB: system (pid 1351)
    11616 kB: com.tianci.system (pid 1618)
    10904 kB: mediaserver (pid 746)
    10516 kB: com.coocaa.os.ccosservice (pid 1834)
     9957 kB: com.tianci.de (pid 1959)
     5468 kB: com.tianci.push (pid 1869)
     3962 kB: com.dunn.instrument (pid 8000)
     3181 kB: com.skyworth.android.skyRMService (pid 1609)
     1914 kB: com.coocaa.os.softsettings.provider (pid 2032)
     1207 kB: zygote (pid 744)
      985 kB: surfaceflinger (pid 743)
      728 kB: TvServer (pid 890)
      701 kB: android.process.media (pid 2242)
      431 kB: logcat (pid 2086)
      383 kB: wpa_supplicant (pid 1519)
      370 kB: sdcard (pid 753)
      352 kB: app_process (pid 8117)
      332 kB: dumpsys (pid 24761)
      232 kB: /init (pid 1)
      224 kB: netd (pid 741)
      200 kB: adbd (pid 1409)
      108 kB: healthd (pid 733)
       85 kB: FileDesc_server (pid 749)
       76 kB: coocaa_guard (pid 752)
       73 kB: vold (pid 736)
       72 kB: ueventd (pid 512)
       49 kB: servicemanager (pid 735)
       48 kB: RootApp (pid 878)
       40 kB: busybox (pid 1690)
       33 kB: logwrapper (pid 855)
       24 kB: keypad (pid 740)
       24 kB: VirtualEvent (pid 1250)
        8 kB: drmserver (pid 745)
        8 kB: keystore (pid 748)
        7 kB: debuggerd (pid 742)
        6 kB: sh (pid 734)
        4 kB: hardwared (pid 738)
        4 kB: installd (pid 747)
        4 kB: smobsd (pid 1264)
        4 kB: dhcpcd (pid 1744)
        4 kB: sh (pid 8065)

Total PSS by OOM adjustment:
    17029 kB: Native
               10904 kB: mediaserver (pid 746)
                1207 kB: zygote (pid 744)
                 985 kB: surfaceflinger (pid 743)
                 728 kB: TvServer (pid 890)
                 431 kB: logcat (pid 2086)
                 383 kB: wpa_supplicant (pid 1519)
                 370 kB: sdcard (pid 753)
                 352 kB: app_process (pid 8117)
                 332 kB: dumpsys (pid 24761)
                 232 kB: /init (pid 1)
                 224 kB: netd (pid 741)
                 200 kB: adbd (pid 1409)
                 108 kB: healthd (pid 733)
                  85 kB: FileDesc_server (pid 749)
                  76 kB: coocaa_guard (pid 752)
                  73 kB: vold (pid 736)
                  72 kB: ueventd (pid 512)
                  49 kB: servicemanager (pid 735)
                  48 kB: RootApp (pid 878)
                  40 kB: busybox (pid 1690)
                  33 kB: logwrapper (pid 855)
                  24 kB: keypad (pid 740)
                  24 kB: VirtualEvent (pid 1250)
                   8 kB: drmserver (pid 745)
